This is XeTeX, Version 3.141592653-2.6-0.999998 (MiKTeX 26.5) (preloaded format=xelatex 2026.5.18)  4 AUG 2026 10:38
entering extended mode
 restricted \write18 enabled.
 file:line:error style messages enabled.
 %&-line parsing enabled.
**[PROJECT_ROOT]/Transcription/03_working_transcriptio
ns/EGA_French_NUMDAM_canonical_TeX_20260801_r1/qa/ega1_chapter1_build/chapter1-
p79-142-check-r2.tex

([PROJECT_ROOT]/Transcription/03_working_transcription
s/EGA_French_NUMDAM_canonical_TeX_20260801_r1/qa/ega1_chapter1_build/chapter1-p
79-142-check-r2.tex
LaTeX2e <2025-11-01>
L3 programming layer <2026-03-20>
([PRIVATE_OPERATOR_HOME]\AppData\Local\Programs\MiKTeX\tex/latex/base\book.cls
Document Class: book 2025/01/22 v1.4n Standard LaTeX document class
([PRIVATE_OPERATOR_HOME]\AppData\Local\Programs\MiKTeX\tex/latex/base\bk10.clo
File: bk10.clo 2025/01/22 v1.4n Standard LaTeX file (size option)
)
\c@part=\count271
\c@chapter=\count272
\c@section=\count273
\c@subsection=\count274
\c@subsubsection=\count275
\c@paragraph=\count276
\c@subparagraph=\count277
\c@figure=\count278
\c@table=\count279
\abovecaptionskip=\skip49
\belowcaptionskip=\skip50
\bibindent=\dimen150
)
([PRIVATE_OPERATOR_HOME]\AppData\Local\Programs\MiKTeX\tex/latex/base\fontenc.sty
Package: fontenc 2025/07/18 v2.1d Standard LaTeX package
LaTeX Font Info:    Trying to load font information for T1+lmr on input line 11
6.

([PRIVATE_OPERATOR_HOME]\AppData\Local\Programs\MiKTeX\tex/latex/lm\t1lmr.fd
File: t1lmr.fd 2015/05/01 v1.6.1 Font defs for Latin Modern
))
([PRIVATE_OPERATOR_HOME]\AppData\Local\Programs\MiKTeX\tex/latex/base\inputenc.sty
Package: inputenc 2024/02/08 v1.3d Input encoding file
\inpenc@prehook=\toks17
\inpenc@posthook=\toks18


Package inputenc Warning: inputenc package ignored with utf8 based engines.

) ([PRIVATE_OPERATOR_HOME]\AppData\Local\Programs\MiKTeX\tex/generic/babel\babel.sty
Package: babel 2026/04/15 v26.6 The multilingual framework for LuaLaTeX, pdfLaT
eX and XeLaTeX
\babel@savecnt=\count280
LaTeX Encoding Info:    Redeclaring text command \ij (encoding OT1) on input li
ne 2078.
LaTeX Encoding Info:    Redeclaring text command \IJ (encoding OT1) on input li
ne 2080.
LaTeX Encoding Info:    Redeclaring text command \ij (encoding T1) on input lin
e 2082.
LaTeX Encoding Info:    Redeclaring text command \IJ (encoding T1) on input lin
e 2083.
LaTeX Encoding Info:    Ignoring declaration for text command \ij (encoding ?) 
on input line 2084.
LaTeX Encoding Info:    Ignoring declaration for text command \IJ (encoding ?) 
on input line 2086.
LaTeX Encoding Info:    Ignoring declaration for text command \SS (encoding ?) 
on input line 2111.
\U@D=\dimen151
\l@unhyphenated=\language79

([PRIVATE_OPERATOR_HOME]\AppData\Local\Programs\MiKTeX\tex/generic/babel\xebabel.def)
\bbl@readstream=\read2
\bbl@dirlevel=\count281
Package babel Info: Configuration files are deprecated, as
(babel)             they can break document portability.
(babel)             Reported on input line 4206.

*************************************
* Local config file bblopts.cfg used
*
([PRIVATE_OPERATOR_HOME]\AppData\Local\Programs\MiKTeX\tex/latex/arabi\bblopts.cfg
File: bblopts.cfg 2005/09/08 v0.1 add Arabic and Farsi to "declared" options of
 babel
)
([PRIVATE_OPERATOR_HOME]\AppData\Local\Programs\MiKTeX\tex/generic/babel/locale/fr\babe
l-french.tex)
Package babel Info: Importing font and identification data for french
(babel)             from babel-fr.ini. Reported on input line 4330.

([PRIVATE_OPERATOR_HOME]\AppData\Local\Programs\MiKTeX\tex/generic/babel-french\french.
ldf
Language: french 2025-08-15 v4.0e French support from the babel system

([PRIVATE_OPERATOR_HOME]\AppData\Local\Programs\MiKTeX\tex/generic/babel-french\french3
.ldf
Language: french 2025-08-15 v3.7e French support from the babel system
\FB@stdchar=\count282
Package french3.ldf Info: No need for active punctuation characters
(french3.ldf)             with this version of XeTeX!
(french3.ldf)             reported on input line 154.
\FB@punctthick=\XeTeXcharclass4
\FB@punctthin=\XeTeXcharclass5
\FB@punctnul=\XeTeXcharclass6
\FB@guilo=\XeTeXcharclass7
\FB@guilf=\XeTeXcharclass8
\FB@guilnul=\XeTeXcharclass9
\FBguill@level=\count283
\FBold@everypar=\toks19
\FB@Mht=\dimen152
\mc@charclass=\count284
\mc@charfam=\count285
\mc@charslot=\count286
\std@mcc=\count287
\dec@mcc=\count288
\FB@pardim=\dimen153
\listindentFB=\dimen154
\descindentFB=\dimen155
\labelindentFB=\dimen156
\labelwidthFB=\dimen157
\leftmarginFB=\dimen158
\parindentFFN=\dimen159
\FBfnindent=\dimen160
)))
([PRIVATE_OPERATOR_HOME]\AppData\Local\Programs\MiKTeX\tex/latex/carlisle\scalefnt.sty)
([PRIVATE_OPERATOR_HOME]\AppData\Local\Programs\MiKTeX\tex/latex/amsmath\amsmath.sty
Package: amsmath 2025/07/09 v2.17z AMS math features
\@mathmargin=\skip51

For additional information on amsmath, use the `?' option.
([PRIVATE_OPERATOR_HOME]\AppData\Local\Programs\MiKTeX\tex/latex/amsmath\amstext.sty
Package: amstext 2024/11/17 v2.01 AMS text

([PRIVATE_OPERATOR_HOME]\AppData\Local\Programs\MiKTeX\tex/latex/amsmath\amsgen.sty
File: amsgen.sty 1999/11/30 v2.0 generic functions
\@emptytoks=\toks20
\ex@=\dimen161
))
([PRIVATE_OPERATOR_HOME]\AppData\Local\Programs\MiKTeX\tex/latex/amsmath\amsbsy.sty
Package: amsbsy 1999/11/29 v1.2d Bold Symbols
\pmbraise@=\dimen162
)
([PRIVATE_OPERATOR_HOME]\AppData\Local\Programs\MiKTeX\tex/latex/amsmath\amsopn.sty
Package: amsopn 2022/04/08 v2.04 operator names
)
\inf@bad=\count289
LaTeX Info: Redefining \frac on input line 233.
\uproot@=\count290
\leftroot@=\count291
LaTeX Info: Redefining \overline on input line 398.
LaTeX Info: Redefining \colon on input line 409.
\classnum@=\count292
\DOTSCASE@=\count293
LaTeX Info: Redefining \ldots on input line 495.
LaTeX Info: Redefining \dots on input line 498.
LaTeX Info: Redefining \cdots on input line 619.
\Mathstrutbox@=\box53
\strutbox@=\box54
LaTeX Info: Redefining \big on input line 721.
LaTeX Info: Redefining \Big on input line 722.
LaTeX Info: Redefining \bigg on input line 723.
LaTeX Info: Redefining \Bigg on input line 724.
\big@size=\dimen163
LaTeX Font Info:    Redeclaring font encoding OML on input line 742.
LaTeX Font Info:    Redeclaring font encoding OMS on input line 743.
\macc@depth=\count294
LaTeX Info: Redefining \bmod on input line 904.
LaTeX Info: Redefining \pmod on input line 909.
LaTeX Info: Redefining \smash on input line 939.
LaTeX Info: Redefining \relbar on input line 969.
LaTeX Info: Redefining \Relbar on input line 970.
\c@MaxMatrixCols=\count295
\dotsspace@=\muskip17
\c@parentequation=\count296
\dspbrk@lvl=\count297
\tag@help=\toks21
\row@=\count298
\column@=\count299
\maxfields@=\count300
\andhelp@=\toks22
\eqnshift@=\dimen164
\alignsep@=\dimen165
\tagshift@=\dimen166
\tagwidth@=\dimen167
\totwidth@=\dimen168
\lineht@=\dimen169
\@envbody=\toks23
\multlinegap=\skip52
\multlinetaggap=\skip53
\mathdisplay@stack=\toks24
LaTeX Info: Redefining \[ on input line 2950.
LaTeX Info: Redefining \] on input line 2951.
)
([PRIVATE_OPERATOR_HOME]\AppData\Local\Programs\MiKTeX\tex/latex/amsfonts\amssymb.sty
Package: amssymb 2013/01/14 v3.01 AMS font symbols

([PRIVATE_OPERATOR_HOME]\AppData\Local\Programs\MiKTeX\tex/latex/amsfonts\amsfonts.sty
Package: amsfonts 2013/01/14 v3.01 Basic AMSFonts support
\symAMSa=\mathgroup4
\symAMSb=\mathgroup5
LaTeX Font Info:    Redeclaring math symbol \hbar on input line 98.
LaTeX Font Info:    Overwriting math alphabet `\mathfrak' in version `bold'
(Font)                  U/euf/m/n --> U/euf/b/n on input line 106.
))
([PRIVATE_OPERATOR_HOME]\AppData\Local\Programs\MiKTeX\tex/latex/jknappen\mathrsfs.sty
Package: mathrsfs 1996/01/01 Math RSFS package v1.0 (jk)
\symrsfs=\mathgroup6
) ([PRIVATE_OPERATOR_HOME]\AppData\Local\Programs\MiKTeX\tex/generic/xypic\xy.sty
([PRIVATE_OPERATOR_HOME]\AppData\Local\Programs\MiKTeX\tex/generic/xypic\xy.tex
Bootstrap'ing: catcodes, docmode,
([PRIVATE_OPERATOR_HOME]\AppData\Local\Programs\MiKTeX\tex/generic/xypic\xyrecat.tex)
([PRIVATE_OPERATOR_HOME]\AppData\Local\Programs\MiKTeX\tex/generic/xypic\xyidioms.tex)

 Xy-pic version 3.8.9 <2013/10/06>
 Copyright (c) 1991-2013 by Kristoffer H. Rose <krisrose@tug.org> and others
 Xy-pic is free software: see the User's Guide for details.

Loading kernel: messages; fonts; allocations: state,
\X@c=\dimen170
\Y@c=\dimen171
\U@c=\dimen172
\D@c=\dimen173
\L@c=\dimen174
\R@c=\dimen175
\Edge@c=\toks25
\X@p=\dimen176
\Y@p=\dimen177
\U@p=\dimen178
\D@p=\dimen179
\L@p=\dimen180
\R@p=\dimen181
\Edge@p=\toks26
\X@origin=\dimen182
\Y@origin=\dimen183
\X@xbase=\dimen184
\Y@xbase=\dimen185
\X@ybase=\dimen186
\Y@ybase=\dimen187
\X@min=\dimen188
\Y@min=\dimen189
\X@max=\dimen190
\Y@max=\dimen191
\lastobjectbox@=\box55
\zerodotbox@=\box56
\almostz@=\dimen192
 direction,
\d@X=\dimen193
\d@Y=\dimen194
\K@=\count301
\KK@=\count302
\Direction=\count303
\K@dXdY=\dimen195
\K@dYdX=\dimen196
\xyread@=\read3
\xywrite@=\write3
\csp@=\count304
\quotPTK@=\dimen197

utility macros; pictures: \xy, positions,
\swaptoks@@=\toks27
\connectobjectbox@@=\box57
 objects,
\styletoks@=\toks28
 decorations;
kernel objects: directionals, circles, text; options; algorithms: directions,
edges, connections;  Xy-pic loaded)
([PRIVATE_OPERATOR_HOME]\AppData\Local\Programs\MiKTeX\tex/generic/iftex\ifpdf.sty
Package: ifpdf 2019/10/25 v3.4 ifpdf legacy package. Use iftex instead.

([PRIVATE_OPERATOR_HOME]\AppData\Local\Programs\MiKTeX\tex/generic/iftex\iftex.sty
Package: iftex 2024/12/12 v1.0g TeX engine tests
))
Package: xy 2013/10/06 Xy-pic version 3.8.9

([PRIVATE_OPERATOR_HOME]\AppData\Local\Programs\MiKTeX\tex/generic/xypic\xyall.tex
 Xy-pic option: All features v.3.8
([PRIVATE_OPERATOR_HOME]\AppData\Local\Programs\MiKTeX\tex/generic/xypic\xycurve.tex
 Xy-pic option: Curve and Spline extension v.3.12 curve,
\crv@cnt@=\count305
\crvpts@=\toks29
\splinebox@=\box58
\splineval@=\dimen198
\splinedepth@=\dimen199
\splinetol@=\dimen256
\splinelength@=\dimen257
 circles,
\L@=\dimen258
 loaded)
([PRIVATE_OPERATOR_HOME]\AppData\Local\Programs\MiKTeX\tex/generic/xypic\xyframe.tex
 Xy-pic option: Frame and Bracket extension v.3.14 loaded)
([PRIVATE_OPERATOR_HOME]\AppData\Local\Programs\MiKTeX\tex/generic/xypic\xycmtip.tex
 Xy-pic option: Computer Modern tip extension v.3.7
([PRIVATE_OPERATOR_HOME]\AppData\Local\Programs\MiKTeX\tex/generic/xypic\xytips.tex
 Xy-pic option: More Tips extension v.3.11 loaded) loaded)
([PRIVATE_OPERATOR_HOME]\AppData\Local\Programs\MiKTeX\tex/generic/xypic\xyline.tex
 Xy-pic option: Line styles extension v.3.10
\xylinethick@=\dimen259
 loaded)
([PRIVATE_OPERATOR_HOME]\AppData\Local\Programs\MiKTeX\tex/generic/xypic\xyrotate.tex
 Xy-pic option: Rotate and Scale extension v.3.8 loaded)
([PRIVATE_OPERATOR_HOME]\AppData\Local\Programs\MiKTeX\tex/generic/xypic\xycolor.tex
 Xy-pic option: Colour extension v.3.11 loaded)
([PRIVATE_OPERATOR_HOME]\AppData\Local\Programs\MiKTeX\tex/generic/xypic\xymatrix.tex
 Xy-pic option: Matrix feature v.3.14
\Row=\count306
\Col=\count307
\queue@=\toks30
\queue@@=\toks31
\qcount@=\count308
\qcount@@=\count309
\matrixsize@=\count310
 loaded)
([PRIVATE_OPERATOR_HOME]\AppData\Local\Programs\MiKTeX\tex/generic/xypic\xyarrow.tex
 Xy-pic option: Arrow and Path feature v.3.9 path, \ar, loaded)
([PRIVATE_OPERATOR_HOME]\AppData\Local\Programs\MiKTeX\tex/generic/xypic\xygraph.tex
 Xy-pic option: Graph feature v.3.11 loaded) loaded))
([PRIVATE_OPERATOR_HOME]\AppData\Local\Programs\MiKTeX\tex/latex/geometry\geometry.sty
Package: geometry 2026/03/07 v6.0 Page Geometry

([PRIVATE_OPERATOR_HOME]\AppData\Local\Programs\MiKTeX\tex/latex/graphics\keyval.sty
Package: keyval 2022/05/29 v1.15 key=value parser (DPC)
\KV@toks@=\toks32
)
([PRIVATE_OPERATOR_HOME]\AppData\Local\Programs\MiKTeX\tex/generic/iftex\ifvtex.sty
Package: ifvtex 2019/10/25 v1.7 ifvtex legacy package. Use iftex instead.
)
\Gm@cnth=\count311
\Gm@cntv=\count312
\c@Gm@tempcnt=\count313
\Gm@bindingoffset=\dimen260
\Gm@wd@mp=\dimen261
\Gm@odd@mp=\dimen262
\Gm@even@mp=\dimen263
\Gm@layoutwidth=\dimen264
\Gm@layoutheight=\dimen265
\Gm@layouthoffset=\dimen266
\Gm@layoutvoffset=\dimen267
\Gm@dimlist=\toks33

([PRIVATE_OPERATOR_HOME]\AppData\Local\Programs\MiKTeX\tex/latex/geometry\geometry.cfg)
)
([PRIVATE_OPERATOR_HOME]\AppData\Local\Programs\MiKTeX\tex/latex/hyperref\hyperref.sty
Package: hyperref 2026-04-24 v7.01q Hypertext links for LaTeX

([PRIVATE_OPERATOR_HOME]\AppData\Local\Programs\MiKTeX\tex/latex/kvsetkeys\kvsetkeys.st
y
Package: kvsetkeys 2022-10-05 v1.19 Key value parser (HO)
)
([PRIVATE_OPERATOR_HOME]\AppData\Local\Programs\MiKTeX\tex/generic/kvdefinekeys\kvdefin
ekeys.sty
Package: kvdefinekeys 2019-12-19 v1.6 Define keys (HO)
)
([PRIVATE_OPERATOR_HOME]\AppData\Local\Programs\MiKTeX\tex/generic/pdfescape\pdfescape.
sty
Package: pdfescape 2019/12/09 v1.15 Implements pdfTeX's escape features (HO)

([PRIVATE_OPERATOR_HOME]\AppData\Local\Programs\MiKTeX\tex/generic/ltxcmds\ltxcmds.sty
Package: ltxcmds 2023-12-04 v1.26 LaTeX kernel commands for general use (HO)
)
([PRIVATE_OPERATOR_HOME]\AppData\Local\Programs\MiKTeX\tex/generic/pdftexcmds\pdftexcmd
s.sty
Package: pdftexcmds 2020-06-27 v0.33 Utility functions of pdfTeX for LuaTeX (HO
)

([PRIVATE_OPERATOR_HOME]\AppData\Local\Programs\MiKTeX\tex/generic/infwarerr\infwarerr.
sty
Package: infwarerr 2019/12/03 v1.5 Providing info/warning/error messages (HO)
)
Package pdftexcmds Info: \pdf@primitive is available.
Package pdftexcmds Info: \pdf@ifprimitive is available.
Package pdftexcmds Info: \pdfdraftmode not found.
))
([PRIVATE_OPERATOR_HOME]\AppData\Local\Programs\MiKTeX\tex/latex/hycolor\hycolor.sty
Package: hycolor 2020-01-27 v1.10 Color options for hyperref/bookmark (HO)
)
([PRIVATE_OPERATOR_HOME]\AppData\Local\Programs\MiKTeX\tex/latex/hyperref\nameref.sty
Package: nameref 2026-01-29 v2.58 Cross-referencing by name of section

([PRIVATE_OPERATOR_HOME]\AppData\Local\Programs\MiKTeX\tex/latex/refcount\refcount.sty
Package: refcount 2019/12/15 v3.6 Data extraction from label references (HO)
)
([PRIVATE_OPERATOR_HOME]\AppData\Local\Programs\MiKTeX\tex/generic/gettitlestring\getti
tlestring.sty
Package: gettitlestring 2019/12/15 v1.6 Cleanup title references (HO)

([PRIVATE_OPERATOR_HOME]\AppData\Local\Programs\MiKTeX\tex/latex/kvoptions\kvoptions.st
y
Package: kvoptions 2022-06-15 v3.15 Key value format for package options (HO)
))
\c@section@level=\count314
)
([PRIVATE_OPERATOR_HOME]\AppData\Local\Programs\MiKTeX\tex/latex/etoolbox\etoolbox.sty
Package: etoolbox 2025/10/02 v2.5m e-TeX tools for LaTeX (JAW)
\etb@tempcnta=\count315
)
([PRIVATE_OPERATOR_HOME]\AppData\Local\Programs\MiKTeX\tex/generic/stringenc\stringenc.
sty
Package: stringenc 2019/11/29 v1.12 Convert strings between diff. encodings (HO
)
)
\@linkdim=\dimen268
\Hy@linkcounter=\count316
\Hy@pagecounter=\count317

([PRIVATE_OPERATOR_HOME]\AppData\Local\Programs\MiKTeX\tex/latex/hyperref\pd1enc.def
File: pd1enc.def 2026-04-24 v7.01q Hyperref: PDFDocEncoding definition (HO)
)
([PRIVATE_OPERATOR_HOME]\AppData\Local\Programs\MiKTeX\tex/generic/intcalc\intcalc.sty
Package: intcalc 2019/12/15 v1.3 Expandable calculations with integers (HO)
)
\Hy@SavedSpaceFactor=\count318
([PRIVATE_OPERATOR_HOME]\AppData\Local\Programs\MiKTeX\tex/latex/hyperref\puenc.def
File: puenc.def 2026-04-24 v7.01q Hyperref: PDF Unicode definition (HO)
)
Package hyperref Info: Option `colorlinks' set `true' on input line 4070.
Package hyperref Info: Hyper figures OFF on input line 4199.
Package hyperref Info: Link nesting OFF on input line 4204.
Package hyperref Info: Hyper index ON on input line 4207.
Package hyperref Info: Plain pages OFF on input line 4214.
Package hyperref Info: Backreferencing OFF on input line 4219.
Package hyperref Info: Implicit mode ON; LaTeX internals redefined.
Package hyperref Info: Bookmarks ON on input line 4466.
\c@Hy@tempcnt=\count319

([PRIVATE_OPERATOR_HOME]\AppData\Local\Programs\MiKTeX\tex/latex/url\url.sty
\Urlmuskip=\muskip18
Package: url 2013/09/16  ver 3.4  Verb mode for urls, etc.
)
LaTeX Info: Redefining \url on input line 4805.
\XeTeXLinkMargin=\dimen269

([PRIVATE_OPERATOR_HOME]\AppData\Local\Programs\MiKTeX\tex/generic/bitset\bitset.sty
Package: bitset 2019/12/09 v1.3 Handle bit-vector datatype (HO)

([PRIVATE_OPERATOR_HOME]\AppData\Local\Programs\MiKTeX\tex/generic/bigintcalc\bigintcal
c.sty
Package: bigintcalc 2019/12/15 v1.5 Expandable calculations on big integers (HO
)
))
\Fld@menulength=\count320
\Field@Width=\dimen270
\Fld@charsize=\dimen271
Package hyperref Info: Hyper figures OFF on input line 6091.
Package hyperref Info: Link nesting OFF on input line 6096.
Package hyperref Info: Hyper index ON on input line 6099.
Package hyperref Info: backreferencing OFF on input line 6106.
Package hyperref Info: Link coloring ON on input line 6109.
Package hyperref Info: Link coloring with OCG OFF on input line 6116.
Package hyperref Info: PDF/A mode OFF on input line 6121.
\Hy@abspage=\count321
\c@Item=\count322
\c@Hfootnote=\count323
)
Package hyperref Info: Driver (autodetected): hxetex.

([PRIVATE_OPERATOR_HOME]\AppData\Local\Programs\MiKTeX\tex/latex/hyperref\hxetex.def
File: hxetex.def 2026-04-24 v7.01q Hyperref driver for XeTeX
\pdfm@box=\box59
\c@Hy@AnnotLevel=\count324
\HyField@AnnotCount=\count325
\Fld@listcount=\count326
\c@bookmark@seq@number=\count327

([PRIVATE_OPERATOR_HOME]\AppData\Local\Programs\MiKTeX\tex/latex/rerunfilecheck\rerunfi
lecheck.sty
Package: rerunfilecheck 2025-06-21 v1.11 Rerun checks for auxiliary files (HO)

([PRIVATE_OPERATOR_HOME]\AppData\Local\Programs\MiKTeX\tex/generic/uniquecounter\unique
counter.sty
Package: uniquecounter 2019/12/15 v1.4 Provide unlimited unique counter (HO)
)
Package uniquecounter Info: New unique counter `rerunfilecheck' on input line 2
84.
)
\Hy@SectionHShift=\skip54
)
([PRIVATE_OPERATOR_HOME]\AppData\Local\Programs\MiKTeX\tex/latex/l3backend\l3backend-xe
tex.def
File: l3backend-xetex.def 2026-02-18 L3 backend support: XeTeX
\g__graphics_track_int=\count328
\g__pdfannot_backend_int=\count329
\g__pdfannot_backend_link_int=\count330
)
(C:\tmp\ega-p142-bounded-audit-20260804-r1\french\chapter1-p79-142-check-r2.aux
)
\openout1 = `chapter1-p79-142-check-r2.aux'.

LaTeX Font Info:    Checking defaults for OML/cmm/m/it on input line 44.
LaTeX Font Info:    ... okay on input line 44.
LaTeX Font Info:    Checking defaults for OMS/cmsy/m/n on input line 44.
LaTeX Font Info:    ... okay on input line 44.
LaTeX Font Info:    Checking defaults for OT1/cmr/m/n on input line 44.
LaTeX Font Info:    ... okay on input line 44.
LaTeX Font Info:    Checking defaults for T1/cmr/m/n on input line 44.
LaTeX Font Info:    ... okay on input line 44.
LaTeX Font Info:    Checking defaults for TS1/cmr/m/n on input line 44.
LaTeX Font Info:    ... okay on input line 44.
LaTeX Font Info:    Checking defaults for TU/lmr/m/n on input line 44.
LaTeX Font Info:    ... okay on input line 44.
LaTeX Font Info:    Checking defaults for OMX/cmex/m/n on input line 44.
LaTeX Font Info:    ... okay on input line 44.
LaTeX Font Info:    Checking defaults for U/cmr/m/n on input line 44.
LaTeX Font Info:    ... okay on input line 44.
LaTeX Font Info:    Checking defaults for PD1/pdf/m/n on input line 44.
LaTeX Font Info:    ... okay on input line 44.
LaTeX Font Info:    Checking defaults for PU/pdf/m/n on input line 44.
LaTeX Font Info:    ... okay on input line 44.
LaTeX Info: Redefining \degres on input line 44.

*geometry* driver: auto-detecting
*geometry* detected driver: xetex
*geometry* verbose mode - [ preamble ] result:
* driver: xetex
* paper: a4paper
* layout: <same size as paper>
* layoutoffset:(h,v)=(0.0pt,0.0pt)
* modes: 
* h-part:(L,W,R)=(62.59605pt, 472.31577pt, 62.59605pt)
* v-part:(T,H,B)=(62.59605pt, 719.85474pt, 62.59605pt)
* \paperwidth=597.50787pt
* \paperheight=845.04684pt
* \textwidth=472.31577pt
* \textheight=719.85474pt
* \oddsidemargin=-9.67393pt
* \evensidemargin=-9.67393pt
* \topmargin=-39.74142pt
* \headheight=12.0pt
* \headsep=18.06749pt
* \topskip=10.0pt
* \footskip=25.29494pt
* \marginparwidth=69.0pt
* \marginparsep=7.0pt
* \columnsep=10.0pt
* \skip\footins=9.0pt plus 4.0pt minus 2.0pt
* \hoffset=0.0pt
* \voffset=0.0pt
* \mag=1000
* \@twocolumnfalse
* \@twosidefalse
* \@mparswitchfalse
* \@reversemarginfalse
* (1in=72.27pt=25.4mm, 1cm=28.453pt)

([PRIVATE_OPERATOR_HOME]\AppData\Local\Programs\MiKTeX\tex/latex/graphics\color.sty
Package: color 2025/01/14 v1.3e Standard LaTeX Color (DPC)

([PRIVATE_OPERATOR_HOME]\AppData\Local\Programs\MiKTeX\tex/latex/graphics-cfg\color.cfg
File: color.cfg 2016/01/02 v1.6 sample color configuration
)
Package color Info: Driver file: xetex.def on input line 149.

([PRIVATE_OPERATOR_HOME]\AppData\Local\Programs\MiKTeX\tex/latex/graphics-def\xetex.def
File: xetex.def 2025/11/01 v5.0p Graphics/color driver for xetex
)
([PRIVATE_OPERATOR_HOME]\AppData\Local\Programs\MiKTeX\tex/latex/graphics\mathcolor.ltx
))
Package hyperref Info: Link coloring ON on input line 44.

(C:\tmp\ega-p142-bounded-audit-20260804-r1\french\chapter1-p79-142-check-r2.out
)
(C:\tmp\ega-p142-bounded-audit-20260804-r1\french\chapter1-p79-142-check-r2.out
)
\@outlinefile=\write4
\openout4 = `chapter1-p79-142-check-r2.out'.

 (../../source/ega1/chapter1-frontmatter-fr.tex

LaTeX Warning: Marginpar on page 1 moved.

LaTeX Font Info:    Trying to load font information for U+msa on input line 15.

([PRIVATE_OPERATOR_HOME]\AppData\Local\Programs\MiKTeX\tex/latex/amsfonts\umsa.fd
File: umsa.fd 2013/01/14 v3.01 AMS symbols A
)
LaTeX Font Info:    Trying to load font information for U+msb on input line 15.


([PRIVATE_OPERATOR_HOME]\AppData\Local\Programs\MiKTeX\tex/latex/amsfonts\umsb.fd
File: umsb.fd 2013/01/14 v3.01 AMS symbols B
)
LaTeX Font Info:    Trying to load font information for U+rsfs on input line 15
.

([PRIVATE_OPERATOR_HOME]\AppData\Local\Programs\MiKTeX\tex/latex/jknappen\ursfs.fd
File: ursfs.fd 1998/03/24 rsfs font definition file (jk)
)
[1


]) (../../source/ega1/ega1-1-fr.tex
LaTeX Font Info:    Trying to load font information for U+euf on input line 21.


([PRIVATE_OPERATOR_HOME]\AppData\Local\Programs\MiKTeX\tex/latex/amsfonts\ueuf.fd
File: ueuf.fd 2013/01/14 v3.01 Euler Fraktur
)
[2

] [3] [4] [5] <xymatrix 2x2 182> [6] <xymatrix 2x2 182> [7] <xymatrix 6x2
333> <xymatrix 2x2 182> [8] [9] [10] <xymatrix 2x2 154> [11] [12] <xymatrix
2x2 168> [13]) (../../source/ega1/ega1-2-fr.tex [14]
Overfull \hbox (6.31696pt too wide) in paragraph at lines 154--186
\OT1/cmr/m/n/10 (\OML/cmm/m/it/10 X; \U/rsfs/m/n/10 O[]\OT1/cmr/m/n/10 )$ \T1/l
mr/m/n/10 dans $\OT1/cmr/m/n/10 (\OML/cmm/m/it/10 Y; \U/rsfs/m/n/10 O[]\OT1/cmr
/m/n/10 )$ \T1/lmr/m/n/10 dé-fi-nit ca-no-ni-que-ment un ho-mo-mor-phisme d'an-
neaux $\OT1/cmr/m/n/10 ^^@(\OML/cmm/m/it/10 ^^R\OT1/cmr/m/n/10 ) : ^^@(\OML/cmm
/m/it/10 Y; \U/rsfs/m/n/10 O[]\OT1/cmr/m/n/10 ) \OMS/cmsy/m/n/10 ! \OT1/cmr/m/n
/10 ^^@(\OML/cmm/m/it/10 Y;  []\OT1/cmr/m/n/10 (\U/rsfs/m/n/10 O[]\OT1/cmr/m/n/
10 )) =
 []

[15] <xymatrix 3x2 124> [16] <xymatrix 3x2 135> [17])
(../../source/ega1/ega1-3-fr.tex [18] [19] [20] <xymatrix 3x2 292> <xymatrix
2x2 223> [21] <xymatrix 3x2 313> <xymatrix 3x2 292> [22] <xymatrix 2x2 182>
[23] <xymatrix 2x2 182> [24] <xymatrix 2x2 161> [25] <xymatrix 2x2 182>
[26] <xymatrix 2x2 154> [27]) (../../source/ega1/ega1-4-fr.tex [28] [29]

LaTeX Warning: Hyper reference `0.3.4.6-fr' on page 30 undefined on input line 
272.


LaTeX Warning: Hyper reference `0.3.4.5-fr' on page 30 undefined on input line 
297.

[30] <xymatrix 2x2 182> [31] [32] [33]) (../../source/ega1/ega1-5-fr.tex

LaTeX Warning: Hyper reference `0.4.1.4-fr' on page 34 undefined on input line 
40.

[34] <xymatrix 2x2 168>
Overfull \hbox (0.78833pt too wide) in paragraph at lines 201--205
[]\T1/lmr/m/n/10 La condi-tion étant évi-dem-ment né-ces-saire, prou-vons qu'el
le est suf-fi-sante. Si on pose $\OML/cmm/m/it/10 X[] \OT1/cmr/m/n/10 = (\OML/c
mm/m/it/10 X; \U/rsfs/m/n/10 O[]\OML/cmm/m/it/10 =\U/rsfs/m/n/10 J[]\OT1/cmr/m/
n/10 )$\T1/lmr/m/n/10 ,
 []

<xymatrix 2x2 154> <xymatrix 2x2 182> [35]

LaTeX Warning: Hyper reference `0.5.4.9-fr' on page 36 undefined on input line 
291.

[36] <xymatrix 2x2 182> <xymatrix 2x2 182> [37] <xymatrix 2x2 182> <xymatrix
2x2 168> [38] <xymatrix 3x2 176> [39] <xymatrix 3x2 145> <xymatrix 2x2 182>

LaTeX Warning: Hyper reference `0.2.1.5-fr' on page 40 undefined on input line 
887.

[40] [41] <xymatrix 2x2 168>) (../../source/ega1/ega1-6-fr.tex [42] [43])
[44]
(C:\tmp\ega-p142-bounded-audit-20260804-r1\french\chapter1-p79-142-check-r2.aux
)
 ***********
LaTeX2e <2025-11-01>
L3 programming layer <2026-03-20>
 ***********


LaTeX Warning: There were undefined references.

Package rerunfilecheck Info: File `chapter1-p79-142-check-r2.out' has not chang
ed.
(rerunfilecheck)             Checksum: 0616FDF0AFCBAE7CB8A190B187724F47;8960.
 ) 
Here is how much of TeX's memory you used:
 14514 strings out of 402807
 218396 string characters out of 5444928
 729073 words of memory out of 5000000
 43184 multiletter control sequences out of 15000+600000
 684627 words of font info for 109 fonts, out of 8000000 for 9000
 1348 hyphenation exceptions out of 8191
 72i,15n,79p,693b,530s stack positions out of 10000i,1000n,20000p,200000b,200000s

Output written on C:\tmp\ega-p142-bounded-audit-20260804-r1\french\chapter1-p79
-142-check-r2.pdf (44 pages).
