SGA1_PUBLIC_COMPILE_RECORD_V3
pass=2
engine=This is pdfTeX, Version 3.141592653-2.6-1.40.29 (MiKTeX 26.5) (preloaded format=pdflatex 2026.5.17)  18 JUL 2026 18:54
source=SGA1_English_source_sync_workpass.tex
output=SGA1_English_source_sync_workpass.pdf
exit_code=0
pages=6
pass_output_bytes=395557
latex_warning_hits=0
overfull_box_hits=0
underfull_box_hits=0
undefined_control_sequence_hits=0
fatal_error_hits=0
translation_tex_sha256=AD37B2963203E04D5A9C0F60DDE4D563B47C7ADEA64E0804CF0005A5B45B3FD2
final_promoted_pdf_sha256=F7708259D41E3009B85DC6E08FA6B2B36BAAA2C492B694316750C5F2DF7FE789
authority_opening_I1_slice_sha256=F70D084F60A77DC3CAAFB00F107333E93E5A827669CFEDC468958AD630F09750
authority_I2_slice_sha256=B4AF85951DA7F743BF937FBABA0BB228655BEC769319040DE726414A262ED1F1
authority_I3_slice_sha256=DEEF1A81B628C92C4CF94362C4DD409C069C64172127406AE763D9E87D45E83B
internal_raw_log_sha256=A87CDA3C3C7FB0D88FC337C1112F5F13E9E10988D2E893D8AF66DEF3691DDFFF
note=Public compile record derived from the preserved internal raw log; raw machine paths are intentionally excluded.
