This is pdfTeX, Version 3.141592653-2.6-1.40.29 (MiKTeX 26.5) (preloaded format=pdflatex 2026.5.17)  18 JUL 2026 12:42
entering extended mode
 restricted \write18 enabled.
 file:line:error style messages enabled.
 %&-line parsing enabled.
**./sga5_es.tex
(sga5_es.tex
LaTeX2e <2025-11-01>
L3 programming layer <2026-03-20>
(C:\Users\Floris\AppData\Local\Programs\MiKTeX\tex/latex/base\article.cls
Document Class: article 2025/01/22 v1.4n Standard LaTeX document class
(C:\Users\Floris\AppData\Local\Programs\MiKTeX\tex/latex/base\size11.clo
File: size11.clo 2025/01/22 v1.4n Standard LaTeX file (size option)
)
\c@part=\count275
\c@section=\count276
\c@subsection=\count277
\c@subsubsection=\count278
\c@paragraph=\count279
\c@subparagraph=\count280
\c@figure=\count281
\c@table=\count282
\abovecaptionskip=\skip49
\belowcaptionskip=\skip50
\bibindent=\dimen150
)
(C:\Users\Floris\AppData\Local\Programs\MiKTeX\tex/latex/base\fontenc.sty
Package: fontenc 2025/07/18 v2.1d Standard LaTeX package
)
(C:\Users\Floris\AppData\Local\Programs\MiKTeX\tex/latex/base\inputenc.sty
Package: inputenc 2024/02/08 v1.3d Input encoding file
\inpenc@prehook=\toks17
\inpenc@posthook=\toks18
)
(C:\Users\Floris\AppData\Local\Programs\MiKTeX\tex/generic/babel\babel.sty
Package: babel 2026/04/15 v26.6 The multilingual framework for LuaLaTeX, pdfLaT
eX and XeLaTeX
\babel@savecnt=\count283
LaTeX Encoding Info:    Redeclaring text command \ij (encoding OT1) on input li
ne 2078.
LaTeX Encoding Info:    Redeclaring text command \IJ (encoding OT1) on input li
ne 2080.
LaTeX Encoding Info:    Redeclaring text command \ij (encoding T1) on input lin
e 2082.
LaTeX Encoding Info:    Redeclaring text command \IJ (encoding T1) on input lin
e 2083.
LaTeX Encoding Info:    Ignoring declaration for text command \ij (encoding ?) 
on input line 2084.
LaTeX Encoding Info:    Ignoring declaration for text command \IJ (encoding ?) 
on input line 2086.
LaTeX Encoding Info:    Ignoring declaration for text command \SS (encoding ?) 
on input line 2111.
\U@D=\dimen151
\l@unhyphenated=\language79

(C:\Users\Floris\AppData\Local\Programs\MiKTeX\tex/generic/babel\txtbabel.def)
\bbl@readstream=\read2
\bbl@dirlevel=\count284
Package babel Info: Configuration files are deprecated, as
(babel)             they can break document portability.
(babel)             Reported on input line 4206.

*************************************
* Local config file bblopts.cfg used
*
(C:\Users\Floris\AppData\Local\Programs\MiKTeX\tex/latex/arabi\bblopts.cfg
File: bblopts.cfg 2005/09/08 v0.1 add Arabic and Farsi to "declared" options of
 babel
)
(C:\Users\Floris\AppData\Local\Programs\MiKTeX\tex/generic/babel/locale/es\babe
l-spanish.tex)
Package babel Info: Importing font and identification data for spanish
(babel)             from babel-es.ini. Reported on input line 4330.

(C:\Users\Floris\AppData\Local\Programs\MiKTeX\tex/latex/babel-spanish\spanish.
ldf
Language: spanish.ldf 2021/05/27 v5.0q Spanish support from the babel system
\es@quottoks=\toks19
\es@quotdepth=\count285
Package babel Info: Making " an active character on input line 570.
Package babel Info: Making < an active character on input line 722.
Package babel Info: Making > an active character on input line 722.
))
LaTeX Encoding Info:    Redeclaring text command \guillemotleft (encoding OT1) 
on input line 5.
LaTeX Encoding Info:    Redeclaring text command \guillemotright (encoding OT1)
 on input line 5.
 (C:\Users\Floris\AppData\Local\Programs\MiKTeX\tex/latex/lm\lmodern.sty
Package: lmodern 2015/05/01 v1.6.1 Latin Modern Fonts
LaTeX Font Info:    Overwriting symbol font `operators' in version `normal'
(Font)                  OT1/cmr/m/n --> OT1/lmr/m/n on input line 22.
LaTeX Font Info:    Overwriting symbol font `letters' in version `normal'
(Font)                  OML/cmm/m/it --> OML/lmm/m/it on input line 23.
LaTeX Font Info:    Overwriting symbol font `symbols' in version `normal'
(Font)                  OMS/cmsy/m/n --> OMS/lmsy/m/n on input line 24.
LaTeX Font Info:    Overwriting symbol font `largesymbols' in version `normal'
(Font)                  OMX/cmex/m/n --> OMX/lmex/m/n on input line 25.
LaTeX Font Info:    Overwriting symbol font `operators' in version `bold'
(Font)                  OT1/cmr/bx/n --> OT1/lmr/bx/n on input line 26.
LaTeX Font Info:    Overwriting symbol font `letters' in version `bold'
(Font)                  OML/cmm/b/it --> OML/lmm/b/it on input line 27.
LaTeX Font Info:    Overwriting symbol font `symbols' in version `bold'
(Font)                  OMS/cmsy/b/n --> OMS/lmsy/b/n on input line 28.
LaTeX Font Info:    Overwriting symbol font `largesymbols' in version `bold'
(Font)                  OMX/cmex/m/n --> OMX/lmex/m/n on input line 29.
LaTeX Font Info:    Overwriting math alphabet `\mathbf' in version `normal'
(Font)                  OT1/cmr/bx/n --> OT1/lmr/bx/n on input line 31.
LaTeX Font Info:    Overwriting math alphabet `\mathsf' in version `normal'
(Font)                  OT1/cmss/m/n --> OT1/lmss/m/n on input line 32.
LaTeX Font Info:    Overwriting math alphabet `\mathit' in version `normal'
(Font)                  OT1/cmr/m/it --> OT1/lmr/m/it on input line 33.
LaTeX Font Info:    Overwriting math alphabet `\mathtt' in version `normal'
(Font)                  OT1/cmtt/m/n --> OT1/lmtt/m/n on input line 34.
LaTeX Font Info:    Overwriting math alphabet `\mathbf' in version `bold'
(Font)                  OT1/cmr/bx/n --> OT1/lmr/bx/n on input line 35.
LaTeX Font Info:    Overwriting math alphabet `\mathsf' in version `bold'
(Font)                  OT1/cmss/bx/n --> OT1/lmss/bx/n on input line 36.
LaTeX Font Info:    Overwriting math alphabet `\mathit' in version `bold'
(Font)                  OT1/cmr/bx/it --> OT1/lmr/bx/it on input line 37.
LaTeX Font Info:    Overwriting math alphabet `\mathtt' in version `bold'
(Font)                  OT1/cmtt/m/n --> OT1/lmtt/m/n on input line 38.
)
(C:\Users\Floris\AppData\Local\Programs\MiKTeX\tex/latex/geometry\geometry.sty
Package: geometry 2026/03/07 v6.0 Page Geometry

(C:\Users\Floris\AppData\Local\Programs\MiKTeX\tex/latex/graphics\keyval.sty
Package: keyval 2022/05/29 v1.15 key=value parser (DPC)
\KV@toks@=\toks20
)
(C:\Users\Floris\AppData\Local\Programs\MiKTeX\tex/generic/iftex\ifvtex.sty
Package: ifvtex 2019/10/25 v1.7 ifvtex legacy package. Use iftex instead.

(C:\Users\Floris\AppData\Local\Programs\MiKTeX\tex/generic/iftex\iftex.sty
Package: iftex 2024/12/12 v1.0g TeX engine tests
))
\Gm@cnth=\count286
\Gm@cntv=\count287
\c@Gm@tempcnt=\count288
\Gm@bindingoffset=\dimen152
\Gm@wd@mp=\dimen153
\Gm@odd@mp=\dimen154
\Gm@even@mp=\dimen155
\Gm@layoutwidth=\dimen156
\Gm@layoutheight=\dimen157
\Gm@layouthoffset=\dimen158
\Gm@layoutvoffset=\dimen159
\Gm@dimlist=\toks21

(C:\Users\Floris\AppData\Local\Programs\MiKTeX\tex/latex/geometry\geometry.cfg)
)
(C:\Users\Floris\AppData\Local\Programs\MiKTeX\tex/latex/microtype\microtype.st
y
Package: microtype 2026/03/01 v3.2d Micro-typographical refinements (RS)

(C:\Users\Floris\AppData\Local\Programs\MiKTeX\tex/latex/etoolbox\etoolbox.sty
Package: etoolbox 2025/10/02 v2.5m e-TeX tools for LaTeX (JAW)
\etb@tempcnta=\count289
)
\MT@toks=\toks22
\MT@tempbox=\box53
\MT@count=\count290
LaTeX Info: Redefining \noprotrusionifhmode on input line 1084.
LaTeX Info: Redefining \leftprotrusion on input line 1085.
\MT@prot@toks=\toks23
LaTeX Info: Redefining \rightprotrusion on input line 1104.
LaTeX Info: Redefining \textls on input line 1449.
\MT@outer@kern=\dimen160
LaTeX Info: Redefining \microtypecontext on input line 2053.
LaTeX Info: Redefining \textmicrotypecontext on input line 2070.
\MT@listname@count=\count291

(C:\Users\Floris\AppData\Local\Programs\MiKTeX\tex/latex/microtype\microtype-pd
ftex.def
File: microtype-pdftex.def 2026/03/01 v3.2d Definitions specific to pdftex (RS)

LaTeX Info: Redefining \lsstyle on input line 944.
LaTeX Info: Redefining \lslig on input line 944.
\MT@outer@space=\skip51
)
Package microtype Info: Loading configuration file microtype.cfg.

(C:\Users\Floris\AppData\Local\Programs\MiKTeX\tex/latex/microtype\microtype.cf
g
File: microtype.cfg 2026/03/01 v3.2d microtype main configuration file (RS)
)
LaTeX Info: Redefining \microtypesetup on input line 3065.
)
(C:\Users\Floris\AppData\Local\Programs\MiKTeX\tex/latex/amsmath\amsmath.sty
Package: amsmath 2025/07/09 v2.17z AMS math features
\@mathmargin=\skip52

For additional information on amsmath, use the `?' option.
(C:\Users\Floris\AppData\Local\Programs\MiKTeX\tex/latex/amsmath\amstext.sty
Package: amstext 2024/11/17 v2.01 AMS text

(C:\Users\Floris\AppData\Local\Programs\MiKTeX\tex/latex/amsmath\amsgen.sty
File: amsgen.sty 1999/11/30 v2.0 generic functions
\@emptytoks=\toks24
\ex@=\dimen161
))
(C:\Users\Floris\AppData\Local\Programs\MiKTeX\tex/latex/amsmath\amsbsy.sty
Package: amsbsy 1999/11/29 v1.2d Bold Symbols
\pmbraise@=\dimen162
)
(C:\Users\Floris\AppData\Local\Programs\MiKTeX\tex/latex/amsmath\amsopn.sty
Package: amsopn 2022/04/08 v2.04 operator names
)
\inf@bad=\count292
LaTeX Info: Redefining \frac on input line 233.
\uproot@=\count293
\leftroot@=\count294
LaTeX Info: Redefining \overline on input line 398.
LaTeX Info: Redefining \colon on input line 409.
\classnum@=\count295
\DOTSCASE@=\count296
LaTeX Info: Redefining \ldots on input line 495.
LaTeX Info: Redefining \dots on input line 498.
LaTeX Info: Redefining \cdots on input line 619.
\Mathstrutbox@=\box54
\strutbox@=\box55
LaTeX Info: Redefining \big on input line 721.
LaTeX Info: Redefining \Big on input line 722.
LaTeX Info: Redefining \bigg on input line 723.
LaTeX Info: Redefining \Bigg on input line 724.
\big@size=\dimen163
LaTeX Font Info:    Redeclaring font encoding OML on input line 742.
LaTeX Font Info:    Redeclaring font encoding OMS on input line 743.
\macc@depth=\count297
LaTeX Info: Redefining \bmod on input line 904.
LaTeX Info: Redefining \pmod on input line 909.
LaTeX Info: Redefining \smash on input line 939.
LaTeX Info: Redefining \relbar on input line 969.
LaTeX Info: Redefining \Relbar on input line 970.
\c@MaxMatrixCols=\count298
\dotsspace@=\muskip17
\c@parentequation=\count299
\dspbrk@lvl=\count300
\tag@help=\toks25
\row@=\count301
\column@=\count302
\maxfields@=\count303
\andhelp@=\toks26
\eqnshift@=\dimen164
\alignsep@=\dimen165
\tagshift@=\dimen166
\tagwidth@=\dimen167
\totwidth@=\dimen168
\lineht@=\dimen169
\@envbody=\toks27
\multlinegap=\skip53
\multlinetaggap=\skip54
\mathdisplay@stack=\toks28
LaTeX Info: Redefining \[ on input line 2950.
LaTeX Info: Redefining \] on input line 2951.
)
(C:\Users\Floris\AppData\Local\Programs\MiKTeX\tex/latex/amsfonts\amssymb.sty
Package: amssymb 2013/01/14 v3.01 AMS font symbols

(C:\Users\Floris\AppData\Local\Programs\MiKTeX\tex/latex/amsfonts\amsfonts.sty
Package: amsfonts 2013/01/14 v3.01 Basic AMSFonts support
\symAMSa=\mathgroup4
\symAMSb=\mathgroup5
LaTeX Font Info:    Redeclaring math symbol \hbar on input line 98.
LaTeX Font Info:    Overwriting math alphabet `\mathfrak' in version `bold'
(Font)                  U/euf/m/n --> U/euf/b/n on input line 106.
))
(C:\Users\Floris\AppData\Local\Programs\MiKTeX\tex/latex/mathtools\mathtools.st
y
Package: mathtools 2024/10/04 v1.31 mathematical typesetting tools
 (C:\Users\Floris\AppData\Local\Programs\MiKTeX\tex/latex/tools\calc.sty
Package: calc 2025/03/01 v4.3b Infix arithmetic (KKT,FJ)
\calc@Acount=\count304
\calc@Bcount=\count305
\calc@Adimen=\dimen170
\calc@Bdimen=\dimen171
\calc@Askip=\skip55
\calc@Bskip=\skip56
LaTeX Info: Redefining \setlength on input line 86.
LaTeX Info: Redefining \addtolength on input line 87.
\calc@Ccount=\count306
\calc@Cskip=\skip57
)
(C:\Users\Floris\AppData\Local\Programs\MiKTeX\tex/latex/mathtools\mhsetup.sty
Package: mhsetup 2021/03/18 v1.4 programming setup (MH)
)
\g_MT_multlinerow_int=\count307
\l_MT_multwidth_dim=\dimen172
\origjot=\skip58
\l_MT_shortvdotswithinadjustabove_dim=\dimen173
\l_MT_shortvdotswithinadjustbelow_dim=\dimen174
\l_MT_above_intertext_sep=\dimen175
\l_MT_below_intertext_sep=\dimen176
\l_MT_above_shortintertext_sep=\dimen177
\l_MT_below_shortintertext_sep=\dimen178
\xmathstrut@box=\box56
\xmathstrut@dim=\dimen179
)
(C:\Users\Floris\AppData\Local\Programs\MiKTeX\tex/latex/jknappen\mathrsfs.sty
Package: mathrsfs 1996/01/01 Math RSFS package v1.0 (jk)
\symrsfs=\mathgroup6
) (C:\Users\Floris\AppData\Local\Programs\MiKTeX\tex/latex/enumitem\enumitem.st
y
Package: enumitem 2025/02/06 v3.11 Customized lists
\labelindent=\skip59
\enit@outerparindent=\dimen180
\enit@toks=\toks29
\enit@inbox=\box57
\enit@count@id=\count308
\enitdp@description=\count309
) (C:\Users\Floris\AppData\Local\Programs\MiKTeX\tex/latex/amscls\amsthm.sty
Package: amsthm 2020/05/29 v2.20.6
\thm@style=\toks30
\thm@bodyfont=\toks31
\thm@headfont=\toks32
\thm@notefont=\toks33
\thm@headpunct=\toks34
\thm@preskip=\skip60
\thm@postskip=\skip61
\thm@headsep=\skip62
\dth@everypar=\toks35
)
(C:\Users\Floris\AppData\Local\Programs\MiKTeX\tex/latex/ulem\ulem.sty
\UL@box=\box58
\UL@hyphenbox=\box59
\UL@skip=\skip63
\UL@hook=\toks36
\UL@height=\dimen181
\UL@pe=\count310
\UL@pixel=\dimen182
\ULC@box=\box60
Package: ulem 2019/11/18
\ULdepth=\dimen183
)
(C:\Users\Floris\AppData\Local\Programs\MiKTeX\tex/latex/tikz-cd\tikz-cd.sty
Package: tikz-cd 2021/05/04 v1.0 Commutative diagrams with TikZ

(C:\Users\Floris\AppData\Local\Programs\MiKTeX\tex/latex/pgf/frontendlayer\tikz
.sty
(C:\Users\Floris\AppData\Local\Programs\MiKTeX\tex/latex/pgf/basiclayer\pgf.sty

(C:\Users\Floris\AppData\Local\Programs\MiKTeX\tex/latex/pgf/utilities\pgfrcs.s
ty
(C:\Users\Floris\AppData\Local\Programs\MiKTeX\tex/generic/pgf/utilities\pgfuti
l-common.tex
\pgfutil@everybye=\toks37
\pgfutil@tempdima=\dimen184
\pgfutil@tempdimb=\dimen185
)
(C:\Users\Floris\AppData\Local\Programs\MiKTeX\tex/generic/pgf/utilities\pgfuti
l-latex.def
\pgfutil@abb=\box61
)
(C:\Users\Floris\AppData\Local\Programs\MiKTeX\tex/generic/pgf/utilities\pgfrcs
.code.tex
(C:\Users\Floris\AppData\Local\Programs\MiKTeX\tex/generic/pgf\pgf.revision.tex
)
Package: pgfrcs 2025-08-29 v3.1.11a (3.1.11a)
))
Package: pgf 2025-08-29 v3.1.11a (3.1.11a)

(C:\Users\Floris\AppData\Local\Programs\MiKTeX\tex/latex/pgf/basiclayer\pgfcore
.sty
(C:\Users\Floris\AppData\Local\Programs\MiKTeX\tex/latex/graphics\graphicx.sty
Package: graphicx 2024/12/31 v1.2e Enhanced LaTeX Graphics (DPC,SPQR)

(C:\Users\Floris\AppData\Local\Programs\MiKTeX\tex/latex/graphics\graphics.sty
Package: graphics 2024/08/06 v1.4g Standard LaTeX Graphics (DPC,SPQR)

(C:\Users\Floris\AppData\Local\Programs\MiKTeX\tex/latex/graphics\trig.sty
Package: trig 2023/12/02 v1.11 sin cos tan (DPC)
)
(C:\Users\Floris\AppData\Local\Programs\MiKTeX\tex/latex/graphics-cfg\graphics.
cfg
File: graphics.cfg 2016/06/04 v1.11 sample graphics configuration
)
Package graphics Info: Driver file: pdftex.def on input line 106.

(C:\Users\Floris\AppData\Local\Programs\MiKTeX\tex/latex/graphics-def\pdftex.de
f
File: pdftex.def 2025/09/29 v1.2d Graphics/color driver for pdftex
))
\Gin@req@height=\dimen186
\Gin@req@width=\dimen187
)
(C:\Users\Floris\AppData\Local\Programs\MiKTeX\tex/latex/pgf/systemlayer\pgfsys
.sty
(C:\Users\Floris\AppData\Local\Programs\MiKTeX\tex/generic/pgf/systemlayer\pgfs
ys.code.tex
Package: pgfsys 2025-08-29 v3.1.11a (3.1.11a)

(C:\Users\Floris\AppData\Local\Programs\MiKTeX\tex/generic/pgf/utilities\pgfkey
s.code.tex
\pgfkeys@pathtoks=\toks38
\pgfkeys@temptoks=\toks39

(C:\Users\Floris\AppData\Local\Programs\MiKTeX\tex/generic/pgf/utilities\pgfkey
slibraryfiltered.code.tex
\pgfkeys@tmptoks=\toks40
))
\pgf@x=\dimen188
\pgf@y=\dimen189
\pgf@xa=\dimen190
\pgf@ya=\dimen191
\pgf@xb=\dimen192
\pgf@yb=\dimen193
\pgf@xc=\dimen194
\pgf@yc=\dimen195
\pgf@xd=\dimen196
\pgf@yd=\dimen197
\w@pgf@writea=\write3
\r@pgf@reada=\read3
\c@pgf@counta=\count311
\c@pgf@countb=\count312
\c@pgf@countc=\count313
\c@pgf@countd=\count314
\t@pgf@toka=\toks41
\t@pgf@tokb=\toks42
\t@pgf@tokc=\toks43
\pgf@sys@id@count=\count315

(C:\Users\Floris\AppData\Local\Programs\MiKTeX\tex/generic/pgf/systemlayer\pgf.
cfg
File: pgf.cfg 2025-08-29 v3.1.11a (3.1.11a)
)
Driver file for pgf: pgfsys-pdftex.def

(C:\Users\Floris\AppData\Local\Programs\MiKTeX\tex/generic/pgf/systemlayer\pgfs
ys-pdftex.def
File: pgfsys-pdftex.def 2025-08-29 v3.1.11a (3.1.11a)

(C:\Users\Floris\AppData\Local\Programs\MiKTeX\tex/generic/pgf/systemlayer\pgfs
ys-common-pdf.def
File: pgfsys-common-pdf.def 2025-08-29 v3.1.11a (3.1.11a)
)))
(C:\Users\Floris\AppData\Local\Programs\MiKTeX\tex/generic/pgf/systemlayer\pgfs
yssoftpath.code.tex
File: pgfsyssoftpath.code.tex 2025-08-29 v3.1.11a (3.1.11a)
\pgfsyssoftpath@smallbuffer@items=\count316
\pgfsyssoftpath@bigbuffer@items=\count317
)
(C:\Users\Floris\AppData\Local\Programs\MiKTeX\tex/generic/pgf/systemlayer\pgfs
ysprotocol.code.tex
File: pgfsysprotocol.code.tex 2025-08-29 v3.1.11a (3.1.11a)
))
(C:\Users\Floris\AppData\Local\Programs\MiKTeX\tex/latex/xcolor\xcolor.sty
Package: xcolor 2024/09/29 v3.02 LaTeX color extensions (UK)

(C:\Users\Floris\AppData\Local\Programs\MiKTeX\tex/latex/graphics-cfg\color.cfg
File: color.cfg 2016/01/02 v1.6 sample color configuration
)
Package xcolor Info: Driver file: pdftex.def on input line 274.

(C:\Users\Floris\AppData\Local\Programs\MiKTeX\tex/latex/graphics\mathcolor.ltx
)
Package xcolor Info: Model `cmy' substituted by `cmy0' on input line 1349.
Package xcolor Info: Model `hsb' substituted by `rgb' on input line 1353.
Package xcolor Info: Model `RGB' extended on input line 1365.
Package xcolor Info: Model `HTML' substituted by `rgb' on input line 1367.
Package xcolor Info: Model `Hsb' substituted by `hsb' on input line 1368.
Package xcolor Info: Model `tHsb' substituted by `hsb' on input line 1369.
Package xcolor Info: Model `HSB' substituted by `hsb' on input line 1370.
Package xcolor Info: Model `Gray' substituted by `gray' on input line 1371.
Package xcolor Info: Model `wave' substituted by `hsb' on input line 1372.
)
(C:\Users\Floris\AppData\Local\Programs\MiKTeX\tex/generic/pgf/basiclayer\pgfco
re.code.tex
Package: pgfcore 2025-08-29 v3.1.11a (3.1.11a)

(C:\Users\Floris\AppData\Local\Programs\MiKTeX\tex/generic/pgf/math\pgfmath.cod
e.tex
(C:\Users\Floris\AppData\Local\Programs\MiKTeX\tex/generic/pgf/math\pgfmathutil
.code.tex)
(C:\Users\Floris\AppData\Local\Programs\MiKTeX\tex/generic/pgf/math\pgfmathpars
er.code.tex
\pgfmath@dimen=\dimen198
\pgfmath@count=\count318
\pgfmath@box=\box62
\pgfmath@toks=\toks44
\pgfmath@stack@operand=\toks45
\pgfmath@stack@operation=\toks46
)
(C:\Users\Floris\AppData\Local\Programs\MiKTeX\tex/generic/pgf/math\pgfmathfunc
tions.code.tex)
(C:\Users\Floris\AppData\Local\Programs\MiKTeX\tex/generic/pgf/math\pgfmathfunc
tions.basic.code.tex)
(C:\Users\Floris\AppData\Local\Programs\MiKTeX\tex/generic/pgf/math\pgfmathfunc
tions.trigonometric.code.tex)
(C:\Users\Floris\AppData\Local\Programs\MiKTeX\tex/generic/pgf/math\pgfmathfunc
tions.random.code.tex)
(C:\Users\Floris\AppData\Local\Programs\MiKTeX\tex/generic/pgf/math\pgfmathfunc
tions.comparison.code.tex)
(C:\Users\Floris\AppData\Local\Programs\MiKTeX\tex/generic/pgf/math\pgfmathfunc
tions.base.code.tex)
(C:\Users\Floris\AppData\Local\Programs\MiKTeX\tex/generic/pgf/math\pgfmathfunc
tions.round.code.tex)
(C:\Users\Floris\AppData\Local\Programs\MiKTeX\tex/generic/pgf/math\pgfmathfunc
tions.misc.code.tex)
(C:\Users\Floris\AppData\Local\Programs\MiKTeX\tex/generic/pgf/math\pgfmathfunc
tions.integerarithmetics.code.tex)
(C:\Users\Floris\AppData\Local\Programs\MiKTeX\tex/generic/pgf/math\pgfmathcalc
.code.tex)
(C:\Users\Floris\AppData\Local\Programs\MiKTeX\tex/generic/pgf/math\pgfmathfloa
t.code.tex
\c@pgfmathroundto@lastzeros=\count319
))
(C:\Users\Floris\AppData\Local\Programs\MiKTeX\tex/generic/pgf/math\pgfint.code
.tex)
(C:\Users\Floris\AppData\Local\Programs\MiKTeX\tex/generic/pgf/basiclayer\pgfco
repoints.code.tex
File: pgfcorepoints.code.tex 2025-08-29 v3.1.11a (3.1.11a)
\pgf@picminx=\dimen199
\pgf@picmaxx=\dimen256
\pgf@picminy=\dimen257
\pgf@picmaxy=\dimen258
\pgf@pathminx=\dimen259
\pgf@pathmaxx=\dimen260
\pgf@pathminy=\dimen261
\pgf@pathmaxy=\dimen262
\pgf@xx=\dimen263
\pgf@xy=\dimen264
\pgf@yx=\dimen265
\pgf@yy=\dimen266
\pgf@zx=\dimen267
\pgf@zy=\dimen268
)
(C:\Users\Floris\AppData\Local\Programs\MiKTeX\tex/generic/pgf/basiclayer\pgfco
repathconstruct.code.tex
File: pgfcorepathconstruct.code.tex 2025-08-29 v3.1.11a (3.1.11a)
\pgf@path@lastx=\dimen269
\pgf@path@lasty=\dimen270
)
(C:\Users\Floris\AppData\Local\Programs\MiKTeX\tex/generic/pgf/basiclayer\pgfco
repathusage.code.tex
File: pgfcorepathusage.code.tex 2025-08-29 v3.1.11a (3.1.11a)
\pgf@shorten@end@additional=\dimen271
\pgf@shorten@start@additional=\dimen272
)
(C:\Users\Floris\AppData\Local\Programs\MiKTeX\tex/generic/pgf/basiclayer\pgfco
rescopes.code.tex
File: pgfcorescopes.code.tex 2025-08-29 v3.1.11a (3.1.11a)
\pgfpic=\box63
\pgf@hbox=\box64
\pgf@layerbox@main=\box65
\pgf@picture@serial@count=\count320
)
(C:\Users\Floris\AppData\Local\Programs\MiKTeX\tex/generic/pgf/basiclayer\pgfco
regraphicstate.code.tex
File: pgfcoregraphicstate.code.tex 2025-08-29 v3.1.11a (3.1.11a)
\pgflinewidth=\dimen273
)
(C:\Users\Floris\AppData\Local\Programs\MiKTeX\tex/generic/pgf/basiclayer\pgfco
retransformations.code.tex
File: pgfcoretransformations.code.tex 2025-08-29 v3.1.11a (3.1.11a)
\pgf@pt@x=\dimen274
\pgf@pt@y=\dimen275
\pgf@pt@temp=\dimen276
)
(C:\Users\Floris\AppData\Local\Programs\MiKTeX\tex/generic/pgf/basiclayer\pgfco
requick.code.tex
File: pgfcorequick.code.tex 2025-08-29 v3.1.11a (3.1.11a)
)
(C:\Users\Floris\AppData\Local\Programs\MiKTeX\tex/generic/pgf/basiclayer\pgfco
reobjects.code.tex
File: pgfcoreobjects.code.tex 2025-08-29 v3.1.11a (3.1.11a)
)
(C:\Users\Floris\AppData\Local\Programs\MiKTeX\tex/generic/pgf/basiclayer\pgfco
repathprocessing.code.tex
File: pgfcorepathprocessing.code.tex 2025-08-29 v3.1.11a (3.1.11a)
)
(C:\Users\Floris\AppData\Local\Programs\MiKTeX\tex/generic/pgf/basiclayer\pgfco
rearrows.code.tex
File: pgfcorearrows.code.tex 2025-08-29 v3.1.11a (3.1.11a)
\pgfarrowsep=\dimen277
)
(C:\Users\Floris\AppData\Local\Programs\MiKTeX\tex/generic/pgf/basiclayer\pgfco
reshade.code.tex
File: pgfcoreshade.code.tex 2025-08-29 v3.1.11a (3.1.11a)
\pgf@max=\dimen278
\pgf@sys@shading@range@num=\count321
\pgf@shadingcount=\count322
)
(C:\Users\Floris\AppData\Local\Programs\MiKTeX\tex/generic/pgf/basiclayer\pgfco
reimage.code.tex
File: pgfcoreimage.code.tex 2025-08-29 v3.1.11a (3.1.11a)
)
(C:\Users\Floris\AppData\Local\Programs\MiKTeX\tex/generic/pgf/basiclayer\pgfco
reexternal.code.tex
File: pgfcoreexternal.code.tex 2025-08-29 v3.1.11a (3.1.11a)
\pgfexternal@startupbox=\box66
)
(C:\Users\Floris\AppData\Local\Programs\MiKTeX\tex/generic/pgf/basiclayer\pgfco
relayers.code.tex
File: pgfcorelayers.code.tex 2025-08-29 v3.1.11a (3.1.11a)
)
(C:\Users\Floris\AppData\Local\Programs\MiKTeX\tex/generic/pgf/basiclayer\pgfco
retransparency.code.tex
File: pgfcoretransparency.code.tex 2025-08-29 v3.1.11a (3.1.11a)
)
(C:\Users\Floris\AppData\Local\Programs\MiKTeX\tex/generic/pgf/basiclayer\pgfco
repatterns.code.tex
File: pgfcorepatterns.code.tex 2025-08-29 v3.1.11a (3.1.11a)
)
(C:\Users\Floris\AppData\Local\Programs\MiKTeX\tex/generic/pgf/basiclayer\pgfco
rerdf.code.tex
File: pgfcorerdf.code.tex 2025-08-29 v3.1.11a (3.1.11a)
)))
(C:\Users\Floris\AppData\Local\Programs\MiKTeX\tex/generic/pgf/modules\pgfmodul
eshapes.code.tex
File: pgfmoduleshapes.code.tex 2025-08-29 v3.1.11a (3.1.11a)
\pgfnodeparttextbox=\box67
)
(C:\Users\Floris\AppData\Local\Programs\MiKTeX\tex/generic/pgf/modules\pgfmodul
eplot.code.tex
File: pgfmoduleplot.code.tex 2025-08-29 v3.1.11a (3.1.11a)
)
(C:\Users\Floris\AppData\Local\Programs\MiKTeX\tex/latex/pgf/compatibility\pgfc
omp-version-0-65.sty
Package: pgfcomp-version-0-65 2025-08-29 v3.1.11a (3.1.11a)
\pgf@nodesepstart=\dimen279
\pgf@nodesepend=\dimen280
)
(C:\Users\Floris\AppData\Local\Programs\MiKTeX\tex/latex/pgf/compatibility\pgfc
omp-version-1-18.sty
Package: pgfcomp-version-1-18 2025-08-29 v3.1.11a (3.1.11a)
))
(C:\Users\Floris\AppData\Local\Programs\MiKTeX\tex/latex/pgf/utilities\pgffor.s
ty
(C:\Users\Floris\AppData\Local\Programs\MiKTeX\tex/latex/pgf/utilities\pgfkeys.
sty
(C:\Users\Floris\AppData\Local\Programs\MiKTeX\tex/generic/pgf/utilities\pgfkey
s.code.tex))
(C:\Users\Floris\AppData\Local\Programs\MiKTeX\tex/latex/pgf/math\pgfmath.sty
(C:\Users\Floris\AppData\Local\Programs\MiKTeX\tex/generic/pgf/math\pgfmath.cod
e.tex))
(C:\Users\Floris\AppData\Local\Programs\MiKTeX\tex/generic/pgf/utilities\pgffor
.code.tex
Package: pgffor 2025-08-29 v3.1.11a (3.1.11a)
\pgffor@iter=\dimen281
\pgffor@skip=\dimen282
\pgffor@stack=\toks47
\pgffor@toks=\toks48
))
(C:\Users\Floris\AppData\Local\Programs\MiKTeX\tex/generic/pgf/frontendlayer/ti
kz\tikz.code.tex
Package: tikz 2025-08-29 v3.1.11a (3.1.11a)

(C:\Users\Floris\AppData\Local\Programs\MiKTeX\tex/generic/pgf/libraries\pgflib
raryplothandlers.code.tex
File: pgflibraryplothandlers.code.tex 2025-08-29 v3.1.11a (3.1.11a)
\pgf@plot@mark@count=\count323
\pgfplotmarksize=\dimen283
)
\tikz@lastx=\dimen284
\tikz@lasty=\dimen285
\tikz@lastxsaved=\dimen286
\tikz@lastysaved=\dimen287
\tikz@lastmovetox=\dimen288
\tikz@lastmovetoy=\dimen289
\tikzleveldistance=\dimen290
\tikzsiblingdistance=\dimen291
\tikz@figbox=\box68
\tikz@figbox@bg=\box69
\tikz@tempbox=\box70
\tikz@tempbox@bg=\box71
\tikztreelevel=\count324
\tikznumberofchildren=\count325
\tikznumberofcurrentchild=\count326
\tikz@fig@count=\count327

(C:\Users\Floris\AppData\Local\Programs\MiKTeX\tex/generic/pgf/modules\pgfmodul
ematrix.code.tex
File: pgfmodulematrix.code.tex 2025-08-29 v3.1.11a (3.1.11a)
\pgfmatrixcurrentrow=\count328
\pgfmatrixcurrentcolumn=\count329
\pgf@matrix@numberofcolumns=\count330
)
\tikz@expandcount=\count331

(C:\Users\Floris\AppData\Local\Programs\MiKTeX\tex/generic/pgf/frontendlayer/ti
kz/libraries\tikzlibrarytopaths.code.tex
File: tikzlibrarytopaths.code.tex 2025-08-29 v3.1.11a (3.1.11a)
)))
(C:\Users\Floris\AppData\Local\Programs\MiKTeX\tex/latex/tikz-cd\tikzlibrarycd.
code.tex
(C:\Users\Floris\AppData\Local\Programs\MiKTeX\tex/generic/pgf/frontendlayer/ti
kz/libraries\tikzlibrarymatrix.code.tex
File: tikzlibrarymatrix.code.tex 2025-08-29 v3.1.11a (3.1.11a)
)
(C:\Users\Floris\AppData\Local\Programs\MiKTeX\tex/generic/pgf/frontendlayer/ti
kz/libraries\tikzlibraryquotes.code.tex
File: tikzlibraryquotes.code.tex 2025-08-29 v3.1.11a (3.1.11a)
)
(C:\Users\Floris\AppData\Local\Programs\MiKTeX\tex/generic/pgf/libraries\pgflib
raryarrows.meta.code.tex
File: pgflibraryarrows.meta.code.tex 2025-08-29 v3.1.11a (3.1.11a)
\pgfarrowinset=\dimen292
\pgfarrowlength=\dimen293
\pgfarrowwidth=\dimen294
\pgfarrowlinewidth=\dimen295
)))
(C:\Users\Floris\AppData\Local\Programs\MiKTeX\tex/generic/pgf/frontendlayer/ti
kz/libraries\tikzlibrarybabel.code.tex
File: tikzlibrarybabel.code.tex 2025-08-29 v3.1.11a (3.1.11a)
)
(C:\Users\Floris\AppData\Local\Programs\MiKTeX\tex/latex/hyperref\hyperref.sty
Package: hyperref 2026-04-24 v7.01q Hypertext links for LaTeX

(C:\Users\Floris\AppData\Local\Programs\MiKTeX\tex/latex/kvsetkeys\kvsetkeys.st
y
Package: kvsetkeys 2022-10-05 v1.19 Key value parser (HO)
)
(C:\Users\Floris\AppData\Local\Programs\MiKTeX\tex/generic/kvdefinekeys\kvdefin
ekeys.sty
Package: kvdefinekeys 2019-12-19 v1.6 Define keys (HO)
)
(C:\Users\Floris\AppData\Local\Programs\MiKTeX\tex/generic/pdfescape\pdfescape.
sty
Package: pdfescape 2019/12/09 v1.15 Implements pdfTeX's escape features (HO)

(C:\Users\Floris\AppData\Local\Programs\MiKTeX\tex/generic/ltxcmds\ltxcmds.sty
Package: ltxcmds 2023-12-04 v1.26 LaTeX kernel commands for general use (HO)
)
(C:\Users\Floris\AppData\Local\Programs\MiKTeX\tex/generic/pdftexcmds\pdftexcmd
s.sty
Package: pdftexcmds 2020-06-27 v0.33 Utility functions of pdfTeX for LuaTeX (HO
)

(C:\Users\Floris\AppData\Local\Programs\MiKTeX\tex/generic/infwarerr\infwarerr.
sty
Package: infwarerr 2019/12/03 v1.5 Providing info/warning/error messages (HO)
)
Package pdftexcmds Info: \pdf@primitive is available.
Package pdftexcmds Info: \pdf@ifprimitive is available.
Package pdftexcmds Info: \pdfdraftmode found.
))
(C:\Users\Floris\AppData\Local\Programs\MiKTeX\tex/latex/hycolor\hycolor.sty
Package: hycolor 2020-01-27 v1.10 Color options for hyperref/bookmark (HO)
)
(C:\Users\Floris\AppData\Local\Programs\MiKTeX\tex/latex/hyperref\nameref.sty
Package: nameref 2026-01-29 v2.58 Cross-referencing by name of section

(C:\Users\Floris\AppData\Local\Programs\MiKTeX\tex/latex/refcount\refcount.sty
Package: refcount 2019/12/15 v3.6 Data extraction from label references (HO)
)
(C:\Users\Floris\AppData\Local\Programs\MiKTeX\tex/generic/gettitlestring\getti
tlestring.sty
Package: gettitlestring 2019/12/15 v1.6 Cleanup title references (HO)

(C:\Users\Floris\AppData\Local\Programs\MiKTeX\tex/latex/kvoptions\kvoptions.st
y
Package: kvoptions 2022-06-15 v3.15 Key value format for package options (HO)
))
\c@section@level=\count332
)
(C:\Users\Floris\AppData\Local\Programs\MiKTeX\tex/generic/stringenc\stringenc.
sty
Package: stringenc 2019/11/29 v1.12 Convert strings between diff. encodings (HO
)
)
\@linkdim=\dimen296
\Hy@linkcounter=\count333
\Hy@pagecounter=\count334

(C:\Users\Floris\AppData\Local\Programs\MiKTeX\tex/latex/hyperref\pd1enc.def
File: pd1enc.def 2026-04-24 v7.01q Hyperref: PDFDocEncoding definition (HO)
Now handling font encoding PD1 ...
... no UTF-8 mapping file for font encoding PD1
)
(C:\Users\Floris\AppData\Local\Programs\MiKTeX\tex/generic/intcalc\intcalc.sty
Package: intcalc 2019/12/15 v1.3 Expandable calculations with integers (HO)
)
\Hy@SavedSpaceFactor=\count335
(C:\Users\Floris\AppData\Local\Programs\MiKTeX\tex/latex/hyperref\puenc.def
File: puenc.def 2026-04-24 v7.01q Hyperref: PDF Unicode definition (HO)
Now handling font encoding PU ...
... no UTF-8 mapping file for font encoding PU
)
Package hyperref Info: Option `hypertexnames' set `false' on input line 4070.
Package hyperref Info: Hyper figures OFF on input line 4199.
Package hyperref Info: Link nesting OFF on input line 4204.
Package hyperref Info: Hyper index ON on input line 4207.
Package hyperref Info: Plain pages OFF on input line 4214.
Package hyperref Info: Backreferencing OFF on input line 4219.
Package hyperref Info: Implicit mode ON; LaTeX internals redefined.
Package hyperref Info: Bookmarks ON on input line 4466.
\c@Hy@tempcnt=\count336

(C:\Users\Floris\AppData\Local\Programs\MiKTeX\tex/latex/url\url.sty
\Urlmuskip=\muskip18
Package: url 2013/09/16  ver 3.4  Verb mode for urls, etc.
)
LaTeX Info: Redefining \url on input line 4805.
\XeTeXLinkMargin=\dimen297

(C:\Users\Floris\AppData\Local\Programs\MiKTeX\tex/generic/bitset\bitset.sty
Package: bitset 2019/12/09 v1.3 Handle bit-vector datatype (HO)

(C:\Users\Floris\AppData\Local\Programs\MiKTeX\tex/generic/bigintcalc\bigintcal
c.sty
Package: bigintcalc 2019/12/15 v1.5 Expandable calculations on big integers (HO
)
))
\Fld@menulength=\count337
\Field@Width=\dimen298
\Fld@charsize=\dimen299
Package hyperref Info: Hyper figures OFF on input line 6091.
Package hyperref Info: Link nesting OFF on input line 6096.
Package hyperref Info: Hyper index ON on input line 6099.
Package hyperref Info: backreferencing OFF on input line 6106.
Package hyperref Info: Link coloring OFF on input line 6111.
Package hyperref Info: Link coloring with OCG OFF on input line 6116.
Package hyperref Info: PDF/A mode OFF on input line 6121.
\Hy@abspage=\count338
\c@Item=\count339
\c@Hfootnote=\count340
)
Package hyperref Info: Driver (autodetected): hpdftex.

(C:\Users\Floris\AppData\Local\Programs\MiKTeX\tex/latex/hyperref\hpdftex.def
File: hpdftex.def 2026-04-24 v7.01q Hyperref driver for pdfTeX
\Fld@listcount=\count341
\c@bookmark@seq@number=\count342

(C:\Users\Floris\AppData\Local\Programs\MiKTeX\tex/latex/rerunfilecheck\rerunfi
lecheck.sty
Package: rerunfilecheck 2025-06-21 v1.11 Rerun checks for auxiliary files (HO)

(C:\Users\Floris\AppData\Local\Programs\MiKTeX\tex/generic/uniquecounter\unique
counter.sty
Package: uniquecounter 2019/12/15 v1.4 Provide unlimited unique counter (HO)
)
Package uniquecounter Info: New unique counter `rerunfilecheck' on input line 2
84.
)
\Hy@SectionHShift=\skip64
)
Package hyperref Info: Option `colorlinks' set `true' on input line 17.
LaTeX Font Info:    Trying to load font information for T1+lmr on input line 16
9.

(C:\Users\Floris\AppData\Local\Programs\MiKTeX\tex/latex/lm\t1lmr.fd
File: t1lmr.fd 2015/05/01 v1.6.1 Font defs for Latin Modern
)
(C:\Users\Floris\AppData\Local\Programs\MiKTeX\tex/latex/l3backend\l3backend-pd
ftex.def
File: l3backend-pdftex.def 2026-02-18 L3 backend support: PDF output (pdfTeX)
\l__color_backend_stack_int=\count343
)
(C:\Users\Floris\Documents\interlanguage\03_projects\language_management\romanc
e\05_sga5_spanish_20260717\SGA5_ES_WORKPASS\output/pdf\sga5_es.aux
LaTeX Info: Redefining \. on input line 11.
LaTeX Info: Redefining \% on input line 11.
Package babel Info: 'spanish' activates 'spanish' shorthands.
(babel)             Reported on input line 11.
)
\openout1 = `sga5_es.aux'.

LaTeX Font Info:    Checking defaults for OML/cmm/m/it on input line 169.
LaTeX Font Info:    ... okay on input line 169.
LaTeX Font Info:    Checking defaults for OMS/cmsy/m/n on input line 169.
LaTeX Font Info:    ... okay on input line 169.
LaTeX Font Info:    Checking defaults for OT1/cmr/m/n on input line 169.
LaTeX Font Info:    ... okay on input line 169.
LaTeX Font Info:    Checking defaults for T1/cmr/m/n on input line 169.
LaTeX Font Info:    ... okay on input line 169.
LaTeX Font Info:    Checking defaults for TS1/cmr/m/n on input line 169.
LaTeX Font Info:    ... okay on input line 169.
LaTeX Font Info:    Checking defaults for OMX/cmex/m/n on input line 169.
LaTeX Font Info:    ... okay on input line 169.
LaTeX Font Info:    Checking defaults for U/cmr/m/n on input line 169.
LaTeX Font Info:    ... okay on input line 169.
LaTeX Font Info:    Checking defaults for PD1/pdf/m/n on input line 169.
LaTeX Font Info:    ... okay on input line 169.
LaTeX Font Info:    Checking defaults for PU/pdf/m/n on input line 169.
LaTeX Font Info:    ... okay on input line 169.
LaTeX Info: Redefining \. on input line 169.
LaTeX Info: Redefining \% on input line 169.

*geometry* driver: auto-detecting
*geometry* detected driver: pdftex
*geometry* verbose mode - [ preamble ] result:
* driver: pdftex
* paper: <default>
* layout: <same size as paper>
* layoutoffset:(h,v)=(0.0pt,0.0pt)
* modes: 
* h-part:(L,W,R)=(72.26999pt, 469.75502pt, 72.26999pt)
* v-part:(T,H,B)=(72.26999pt, 650.43001pt, 72.26999pt)
* \paperwidth=614.295pt
* \paperheight=794.96999pt
* \textwidth=469.75502pt
* \textheight=650.43001pt
* \oddsidemargin=0.0pt
* \evensidemargin=0.0pt
* \topmargin=-37.0pt
* \headheight=12.0pt
* \headsep=25.0pt
* \topskip=11.0pt
* \footskip=30.0pt
* \marginparwidth=59.0pt
* \marginparsep=10.0pt
* \columnsep=10.0pt
* \skip\footins=10.0pt plus 4.0pt minus 2.0pt
* \hoffset=0.0pt
* \voffset=0.0pt
* \mag=1000
* \@twocolumnfalse
* \@twosidefalse
* \@mparswitchfalse
* \@reversemarginfalse
* (1in=72.27pt=25.4mm, 1cm=28.453pt)

LaTeX Info: Redefining \microtypecontext on input line 169.
Package microtype Info: Applying patch `item' on input line 169.
Package microtype Info: Applying patch `toc' on input line 169.
Package microtype Info: Applying patch `eqnum' on input line 169.
Package microtype Info: Applying patch `footnote' on input line 169.
Package microtype Info: Applying patch `verbatim' on input line 169.
LaTeX Info: Redefining \microtypesetup on input line 169.
Package microtype Info: Generating PDF output.
Package microtype Info: Character protrusion enabled (level 2).
Package microtype Info: Using default protrusion set `alltext'.
Package microtype Info: Automatic font expansion enabled (level 2),
(microtype)             stretch: 20, shrink: 20, step: 1, non-selected.
Package microtype Info: Using default expansion set `alltext-nott'.
Package microtype Info: Patching command `\showhyphens'.
Package microtype Info: No adjustment of tracking.
Package microtype Info: No adjustment of interword spacing.
Package microtype Info: No adjustment of character kerning.
(C:\Users\Floris\AppData\Local\Programs\MiKTeX\tex/latex/microtype\mt-cmr.cfg
File: mt-cmr.cfg 2013/05/19 v2.2 microtype config. file: Computer Modern Roman 
(RS)
)
(C:\Users\Floris\AppData\Local\Programs\MiKTeX\tex/context/base/mkii\supp-pdf.m
kii
[Loading MPS to PDF converter (version 2006.09.02).]
\scratchcounter=\count344
\scratchdimen=\dimen300
\scratchbox=\box72
\nofMPsegments=\count345
\nofMParguments=\count346
\everyMPshowfont=\toks49
\MPscratchCnt=\count347
\MPscratchDim=\dimen301
\MPnumerator=\count348
\makeMPintoPDFobject=\count349
\everyMPtoPDFconversion=\toks50
)
(C:\Users\Floris\AppData\Local\Programs\MiKTeX\tex/latex/epstopdf-pkg\epstopdf-
base.sty
Package: epstopdf-base 2020-01-24 v2.11 Base part for package epstopdf
Package epstopdf-base Info: Redefining graphics rule for `.eps' on input line 4
85.

(C:\Users\Floris\AppData\Local\Programs\MiKTeX\tex/latex/00miktex\epstopdf-sys.
cfg
File: epstopdf-sys.cfg 2021/03/18 v2.0 Configuration of epstopdf for MiKTeX
))
Package hyperref Info: Link coloring ON on input line 169.

(C:\Users\Floris\Documents\interlanguage\03_projects\language_management\romanc
e\05_sga5_spanish_20260717\SGA5_ES_WORKPASS\output/pdf\sga5_es.out)
(C:\Users\Floris\Documents\interlanguage\03_projects\language_management\romanc
e\05_sga5_spanish_20260717\SGA5_ES_WORKPASS\output/pdf\sga5_es.out)
\@outlinefile=\write4
\openout4 = `sga5_es.out'.


(units/EXPOSE_I_INTRO_ES.tex
LaTeX Font Info:    Trying to load font information for OT1+lmr on input line 1
2.

(C:\Users\Floris\AppData\Local\Programs\MiKTeX\tex/latex/lm\ot1lmr.fd
File: ot1lmr.fd 2015/05/01 v1.6.1 Font defs for Latin Modern
)
LaTeX Font Info:    Trying to load font information for OML+lmm on input line 1
2.

(C:\Users\Floris\AppData\Local\Programs\MiKTeX\tex/latex/lm\omllmm.fd
File: omllmm.fd 2015/05/01 v1.6.1 Font defs for Latin Modern
)
LaTeX Font Info:    Trying to load font information for OMS+lmsy on input line 
12.

(C:\Users\Floris\AppData\Local\Programs\MiKTeX\tex/latex/lm\omslmsy.fd
File: omslmsy.fd 2015/05/01 v1.6.1 Font defs for Latin Modern
)
LaTeX Font Info:    Trying to load font information for OMX+lmex on input line 
12.

(C:\Users\Floris\AppData\Local\Programs\MiKTeX\tex/latex/lm\omxlmex.fd
File: omxlmex.fd 2015/05/01 v1.6.1 Font defs for Latin Modern
)
LaTeX Font Info:    External font `lmex10' loaded for size
(Font)              <10.95> on input line 12.
LaTeX Font Info:    External font `lmex10' loaded for size
(Font)              <8> on input line 12.
LaTeX Font Info:    External font `lmex10' loaded for size
(Font)              <6> on input line 12.
LaTeX Font Info:    Trying to load font information for U+msa on input line 12.


(C:\Users\Floris\AppData\Local\Programs\MiKTeX\tex/latex/amsfonts\umsa.fd
File: umsa.fd 2013/01/14 v3.01 AMS symbols A
)
(C:\Users\Floris\AppData\Local\Programs\MiKTeX\tex/latex/microtype\mt-msa.cfg
File: mt-msa.cfg 2006/02/04 v1.1 microtype config. file: AMS symbols (a) (RS)
)
LaTeX Font Info:    Trying to load font information for U+msb on input line 12.


(C:\Users\Floris\AppData\Local\Programs\MiKTeX\tex/latex/amsfonts\umsb.fd
File: umsb.fd 2013/01/14 v3.01 AMS symbols B
)
(C:\Users\Floris\AppData\Local\Programs\MiKTeX\tex/latex/microtype\mt-msb.cfg
File: mt-msb.cfg 2005/06/01 v1.0 microtype config. file: AMS symbols (b) (RS)
)
LaTeX Font Info:    Trying to load font information for U+rsfs on input line 12
.

(C:\Users\Floris\AppData\Local\Programs\MiKTeX\tex/latex/jknappen\ursfs.fd
File: ursfs.fd 1998/03/24 rsfs font definition file (jk)
)
LaTeX Font Info:    External font `lmex10' loaded for size
(Font)              <9> on input line 18.
LaTeX Font Info:    External font `lmex10' loaded for size
(Font)              <5> on input line 18.
)
(units/EXPOSE_I_S1_1_1_TO_1_3_1_ES.tex [1

{C:/Users/Floris/AppData/Local/MiKTeX/fonts/map/pdftex/pdftex.map}{C:/Users/Flo
ris/AppData/Local/Programs/MiKTeX/fonts/enc/dvips/lm/lm-ec.enc}{C:/Users/Floris
/AppData/Local/Programs/MiKTeX/fonts/enc/dvips/lm/lm-rm.enc}{C:/Users/Floris/Ap
pData/Local/Programs/MiKTeX/fonts/enc/dvips/lm/lm-mathit.enc}{C:/Users/Floris/A
ppData/Local/Programs/MiKTeX/fonts/enc/dvips/lm/lm-mathsy.enc}]
Package microtype Info: Character `029' is missing
(microtype)             in font `T1/lmr/m/sc/10.95'.
(microtype)             Ignoring protrusion settings for this character.
 [2]) (units/EXPOSE_I_S1_1_4_TO_1_5_2_ES.tex [3])
(units/EXPOSE_I_S1_1_6_TO_1_7_ES.tex [4]) (units/EXPOSE_I_S1_1_8_ES.tex)
(units/EXPOSE_I_S1_1_9_ES.tex [5]) (units/EXPOSE_I_S1_1_10_TO_1_11_1_ES.tex
[6{C:/Users/Floris/AppData/Local/Programs/MiKTeX/fonts/enc/dvips/lm/lm-mathex.e
nc}]) (units/EXPOSE_I_S1_1_12_ES.tex [7])
(units/EXPOSE_I_S1_1_13_TO_1_14_ES.tex [8]) (units/EXPOSE_I_S1_1_15_ES.tex)
(units/EXPOSE_I_S2_2_1_ES.tex [9]) (units/EXPOSE_I_S2_2_2_ES.tex [10] [11])
(units/EXPOSE_I_S3_3_1_ES.tex [12]
LaTeX Font Info:    Trying to load font information for U+euf on input line 62.


(C:\Users\Floris\AppData\Local\Programs\MiKTeX\tex/latex/amsfonts\ueuf.fd
File: ueuf.fd 2013/01/14 v3.01 Euler Fraktur
)
(C:\Users\Floris\AppData\Local\Programs\MiKTeX\tex/latex/microtype\mt-euf.cfg
File: mt-euf.cfg 2006/07/03 v1.1 microtype config. file: AMS Euler Fraktur (RS)

)
[13]) (units/EXPOSE_I_S3_3_2_ES.tex [14] [15]) (units/EXPOSE_I_S3_3_3_ES.tex
[16] [17]) (units/EXPOSE_I_S3_3_4_ES.tex [18] [19])
(units/EXPOSE_I_S4_4_1_TO_4_3_ES.tex [20] [21]) (units/EXPOSE_I_S4_4_5_ES.tex
[22] [23]) (units/EXPOSE_I_S4_4_6_ES.tex [24]) (units/EXPOSE_I_S4_4_7_A_ES.tex
[25]) (units/EXPOSE_I_S4_4_7_B_ES.tex [26] [27])
(units/EXPOSE_I_S5_MAIN_AND_BIBLIO_ES.tex [28] [29] [30])
(units/EXPOSE_I_APPENDIX_S1_S3_ES.tex [31] [32] [33])
(units/EXPOSE_I_APPENDIX_S4_S5_ES.tex [34] [35] [36])
(units/EXPOSE_I_APPENDIX_S6_S7_BIBLIO_ES.tex
LaTeX Font Info:    External font `lmex10' loaded for size
(Font)              <12> on input line 1.
 [37] [38] [39] [40])
(units/EXPOSE_III_INTRO_SUMMARY_ES.tex [41] [42

])
(units/EXPOSE_III_S1_1_1_TO_1_8_ES.tex [43] [44] [45]
LaTeX Font Info:    External font `lmex10' loaded for size
(Font)              <14.4> on input line 132.
LaTeX Font Info:    External font `lmex10' loaded for size
(Font)              <10> on input line 132.
LaTeX Font Info:    External font `lmex10' loaded for size
(Font)              <7> on input line 132.
)
(units/EXPOSE_III_S2_2_1_TO_2_4_ES.tex [46] [47] [48])
(units/EXPOSE_III_S2_2_5_TO_2_6_3_ES.tex [49] [50] [51] [52] [53])
(units/EXPOSE_III_S3_3_1_TO_3_2_ES.tex [54

] [55])
(units/EXPOSE_III_S3_3_3_TO_3_5_ES.tex [56] [57] [58])
(units/EXPOSE_III_S3_3_6_TO_3_7_ES.tex [59] [60])
(units/EXPOSE_III_S4_4_1_TO_4_3_ES.tex [61] [62])
(units/EXPOSE_III_S4_THEOREM_4_4_ES.tex [63] [64] [65] [66] [67] [68])
(units/EXPOSE_III_S4_COROLLARIES_4_5_TO_4_13_ES.tex [69] [70] [71] [72])
(units/EXPOSE_III_S5_5_1_ES.tex [73]) (units/EXPOSE_III_S5_5_2_ES.tex [74])
(units/EXPOSE_III_S5_5_3_ES.tex [75] [76])
(units/EXPOSE_III_APPENDIX_S6_1_TO_6_3_ES.tex [77] [78])
(units/EXPOSE_III_APPENDIX_S6_4_TO_6_6_ES.tex [79] [80])
(units/EXPOSE_III_APPENDIX_THEOREM_6_7_ES.tex [81])
(units/EXPOSE_III_APPENDIX_S6_8_ES.tex [82])
(units/EXPOSE_III_APPENDIX_S6_9_ES.tex [83])
(units/EXPOSE_III_APPENDIX_S6_10_TO_6_11_ES.tex [84])
(units/EXPOSE_III_APPENDIX_S6_12_ES.tex [85])
(units/EXPOSE_III_APPENDIX_S6_13_TO_6_15_ES.tex [86] [87])
(units/EXPOSE_III_BIBLIOGRAPHY_ES.tex [88] [89])
(units/EXPOSE_III_B_TITLE_INTRO_ES.tex [90

]) (units/EXPOSE_III_B_S1_1_1_ES.tex
[91]) (units/EXPOSE_III_B_S1_1_1_3_TO_1_3_1_ES.tex [92])
(units/EXPOSE_III_B_S1_1_4_TO_1_7_ES.tex [93] [94])
(units/EXPOSE_III_B_S2_2_1_TO_2_3_STATEMENT_ES.tex [95])
(units/EXPOSE_III_B_S2_LEMMA_2_3_PROOF_ES.tex [96])
(units/EXPOSE_III_B_S2_LEMMA_2_4_PROOF_ES.tex [97])
(units/EXPOSE_III_B_S2_PROPOSITION_2_5_ES.tex)
(units/EXPOSE_III_B_S2_2_6_ES.tex [98])
(units/EXPOSE_III_B_S3_3_1_TO_LEMMA_3_3_ES.tex [99])
(units/EXPOSE_III_B_S3_LEMMAS_3_4_TO_3_5_ES.tex [100])
(units/EXPOSE_III_B_S3_LEMMA_3_3_PROOF_ES.tex [101])
(units/EXPOSE_III_B_S4_4_1_TO_PROPOSITION_4_2_ES.tex [102])
(units/EXPOSE_III_B_S4_LEMMA_4_3_STATEMENT_ES.tex [103])
(units/EXPOSE_III_B_S4_LEMMA_4_3_PROOF_A_ES.tex)
(units/EXPOSE_III_B_S4_LEMMA_4_3_PROOF_B_ES.tex [104])
(units/EXPOSE_III_B_S4_PROPOSITION_4_2_PROOF_ES.tex [105])
(units/EXPOSE_III_B_S5_5_0_INTRO_A_ES.tex)
(units/EXPOSE_III_B_S5_5_0_B_AND_5_1_ES.tex [106])
(units/EXPOSE_III_B_S5_5_2_ES.tex [107]) (units/EXPOSE_III_B_S5_5_3_ES.tex
[108]) (units/EXPOSE_III_B_S5_5_4_ES.tex)
(units/EXPOSE_III_B_S5_5_5_TO_5_6_ES.tex [109])
(units/EXPOSE_III_B_S5_5_7_ES.tex [110]) (units/EXPOSE_III_B_S5_5_8_ES.tex
[111]) (units/EXPOSE_III_B_S5_5_9_A_ES.tex [112])
(units/EXPOSE_III_B_S5_5_9_B_TO_5_10_4_ES.tex [113])
(units/EXPOSE_III_B_S5_5_10_5_TO_PROPOSITION_ES.tex [114])
(units/EXPOSE_III_B_S5_5_10_PROOF_AND_5_10_9_STATEMENT_ES.tex [115])
(units/EXPOSE_III_B_S5_5_10_9_PROOF_AND_COROLLARY_ES.tex [116])
(units/EXPOSE_III_B_S5_5_11_TO_PROPOSITION_5_11_3_ES.tex [117])
(units/EXPOSE_III_B_S5_5_11_3_PROOF_AND_COROLLARY_ES.tex [118])
(units/EXPOSE_III_B_S5_5_12_ES.tex [119]) (units/EXPOSE_III_B_S5_5_13_A_ES.tex)
(units/EXPOSE_III_B_S5_5_13_B_ES.tex [120])
(units/EXPOSE_III_B_S6_6_1_AND_6_2_OPENING_ES.tex [121])
(units/EXPOSE_III_B_S6_6_2_KUNNETH_ES.tex)
(units/EXPOSE_III_B_S6_6_2_RHOM_ES.tex [122]) (units/EXPOSE_III_B_S6_6_3_ES.tex
) (units/EXPOSE_III_B_S6_6_4_ES.tex [123]) (units/EXPOSE_III_B_S6_6_5_ES.tex
[124]) (units/EXPOSE_III_B_S6_6_6_ES.tex [125])
(units/EXPOSE_III_B_S6_6_7_ES.tex [126]) (units/EXPOSE_III_B_S6_6_8_ES.tex
[127]) (units/EXPOSE_III_B_S6_6_9_ES.tex [128])
(units/EXPOSE_III_B_S6_6_10_ES.tex [129])
(units/EXPOSE_III_B_S6_6_11_AND_6_12_ES.tex [130])
(units/EXPOSE_III_B_S6_6_13_ES.tex [131]) (units/EXPOSE_III_B_S6_6_14_ES.tex
[132]) (units/EXPOSE_III_B_S6_6_15_TO_6_17_ES.tex [133])
(units/EXPOSE_III_B_S6_6_18_TO_6_19_ES.tex [134])
(units/EXPOSE_III_B_S6_6_20_TO_6_22_ES.tex [135] [136])
(units/EXPOSE_III_B_S6_6_23_A_ES.tex [137])
(units/EXPOSE_III_B_S6_6_23_B_ES.tex [138])
(units/EXPOSE_III_B_S6_6_24_AND_BIBLIOGRAPHY_ES.tex [139])
(units/EXPOSE_V_TITLE_AND_S1_1_1_ES.tex [140]) (units/EXPOSE_V_S1_1_2_ES.tex
[141]) (units/EXPOSE_V_S2_2_1_ES.tex [142]) (units/EXPOSE_V_S2_2_2_ES.tex
[143]) (units/EXPOSE_V_S2_2_3_1_2_ES.tex [144])
(units/EXPOSE_V_S2_2_3_3_5_ES.tex [145]) (units/EXPOSE_V_S2_2_4_1_A_ES.tex
[146]) (units/EXPOSE_V_S2_2_4_1_B_ES.tex [147]) (units/EXPOSE_V_S2_2_4_2_ES.tex
) (units/EXPOSE_V_S2_2_4_3_ES.tex [148])
(units/EXPOSE_V_S2_2_4_4_TO_2_4_6_ES.tex [149]) (units/EXPOSE_V_S2_2_5_ES.tex
[150]) (units/EXPOSE_V_S3_3_1_ES.tex [151])
(units/EXPOSE_V_S3_3_2_1_TO_3_2_3_STATEMENT_ES.tex)
(units/EXPOSE_V_S3_3_2_3_PROOF_ES.tex [152]) (units/EXPOSE_V_S3_3_2_4_ES.tex
[153]) (units/EXPOSE_V_S4_4_1_1_ES.tex [154])
(units/EXPOSE_V_S4_4_1_2_TO_4_1_3_STATEMENT_ES.tex)
(units/EXPOSE_V_S4_4_1_3_PROOF_ES.tex [155])
(units/EXPOSE_V_S4_4_1_4_AND_4_2_1_ES.tex)
(units/EXPOSE_V_S4_4_2_2_AND_EXAMPLES_ES.tex [156])
(units/EXPOSE_V_S4_4_2_3_ES.tex [157]) (units/EXPOSE_V_S4_4_2_4_ES.tex)
(units/EXPOSE_V_S4_4_2_5_STATEMENT_ES.tex)
(units/EXPOSE_V_S4_4_2_5_PROOF_ES.tex [158])
(units/EXPOSE_V_S4_4_2_6_AND_4_2_7_STATEMENT_ES.tex [159])
(units/EXPOSE_V_S4_4_2_7_PROOF_ES.tex)
(units/EXPOSE_V_S5_5_1_1_TO_5_1_4_STATEMENT_ES.tex [160])
(units/EXPOSE_V_S5_5_1_4_PROOF_ES.tex [161])
(units/EXPOSE_V_S5_5_1_5_TO_5_1_6_ES.tex [162]) (units/EXPOSE_V_S5_5_2_1_ES.tex
) (units/EXPOSE_V_S5_5_2_2_AND_THEOREM_ES.tex [163])
(units/EXPOSE_V_S5_5_2_4_AND_LEMMA_STATEMENT_ES.tex)
(units/EXPOSE_V_S5_5_2_4_1_PROOF_ES.tex [164])
(units/EXPOSE_V_S5_5_2_5_AND_5_3_1_STATEMENT_ES.tex [165])
(units/EXPOSE_V_S5_5_3_1_PROOF_AND_5_3_2_ES.tex)
(units/EXPOSE_V_APPENDIX_TITLE_A1_ES.tex [166])
(units/EXPOSE_V_APPENDIX_A2_A_B_ES.tex [167])
(units/EXPOSE_V_APPENDIX_A2_C_OPENING_ES.tex [168])
(units/EXPOSE_V_APPENDIX_A2_STRICT_ES.tex)
(units/EXPOSE_V_APPENDIX_A3_OPENING_THEOREM_ES.tex [169])
(units/EXPOSE_V_APPENDIX_A3_PROOF_I_ES.tex [170])
(units/EXPOSE_V_APPENDIX_A3_PROOF_II_ES.tex)
(units/EXPOSE_VI_TITLE_S1_1_1_TO_1_1_2_ES.tex [171])
(units/EXPOSE_VI_S1_1_1_3_PROOF_ES.tex [172])
(units/EXPOSE_VI_S1_1_1_4_AND_1_2_1_ES.tex)
(units/EXPOSE_VI_S1_1_2_2_TO_1_2_3_ES.tex [173])
(units/EXPOSE_VI_S1_1_2_4_1_ES.tex) (units/EXPOSE_VI_S1_1_2_4_2_ES.tex [174]
[175]) (units/EXPOSE_VI_S1_1_2_5_AND_REMARK_ES.tex)
(units/EXPOSE_VI_S1_1_2_6_ES.tex [176])
(units/EXPOSE_VI_S1_1_3_1_OPENING_ES.tex)
(units/EXPOSE_VI_S1_1_3_2_AND_1_3_3_ES.tex [177])
(units/EXPOSE_VI_S1_1_3_4_ES.tex [178]) (units/EXPOSE_VI_S1_1_4_1_ES.tex)
(units/EXPOSE_VI_S1_1_4_2_3_ES.tex [179]) (units/EXPOSE_VI_S1_1_4_4_ES.tex
[180]) (units/EXPOSE_VI_S1_1_4_5_ES.tex) (units/EXPOSE_VI_S1_1_4_6_ES.tex
[181]) (units/EXPOSE_VI_S1_1_4_7_ES.tex)
(units/EXPOSE_VI_S1_1_5_1_TO_1_5_4_ES.tex [182])
(units/EXPOSE_VI_S1_1_5_5_ES.tex)
(units/EXPOSE_VI_S2_2_1_IMAGE_RECIPROCAL_ES.tex [183])
(units/EXPOSE_VI_S2_2_2_OPENING_ES.tex [184])
(units/EXPOSE_VI_S2_2_2_4_STATEMENT_ES.tex)
(units/EXPOSE_VI_S2_2_2_4_PROOF_ES.tex [185])
(units/EXPOSE_VI_S2_2_2_3_A_B_ES.tex [186])
(units/EXPOSE_VI_S2_2_2_3_C_AND_2_2_5_ES.tex) (units/EXPOSE_VI_S3_3_1_ES.tex
[187]) (units/EXPOSE_VI_S3_3_2_ES.tex [188]) (units/EXPOSE_VI_S3_3_3_ES.tex)
(units/EXPOSE_VII_TITLE_S1_1_1_ES.tex [189])
(units/EXPOSE_VII_S1_1_2_TO_1_3_STATEMENT_ES.tex [190])
(units/EXPOSE_VII_S1_1_3_PROOF_AND_1_4_ES.tex [191])
(units/EXPOSE_VII_S1_1_5_AND_S2_2_1_ES.tex)
(units/EXPOSE_VII_S2_2_2_OPENING_AND_THEOREM_ES.tex [192])
(units/EXPOSE_VII_S2_2_2_2_PROPOSITION_ES.tex [193])
(units/EXPOSE_VII_S2_2_2_PROOF_AND_LEMMA_ES.tex [194])
(units/EXPOSE_VII_S2_2_2_PROOF_END_AND_COROLLARY_ES.tex)
(units/EXPOSE_VII_S2_2_2_5_AND_S3_3_2_ES.tex [195])
(units/EXPOSE_VII_S3_3_3_TO_3_5_ES.tex [196])
(units/EXPOSE_VII_S3_PROOF_3_4_AND_LEMMA_3_6_ES.tex [197])
(units/EXPOSE_VII_S3_PROOF_LEMMA_3_6_OPENING_ES.tex)
(units/EXPOSE_VII_S3_PROOF_LEMMA_3_6_END_AND_COROLLARY_ES.tex [198])
(units/EXPOSE_VII_S3_3_8_OPENING_AND_PROPOSITION_ES.tex [199])
(units/EXPOSE_VII_S3_3_8_PROOF_ES.tex [200]) (units/EXPOSE_VII_S3_3_9_ES.tex
[201]) (units/EXPOSE_VII_S4_TITLE_THEOREM_AND_VARIANTS_ES.tex)
(units/EXPOSE_VII_S4_BLOWUP_AND_LEMMA_4_2_ES.tex [202])
(units/EXPOSE_VII_S4_PROOF_4_1_I_ES.tex [203])
(units/EXPOSE_VII_S4_PROOF_4_1_II_ES.tex)
(units/EXPOSE_VII_S4_PROOF_4_1_END_TO_COR_4_5_ES.tex [204])
(units/EXPOSE_VII_S4_COROLLARIES_4_6_TO_4_8_ES.tex [205])
(units/EXPOSE_VII_S4_EULER_POINCARE_ES.tex [206])
(units/EXPOSE_VII_S5_FLAG_SCHEMES_OPENING_ES.tex
LaTeX Font Info:    Trying to load font information for TS1+lmr on input line 1
5.

(C:\Users\Floris\AppData\Local\Programs\MiKTeX\tex/latex/lm\ts1lmr.fd
File: ts1lmr.fd 2015/05/01 v1.6.1 Font defs for Latin Modern
) [207{C:/Users/Floris/AppData/Local/Programs/MiKTeX/fonts/enc/dvips/lm/lm-ts1.
enc}])
(units/EXPOSE_VII_S5_PROOF_5_2_TO_PROPOSITION_5_4_ES.tex [208])
(units/EXPOSE_VII_S5_LEMMA_5_4_1_ES.tex)
(units/EXPOSE_VII_S5_PROOF_5_4_AND_PROPOSITION_5_5_ES.tex [209])
(units/EXPOSE_VII_S5_RELATIVE_VARIANT_AND_PROPOSITION_5_6_ES.tex [210])
(units/EXPOSE_VII_S6_TITLE_AND_PROPOSITION_6_1_ES.tex [211])
(units/EXPOSE_VII_S6_PROPOSITION_6_2_ES.tex [212])
(units/EXPOSE_VII_S6_REMARK_6_3_AND_COROLLARY_6_4_ES.tex)
(units/EXPOSE_VII_S6_COROLLARY_6_5_ES.tex [213])
(units/EXPOSE_VII_S7_TITLE_THEOREM_7_1_AND_LEMMA_ES.tex [214])
(units/EXPOSE_VII_S7_PROOF_7_1_AND_REMARK_ES.tex)
(units/EXPOSE_VII_S7_COROLLARY_7_2_AND_LEMMA_7_2_1_ES.tex [215])
(units/EXPOSE_VII_S7_LEMMA_7_2_1_PROOF_ES.tex [216])
(units/EXPOSE_VII_S7_PROPOSITION_7_3_ES.tex)
(units/EXPOSE_VII_S7_COROLLARY_7_4_ES.tex [217])
(units/EXPOSE_VII_S7_COROLLARY_7_5_AND_REMARK_ES.tex [218])
(units/EXPOSE_VII_S7_7_7_CONJECTURE_AND_CONSEQUENCES_ES.tex)
(units/EXPOSE_VII_S7_7_7_PROOF_ES.tex [219])
(units/EXPOSE_VII_S8_TITLE_THEOREM_8_1_AND_LEMMA_8_2_ES.tex)
(units/EXPOSE_VII_S8_COROLLARY_8_3_ES.tex [220])
(units/EXPOSE_VII_S8_LEMMA_8_4_1_ES.tex)
(units/EXPOSE_VII_S8_LEMMA_8_4_3_ES.tex [221])
(units/EXPOSE_VII_S8_PROPOSITION_8_5_STATEMENT_ES.tex [222])
(units/EXPOSE_VII_S8_PROPOSITION_8_5_PROOF_ES.tex)
(units/EXPOSE_VII_S8_8_6_MULTIPLICATIVE_STRUCTURE_ES.tex [223])
(units/EXPOSE_VII_S8_PROPOSITION_8_6_3_STATEMENT_ES.tex)
(units/EXPOSE_VII_S8_PROPOSITION_8_6_3_PROOF_ES.tex [224])
(units/EXPOSE_VII_S9_TITLE_AND_LEMMA_9_1_ES.tex [225])
(units/EXPOSE_VII_S9_LEMMA_9_1_PROOF_ES.tex)
(units/EXPOSE_VII_S9_THEOREM_9_2_AND_DEFORMATION_SETUP_ES.tex [226] [227])
(units/EXPOSE_VII_S9_LEMMA_9_3_STATEMENT_ES.tex)
(units/EXPOSE_VII_S9_LEMMA_9_3_PROOF_ES.tex [228])
(units/EXPOSE_VII_S9_LEMMA_9_4_STATEMENT_ES.tex)
(units/EXPOSE_VII_S9_LEMMA_9_4_PROOF_I_ES.tex)
(units/EXPOSE_VII_S9_LEMMA_9_4_PROOF_II_ES.tex [229])
(units/EXPOSE_VII_S9_9_5_PROOF_THEOREM_9_2_ES.tex)
(units/EXPOSE_VII_S9_PROPOSITION_9_6_ES.tex [230])
(units/EXPOSE_VII_S9_LEMMA_9_7_STATEMENT_ES.tex)
(units/EXPOSE_VII_S9_LEMMA_9_7_PROOF_ES.tex [231])
(units/EXPOSE_VII_S9_9_8_PROOF_PROPOSITION_9_6_ES.tex [232])
(units/EXPOSE_VII_S9_LEMMA_9_8_7_ES.tex [233])
(units/EXPOSE_VII_S9_THEOREM_9_9_STATEMENT_ES.tex)
(units/EXPOSE_VII_S9_THEOREM_9_9_PROOF_ES.tex [234])
(units/EXPOSE_VII_S9_9_10_AND_BIBLIOGRAPHY_ES.tex [235])
(units/EXPOSE_VIII_TITLE_AND_INTRO_ES.tex [236])
(units/EXPOSE_VIII_S1_ADDITIVE_FUNCTION_OPENING_ES.tex)
(units/EXPOSE_VIII_S1_ADDITIVE_FUNCTION_PROOFS_AND_K_GROUP_ES.tex [237])
(units/EXPOSE_VIII_S2_TRIANGULATED_CATEGORIES_ES.tex [238])
(units/EXPOSE_VIII_S3_FUNCTORIALITY_AND_PROPOSITION_3_1_ES.tex [239])
(units/EXPOSE_VIII_S3_PROPOSITION_3_1_PROOF_ES.tex)
(units/EXPOSE_VIII_S4_COMPARISON_OPENING_ES.tex [240])
(units/EXPOSE_VIII_S4_PROPOSITION_4_1_ES.tex [241])
(units/EXPOSE_VIII_S4_COROLLARY_AND_REMARK_ES.tex)
(units/EXPOSE_VIII_S5_PSEUDOCOHERENT_COMPLEXES_ES.tex [242])
(units/EXPOSE_VIII_S5_PROPOSITION_5_1_ES.tex [243])
(units/EXPOSE_VIII_S6_PERFECT_COMPLEXES_ES.tex)
(units/EXPOSE_VIII_S7_IMPORTANT_SPECIAL_CASE_ES.tex [244])
(units/EXPOSE_VIII_S8_TOR_DERIVED_BIFUNCTOR_ES.tex [245])
(units/EXPOSE_VIII_S8_TOR_DIMENSION_AND_PROPOSITION_8_1_ES.tex)
(units/EXPOSE_VIII_S8_LEMMA_AND_PROPOSITION_8_1_PROOFS_ES.tex [246])
(units/EXPOSE_VIII_S8_TENSOR_PRODUCT_STRUCTURES_ES.tex)
(units/EXPOSE_VIII_S9_FUNCTORIAL_PROPERTIES_ES.tex [247])
(units/EXPOSE_VIII_S10_RELATIVE_CONSTRUCTION_ES.tex [248])
(units/EXPOSE_VIII_BIBLIOGRAPHY_ES.tex) (units/EXPOSE_X_TITLE_AND_INTRO_ES.tex
[249]) (units/EXPOSE_X_S1_SHEAVES_WITH_OPERATORS_ES.tex)
(units/EXPOSE_X_S2_LEMMA_2_1_AND_PROPOSITION_2_2_ES.tex [250])
(units/EXPOSE_X_S2_PROPOSITION_2_2_PROOF_ES.tex [251])
(units/EXPOSE_X_S3_1_CHARACTERS_AND_PROPOSITION_3_2_ES.tex)
(units/EXPOSE_X_S3_3_RESTRICTION_AND_INDUCTION_ES.tex [252])
(units/EXPOSE_X_S3_4_DERIVED_HOM_AND_TENSOR_ES.tex)
(units/EXPOSE_X_S3_5_PROPOSITION_3_6_ES.tex [253])
(units/EXPOSE_X_S3_7_DUALITY_ES.tex [254])
(units/EXPOSE_X_S3_8_PROPOSITION_AND_COROLLARY_ES.tex)
(units/EXPOSE_X_S3_9_COROLLARY_PROOF_ES.tex)
(units/EXPOSE_X_S4_SWAN_LEMMA_4_1_ES.tex [255])
(units/EXPOSE_X_S4_2_SWAN_AND_ARTIN_REPRESENTATIONS_ES.tex [256])
(units/EXPOSE_X_S4_3_INDEPENDENCE_AND_PROPOSITION_4_4_ES.tex [257])
(units/EXPOSE_X_S4_PROPOSITION_4_4_PROOF_ES.tex)
(units/EXPOSE_X_S4_5_CHARACTER_FORMULAS_ES.tex)
(units/EXPOSE_X_S4_6_GENERALIZATION_AND_REMARK_ES.tex [258])
(units/EXPOSE_X_S5_TITLE_SETUP_AND_PROPOSITION_5_1_ES.tex [259])
(units/EXPOSE_X_S5_PROPOSITION_5_1_PROOF_I_ES.tex)
(units/EXPOSE_X_S5_PROPOSITION_5_1_PROOF_II_ES.tex [260])
(units/EXPOSE_X_S5_PROPOSITION_5_1_PROOF_III_ES.tex)
(units/EXPOSE_X_S6_TITLE_AND_6_1_SETUP_ES.tex [261])
(units/EXPOSE_X_S6_1_INDEPENDENCE_ES.tex)
(units/EXPOSE_X_S6_2_LOCAL_TERMS_ES.tex [262])
(units/EXPOSE_X_S6_2_EXAMPLES_ES.tex)
(units/EXPOSE_X_S7_TITLE_AND_THEOREM_7_1_ES.tex)
(units/EXPOSE_X_S7_PROOF_A_B_ES.tex [263])
(units/EXPOSE_X_S7_PROOF_C_D_OPENING_ES.tex)
(units/EXPOSE_X_S7_PROOF_D_TRIANGLE_ES.tex [264])
(units/EXPOSE_X_S7_PROOF_CONCLUSION_AND_COROLLARY_7_9_ES.tex)
(units/EXPOSE_X_S7_COROLLARY_7_12_STATEMENT_ES.tex [265])
(units/EXPOSE_X_S7_LEMMA_7_14_STATEMENT_ES.tex)
(units/EXPOSE_X_S7_LEMMA_7_14_PROOF_I_ES.tex)
(units/EXPOSE_X_S7_LEMMA_7_14_PROOF_II_ES.tex [266])
(units/EXPOSE_X_S7_COROLLARY_7_12_PROOF_I_ES.tex [267])
(units/EXPOSE_X_S7_COROLLARY_7_12_PROOF_II_ES.tex)
(units/EXPOSE_X_REFERENCES_ES.tex) (units/EXPOSE_XII_TITLE_AND_S1_SETUP_ES.tex
[268]) (units/EXPOSE_XII_S1_ENDOMORPHISM_AND_SHEAF_MAPS_ES.tex)
(units/EXPOSE_XII_S1_COMPLEX_MAPS_AND_TRACE_ES.tex [269])
(units/EXPOSE_XII_S2_REDUCTION_COMPATIBILITY_ES.tex)
(units/EXPOSE_XII_S2_TRACE_SYSTEM_ES.tex [270])
(units/EXPOSE_XII_S3_NIELSEN_WECKEN_INVARIANT_ES.tex [271])
(units/EXPOSE_XII_S4_LOCAL_TERMS_AND_CONJECTURE_ES.tex)
(units/EXPOSE_XII_S4_PROPOSITION_4_6_AND_REDUCTIONS_ES.tex [272])
(units/EXPOSE_XII_S4_LEMMA_4_7_STATEMENT_AND_START_ES.tex [273])
(units/EXPOSE_XII_S4_LEMMA_4_7_CONSTRUCTION_ES.tex)
(units/EXPOSE_XII_S4_LEMMA_4_7_LINEARITY_EQUIVARIANCE_ES.tex)
(units/EXPOSE_XII_S4_LEMMA_4_7_NONZERO_ES.tex [274])
(units/EXPOSE_XII_S4_LEMMA_4_7_TENSOR_CONTRACTION_ES.tex [275])
(units/EXPOSE_XII_S4_LEMMA_4_7_CONCLUSION_ES.tex)
(units/EXPOSE_XII_S4_PROPOSITION_4_6_PROOF_AND_COROLLARIES_ES.tex [276])
(units/EXPOSE_XII_S4_PROPOSITION_4_9_PROOF_ES.tex)
(units/EXPOSE_XII_S5_TITLE_AND_PROPOSITION_5_1_ES.tex [277])
(units/EXPOSE_XII_S5_PROPOSITION_5_1_PROOF_I_ES.tex)
(units/EXPOSE_XII_S5_PROPOSITION_5_1_PROOF_II_ES.tex [278])
(units/EXPOSE_XII_S5_SPECIAL_CASES_ES.tex)
(units/EXPOSE_XII_S6_TITLE_AND_6_1_ES.tex [279])
(units/EXPOSE_XII_S6_2_LOCAL_TERMS_ES.tex [280])
(units/EXPOSE_XII_S6_3_LEFSCHETZ_FORMULA_AND_TRIANGLE_ES.tex)
(units/EXPOSE_XII_S6_3_LEFSCHETZ_PROOF_KUNNETH_TRACE_ES.tex [281])
(units/EXPOSE_XII_S6_4_REMARK_A_ES.tex) (units/EXPOSE_XII_S6_4_REMARK_B_ES.tex
[282]) (units/EXPOSE_XII_S6_4_REMARK_C_OPENING_ES.tex)
(units/EXPOSE_XII_S6_LEMMA_6_4_5_ES.tex [283])
(units/EXPOSE_XII_S6_4_REMARK_D_ES.tex [284])
(units/EXPOSE_XII_S7_VALIDITY_COMMENTS_ES.tex)
(units/EXPOSE_XII_S7_PROPOSITION_7_2_AND_PROOF_I_ES.tex [285])
(units/EXPOSE_XII_S7_PROPOSITION_7_2_PROOF_II_ES.tex)
(units/EXPOSE_XII_EXAMPLE_7_3_AND_REFERENCE_ES.tex [286])
(units/EXPOSE_XV_TITLE_AND_FROBENIUS_ENDOMORPHISM_ES.tex [287])
(units/EXPOSE_XV_RELATIVE_FROBENIUS_ES.tex [288

])
(units/EXPOSE_XV_PROPOSITION_1_ES.tex [289])
(units/EXPOSE_XV_PROPOSITION_2_STATEMENT_ES.tex)
(units/EXPOSE_XV_PROPOSITION_2_PROOF_I_ES.tex [290])
(units/EXPOSE_XV_PROPOSITION_2_PROOF_II_ES.tex)
(units/EXPOSE_XV_EFFECT_ON_MODULE_I_ES.tex)
(units/EXPOSE_XV_EFFECT_ON_MODULE_II_ES.tex [291])
(units/EXPOSE_XV_EFFECT_ON_MODULE_III_ES.tex [292])
(units/EXPOSE_XV_ITERATED_FROBENIUS_AND_PERFECT_SCHEMES_ES.tex)
(units/EXPOSE_XV_FROBENIUS_CORRESPONDENCE_DEFINITION_ES.tex [293])
(units/EXPOSE_XV_ITERATED_CORRESPONDENCE_AND_EXAMPLES_ES.tex [294])
(units/EXPOSE_XV_CORRESPONDENCE_PROPOSITION_1_ES.tex)
(units/EXPOSE_XV_CORRESPONDENCE_PROPOSITION_1_PROOF_OPENING_ES.tex [295])
(units/EXPOSE_XV_CORRESPONDENCE_PROPOSITION_1_PROOF_END_ES.tex)
(units/EXPOSE_XV_COHOMOLOGY_PROPOSITION_2_ES.tex [296])
(units/EXPOSE_XV_COHOMOLOGY_PROPOSITION_2_PROOF_ES.tex [297])
(units/EXPOSE_XV_PRODUCTS_AND_PROPOSITION_3_ES.tex)
(units/EXPOSE_XV_PROPOSITION_3_PROOF_AND_COROLLARY_ES.tex)
(units/EXPOSE_XV_COROLLARY_PRODUCT_PROOF_ES.tex [298])
(units/EXPOSE_XV_BASE_FIELD_APPLICATION_ES.tex [299])
(units/EXPOSE_XV_GEOMETRIC_FROBENIUS_AND_L_FUNCTION_DEFINITION_ES.tex [300])
(units/EXPOSE_XV_L_FUNCTION_PRODUCT_AND_FORMAL_PROPERTIES_ES.tex [301])
(units/EXPOSE_XV_RATIONALITY_THEOREM_AND_LEMMA_1_ES.tex [302])
(units/EXPOSE_XV_FINITE_MORPHISMS_AND_LEMMA_2_ES.tex)
(units/EXPOSE_XV_LEMMA_3_EXCISION_AND_EXACTNESS_ES.tex [303]) [304]
(C:\Users\Floris\Documents\interlanguage\03_projects\language_management\romanc
e\05_sga5_spanish_20260717\SGA5_ES_WORKPASS\output/pdf\sga5_es.aux
LaTeX Info: Redefining \. on input line 11.
LaTeX Info: Redefining \% on input line 11.
)
 ***********
LaTeX2e <2025-11-01>
L3 programming layer <2026-03-20>
 ***********
Package rerunfilecheck Info: File `sga5_es.out' has not changed.
(rerunfilecheck)             Checksum: 817621218E20129B6C8D8701E1F03435;1568.
 ) 
Here is how much of TeX's memory you used:
 40055 strings out of 467691
 896937 string characters out of 5414503
 1113254 words of memory out of 5000000
 65394 multiletter control sequences out of 15000+600000
 757841 words of font info for 353 fonts, out of 8000000 for 9000
 1141 hyphenation exceptions out of 8191
 116i,22n,121p,2863b,1186s stack positions out of 10000i,1000n,20000p,200000b,200000s
<C:/Users/Floris/AppData/Local/Programs/MiKTeX/fonts/type1/public/amsfonts/eu
ler/eufm10.pfb><C:/Users/Floris/AppData/Local/Programs/MiKTeX/fonts/type1/publi
c/lm/lmbx10.pfb><C:/Users/Floris/AppData/Local/Programs/MiKTeX/fonts/type1/publ
ic/lm/lmbx12.pfb><C:/Users/Floris/AppData/Local/Programs/MiKTeX/fonts/type1/pub
lic/lm/lmbx6.pfb><C:/Users/Floris/AppData/Local/Programs/MiKTeX/fonts/type1/pub
lic/lm/lmbx8.pfb><C:/Users/Floris/AppData/Local/Programs/MiKTeX/fonts/type1/pub
lic/lm/lmcsc10.pfb><C:/Users/Floris/AppData/Local/Programs/MiKTeX/fonts/type1/p
ublic/lm/lmex10.pfb><C:/Users/Floris/AppData/Local/Programs/MiKTeX/fonts/type1/
public/lm/lmmi10.pfb><C:/Users/Floris/AppData/Local/Programs/MiKTeX/fonts/type1
/public/lm/lmmi12.pfb><C:/Users/Floris/AppData/Local/Programs/MiKTeX/fonts/type
1/public/lm/lmmi5.pfb><C:/Users/Floris/AppData/Local/Programs/MiKTeX/fonts/type
1/public/lm/lmmi6.pfb><C:/Users/Floris/AppData/Local/Programs/MiKTeX/fonts/type
1/public/lm/lmmi8.pfb><C:/Users/Floris/AppData/Local/Programs/MiKTeX/fonts/type
1/public/lm/lmmi9.pfb><C:/Users/Floris/AppData/Local/Programs/MiKTeX/fonts/type
1/public/lm/lmr10.pfb><C:/Users/Floris/AppData/Local/Programs/MiKTeX/fonts/type
1/public/lm/lmr12.pfb><C:/Users/Floris/AppData/Local/Programs/MiKTeX/fonts/type
1/public/lm/lmr6.pfb><C:/Users/Floris/AppData/Local/Programs/MiKTeX/fonts/type1
/public/lm/lmr8.pfb><C:/Users/Floris/AppData/Local/Programs/MiKTeX/fonts/type1/
public/lm/lmr9.pfb><C:/Users/Floris/AppData/Local/Programs/MiKTeX/fonts/type1/p
ublic/lm/lmri10.pfb><C:/Users/Floris/AppData/Local/Programs/MiKTeX/fonts/type1/
public/lm/lmri9.pfb><C:/Users/Floris/AppData/Local/Programs/MiKTeX/fonts/type1/
public/lm/lmsy10.pfb><C:/Users/Floris/AppData/Local/Programs/MiKTeX/fonts/type1
/public/lm/lmsy5.pfb><C:/Users/Floris/AppData/Local/Programs/MiKTeX/fonts/type1
/public/lm/lmsy6.pfb><C:/Users/Floris/AppData/Local/Programs/MiKTeX/fonts/type1
/public/lm/lmsy8.pfb><C:/Users/Floris/AppData/Local/Programs/MiKTeX/fonts/type1
/public/lm/lmsy9.pfb><C:/Users/Floris/AppData/Local/Programs/MiKTeX/fonts/type1
/public/amsfonts/symbols/msam10.pfb><C:/Users/Floris/AppData/Local/Programs/MiK
TeX/fonts/type1/public/amsfonts/symbols/msam7.pfb><C:/Users/Floris/AppData/Loca
l/Programs/MiKTeX/fonts/type1/public/amsfonts/symbols/msbm10.pfb>
Output written on C:\Users\Floris\Documents\interlanguage\03_projects\language_
management\romance\05_sga5_spanish_20260717\SGA5_ES_WORKPASS\output\pdf\sga5_es
.pdf (304 pages, 2049873 bytes).
PDF statistics:
 3264 PDF objects out of 3580 (max. 8388607)
 1722 named destinations out of 1728 (max. 500000)
 65589 words of extra memory for PDF output out of 74296 (max. 10000000)

