This is LuaHBTeX, Version 1.25.7 (MiKTeX 26.5) (format=lualatex 2026.5.26)  18 JUL 2026 05:39
 restricted system commands enabled.
 file:line:error style messages enabled.
**cum_fr_R823_COMPLETE.tex
(./cum_fr_R823_COMPLETE.tex
LaTeX2e <2025-11-01>
L3 programming layer <2026-03-20>
Lua module: luaotfload 2024-12-03 v3.29 Lua based OpenType font support
Lua module: lualibs 2023-07-13 v2.76 ConTeXt Lua standard libraries.
Lua module: lualibs-extended 2023-07-13 v2.76 ConTeXt Lua libraries -- extended 
collection.
luaotfload | conf : Root cache directory is "C:/Users/Floris/AppData/Local/MiKTe
X/luatex-cache/generic/names".
luaotfload | init : Loading fontloader "fontloader-2023-12-28.lua" from kpse-res
olved path "C:/Users/Floris/AppData/Local/Programs/MiKTeX/tex/luatex/luaotfload/
fontloader-2023-12-28.lua".
Lua-only attribute luaotfload@noligature = 1
luaotfload | init : Context OpenType loader version 3.134
Inserting `luaotfload.node_processor' in `pre_linebreak_filter'.
Inserting `luaotfload.node_processor' in `hpack_filter'.
Inserting `luaotfload.glyph_stream' in `glyph_stream_provider'.
Inserting `luaotfload.define_font' in `define_font'.
Lua-only attribute luaotfload_color_attribute = 2
luaotfload | conf : Root cache directory is "C:/Users/Floris/AppData/Local/MiKTe
X/luatex-cache/generic/names".
Inserting `luaotfload.harf.strip_prefix' in `find_opentype_file'.
Inserting `luaotfload.harf.strip_prefix' in `find_truetype_file'.
Removing  `luaotfload.glyph_stream' from `glyph_stream_provider'.
Inserting `luaotfload.harf.glyphstream' in `glyph_stream_provider'.
Inserting `luaotfload.harf.finalize_vlist' in `post_linebreak_filter'.
Inserting `luaotfload.harf.finalize_hlist' in `hpack_filter'.
Inserting `luaotfload.cleanup_files' in `wrapup_run'.
Inserting `luaotfload.harf.finalize_unicode' in `finish_pdffile'.
Inserting `luaotfload.glyphinfo' in `glyph_info'.
Lua-only attribute luaotfload.letterspace_done = 3
Inserting `luaotfload.aux.set_sscale_dimens' in `luaotfload.patch_font'.
Inserting `luaotfload.aux.set_font_index' in `luaotfload.patch_font'.
Inserting `luaotfload.aux.patch_cambria_domh' in `luaotfload.patch_font'.
Inserting `luaotfload.aux.fixup_fontdata' in `luaotfload.patch_font_unsafe'.
Inserting `luaotfload.aux.set_capheight' in `luaotfload.patch_font'.
Inserting `luaotfload.aux.set_xheight' in `luaotfload.patch_font'.
Inserting `luaotfload.rewrite_fontname' in `luaotfload.patch_font'.
Inserting `tracingstacklevels' in `input_level_string'. (C:/Users/Floris/AppDat
a/Local/Programs/MiKTeX/tex/latex/base/article.cls
Document Class: article 2025/01/22 v1.4n Standard LaTeX document class
(C:/Users/Floris/AppData/Local/Programs/MiKTeX/tex/latex/base/size11.clo
File: size11.clo 2025/01/22 v1.4n Standard LaTeX file (size option)
luaotfload | db : Font names database loaded from C:/Users/Floris/AppData/Local/
MiKTeX/luatex-cache/generic/names/luaotfload-names.luc.gz)
\c@part=\count273
\c@section=\count274
\c@subsection=\count275
\c@subsubsection=\count276
\c@paragraph=\count277
\c@subparagraph=\count278
\c@figure=\count279
\c@table=\count280
\abovecaptionskip=\skip49
\belowcaptionskip=\skip50
\bibindent=\dimen149
)
(C:/Users/Floris/AppData/Local/Programs/MiKTeX/tex/latex/geometry/geometry.sty
Package: geometry 2026/03/07 v6.0 Page Geometry

(C:/Users/Floris/AppData/Local/Programs/MiKTeX/tex/latex/graphics/keyval.sty
Package: keyval 2022/05/29 v1.15 key=value parser (DPC)
\KV@toks@=\toks17
)
(C:/Users/Floris/AppData/Local/Programs/MiKTeX/tex/generic/iftex/ifvtex.sty
Package: ifvtex 2019/10/25 v1.7 ifvtex legacy package. Use iftex instead.

(C:/Users/Floris/AppData/Local/Programs/MiKTeX/tex/generic/iftex/iftex.sty
Package: iftex 2024/12/12 v1.0g TeX engine tests
))
\Gm@cnth=\count281
\Gm@cntv=\count282
\c@Gm@tempcnt=\count283
\Gm@bindingoffset=\dimen150
\Gm@wd@mp=\dimen151
\Gm@odd@mp=\dimen152
\Gm@even@mp=\dimen153
\Gm@layoutwidth=\dimen154
\Gm@layoutheight=\dimen155
\Gm@layouthoffset=\dimen156
\Gm@layoutvoffset=\dimen157
\Gm@dimlist=\toks18

(C:/Users/Floris/AppData/Local/Programs/MiKTeX/tex/latex/geometry/geometry.cfg))
 (C:/Users/Floris/AppData/Local/Programs/MiKTeX/tex/latex/base/fontenc.sty
Package: fontenc 2025/07/18 v2.1d Standard LaTeX package
LaTeX Font Info:    Trying to load font information for T1+lmr on input line 11
6.

(C:/Users/Floris/AppData/Local/Programs/MiKTeX/tex/latex/lm/t1lmr.fd
File: t1lmr.fd 2015/05/01 v1.6.1 Font defs for Latin Modern
))
(C:/Users/Floris/AppData/Local/Programs/MiKTeX/tex/latex/lm/lmodern.sty
Package: lmodern 2015/05/01 v1.6.1 Latin Modern Fonts
LaTeX Font Info:    Overwriting symbol font `operators' in version `normal'
(Font)                  OT1/cmr/m/n --> OT1/lmr/m/n on input line 22.
LaTeX Font Info:    Overwriting symbol font `letters' in version `normal'
(Font)                  OML/cmm/m/it --> OML/lmm/m/it on input line 23.
LaTeX Font Info:    Overwriting symbol font `symbols' in version `normal'
(Font)                  OMS/cmsy/m/n --> OMS/lmsy/m/n on input line 24.
LaTeX Font Info:    Overwriting symbol font `largesymbols' in version `normal'
(Font)                  OMX/cmex/m/n --> OMX/lmex/m/n on input line 25.
LaTeX Font Info:    Overwriting symbol font `operators' in version `bold'
(Font)                  OT1/cmr/bx/n --> OT1/lmr/bx/n on input line 26.
LaTeX Font Info:    Overwriting symbol font `letters' in version `bold'
(Font)                  OML/cmm/b/it --> OML/lmm/b/it on input line 27.
LaTeX Font Info:    Overwriting symbol font `symbols' in version `bold'
(Font)                  OMS/cmsy/b/n --> OMS/lmsy/b/n on input line 28.
LaTeX Font Info:    Overwriting symbol font `largesymbols' in version `bold'
(Font)                  OMX/cmex/m/n --> OMX/lmex/m/n on input line 29.
LaTeX Font Info:    Overwriting math alphabet `\mathbf' in version `normal'
(Font)                  OT1/cmr/bx/n --> OT1/lmr/bx/n on input line 31.
LaTeX Font Info:    Overwriting math alphabet `\mathsf' in version `normal'
(Font)                  OT1/cmss/m/n --> OT1/lmss/m/n on input line 32.
LaTeX Font Info:    Overwriting math alphabet `\mathit' in version `normal'
(Font)                  OT1/cmr/m/it --> OT1/lmr/m/it on input line 33.
LaTeX Font Info:    Overwriting math alphabet `\mathtt' in version `normal'
(Font)                  OT1/cmtt/m/n --> OT1/lmtt/m/n on input line 34.
LaTeX Font Info:    Overwriting math alphabet `\mathbf' in version `bold'
(Font)                  OT1/cmr/bx/n --> OT1/lmr/bx/n on input line 35.
LaTeX Font Info:    Overwriting math alphabet `\mathsf' in version `bold'
(Font)                  OT1/cmss/bx/n --> OT1/lmss/bx/n on input line 36.
LaTeX Font Info:    Overwriting math alphabet `\mathit' in version `bold'
(Font)                  OT1/cmr/bx/it --> OT1/lmr/bx/it on input line 37.
LaTeX Font Info:    Overwriting math alphabet `\mathtt' in version `bold'
(Font)                  OT1/cmtt/m/n --> OT1/lmtt/m/n on input line 38.
)
(C:/Users/Floris/AppData/Local/Programs/MiKTeX/tex/latex/fontspec/fontspec.sty
(C:/Users/Floris/AppData/Local/Programs/MiKTeX/tex/latex/l3packages/xparse/xpar
se.sty
(C:/Users/Floris/AppData/Local/Programs/MiKTeX/tex/latex/l3kernel/expl3.sty
Package: expl3 2026-03-20 L3 programming layer (loader) 

(C:/Users/Floris/AppData/Local/Programs/MiKTeX/tex/latex/l3backend/l3backend-lu
atex.def
File: l3backend-luatex.def 2026-02-18 L3 backend support: PDF output (LuaTeX)
\l__color_backend_stack_int=\count284
Inserting `l3color' in `luaotfload.parse_color'.))
Package: xparse 2025-10-09 L3 Experimental document command parser
)
Package: fontspec 2025/09/29 v2.9g Font selection for XeLaTeX and LuaLaTeX
Lua module: fontspec 2025/09/29 v2.9g Font selection for XeLaTeX and LuaLaTeX
(C:/Users/Floris/AppData/Local/Programs/MiKTeX/tex/latex/fontspec/fontspec-luat
ex.sty
Package: fontspec-luatex 2025/09/29 v2.9g Font selection for XeLaTeX and LuaLaT
eX
\l__fontspec_script_int=\count285
\l__fontspec_language_int=\count286
\l__fontspec_strnum_int=\count287
\l__fontspec_tmp_int=\count288
\l__fontspec_tmpa_int=\count289
\l__fontspec_tmpb_int=\count290
\l__fontspec_tmpc_int=\count291
\l__fontspec_em_int=\count292
\l__fontspec_emdef_int=\count293
\l__fontspec_strong_int=\count294
\l__fontspec_strongdef_int=\count295
\l__fontspec_tmpa_dim=\dimen158
\l__fontspec_tmpb_dim=\dimen159
\l__fontspec_tmpc_dim=\dimen160

(C:/Users/Floris/AppData/Local/Programs/MiKTeX/tex/latex/base/fontenc.sty
Package: fontenc 2025/07/18 v2.1d Standard LaTeX package
)
(C:/Users/Floris/AppData/Local/Programs/MiKTeX/tex/latex/fontspec/fontspec.cfg))
) (C:/Users/Floris/AppData/Local/Programs/MiKTeX/tex/generic/babel/babel.sty
Package: babel 2026/04/15 v26.6 The multilingual framework for LuaLaTeX, pdfLaT
eX and XeLaTeX

(C:/Users/Floris/AppData/Local/Programs/MiKTeX/tex/generic/babel/luababel.def
\bbl@readstream=\read2
\l@afrikaans=\language2
Package babel Info: Non-standard hyphenation setup on input line 118.
\l@ancientgreek=\language3
\l@armenian=\language4
\l@assamese=\language5
\l@basque=\language6
\l@belarusian=\language7
\l@bengali=\language8
\l@bokmal=\language9
\l@bulgarian=\language10
\l@catalan=\language11
\l@churchslavonic=\language12
\l@classiclatin=\language13
\l@coptic=\language14
\l@croatian=\language15
\l@czech=\language16
\l@danish=\language17
\l@dutch=\language18
\l@esperanto=\language19
\l@estonian=\language20
\l@ethiopic=\language21
\l@finnish=\language22
\l@french=\language23
\l@friulan=\language24
\l@galician=\language25
\l@georgian=\language26
\l@german=\language27
\l@greek=\language28
\l@gujarati=\language29
\l@hindi=\language30
\l@hungarian=\language31
\l@icelandic=\language32
\l@indonesian=\language33
\l@interlingua=\language34
\l@irish=\language35
\l@italian=\language36
\l@kannada=\language37
\l@kurmanji=\language38
\l@latin=\language39
\l@latvian=\language40
\l@lithuanian=\language41
\l@liturgicallatin=\language42
\l@macedonian=\language43
\l@malayalam=\language44
\l@marathi=\language45
\l@mongolian=\language46
\l@mongolianlmc=\language47
\l@monogreek=\language48
\l@ngerman=\language49
\l@nynorsk=\language50
\l@occitan=\language51
\l@oriya=\language52
\l@pali=\language53
\l@panjabi=\language54
\l@piedmontese=\language55
\l@polish=\language56
\l@portuguese=\language57
\l@romanian=\language58
\l@romansh=\language59
\l@russian=\language60
\l@sanskrit=\language61
\l@serbian=\language62
\l@serbianc=\language63
\l@slovak=\language64
\l@slovenian=\language65
\l@spanish=\language66
\l@swedish=\language67
\l@swissgerman=\language68
\l@tamil=\language69
\l@telugu=\language70
\l@thai=\language71
\l@turkish=\language72
\l@turkmen=\language73
\l@ukenglish=\language74
\l@ukrainian=\language75
\l@uppersorbian=\language76
\l@usenglishmax=\language77
\l@welsh=\language78
\babelcatcodetablenum=\catcodetable14
\bbl@pattcodes=\catcodetable15
)
\babel@savecnt=\count296
LaTeX Encoding Info:    Redeclaring text command \ij (encoding OT1) on input li
ne 2078.
LaTeX Encoding Info:    Redeclaring text command \IJ (encoding OT1) on input li
ne 2080.
LaTeX Encoding Info:    Redeclaring text command \ij (encoding T1) on input lin
e 2082.
LaTeX Encoding Info:    Redeclaring text command \IJ (encoding T1) on input lin
e 2083.
LaTeX Encoding Info:    Ignoring declaration for text command \ij (encoding ?) 
on input line 2084.
LaTeX Encoding Info:    Ignoring declaration for text command \IJ (encoding ?) 
on input line 2086.
LaTeX Encoding Info:    Ignoring declaration for text command \SS (encoding ?) 
on input line 2111.
\U@D=\dimen161
\l@unhyphenated=\language79

(C:/Users/Floris/AppData/Local/Programs/MiKTeX/tex/generic/babel/luababel.def
\bbl@attr@locale=\attribute4
)
Package babel Info: Configuration files are deprecated, as
(babel)             they can break document portability.
(babel)             Reported on input line 4206.

*************************************
* Local config file bblopts.cfg used
*
(C:/Users/Floris/AppData/Local/Programs/MiKTeX/tex/latex/arabi/bblopts.cfg
File: bblopts.cfg 2005/09/08 v0.1 add Arabic and Farsi to "declared" options of
 babel
)
(C:/Users/Floris/AppData/Local/Programs/MiKTeX/tex/generic/babel/locale/fr/babe
l-french.tex)
Package babel Info: Importing font and identification data for french
(babel)             from babel-fr.ini. Reported on input line 4330.

(C:/Users/Floris/AppData/Local/Programs/MiKTeX/tex/generic/babel-french/french.
ldf
Language: french 2025-08-15 v4.0e French support from the babel system
\FB@spacing=\attribute5
\FB@addDPspace=\attribute6
\FB@ucsNBSP=\attribute7
\FBguill@level=\count297
\FBold@everypar=\toks19
\FB@Mht=\dimen162
\mc@charclass=\count298
\mc@charfam=\count299
\mc@charslot=\count300
\std@mcc=\count301
\dec@mcc=\count302
Inserting `frenchb.french_punctuation' in `kerning'.
Inserting `frenchb.euphonic_t' in `pre_linebreak_filter'.
\FB@pardim=\dimen163
\listindentFB=\dimen164
\descindentFB=\dimen165
\labelindentFB=\dimen166
\labelwidthFB=\dimen167
\leftmarginFB=\dimen168
\parindentFFN=\dimen169
\FBfnindent=\dimen170

(C:/Users/Floris/AppData/Local/Programs/MiKTeX/tex/generic/hyph-utf8/loadhyph/l
oadhyph-fr.tex UTF-8 French hyphenation patterns
(C:/Users/Floris/AppData/Local/Programs/MiKTeX/tex/generic/hyph-utf8/patterns/t
ex/hyph-fr.tex)
(C:/Users/Floris/AppData/Local/Programs/MiKTeX/tex/generic/hyph-utf8/patterns/q
uote/hyph-quote-fr.tex))))
(C:/Users/Floris/AppData/Local/Programs/MiKTeX/tex/latex/carlisle/scalefnt.sty) (C:/Users/Floris/AppData/Local/Programs/MiKTeX/tex/latex/amsmath/amsmath.sty
Package: amsmath 2025/07/09 v2.17z AMS math features
\@mathmargin=\skip51

For additional information on amsmath, use the `?' option.
(C:/Users/Floris/AppData/Local/Programs/MiKTeX/tex/latex/amsmath/amstext.sty
Package: amstext 2024/11/17 v2.01 AMS text

(C:/Users/Floris/AppData/Local/Programs/MiKTeX/tex/latex/amsmath/amsgen.sty
File: amsgen.sty 1999/11/30 v2.0 generic functions
\@emptytoks=\toks20
\ex@=\dimen171
))
(C:/Users/Floris/AppData/Local/Programs/MiKTeX/tex/latex/amsmath/amsbsy.sty
Package: amsbsy 1999/11/29 v1.2d Bold Symbols
\pmbraise@=\dimen172
)
(C:/Users/Floris/AppData/Local/Programs/MiKTeX/tex/latex/amsmath/amsopn.sty
Package: amsopn 2022/04/08 v2.04 operator names
)
\inf@bad=\count303
LaTeX Info: Redefining \frac on input line 235.
\uproot@=\count304
\leftroot@=\count305
LaTeX Info: Redefining \overline on input line 398.
LaTeX Info: Redefining \colon on input line 409.
\classnum@=\count306
\DOTSCASE@=\count307
LaTeX Info: Redefining \ldots on input line 495.
LaTeX Info: Redefining \dots on input line 498.
LaTeX Info: Redefining \cdots on input line 619.
\Mathstrutbox@=\box53
\strutbox@=\box54
LaTeX Info: Redefining \big on input line 721.
LaTeX Info: Redefining \Big on input line 722.
LaTeX Info: Redefining \bigg on input line 723.
LaTeX Info: Redefining \Bigg on input line 724.
\big@size=\dimen173
LaTeX Font Info:    Redeclaring font encoding OML on input line 742.
LaTeX Font Info:    Redeclaring font encoding OMS on input line 743.
\macc@depth=\count308
LaTeX Info: Redefining \bmod on input line 904.
LaTeX Info: Redefining \pmod on input line 909.
LaTeX Info: Redefining \smash on input line 939.
LaTeX Info: Redefining \relbar on input line 969.
LaTeX Info: Redefining \Relbar on input line 970.
\c@MaxMatrixCols=\count309
\dotsspace@=\muskip17
\c@parentequation=\count310
\dspbrk@lvl=\count311
\tag@help=\toks21
\row@=\count312
\column@=\count313
\maxfields@=\count314
\andhelp@=\toks22
\eqnshift@=\dimen174
\alignsep@=\dimen175
\tagshift@=\dimen176
\tagwidth@=\dimen177
\totwidth@=\dimen178
\lineht@=\dimen179
\@envbody=\toks23
\multlinegap=\skip52
\multlinetaggap=\skip53
\mathdisplay@stack=\toks24
LaTeX Info: Redefining \[ on input line 2950.
LaTeX Info: Redefining \] on input line 2951.
)
(C:/Users/Floris/AppData/Local/Programs/MiKTeX/tex/latex/amsfonts/amssymb.sty
Package: amssymb 2013/01/14 v3.01 AMS font symbols

(C:/Users/Floris/AppData/Local/Programs/MiKTeX/tex/latex/amsfonts/amsfonts.sty
Package: amsfonts 2013/01/14 v3.01 Basic AMSFonts support
\symAMSa=\mathgroup4
\symAMSb=\mathgroup5
LaTeX Font Info:    Redeclaring math symbol \hbar on input line 98.
LaTeX Font Info:    Overwriting math alphabet `\mathfrak' in version `bold'
(Font)                  U/euf/m/n --> U/euf/b/n on input line 106.
))
(C:/Users/Floris/AppData/Local/Programs/MiKTeX/tex/latex/mathtools/mathtools.st
y
Package: mathtools 2024/10/04 v1.31 mathematical typesetting tools
 (C:/Users/Floris/AppData/Local/Programs/MiKTeX/tex/latex/tools/calc.sty
Package: calc 2025/03/01 v4.3b Infix arithmetic (KKT,FJ)
\calc@Acount=\count315
\calc@Bcount=\count316
\calc@Adimen=\dimen180
\calc@Bdimen=\dimen181
\calc@Askip=\skip54
\calc@Bskip=\skip55
LaTeX Info: Redefining \setlength on input line 86.
LaTeX Info: Redefining \addtolength on input line 87.
\calc@Ccount=\count317
\calc@Cskip=\skip56
)
(C:/Users/Floris/AppData/Local/Programs/MiKTeX/tex/latex/mathtools/mhsetup.sty
Package: mhsetup 2021/03/18 v1.4 programming setup (MH)
)
\g_MT_multlinerow_int=\count318
\l_MT_multwidth_dim=\dimen182
\origjot=\skip57
\l_MT_shortvdotswithinadjustabove_dim=\dimen183
\l_MT_shortvdotswithinadjustbelow_dim=\dimen184
\l_MT_above_intertext_sep=\dimen185
\l_MT_below_intertext_sep=\dimen186
\l_MT_above_shortintertext_sep=\dimen187
\l_MT_below_shortintertext_sep=\dimen188
\xmathstrut@box=\box55
\xmathstrut@dim=\dimen189
)
(C:/Users/Floris/AppData/Local/Programs/MiKTeX/tex/latex/jknappen/mathrsfs.sty
Package: mathrsfs 1996/01/01 Math RSFS package v1.0 (jk)
\symrsfs=\mathgroup6
) (C:/Users/Floris/AppData/Local/Programs/MiKTeX/tex/latex/tools/array.sty
Package: array 2025/09/25 v2.6n Tabular extension package (FMi)
\col@sep=\dimen190
\ar@mcellbox=\box56
\extrarowheight=\dimen191
\NC@list=\toks25
\extratabsurround=\skip58
\backup@length=\skip59
\ar@cellbox=\box57
)
(C:/Users/Floris/AppData/Local/Programs/MiKTeX/tex/latex/booktabs/booktabs.sty
Package: booktabs 2020/01/12 v1.61803398 Publication quality tables
\heavyrulewidth=\dimen192
\lightrulewidth=\dimen193
\cmidrulewidth=\dimen194
\belowrulesep=\dimen195
\belowbottomsep=\dimen196
\aboverulesep=\dimen197
\abovetopsep=\dimen198
\cmidrulesep=\dimen199
\cmidrulekern=\dimen256
\defaultaddspace=\dimen257
\@cmidla=\count319
\@cmidlb=\count320
\@aboverulesep=\dimen258
\@belowrulesep=\dimen259
\@thisruleclass=\count321
\@lastruleclass=\count322
\@thisrulewidth=\dimen260
)
(C:/Users/Floris/AppData/Local/Programs/MiKTeX/tex/latex/pdflscape/pdflscape.st
y
Package: pdflscape 2022-10-27 v0.13 Display of landscape pages in PDF

(C:/Users/Floris/AppData/Local/Programs/MiKTeX/tex/latex/pdflscape/pdflscape-no
metadata.sty
Package: pdflscape-nometadata 2022-10-28 v0.13 Display of landscape pages in PD
F (HO)

(C:/Users/Floris/AppData/Local/Programs/MiKTeX/tex/latex/graphics/lscape.sty
Package: lscape 2020/05/28 v3.02 Landscape Pages (DPC)

(C:/Users/Floris/AppData/Local/Programs/MiKTeX/tex/latex/graphics/graphics.sty
Package: graphics 2024/08/06 v1.4g Standard LaTeX Graphics (DPC,SPQR)

(C:/Users/Floris/AppData/Local/Programs/MiKTeX/tex/latex/graphics/trig.sty
Package: trig 2023/12/02 v1.11 sin cos tan (DPC)
)
(C:/Users/Floris/AppData/Local/Programs/MiKTeX/tex/latex/graphics-cfg/graphics.
cfg
File: graphics.cfg 2016/06/04 v1.11 sample graphics configuration
)
Package graphics Info: Driver file: luatex.def on input line 106.

(C:/Users/Floris/AppData/Local/Programs/MiKTeX/tex/latex/graphics-def/luatex.de
f
File: luatex.def 2025/09/29 v1.2f Graphics/color driver for luatex
)))
Package pdflscape Info: Auto-detected driver: pdftex on input line 81.
))
(C:/Users/Floris/AppData/Local/Programs/MiKTeX/tex/latex/adjustbox/adjustbox.st
y
Package: adjustbox 2025/02/26 v1.3c Adjusting TeX boxes (trim, clip, ...)
 (C:/Users/Floris/AppData/Local/Programs/MiKTeX/tex/latex/xkeyval/xkeyval.sty
Package: xkeyval 2022/06/16 v2.9 package option processing (HA)

(C:/Users/Floris/AppData/Local/Programs/MiKTeX/tex/generic/xkeyval/xkeyval.tex
(C:/Users/Floris/AppData/Local/Programs/MiKTeX/tex/generic/xkeyval/xkvutils.tex
\XKV@toks=\toks26
\XKV@tempa@toks=\toks27
)
\XKV@depth=\count323
File: xkeyval.tex 2014/12/03 v2.7a key=value parser (HA)
))
(C:/Users/Floris/AppData/Local/Programs/MiKTeX/tex/latex/adjustbox/adjcalc.sty
Package: adjcalc 2012/05/16 v1.1 Provides advanced setlength with multiple back
-ends (calc, etex, pgfmath)
)
(C:/Users/Floris/AppData/Local/Programs/MiKTeX/tex/latex/adjustbox/trimclip.sty
Package: trimclip 2025/02/21 v1.2a Trim and clip general TeX material
(C:/Users/Floris/AppData/Local/Programs/MiKTeX/tex/latex/graphics/graphicx.sty
Package: graphicx 2024/12/31 v1.2e Enhanced LaTeX Graphics (DPC,SPQR)
\Gin@req@height=\dimen261
\Gin@req@width=\dimen262
)
(C:/Users/Floris/AppData/Local/Programs/MiKTeX/tex/latex/collectbox/collectbox.
sty
Package: collectbox 2022/10/17 v0.4c Collect macro arguments as boxes
\collectedbox=\box58
)
\tc@llx=\dimen263
\tc@lly=\dimen264
\tc@urx=\dimen265
\tc@ury=\dimen266
Package trimclip Info: Using driver 'tc-luatex.def'.

(C:/Users/Floris/AppData/Local/Programs/MiKTeX/tex/latex/adjustbox/tc-luatex.de
f
File: tc-luatex.def 2025/02/26 v1.1 Clipping driver for luatex

(C:/Users/Floris/AppData/Local/Programs/MiKTeX/tex/latex/adjustbox/tc-pdftex.de
f
File: tc-pdftex.def 2025/02/26 v2.3 Clipping driver for pdftex
)))
\adjbox@Width=\dimen267
\adjbox@Height=\dimen268
\adjbox@Depth=\dimen269
\adjbox@Totalheight=\dimen270
\adjbox@pwidth=\dimen271
\adjbox@pheight=\dimen272
\adjbox@pdepth=\dimen273
\adjbox@ptotalheight=\dimen274

(C:/Users/Floris/AppData/Local/Programs/MiKTeX/tex/latex/ifoddpage/ifoddpage.st
y
Package: ifoddpage 2022/10/18 v1.2 Conditionals for odd/even page detection
\c@checkoddpage=\count324
)
(C:/Users/Floris/AppData/Local/Programs/MiKTeX/tex/latex/varwidth/varwidth.sty
Package: varwidth 2009/03/30 ver 0.92;  Variable-width minipages
\@vwid@box=\box59
\sift@deathcycles=\count325
\@vwid@loff=\dimen275
\@vwid@roff=\dimen276
)
==> First Aid for varwidth.sty applied!
) (C:/Users/Floris/AppData/Local/Programs/MiKTeX/tex/latex/diagbox/diagbox.sty
Package: diagbox 2020/02/09 v2.3 Making table heads with diagonal lines

(C:/Users/Floris/AppData/Local/Programs/MiKTeX/tex/latex/pict2e/pict2e.sty
Package: pict2e 2020/09/30 v0.4b Improved picture commands (HjG,RN,JT)

(C:/Users/Floris/AppData/Local/Programs/MiKTeX/tex/latex/pict2e/pict2e.cfg
File: pict2e.cfg 2016/02/05 v0.1u pict2e configuration for teTeX/TeXLive
)
Package pict2e Info: Driver file: luatex.def on input line 112.
Package pict2e Info: Driver file for pict2e: p2e-luatex.def on input line 114.

(C:/Users/Floris/AppData/Local/Programs/MiKTeX/tex/latex/pict2e/p2e-luatex.def
File: p2e-luatex.def 2016/02/05 v0.1u Driver-dependant file (RN,HjG,JT)
)
\pIIe@GRAPH=\toks28
\@arclen=\dimen277
\@arcrad=\dimen278
\pIIe@tempdima=\dimen279
\pIIe@tempdimb=\dimen280
\pIIe@tempdimc=\dimen281
\pIIe@tempdimd=\dimen282
\pIIe@tempdime=\dimen283
\pIIe@tempdimf=\dimen284
)
\diagbox@boxa=\box60
\diagbox@boxb=\box61
\diagbox@boxm=\box62
\diagbox@wd=\dimen285
\diagbox@ht=\dimen286
\diagbox@insepl=\dimen287
\diagbox@insepr=\dimen288
\diagbox@outsepl=\dimen289
\diagbox@outsepr=\dimen290
) (C:/Users/Floris/AppData/Local/Programs/MiKTeX/tex/latex/tools/longtable.sty
Package: longtable 2025-10-13 v4.24 Multi-page Table package (DPC)
\LTleft=\skip60
\LTright=\skip61
\LTpre=\skip62
\LTpost=\skip63
\LTchunksize=\count326
\LTcapwidth=\dimen291
\LT@head=\box63
\LT@firsthead=\box64
\LT@foot=\box65
\LT@lastfoot=\box66
\LT@gbox=\box67
\LT@cols=\count327
\LT@rows=\count328
\c@LT@tables=\count329
\c@LT@chunks=\count330
\LT@p@ftn=\toks29
)
(C:/Users/Floris/AppData/Local/Programs/MiKTeX/tex/latex/microtype/microtype.st
y
Package: microtype 2026/03/01 v3.2d Micro-typographical refinements (RS)

(C:/Users/Floris/AppData/Local/Programs/MiKTeX/tex/latex/etoolbox/etoolbox.sty
Package: etoolbox 2025/10/02 v2.5m e-TeX tools for LaTeX (JAW)
\etb@tempcnta=\count331
)
\MT@toks=\toks30
\MT@tempbox=\box68
\MT@count=\count332
LaTeX Info: Redefining \noprotrusionifhmode on input line 1084.
LaTeX Info: Redefining \leftprotrusion on input line 1085.
\MT@prot@toks=\toks31
LaTeX Info: Redefining \rightprotrusion on input line 1104.
LaTeX Info: Redefining \textls on input line 1449.
\MT@outer@kern=\dimen292
LaTeX Info: Redefining \microtypecontext on input line 2053.
LaTeX Info: Redefining \textmicrotypecontext on input line 2070.
\MT@listname@count=\count333

(C:/Users/Floris/AppData/Local/Programs/MiKTeX/tex/latex/microtype/microtype-lu
atex.def
File: microtype-luatex.def 2026/03/01 v3.2d Definitions specific to luatex (RS)

Lua module: microtype 2026/03/01 v3.2d microtype module.
Module microtype Info: overwriting function `keepligature' on input line 63
LaTeX Info: Redefining \lsstyle on input line 779.
LaTeX Info: Redefining \lslig on input line 779.
\MT@outer@space=\skip64
)
Package microtype Info: Loading configuration file microtype.cfg.

(C:/Users/Floris/AppData/Local/Programs/MiKTeX/tex/latex/microtype/microtype.cf
g
File: microtype.cfg 2026/03/01 v3.2d microtype main configuration file (RS)
)
LaTeX Info: Redefining \microtypesetup on input line 3065.
)
(C:/Users/Floris/Documents/interlanguage/tmp/pdfs/fr_r823_candidate_20260718/cu
m_fr_R823_COMPLETE.aux)
\openout1 = cum_fr_R823_COMPLETE.aux

LaTeX Font Info:    Checking defaults for OML/cmm/m/it on input line 166.
LaTeX Font Info:    ... okay on input line 166.
LaTeX Font Info:    Checking defaults for OMS/cmsy/m/n on input line 166.
LaTeX Font Info:    ... okay on input line 166.
LaTeX Font Info:    Checking defaults for OT1/cmr/m/n on input line 166.
LaTeX Font Info:    ... okay on input line 166.
LaTeX Font Info:    Checking defaults for T1/cmr/m/n on input line 166.
LaTeX Font Info:    ... okay on input line 166.
LaTeX Font Info:    Checking defaults for TS1/cmr/m/n on input line 166.
LaTeX Font Info:    ... okay on input line 166.
LaTeX Font Info:    Checking defaults for TU/lmr/m/n on input line 166.
LaTeX Font Info:    ... okay on input line 166.
LaTeX Font Info:    Checking defaults for OMX/cmex/m/n on input line 166.
LaTeX Font Info:    ... okay on input line 166.
LaTeX Font Info:    Checking defaults for U/cmr/m/n on input line 166.
LaTeX Font Info:    ... okay on input line 166.

*geometry* driver: auto-detecting
*geometry* detected driver: luatex
*geometry* verbose mode - [ preamble ] result:
* driver: luatex
* paper: a4paper
* layout: <same size as paper>
* layoutoffset:(h,v)=(0.0pt,0.0pt)
* modes: 
* h-part:(L,W,R)=(41.25641pt, 514.99506pt, 41.25641pt)
* v-part:(T,H,B)=(41.25641pt, 762.53403pt, 41.25641pt)
* \paperwidth=597.50787pt
* \paperheight=845.04684pt
* \textwidth=514.99506pt
* \textheight=762.53403pt
* \oddsidemargin=-31.01358pt
* \evensidemargin=-31.01358pt
* \topmargin=-68.01358pt
* \headheight=12.0pt
* \headsep=25.0pt
* \topskip=11.0pt
* \footskip=30.0pt
* \marginparwidth=59.0pt
* \marginparsep=10.0pt
* \columnsep=10.0pt
* \skip\footins=10.0pt plus 4.0pt minus 2.0pt
* \hoffset=0.0pt
* \voffset=0.0pt
* \mag=1000
* \@twocolumnfalse
* \@twosidefalse
* \@mparswitchfalse
* \@reversemarginfalse
* (1in=72.27pt=25.4mm, 1cm=28.453pt)


(C:/Users/Floris/AppData/Local/Programs/MiKTeX/tex/context/base/mkii/supp-pdf.m
kii
[Loading MPS to PDF converter (version 2006.09.02).]
\scratchcounter=\count334
\scratchdimen=\dimen293
\scratchbox=\box69
\nofMPsegments=\count335
\nofMParguments=\count336
\everyMPshowfont=\toks32
\MPscratchCnt=\count337
\MPscratchDim=\dimen294
\MPnumerator=\count338
\makeMPintoPDFobject=\count339
\everyMPtoPDFconversion=\toks33
)
(C:/Users/Floris/AppData/Local/Programs/MiKTeX/tex/latex/epstopdf-pkg/epstopdf-
base.sty
Package: epstopdf-base 2020-01-24 v2.11 Base part for package epstopdf
Package epstopdf-base Info: Redefining graphics rule for `.eps' on input line 4
85.

(C:/Users/Floris/AppData/Local/Programs/MiKTeX/tex/latex/00miktex/epstopdf-sys.
cfg
File: epstopdf-sys.cfg 2021/03/18 v2.0 Configuration of epstopdf for MiKTeX
))
Package microtype Info: Patching varwidth to enable character protrusion.
\MT@vwid@leftmargin=\dimen295
\MT@vwid@rightmargin=\dimen296
LaTeX Info: Redefining \microtypecontext on input line 166.
Package microtype Info: Applying patch `item' on input line 166.
Package microtype Info: Applying patch `toc' on input line 166.
Package microtype Info: Applying patch `eqnum' on input line 166.
Package microtype Info: Applying patch `footnote' on input line 166.
Package microtype Info: Applying patch `verbatim' on input line 166.
LaTeX Info: Redefining \microtypesetup on input line 166.
Package microtype Info: Generating PDF output.
Package microtype Info: Character protrusion enabled (level 2).
Package microtype Info: Using default protrusion set `alltext'.
Package microtype Info: No font expansion.
Package microtype Info: No adjustment of tracking.
Package microtype Info: No adjustment of spacing.
Package microtype Info: No adjustment of kerning.

(C:/Users/Floris/AppData/Local/Programs/MiKTeX/tex/latex/microtype/mt-LatinMode
rnRoman.cfg
File: mt-LatinModernRoman.cfg 2026/02/26 v1.2 microtype config. file: Latin Mod
ern Roman (RS)
)
LaTeX Font Info:    Trying to load font information for OT1+lmr on input line 1
80.

(C:/Users/Floris/AppData/Local/Programs/MiKTeX/tex/latex/lm/ot1lmr.fd
File: ot1lmr.fd 2015/05/01 v1.6.1 Font defs for Latin Modern
)
Package microtype Info: Loading generic protrusion settings for font family
(microtype)             `lmr' (encoding: OT1).
(microtype)             For optimal results, create family-specific settings.
(microtype)             See the microtype manual for details.
LaTeX Font Info:    Trying to load font information for OML+lmm on input line 1
80.

(C:/Users/Floris/AppData/Local/Programs/MiKTeX/tex/latex/lm/omllmm.fd
File: omllmm.fd 2015/05/01 v1.6.1 Font defs for Latin Modern
)
LaTeX Font Info:    Trying to load font information for OMS+lmsy on input line 
180.

(C:/Users/Floris/AppData/Local/Programs/MiKTeX/tex/latex/lm/omslmsy.fd
File: omslmsy.fd 2015/05/01 v1.6.1 Font defs for Latin Modern
)
LaTeX Font Info:    Trying to load font information for OMX+lmex on input line 
180.

(C:/Users/Floris/AppData/Local/Programs/MiKTeX/tex/latex/lm/omxlmex.fd
File: omxlmex.fd 2015/05/01 v1.6.1 Font defs for Latin Modern
)
LaTeX Font Info:    External font `lmex10' loaded for size
(Font)              <10.95> on input line 180.
LaTeX Font Info:    External font `lmex10' loaded for size
(Font)              <8> on input line 180.
LaTeX Font Info:    External font `lmex10' loaded for size
(Font)              <6> on input line 180.
LaTeX Font Info:    Trying to load font information for U+msa on input line 180
.

(C:/Users/Floris/AppData/Local/Programs/MiKTeX/tex/latex/amsfonts/umsa.fd
File: umsa.fd 2013/01/14 v3.01 AMS symbols A
)
(C:/Users/Floris/AppData/Local/Programs/MiKTeX/tex/latex/microtype/mt-msa.cfg
File: mt-msa.cfg 2006/02/04 v1.1 microtype config. file: AMS symbols (a) (RS)
)
LaTeX Font Info:    Trying to load font information for U+msb on input line 180
.

(C:/Users/Floris/AppData/Local/Programs/MiKTeX/tex/latex/amsfonts/umsb.fd
File: umsb.fd 2013/01/14 v3.01 AMS symbols B
)
(C:/Users/Floris/AppData/Local/Programs/MiKTeX/tex/latex/microtype/mt-msb.cfg
File: mt-msb.cfg 2005/06/01 v1.0 microtype config. file: AMS symbols (b) (RS)
)
LaTeX Font Info:    External font `lmex10' loaded for size
(Font)              <10> on input line 193.
LaTeX Font Info:    External font `lmex10' loaded for size
(Font)              <7> on input line 193.
LaTeX Font Info:    External font `lmex10' loaded for size
(Font)              <5> on input line 193.

[1

{C:/Users/Floris/AppData/Local/MiKTeX/fonts/map/pdftex/pdftex.map}]
LaTeX Font Info:    Calculating math sizes for size <7.5> on input line 226.
LaTeX Font Info:    External font `lmex10' loaded for size
(Font)              <7.5> on input line 226.
LaTeX Font Info:    External font `lmex10' loaded for size
(Font)              <5.24997> on input line 226.
LaTeX Font Info:    External font `lmex10' loaded for size
(Font)              <3.75> on input line 226.
 [2

]
[3]
LaTeX Font Info:    External font `lmex10' loaded for size
(Font)              <14.4> on input line 305.
 [4

] [5] [6] [7] [8] [9] [10] [11] [12

] [13] [14] [15] [16] [17] [18

]
[19] [20] [21] [22] [23] [24] [25] [26

] [27] [28] [29] [30] [31] [32

] [33]
[34

] [35] [36] [37] [38] [39] [40] [41] [42] [43] [44


] [45



] [46


] [47] [48

]
[49] [50

] [51] [52

] [53] [54

] [55] [56] [57] [58] [59] [60] [61] [62] [63]
[64] [65] [66] [67] [68] [69] [70] [71

] [72] [73

]
LaTeX Font Info:    Trying to load font information for U+euf on input line 441
3.

(C:/Users/Floris/AppData/Local/Programs/MiKTeX/tex/latex/amsfonts/ueuf.fd
File: ueuf.fd 2013/01/14 v3.01 Euler Fraktur
)
(C:/Users/Floris/AppData/Local/Programs/MiKTeX/tex/latex/microtype/mt-euf.cfg
File: mt-euf.cfg 2006/07/03 v1.1 microtype config. file: AMS Euler Fraktur (RS)

)
[74] [75] [76] [77] [78] [79] [80] [81] [82] (./N06b_fr_body.tex [83

] [84]
[85] [86]) [87] (./N06c_fr_body.tex [88

] [89] [90] [91] [92] [93] [94] [95])
[96] (./N07_08_fr_body.tex [97

] [98] [99] [100

] [101] [102] [103] [104])
[105] [106] (./N09a_fr_body.tex [107

]
LaTeX Font Info:    External font `lmex10' loaded for size
(Font)              <12> on input line 70.
 [108] [109] [110] [111]) [112]
(./N09b_fr_body.tex [113

] [114] [115] [116] [117] [118] [119] [120]) [121]
(./N10_fr_body.tex [122

] [123] [124] [125] [126]) [127] (./N11_fr_body.tex
[128

] [129] [130] [131] [132]) [133] (./N12_fr_body.tex [134

] [135] [136]
[137]) [138] (./N13a_fr_body.tex [139

] [140] [141] [142] [143] [144])
(./N13b_fr_body.tex [145] [146] [147] [148] [149] [150]) [151]
(./N14a_fr_body.tex [152

] [153] [154] [155] [156]) [157]
(./N14_s05_06_fr_body.tex [158

] [159]) [160] (./N14_s07_08_fr_body.tex [161

]
[162]) [163] (./N15a_fr_body.tex [164

] [165] [166] [167]) (./N15b_fr_body.tex
[168] [169] [170] [171] [172] [173] [174]) [175] (./N16_fr_body.tex [176

]
[177] [178]) [179] (./N17_s01_04_fr_body.tex [180

] [181] [182] [183] [184])
(./N17_s05_07_fr_body.tex [185] [186] [187] [188] [189])
(./N17_s08_09_fr_body.tex [190] [191]) (./N17_s10_fr_body.tex [192] [193]
[194] [195]) (./N17_s11_12_fr_body.tex [196] [197] [198] [199] [200]) [201]
(./N18_fr_body.tex) [202

] (./N19a_fr_body.tex [203

] [204] [205])
(./N19_s02_fr_body.tex [206] [207]) (./N19_s03_fr_body.tex [208] [209])
(./N19_s04_fr_body.tex [210] [211] [212]) (./N19_s05_fr_body.tex [213] [214])
(./N19_s06_fr_body.tex [215] [216] [217]) (./N19_s07_fr_body.tex [218])
(./N19_s08_fr_body.tex [219]) (./N19_s09_fr_body.tex [220] [221])
(./N19_s10_fr_body.tex [222] [223] [224]) (./N19_s11_fr_body.tex [225])
(./N19_s12_fr_body.tex [226] [227]) [228] (./N20_fr_body.tex
(../external_translations/paper20/french/v001/Noether_Paper20_French_v001.tex
[229

] [230] [231] [232] [233])) (./N21_fr_body.tex
(../external_translations/paper21/french/v001/Noether_Paper21_French_v001.tex
[234


] [235] [236])) (./N22_intro_s01_fr_body.tex
(../external_translations/paper22/french/v001/Noether_Paper22_Intro_Section01_F
rench_v001.tex [237


] [238] [239] [240])) (./N22_s02_fr_body.tex
(../external_translations/paper22/french/v001/Noether_Paper22_Section02_French_
v001.tex [241

] [242])) (./N22_s03_fr_body.tex
(../external_translations/paper22/french/v001/Noether_Paper22_Section03_French_
v001.tex [243

] [244])) (./N22_s04_fr_body.tex
(../external_translations/paper22/french/v001/Noether_Paper22_Section04_French_
v001.tex [245

] [246] [247] [248])) (./N22_s05_fr_body.tex
(../external_translations/paper22/french/v001/Noether_Paper22_Section05_French_
v001.tex [249

] [250])) (./N22_s06_07_fr_body.tex
(../external_translations/paper22/french/v001/Noether_Paper22_Sections06_07_Fre
nch_v001.tex [251

] [252] [253] [254])) (./N23_fr_body.tex [255


] [256] [257]
[258]) [259] (./N24_intro_s01_fr_body.tex [260

] [261] [262] [263])
(./N24_s02_fr_body.tex [264] [265] [266]) (./N24_s03_fr_body.tex [267] [268]
[269]) (./N24_s04_fr_body.tex [270]) (./N24_s05_fr_body.tex [271] [272]
[273]) (./N24_s06_fr_body.tex [274] [275]) (./N24_s07_fr_body.tex [276]
[277]) [278] (./N25_fr_body.tex [279

] [280]) [281] (./N26_fr_body.tex) [282

]
(./N27_fr_body.tex) [283

] (./N28_fr_body.tex) [284

] (./N29_fr_body.tex [285

]
[286] [287]) [288] (./N30_intro_fr_body.tex [289

]) (./N30_s01_fr_body.tex
[290] [291] [292]) (./N30_s02_fr_body.tex [293]) (./N30_s03_fr_body.tex
[294] [295]) (./N30_s04_fr_body.tex [296] [297]) (./N30_s05_fr_body.tex
[298] [299]) (./N30_s06_fr_body.tex [300]) (./N30_s07_fr_body.tex [301])
(./N30_s08_fr_body.tex [302] [303]) (./N30_s09_fr_body.tex [304] [305] [306])
(./N30_s10_fr_body.tex [307] [308] [309]) [310] (./N31_fr_body.tex [311

]
[312] [313] [314] [315] [316] [317] [318] [319] [320] [321] [322] [323])
[324] (./N32_fr_body.tex [325

] [326] [327] [328]) [329] (./N33_fr_body.tex
[330

]) [331] (./N34_intro_s01_fr_body.tex [332

] [333] [334])
(./N34_s02_fr_body.tex [335]) (./N34_s03_fr_body.tex [336])
(./N34_s04_fr_body.tex [337]) (./N34_s05_fr_body.tex [338])
(./N34_s06_fr_body.tex [339]) (./N34_s07_fr_body.tex) (./N34_s08_fr_body.tex
[340]) (./N34_s09_fr_body.tex [341]) (./N34_s10_fr_body.tex [342] [343])
(./N34_s11_fr_body.tex) (./N34_s12_fr_body.tex [344]) (./N34_s13_fr_body.tex
[345] [346]) (./N34_s14_fr_body.tex [347] [348] [349]) (./N34_s15_fr_body.tex
[350]) (./N34_s16_fr_body.tex [351] [352]) (./N34_s17_fr_body.tex [353])
(./N34_s18_fr_body.tex [354]) (./N34_s19_fr_body.tex [355])
(./N34_s20_fr_body.tex [356] [357]) (./N34_s21_fr_body.tex [358] [359])
(./N34_s22_fr_body.tex) (./N34_s23_fr_body.tex [360]) (./N34_s24_fr_body.tex
[361] [362]) (./N34_s25_fr_body.tex [363]) (./N34_s26_fr_body.tex [364]
[365]) (./N35_fr_body.tex [366

] [367] [368] [369] [370]
luaotfload | cache : Lookup cache loaded from C:/Users/Floris/AppData/Local/MiKT
eX/luatex-cache/generic/names/luaotfload-lookup-cache.luc.

Package fontspec Info: 
(fontspec)             Font family 'NotoSerif(0)' created for font 'Noto
(fontspec)             Serif' with options [].
(fontspec)              
(fontspec)              This font family consists of the following NFSS
(fontspec)             series/shapes:
(fontspec)              
(fontspec)             - 'normal' (m/n) with NFSS spec.: <->"name:Noto
(fontspec)             Serif:mode=node;script=latn;language=dflt;"
(fontspec)             - 'small caps'  (m/sc) with NFSS spec.: <->"name:Noto
(fontspec)             Serif:mode=node;script=latn;language=dflt;+smcp;"
(fontspec)             - 'bold' (b/n) with NFSS spec.: <->"name:Noto
(fontspec)             Serif/B:mode=node;script=latn;language=dflt;"
(fontspec)             - 'bold small caps'  (b/sc) with NFSS spec.:
(fontspec)             <->"name:Noto
(fontspec)             Serif/B:mode=node;script=latn;language=dflt;+smcp;"
(fontspec)             - 'italic' (m/it) with NFSS spec.: <->"name:Noto
(fontspec)             Serif/I:mode=node;script=latn;language=dflt;"
(fontspec)             - 'italic small caps'  (m/scit) with NFSS spec.:
(fontspec)             <->"name:Noto
(fontspec)             Serif/I:mode=node;script=latn;language=dflt;+smcp;"
(fontspec)             - 'bold italic' (b/it) with NFSS spec.: <->"name:Noto
(fontspec)             Serif/BI:mode=node;script=latn;language=dflt;"
(fontspec)             - 'bold italic small caps'  (b/scit) with NFSS spec.:
(fontspec)             <->"name:Noto
(fontspec)             Serif/BI:mode=node;script=latn;language=dflt;+smcp;"

Package microtype Info: Loading generic protrusion settings for font family
(microtype)             `NotoSerif' (encoding: TU).
(microtype)             For optimal results, create family-specific settings.
(microtype)             See the microtype manual for details.
 [371])
(./N36_fr_body.tex [372

]) (./N37_fr_body.tex [373

] [374] [375] [376] [377])
(./N38_fr_body.tex [378

] [379] [380] [381] [382] [383]) (./N39_fr_body.tex
[384

] [385] [386] [387]) (./N40_intro_s01_fr_body.tex [388

] [389] [390]
[391]) (./N40_s02_fr_body.tex [392

] [393] [394]) (./N40_s03_fr_body.tex
[395

] [396]) (./N40_s04_fr_body.tex [397

] [398]) (./N40_s05_fr_body.tex
[399

] [400]) (./N40_s06_fr_body.tex [401

] [402]) (./N40_s07_fr_body.tex
[403

] [404] [405]) (./N40_s08_fr_body.tex [406

] [407] [408])
(./N40_s09_fr_body.tex [409

] [410]) (./N41_fr_body.tex [411

] [412] [413]
[414] [415] [416] [417]) (./N42_fr_body.tex [418

] [419] [420] [421] [422]
[423]) (./N43_fr_body.tex (./N43_rebuild_intro_s03_fr.tex [424

] [425] [426]
[427] [428] [429] [430]) (./N43_rebuild_s04_s07_fr.tex [431] [432] [433]
[434] [435] [436] [437] [438] [439] [440])) (../post43/book_frontmatter_fr.tex
[441] [442

] [443

]) (../post43/book_intro_ch01_fr.tex
LaTeX Font Info:    Trying to load font information for OT1+lmss on input line 
16.

(C:/Users/Floris/AppData/Local/Programs/MiKTeX/tex/latex/lm/ot1lmss.fd
File: ot1lmss.fd 2015/05/01 v1.6.1 Font defs for Latin Modern
)
Package microtype Info: Loading generic protrusion settings for font family
(microtype)             `lmss' (encoding: OT1).
(microtype)             For optimal results, create family-specific settings.
(microtype)             See the microtype manual for details.

[444

] [445] [446]) (../post43/book_ch02_fr.tex [447] [448] [449] [450])
(../post43/book_ch03_ch04_fr.tex [451] [452] [453] [454] [455] [456] [457]
[458] [459] [460] [461] [462] [463]) (../post43/book_ch05_ch06_fr.tex [464]
[465] [466] [467] [468] [469] [470] [471] [472] [473] [474] [475] [476]
[477] [478] [479] [480] [481] [482] [483] [484] [485])
(../post43/kapferer_noether_fr.tex [486


] [487] [488] [489] [490])
(../post43/terminal_matter_fr.tex [491


] [492] [493

]) [494

]
(C:/Users/Floris/Documents/interlanguage/tmp/pdfs/fr_r823_candidate_20260718/cu
m_fr_R823_COMPLETE.aux)
 ***********
LaTeX2e <2025-11-01>
L3 programming layer <2026-03-20>
 ***********
)

Here is how much of LuaTeX's memory you used:
 13806 strings out of 475900
 476940,794899 words of node,token memory allocated
 165643 words of node memory still in use:
   8 hlist, 2 vlist, 2 rule, 1 local_par, 6023 glue, 5 kern, 2 penalty, 1 margin
_kern, 5 glyph, 41780 attribute, 4591 glue_spec, 8357 attribute_list, 1 write no
des
   avail lists: 1:5,2:1905,3:332,4:93,5:649,6:68,7:20447,8:120,9:11248,10:42,11:
1266
 35451 multiletter control sequences out of 65536+600000
 153 fonts using 17599255 bytes
 89i,21n,95p,3918b,541s stack positions out of 10000i,1000n,20000p,200000b,200000s
{C:/Users/Floris/AppData/Local/Programs/MiKTeX/fonts/enc/dvips/lm/lm-rm.enc}<C:/
Users/Floris/AppData/Local/Programs/MiKTeX/fonts/truetype/google/noto/notoserif-
bold.ttf><C:/Users/Floris/AppData/Local/Programs/MiKTeX/fonts/opentype/public/lm
/lmroman10-bolditalic.otf><c:/users/floris/appdata/local/programs/miktex/fonts/o
pentype/public/lm/lmroman8-bold.otf><c:/users/floris/appdata/local/programs/mikt
ex/fonts/opentype/public/lm/lmromancaps10-regular.otf><c:/users/floris/appdata/l
ocal/programs/miktex/fonts/opentype/public/lm/lmroman6-regular.otf>{C:/Users/Flo
ris/AppData/Local/Programs/MiKTeX/fonts/enc/dvips/lm/lm-mathit.enc}{C:/Users/Flo
ris/AppData/Local/Programs/MiKTeX/fonts/enc/dvips/lm/lm-mathsy.enc}{C:/Users/Flo
ris/AppData/Local/Programs/MiKTeX/fonts/enc/dvips/lm/lm-mathex.enc}<c:/users/flo
ris/appdata/local/programs/miktex/fonts/opentype/public/lm/lmroman5-regular.otf>
<c:/users/floris/appdata/local/programs/miktex/fonts/opentype/public/lm/lmroman8
-italic.otf><c:/users/floris/appdata/local/programs/miktex/fonts/opentype/public
/lm/lmroman7-regular.otf><c:/users/floris/appdata/local/programs/miktex/fonts/op
entype/public/lm/lmroman8-regular.otf><C:/Users/Floris/AppData/Local/Programs/Mi
KTeX/fonts/opentype/public/lm/lmroman10-italic.otf><c:/users/floris/appdata/loca
l/programs/miktex/fonts/opentype/public/lm/lmroman10-bold.otf><c:/users/floris/a
ppdata/local/programs/miktex/fonts/opentype/public/lm/lmroman10-regular.otf><c:/
users/floris/appdata/local/programs/miktex/fonts/opentype/public/lm/lmroman12-re
gular.otf><c:/users/floris/appdata/local/programs/miktex/fonts/opentype/public/l
m/lmroman12-bold.otf><C:/Users/Floris/AppData/Local/Programs/MiKTeX/fonts/type1/
public/amsfonts/euler/eufm10.pfb><C:/Users/Floris/AppData/Local/Programs/MiKTeX/
fonts/type1/public/amsfonts/euler/eufm5.pfb><C:/Users/Floris/AppData/Local/Progr
ams/MiKTeX/fonts/type1/public/amsfonts/euler/eufm7.pfb><C:/Users/Floris/AppData/
Local/Programs/MiKTeX/fonts/type1/public/lm/lmbx10.pfb><C:/Users/Floris/AppData/
Local/Programs/MiKTeX/fonts/type1/public/lm/lmbx8.pfb><C:/Users/Floris/AppData/L
ocal/Programs/MiKTeX/fonts/type1/public/lm/lmex10.pfb><C:/Users/Floris/AppData/L
ocal/Programs/MiKTeX/fonts/type1/public/lm/lmmi10.pfb><C:/Users/Floris/AppData/L
ocal/Programs/MiKTeX/fonts/type1/public/lm/lmmi12.pfb><C:/Users/Floris/AppData/L
ocal/Programs/MiKTeX/fonts/type1/public/lm/lmmi5.pfb><C:/Users/Floris/AppData/Lo
cal/Programs/MiKTeX/fonts/type1/public/lm/lmmi6.pfb><C:/Users/Floris/AppData/Loc
al/Programs/MiKTeX/fonts/type1/public/lm/lmmi7.pfb><C:/Users/Floris/AppData/Loca
l/Programs/MiKTeX/fonts/type1/public/lm/lmmi8.pfb><C:/Users/Floris/AppData/Local
/Programs/MiKTeX/fonts/type1/public/lm/lmr10.pfb><C:/Users/Floris/AppData/Local/
Programs/MiKTeX/fonts/type1/public/lm/lmr12.pfb><C:/Users/Floris/AppData/Local/P
rograms/MiKTeX/fonts/type1/public/lm/lmr5.pfb><C:/Users/Floris/AppData/Local/Pro
grams/MiKTeX/fonts/type1/public/lm/lmr6.pfb><C:/Users/Floris/AppData/Local/Progr
ams/MiKTeX/fonts/type1/public/lm/lmr7.pfb><C:/Users/Floris/AppData/Local/Program
s/MiKTeX/fonts/type1/public/lm/lmr8.pfb><C:/Users/Floris/AppData/Local/Programs/
MiKTeX/fonts/type1/public/lm/lmss10.pfb><C:/Users/Floris/AppData/Local/Programs/
MiKTeX/fonts/type1/public/lm/lmss8.pfb><C:/Users/Floris/AppData/Local/Programs/M
iKTeX/fonts/type1/public/lm/lmsy10.pfb><C:/Users/Floris/AppData/Local/Programs/M
iKTeX/fonts/type1/public/lm/lmsy5.pfb><C:/Users/Floris/AppData/Local/Programs/Mi
KTeX/fonts/type1/public/lm/lmsy6.pfb><C:/Users/Floris/AppData/Local/Programs/MiK
TeX/fonts/type1/public/lm/lmsy7.pfb><C:/Users/Floris/AppData/Local/Programs/MiKT
eX/fonts/type1/public/lm/lmsy8.pfb><C:/Users/Floris/AppData/Local/Programs/MiKTe
X/fonts/type1/public/amsfonts/symbols/msam10.pfb><C:/Users/Floris/AppData/Local/
Programs/MiKTeX/fonts/type1/public/amsfonts/symbols/msbm10.pfb><C:/Users/Floris/
AppData/Local/Programs/MiKTeX/fonts/type1/public/amsfonts/symbols/msbm5.pfb><C:/
Users/Floris/AppData/Local/Programs/MiKTeX/fonts/type1/public/amsfonts/symbols/m
sbm7.pfb><C:/Users/Floris/AppData/Local/Programs/MiKTeX/fonts/type1/public/rsfs/
rsfs10.pfb>
Output written on cum_fr_R823_COMPLETE.pdf (494 pages, 3721837 bytes).

PDF statistics: 1762 PDF objects out of 2073 (max. 8388607)
 0 named destinations out of 1000 (max. 1048576)
 1 words of extra memory for PDF output out of 10000 (max. 100000000)

