This is pdfTeX, Version 3.141592653-2.6-1.40.29 (MiKTeX 26.5) (preloaded format=pdflatex 2026.5.17)  23 JUL 2026 00:29
entering extended mode
 restricted \write18 enabled.
 file:line:error style messages enabled.
 %&-line parsing enabled.
**./checkpoint/expose_II_complete_20260722/SGA3_English_through_Expose_II.tex
(checkpoint/expose_II_complete_20260722/SGA3_English_through_Expose_II.tex
LaTeX2e <2025-11-01>
L3 programming layer <2026-03-20>
(<USER_HOME>\AppData\Local\Programs\MiKTeX\tex/latex/base\book.cls
Document Class: book 2025/01/22 v1.4n Standard LaTeX document class
(<USER_HOME>\AppData\Local\Programs\MiKTeX\tex/latex/base\bk11.clo
File: bk11.clo 2025/01/22 v1.4n Standard LaTeX file (size option)
)
\c@part=\count275
\c@chapter=\count276
\c@section=\count277
\c@subsection=\count278
\c@subsubsection=\count279
\c@paragraph=\count280
\c@subparagraph=\count281
\c@figure=\count282
\c@table=\count283
\abovecaptionskip=\skip49
\belowcaptionskip=\skip50
\bibindent=\dimen150
)
(<USER_HOME>\AppData\Local\Programs\MiKTeX\tex/latex/base\fontenc.sty
Package: fontenc 2025/07/18 v2.1d Standard LaTeX package
)
(<USER_HOME>\AppData\Local\Programs\MiKTeX\tex/latex/base\inputenc.sty
Package: inputenc 2024/02/08 v1.3d Input encoding file
\inpenc@prehook=\toks17
\inpenc@posthook=\toks18
)
(<USER_HOME>\AppData\Local\Programs\MiKTeX\tex/generic/babel\babel.sty
Package: babel 2026/04/15 v26.6 The multilingual framework for LuaLaTeX, pdfLaT
eX and XeLaTeX
\babel@savecnt=\count284
LaTeX Encoding Info:    Redeclaring text command \ij (encoding OT1) on input li
ne 2078.
LaTeX Encoding Info:    Redeclaring text command \IJ (encoding OT1) on input li
ne 2080.
LaTeX Encoding Info:    Redeclaring text command \ij (encoding T1) on input lin
e 2082.
LaTeX Encoding Info:    Redeclaring text command \IJ (encoding T1) on input lin
e 2083.
LaTeX Encoding Info:    Ignoring declaration for text command \ij (encoding ?) 
on input line 2084.
LaTeX Encoding Info:    Ignoring declaration for text command \IJ (encoding ?) 
on input line 2086.
LaTeX Encoding Info:    Ignoring declaration for text command \SS (encoding ?) 
on input line 2111.
\U@D=\dimen151
\l@unhyphenated=\language79

(<USER_HOME>\AppData\Local\Programs\MiKTeX\tex/generic/babel\txtbabel.def)
\bbl@readstream=\read2
\bbl@dirlevel=\count285
Package babel Info: Configuration files are deprecated, as
(babel)             they can break document portability.
(babel)             Reported on input line 4206.

*************************************
* Local config file bblopts.cfg used
*
(<USER_HOME>\AppData\Local\Programs\MiKTeX\tex/latex/arabi\bblopts.cfg
File: bblopts.cfg 2005/09/08 v0.1 add Arabic and Farsi to "declared" options of
 babel
)
(<USER_HOME>\AppData\Local\Programs\MiKTeX\tex/generic/babel/locale/en\babe
l-english.tex)
Package babel Info: Importing font and identification data for english
(babel)             from babel-en.ini. Reported on input line 4330.

(<USER_HOME>\AppData\Local\Programs\MiKTeX\tex/latex/babel-english\english.
ldf
Language: english 2017/06/06 v3.3r English support from the babel system
Package babel Info: Hyphen rules for 'canadian' set to \l@english
(babel)             (\language0). Reported on input line 102.
Package babel Info: Hyphen rules for 'australian' set to \l@ukenglish
(babel)             (\language73). Reported on input line 105.
Package babel Info: Hyphen rules for 'newzealand' set to \l@ukenglish
(babel)             (\language73). Reported on input line 108.
))
(<USER_HOME>\AppData\Local\Programs\MiKTeX\tex/latex/geometry\geometry.sty
Package: geometry 2026/03/07 v6.0 Page Geometry

(<USER_HOME>\AppData\Local\Programs\MiKTeX\tex/latex/graphics\keyval.sty
Package: keyval 2022/05/29 v1.15 key=value parser (DPC)
\KV@toks@=\toks19
)
(<USER_HOME>\AppData\Local\Programs\MiKTeX\tex/generic/iftex\ifvtex.sty
Package: ifvtex 2019/10/25 v1.7 ifvtex legacy package. Use iftex instead.

(<USER_HOME>\AppData\Local\Programs\MiKTeX\tex/generic/iftex\iftex.sty
Package: iftex 2024/12/12 v1.0g TeX engine tests
))
\Gm@cnth=\count286
\Gm@cntv=\count287
\c@Gm@tempcnt=\count288
\Gm@bindingoffset=\dimen152
\Gm@wd@mp=\dimen153
\Gm@odd@mp=\dimen154
\Gm@even@mp=\dimen155
\Gm@layoutwidth=\dimen156
\Gm@layoutheight=\dimen157
\Gm@layouthoffset=\dimen158
\Gm@layoutvoffset=\dimen159
\Gm@dimlist=\toks20

(<USER_HOME>\AppData\Local\Programs\MiKTeX\tex/latex/geometry\geometry.cfg)
) (<USER_HOME>\AppData\Local\Programs\MiKTeX\tex/latex/amsmath\amsmath.sty
Package: amsmath 2025/07/09 v2.17z AMS math features
\@mathmargin=\skip51

For additional information on amsmath, use the `?' option.
(<USER_HOME>\AppData\Local\Programs\MiKTeX\tex/latex/amsmath\amstext.sty
Package: amstext 2024/11/17 v2.01 AMS text

(<USER_HOME>\AppData\Local\Programs\MiKTeX\tex/latex/amsmath\amsgen.sty
File: amsgen.sty 1999/11/30 v2.0 generic functions
\@emptytoks=\toks21
\ex@=\dimen160
))
(<USER_HOME>\AppData\Local\Programs\MiKTeX\tex/latex/amsmath\amsbsy.sty
Package: amsbsy 1999/11/29 v1.2d Bold Symbols
\pmbraise@=\dimen161
)
(<USER_HOME>\AppData\Local\Programs\MiKTeX\tex/latex/amsmath\amsopn.sty
Package: amsopn 2022/04/08 v2.04 operator names
)
\inf@bad=\count289
LaTeX Info: Redefining \frac on input line 233.
\uproot@=\count290
\leftroot@=\count291
LaTeX Info: Redefining \overline on input line 398.
LaTeX Info: Redefining \colon on input line 409.
\classnum@=\count292
\DOTSCASE@=\count293
LaTeX Info: Redefining \ldots on input line 495.
LaTeX Info: Redefining \dots on input line 498.
LaTeX Info: Redefining \cdots on input line 619.
\Mathstrutbox@=\box53
\strutbox@=\box54
LaTeX Info: Redefining \big on input line 721.
LaTeX Info: Redefining \Big on input line 722.
LaTeX Info: Redefining \bigg on input line 723.
LaTeX Info: Redefining \Bigg on input line 724.
\big@size=\dimen162
LaTeX Font Info:    Redeclaring font encoding OML on input line 742.
LaTeX Font Info:    Redeclaring font encoding OMS on input line 743.
\macc@depth=\count294
LaTeX Info: Redefining \bmod on input line 904.
LaTeX Info: Redefining \pmod on input line 909.
LaTeX Info: Redefining \smash on input line 939.
LaTeX Info: Redefining \relbar on input line 969.
LaTeX Info: Redefining \Relbar on input line 970.
\c@MaxMatrixCols=\count295
\dotsspace@=\muskip17
\c@parentequation=\count296
\dspbrk@lvl=\count297
\tag@help=\toks22
\row@=\count298
\column@=\count299
\maxfields@=\count300
\andhelp@=\toks23
\eqnshift@=\dimen163
\alignsep@=\dimen164
\tagshift@=\dimen165
\tagwidth@=\dimen166
\totwidth@=\dimen167
\lineht@=\dimen168
\@envbody=\toks24
\multlinegap=\skip52
\multlinetaggap=\skip53
\mathdisplay@stack=\toks25
LaTeX Info: Redefining \[ on input line 2950.
LaTeX Info: Redefining \] on input line 2951.
)
(<USER_HOME>\AppData\Local\Programs\MiKTeX\tex/latex/amsfonts\amssymb.sty
Package: amssymb 2013/01/14 v3.01 AMS font symbols

(<USER_HOME>\AppData\Local\Programs\MiKTeX\tex/latex/amsfonts\amsfonts.sty
Package: amsfonts 2013/01/14 v3.01 Basic AMSFonts support
\symAMSa=\mathgroup4
\symAMSb=\mathgroup5
LaTeX Font Info:    Redeclaring math symbol \hbar on input line 98.
LaTeX Font Info:    Overwriting math alphabet `\mathfrak' in version `bold'
(Font)                  U/euf/m/n --> U/euf/b/n on input line 106.
)) (<USER_HOME>\AppData\Local\Programs\MiKTeX\tex/latex/amscls\amsthm.sty
Package: amsthm 2020/05/29 v2.20.6
\thm@style=\toks26
\thm@bodyfont=\toks27
\thm@headfont=\toks28
\thm@notefont=\toks29
\thm@headpunct=\toks30
\thm@preskip=\skip54
\thm@postskip=\skip55
\thm@headsep=\skip56
\dth@everypar=\toks31
)
(<USER_HOME>\AppData\Local\Programs\MiKTeX\tex/latex/jknappen\mathrsfs.sty
Package: mathrsfs 1996/01/01 Math RSFS package v1.0 (jk)
\symrsfs=\mathgroup6
)
(<USER_HOME>\AppData\Local\Programs\MiKTeX\tex/latex/mathtools\mathtools.st
y
Package: mathtools 2024/10/04 v1.31 mathematical typesetting tools
 (<USER_HOME>\AppData\Local\Programs\MiKTeX\tex/latex/tools\calc.sty
Package: calc 2025/03/01 v4.3b Infix arithmetic (KKT,FJ)
\calc@Acount=\count301
\calc@Bcount=\count302
\calc@Adimen=\dimen169
\calc@Bdimen=\dimen170
\calc@Askip=\skip57
\calc@Bskip=\skip58
LaTeX Info: Redefining \setlength on input line 86.
LaTeX Info: Redefining \addtolength on input line 87.
\calc@Ccount=\count303
\calc@Cskip=\skip59
)
(<USER_HOME>\AppData\Local\Programs\MiKTeX\tex/latex/mathtools\mhsetup.sty
Package: mhsetup 2021/03/18 v1.4 programming setup (MH)
)
\g_MT_multlinerow_int=\count304
\l_MT_multwidth_dim=\dimen171
\origjot=\skip60
\l_MT_shortvdotswithinadjustabove_dim=\dimen172
\l_MT_shortvdotswithinadjustbelow_dim=\dimen173
\l_MT_above_intertext_sep=\dimen174
\l_MT_below_intertext_sep=\dimen175
\l_MT_above_shortintertext_sep=\dimen176
\l_MT_below_shortintertext_sep=\dimen177
\xmathstrut@box=\box55
\xmathstrut@dim=\dimen178
)
(<USER_HOME>\AppData\Local\Programs\MiKTeX\tex/latex/stmaryrd\stmaryrd.sty
Package: stmaryrd 1994/03/03 St Mary's Road symbol package
\symstmry=\mathgroup7
LaTeX Font Info:    Overwriting symbol font `stmry' in version `bold'
(Font)                  U/stmry/m/n --> U/stmry/b/n on input line 89.
) (<USER_HOME>\AppData\Local\Programs\MiKTeX\tex/latex/graphics\graphicx.st
y
Package: graphicx 2024/12/31 v1.2e Enhanced LaTeX Graphics (DPC,SPQR)
(<USER_HOME>\AppData\Local\Programs\MiKTeX\tex/latex/graphics\graphics.sty
Package: graphics 2024/08/06 v1.4g Standard LaTeX Graphics (DPC,SPQR)

(<USER_HOME>\AppData\Local\Programs\MiKTeX\tex/latex/graphics\trig.sty
Package: trig 2023/12/02 v1.11 sin cos tan (DPC)
)
(<USER_HOME>\AppData\Local\Programs\MiKTeX\tex/latex/graphics-cfg\graphics.
cfg
File: graphics.cfg 2016/06/04 v1.11 sample graphics configuration
)
Package graphics Info: Driver file: pdftex.def on input line 106.

(<USER_HOME>\AppData\Local\Programs\MiKTeX\tex/latex/graphics-def\pdftex.de
f
File: pdftex.def 2025/09/29 v1.2d Graphics/color driver for pdftex
))
\Gin@req@height=\dimen179
\Gin@req@width=\dimen180
) (<USER_HOME>\AppData\Local\Programs\MiKTeX\tex/latex/float\float.sty
Package: float 2001/11/08 v1.3d Float enhancements (AL)
\c@float@type=\count305
\float@exts=\toks32
\float@box=\box56
\@float@everytoks=\toks33
\@floatcapt=\box57
)
(<USER_HOME>\AppData\Local\Programs\MiKTeX\tex/latex/xcolor\xcolor.sty
Package: xcolor 2024/09/29 v3.02 LaTeX color extensions (UK)

(<USER_HOME>\AppData\Local\Programs\MiKTeX\tex/latex/graphics-cfg\color.cfg
File: color.cfg 2016/01/02 v1.6 sample color configuration
)
Package xcolor Info: Driver file: pdftex.def on input line 274.

(<USER_HOME>\AppData\Local\Programs\MiKTeX\tex/latex/graphics\mathcolor.ltx
)
Package xcolor Info: Model `cmy' substituted by `cmy0' on input line 1349.
Package xcolor Info: Model `hsb' substituted by `rgb' on input line 1353.
Package xcolor Info: Model `RGB' extended on input line 1365.
Package xcolor Info: Model `HTML' substituted by `rgb' on input line 1367.
Package xcolor Info: Model `Hsb' substituted by `hsb' on input line 1368.
Package xcolor Info: Model `tHsb' substituted by `hsb' on input line 1369.
Package xcolor Info: Model `HSB' substituted by `hsb' on input line 1370.
Package xcolor Info: Model `Gray' substituted by `gray' on input line 1371.
Package xcolor Info: Model `wave' substituted by `hsb' on input line 1372.
)
(<USER_HOME>\AppData\Local\Programs\MiKTeX\tex/latex/hyperref\hyperref.sty
Package: hyperref 2026-04-24 v7.01q Hypertext links for LaTeX

(<USER_HOME>\AppData\Local\Programs\MiKTeX\tex/latex/kvsetkeys\kvsetkeys.st
y
Package: kvsetkeys 2022-10-05 v1.19 Key value parser (HO)
)
(<USER_HOME>\AppData\Local\Programs\MiKTeX\tex/generic/kvdefinekeys\kvdefin
ekeys.sty
Package: kvdefinekeys 2019-12-19 v1.6 Define keys (HO)
)
(<USER_HOME>\AppData\Local\Programs\MiKTeX\tex/generic/pdfescape\pdfescape.
sty
Package: pdfescape 2019/12/09 v1.15 Implements pdfTeX's escape features (HO)

(<USER_HOME>\AppData\Local\Programs\MiKTeX\tex/generic/ltxcmds\ltxcmds.sty
Package: ltxcmds 2023-12-04 v1.26 LaTeX kernel commands for general use (HO)
)
(<USER_HOME>\AppData\Local\Programs\MiKTeX\tex/generic/pdftexcmds\pdftexcmd
s.sty
Package: pdftexcmds 2020-06-27 v0.33 Utility functions of pdfTeX for LuaTeX (HO
)

(<USER_HOME>\AppData\Local\Programs\MiKTeX\tex/generic/infwarerr\infwarerr.
sty
Package: infwarerr 2019/12/03 v1.5 Providing info/warning/error messages (HO)
)
Package pdftexcmds Info: \pdf@primitive is available.
Package pdftexcmds Info: \pdf@ifprimitive is available.
Package pdftexcmds Info: \pdfdraftmode found.
))
(<USER_HOME>\AppData\Local\Programs\MiKTeX\tex/latex/hycolor\hycolor.sty
Package: hycolor 2020-01-27 v1.10 Color options for hyperref/bookmark (HO)
)
(<USER_HOME>\AppData\Local\Programs\MiKTeX\tex/latex/hyperref\nameref.sty
Package: nameref 2026-01-29 v2.58 Cross-referencing by name of section

(<USER_HOME>\AppData\Local\Programs\MiKTeX\tex/latex/refcount\refcount.sty
Package: refcount 2019/12/15 v3.6 Data extraction from label references (HO)
)
(<USER_HOME>\AppData\Local\Programs\MiKTeX\tex/generic/gettitlestring\getti
tlestring.sty
Package: gettitlestring 2019/12/15 v1.6 Cleanup title references (HO)

(<USER_HOME>\AppData\Local\Programs\MiKTeX\tex/latex/kvoptions\kvoptions.st
y
Package: kvoptions 2022-06-15 v3.15 Key value format for package options (HO)
))
\c@section@level=\count306
)
(<USER_HOME>\AppData\Local\Programs\MiKTeX\tex/latex/etoolbox\etoolbox.sty
Package: etoolbox 2025/10/02 v2.5m e-TeX tools for LaTeX (JAW)
\etb@tempcnta=\count307
)
(<USER_HOME>\AppData\Local\Programs\MiKTeX\tex/generic/stringenc\stringenc.
sty
Package: stringenc 2019/11/29 v1.12 Convert strings between diff. encodings (HO
)
)
\@linkdim=\dimen181
\Hy@linkcounter=\count308
\Hy@pagecounter=\count309

(<USER_HOME>\AppData\Local\Programs\MiKTeX\tex/latex/hyperref\pd1enc.def
File: pd1enc.def 2026-04-24 v7.01q Hyperref: PDFDocEncoding definition (HO)
Now handling font encoding PD1 ...
... no UTF-8 mapping file for font encoding PD1
)
(<USER_HOME>\AppData\Local\Programs\MiKTeX\tex/generic/intcalc\intcalc.sty
Package: intcalc 2019/12/15 v1.3 Expandable calculations with integers (HO)
)
\Hy@SavedSpaceFactor=\count310
(<USER_HOME>\AppData\Local\Programs\MiKTeX\tex/latex/hyperref\puenc.def
File: puenc.def 2026-04-24 v7.01q Hyperref: PDF Unicode definition (HO)
Now handling font encoding PU ...
... no UTF-8 mapping file for font encoding PU
)
Package hyperref Info: Option `hypertexnames' set `false' on input line 4070.
Package hyperref Info: Hyper figures OFF on input line 4199.
Package hyperref Info: Link nesting OFF on input line 4204.
Package hyperref Info: Hyper index ON on input line 4207.
Package hyperref Info: Plain pages OFF on input line 4214.
Package hyperref Info: Backreferencing OFF on input line 4219.
Package hyperref Info: Implicit mode ON; LaTeX internals redefined.
Package hyperref Info: Bookmarks ON on input line 4466.
\c@Hy@tempcnt=\count311

(<USER_HOME>\AppData\Local\Programs\MiKTeX\tex/latex/url\url.sty
\Urlmuskip=\muskip18
Package: url 2013/09/16  ver 3.4  Verb mode for urls, etc.
)
LaTeX Info: Redefining \url on input line 4805.
\XeTeXLinkMargin=\dimen182

(<USER_HOME>\AppData\Local\Programs\MiKTeX\tex/generic/bitset\bitset.sty
Package: bitset 2019/12/09 v1.3 Handle bit-vector datatype (HO)

(<USER_HOME>\AppData\Local\Programs\MiKTeX\tex/generic/bigintcalc\bigintcal
c.sty
Package: bigintcalc 2019/12/15 v1.5 Expandable calculations on big integers (HO
)
))
\Fld@menulength=\count312
\Field@Width=\dimen183
\Fld@charsize=\dimen184
Package hyperref Info: Hyper figures OFF on input line 6091.
Package hyperref Info: Link nesting OFF on input line 6096.
Package hyperref Info: Hyper index ON on input line 6099.
Package hyperref Info: backreferencing OFF on input line 6106.
Package hyperref Info: Link coloring OFF on input line 6111.
Package hyperref Info: Link coloring with OCG OFF on input line 6116.
Package hyperref Info: PDF/A mode OFF on input line 6121.
\Hy@abspage=\count313
\c@Item=\count314
\c@Hfootnote=\count315
)
Package hyperref Info: Driver (autodetected): hpdftex.

(<USER_HOME>\AppData\Local\Programs\MiKTeX\tex/latex/hyperref\hpdftex.def
File: hpdftex.def 2026-04-24 v7.01q Hyperref driver for pdfTeX
\Fld@listcount=\count316
\c@bookmark@seq@number=\count317

(<USER_HOME>\AppData\Local\Programs\MiKTeX\tex/latex/rerunfilecheck\rerunfi
lecheck.sty
Package: rerunfilecheck 2025-06-21 v1.11 Rerun checks for auxiliary files (HO)

(<USER_HOME>\AppData\Local\Programs\MiKTeX\tex/generic/uniquecounter\unique
counter.sty
Package: uniquecounter 2019/12/15 v1.4 Provide unlimited unique counter (HO)
)
Package uniquecounter Info: New unique counter `rerunfilecheck' on input line 2
84.
)
\Hy@SectionHShift=\skip61
) (tex/sga3_loop1_macros.tex
\c@theorem=\count318
)
(<USER_HOME>\AppData\Local\Programs\MiKTeX\tex/latex/l3backend\l3backend-pd
ftex.def
File: l3backend-pdftex.def 2026-02-18 L3 backend support: PDF output (pdfTeX)
\l__color_backend_stack_int=\count319
)
(<USER_HOME>\Documents\interlanguage\03_projects\language_management\englis
h_germanic\03_working_translations\sga3_english_loop1_ocr_pdf_reconstruction_20
260722\$out\SGA3_English_through_Expose_II.aux)
\openout1 = `SGA3_English_through_Expose_II.aux'.

LaTeX Font Info:    Checking defaults for OML/cmm/m/it on input line 33.
LaTeX Font Info:    ... okay on input line 33.
LaTeX Font Info:    Checking defaults for OMS/cmsy/m/n on input line 33.
LaTeX Font Info:    ... okay on input line 33.
LaTeX Font Info:    Checking defaults for OT1/cmr/m/n on input line 33.
LaTeX Font Info:    ... okay on input line 33.
LaTeX Font Info:    Checking defaults for T1/cmr/m/n on input line 33.
LaTeX Font Info:    ... okay on input line 33.
LaTeX Font Info:    Checking defaults for TS1/cmr/m/n on input line 33.
LaTeX Font Info:    ... okay on input line 33.
LaTeX Font Info:    Checking defaults for OMX/cmex/m/n on input line 33.
LaTeX Font Info:    ... okay on input line 33.
LaTeX Font Info:    Checking defaults for U/cmr/m/n on input line 33.
LaTeX Font Info:    ... okay on input line 33.
LaTeX Font Info:    Checking defaults for PD1/pdf/m/n on input line 33.
LaTeX Font Info:    ... okay on input line 33.
LaTeX Font Info:    Checking defaults for PU/pdf/m/n on input line 33.
LaTeX Font Info:    ... okay on input line 33.

*geometry* driver: auto-detecting
*geometry* detected driver: pdftex
*geometry* verbose mode - [ preamble ] result:
* driver: pdftex
* paper: a4paper
* layout: <same size as paper>
* layoutoffset:(h,v)=(0.0pt,0.0pt)
* modes: 
* h-part:(L,W,R)=(85.35826pt, 435.32718pt, 76.82243pt)
* v-part:(T,H,B)=(79.66771pt, 680.02087pt, 85.35826pt)
* \paperwidth=597.50787pt
* \paperheight=845.04684pt
* \textwidth=435.32718pt
* \textheight=680.02087pt
* \oddsidemargin=13.08827pt
* \evensidemargin=13.08827pt
* \topmargin=-24.47607pt
* \headheight=12.0pt
* \headsep=19.8738pt
* \topskip=11.0pt
* \footskip=27.46295pt
* \marginparwidth=53.0pt
* \marginparsep=7.0pt
* \columnsep=10.0pt
* \skip\footins=10.0pt plus 4.0pt minus 2.0pt
* \hoffset=0.0pt
* \voffset=0.0pt
* \mag=1000
* \@twocolumnfalse
* \@twosidefalse
* \@mparswitchfalse
* \@reversemarginfalse
* (1in=72.27pt=25.4mm, 1cm=28.453pt)


(<USER_HOME>\AppData\Local\Programs\MiKTeX\tex/context/base/mkii\supp-pdf.m
kii
[Loading MPS to PDF converter (version 2006.09.02).]
\scratchcounter=\count320
\scratchdimen=\dimen185
\scratchbox=\box58
\nofMPsegments=\count321
\nofMParguments=\count322
\everyMPshowfont=\toks34
\MPscratchCnt=\count323
\MPscratchDim=\dimen186
\MPnumerator=\count324
\makeMPintoPDFobject=\count325
\everyMPtoPDFconversion=\toks35
)
(<USER_HOME>\AppData\Local\Programs\MiKTeX\tex/latex/epstopdf-pkg\epstopdf-
base.sty
Package: epstopdf-base 2020-01-24 v2.11 Base part for package epstopdf
Package epstopdf-base Info: Redefining graphics rule for `.eps' on input line 4
85.

(<USER_HOME>\AppData\Local\Programs\MiKTeX\tex/latex/00miktex\epstopdf-sys.
cfg
File: epstopdf-sys.cfg 2021/03/18 v2.0 Configuration of epstopdf for MiKTeX
))
Package hyperref Info: Link coloring OFF on input line 33.

(<USER_HOME>\Documents\interlanguage\03_projects\language_management\englis
h_germanic\03_working_translations\sga3_english_loop1_ocr_pdf_reconstruction_20
260722\$out\SGA3_English_through_Expose_II.out)
(<USER_HOME>\Documents\interlanguage\03_projects\language_management\englis
h_germanic\03_working_translations\sga3_english_loop1_ocr_pdf_reconstruction_20
260722\$out\SGA3_English_through_Expose_II.out)
\@outlinefile=\write3
\openout3 = `SGA3_English_through_Expose_II.out'.

LaTeX Font Info:    Trying to load font information for U+msa on input line 37.


(<USER_HOME>\AppData\Local\Programs\MiKTeX\tex/latex/amsfonts\umsa.fd
File: umsa.fd 2013/01/14 v3.01 AMS symbols A
)
LaTeX Font Info:    Trying to load font information for U+msb on input line 37.


(<USER_HOME>\AppData\Local\Programs\MiKTeX\tex/latex/amsfonts\umsb.fd
File: umsb.fd 2013/01/14 v3.01 AMS symbols B
)
LaTeX Font Info:    Trying to load font information for U+rsfs on input line 37
.

(<USER_HOME>\AppData\Local\Programs\MiKTeX\tex/latex/jknappen\ursfs.fd
File: ursfs.fd 1998/03/24 rsfs font definition file (jk)
)
LaTeX Font Info:    Trying to load font information for U+stmry on input line 3
7.

(<USER_HOME>\AppData\Local\Programs\MiKTeX\tex/latex/stmaryrd\ustmry.fd)
[1



{<USER_HOME>/AppData/Local/MiKTeX/fonts/map/pdftex/pdftex.map}] [1

]
(<USER_HOME>\Documents\interlanguage\03_projects\language_management\englis
h_germanic\03_working_translations\sga3_english_loop1_ocr_pdf_reconstruction_20
260722\$out\SGA3_English_through_Expose_II.toc)
\tf@toc=\write4
\openout4 = `SGA3_English_through_Expose_II.toc'.

 [2

]
(tex/components/00_introduction.tex [1


] [2

] [3


] [4] [5])
(tex/components/01_expose_I_opening_pp001_005.tex [6] [7

] [8] [9]
<figures/exp1/exp1_p004_alpha_morphism.png, id=236, 102.1416pt x 61.9113pt>
File: figures/exp1/exp1_p004_alpha_morphism.png Graphic file (type png)
<use figures/exp1/exp1_p004_alpha_morphism.png>
Package pdftex.def Info: figures/exp1/exp1_p004_alpha_morphism.png  used on inp
ut line 272.
(pdftex.def)             Requested size: 148.00964pt x 89.71332pt.
 [10 <./figures/exp1/exp1_p004_alpha_morphism.png>]
<figures/exp1/exp1_p005_alpha_transitivity.png, id=244, 320.6379pt x 79.497pt>
File: figures/exp1/exp1_p005_alpha_transitivity.png Graphic file (type png)
<use figures/exp1/exp1_p005_alpha_transitivity.png>
Package pdftex.def Info: figures/exp1/exp1_p005_alpha_transitivity.png  used on
 input line 361.
(pdftex.def)             Requested size: 296.01929pt x 73.39528pt.
)
(tex/components/02_expose_I_s16_next_pp005_010.tex
<figures/exp1/exp1_p005_base_change_triangle.png, id=245, 156.8259pt x 67.9338p
t>
File: figures/exp1/exp1_p005_base_change_triangle.png Graphic file (type png)
<use figures/exp1/exp1_p005_base_change_triangle.png>
Package pdftex.def Info: figures/exp1/exp1_p005_base_change_triangle.png  used 
on input line 24.
(pdftex.def)             Requested size: 248.13968pt x 107.49695pt.
<figures/exp1/exp1_p005_base_change_projections.png, id=246, 186.9384pt x 66.97
02pt>
File: figures/exp1/exp1_p005_base_change_projections.png Graphic file (type png
)
<use figures/exp1/exp1_p005_base_change_projections.png>
Package pdftex.def Info: figures/exp1/exp1_p005_base_change_projections.png  us
ed on input line 47.
(pdftex.def)             Requested size: 269.90071pt x 96.69043pt.
 [11 <./figures/exp1/exp1_p005_alpha_transitivity.png> <./figures/exp1/exp1_p00
5_base_change_triangle.png>]
<figures/exp1/exp1_p006_functor_base_change_notation.png, id=254, 106.4778pt x 
60.4659pt>
File: figures/exp1/exp1_p006_functor_base_change_notation.png Graphic file (typ
e png)
<use figures/exp1/exp1_p006_functor_base_change_notation.png>
Package pdftex.def Info: figures/exp1/exp1_p006_functor_base_change_notation.pn
g  used on input line 115.
(pdftex.def)             Requested size: 165.42645pt x 93.9481pt.

[12 <./figures/exp1/exp1_p005_base_change_projections.png> <./figures/exp1/exp1
_p006_functor_base_change_notation.png>] [13] [14] [15])
(tex/components/03_expose_I_s18_s22_pp010_015.tex [16]
<figures/exp1/exp1_p011_constant_objects_cartesian_square.png, id=290, 104.7915
pt x 59.92387pt>
File: figures/exp1/exp1_p011_constant_objects_cartesian_square.png Graphic file
 (type png)
<use figures/exp1/exp1_p011_constant_objects_cartesian_square.png>
Package pdftex.def Info: figures/exp1/exp1_p011_constant_objects_cartesian_squa
re.png  used on input line 105.
(pdftex.def)             Requested size: 134.95035pt x 77.17682pt.
 [17 <./figures/exp1/exp1_p011_constant_objects_cartesian_square.png>] [18]
<figures/exp1/exp1_p013_group_morphism_square.png, id=319, 115.93312pt x 72.571
12pt>
File: figures/exp1/exp1_p013_group_morphism_square.png Graphic file (type png)
<use figures/exp1/exp1_p013_group_morphism_square.png>
Package pdftex.def Info: figures/exp1/exp1_p013_group_morphism_square.png  used
 on input line 252.
(pdftex.def)             Requested size: 161.06892pt x 100.8337pt.
 [19 <./figures/exp1/exp1_p013_group_morphism_square.png>]
<figures/exp1/exp1_p013_representable_group_cartesian_square.png, id=325, 143.0
3438pt x 63.23625pt>
File: figures/exp1/exp1_p013_representable_group_cartesian_square.png Graphic f
ile (type png)
<use figures/exp1/exp1_p013_representable_group_cartesian_square.png>
Package pdftex.def Info: figures/exp1/exp1_p013_representable_group_cartesian_s
quare.png  used on input line 330.
(pdftex.def)             Requested size: 191.54501pt x 84.684pt.
 [20 <./figures/exp1/exp1_p013_representable_group_cartesian_square.png>]) (tex
/components/04_expose_I_s23_operator_groups.tex
[21] [22] [23]) (tex/components/05_expose_I_s3_modules.tex [24]
<figures/exp1/exp1_p019_OS_g_naturality_square.png, id=365, 109.91063pt x 62.63
4pt>
File: figures/exp1/exp1_p019_OS_g_naturality_square.png Graphic file (type png)

<use figures/exp1/exp1_p019_OS_g_naturality_square.png>
Package pdftex.def Info: figures/exp1/exp1_p019_OS_g_naturality_square.png  use
d on input line 137.
(pdftex.def)             Requested size: 156.71805pt x 89.31075pt.
<figures/exp1/exp1_p019_OS_f_naturality_square.png, id=366, 112.92188pt x 65.94
638pt>
File: figures/exp1/exp1_p019_OS_f_naturality_square.png Graphic file (type png)

<use figures/exp1/exp1_p019_OS_f_naturality_square.png>
Package pdftex.def Info: figures/exp1/exp1_p019_OS_f_naturality_square.png  use
d on input line 163.
(pdftex.def)             Requested size: 156.71805pt x 91.53539pt.
 [25 <./figures/exp1/exp1_p019_OS_g_naturality_square.png>] [26 <./figures/exp1
/exp1_p019_OS_f_naturality_square.png>])
(tex/components/06_expose_I_s41_s43_basic_scheme_groups.tex [27]
<figures/exp1/exp1_p022_hopf_coassociativity.png, id=383, 310.761pt x 121.6545p
t>
File: figures/exp1/exp1_p022_hopf_coassociativity.png Graphic file (type png)
<use figures/exp1/exp1_p022_hopf_coassociativity.png>
Package pdftex.def Info: figures/exp1/exp1_p022_hopf_coassociativity.png  used 
on input line 108.
(pdftex.def)             Requested size: 317.78697pt x 124.40892pt.
 [28 <./figures/exp1/exp1_p022_hopf_coassociativity.png>] [29])
(tex/components/07_expose_I_s44_s47_scheme_groups.tex [30]

LaTeX Font Warning: Font shape `U/stmry/b/n' undefined
(Font)              using `U/stmry/m/n' instead on input line 115.

[31]
<figures/exp1/exp1_p026_prop463_canonical_morphisms.png, id=416, 381.06pt x 72.
27pt>
File: figures/exp1/exp1_p026_prop463_canonical_morphisms.png Graphic file (type
 png)
<use figures/exp1/exp1_p026_prop463_canonical_morphisms.png>
Package pdftex.def Info: figures/exp1/exp1_p026_prop463_canonical_morphisms.png
  used on input line 290.
(pdftex.def)             Requested size: 356.97147pt x 67.70552pt.
 [32]
<figures/exp1/exp1_p027_cor4641_cartesian_square.png, id=427, 170.82pt x 55.845
pt>
File: figures/exp1/exp1_p027_cor4641_cartesian_square.png Graphic file (type pn
g)
<use figures/exp1/exp1_p027_cor4641_cartesian_square.png>
Package pdftex.def Info: figures/exp1/exp1_p027_cor4641_cartesian_square.png  u
sed on input line 385.
(pdftex.def)             Requested size: 148.00964pt x 48.3896pt.
 [33 <./figures/exp1/exp1_p026_prop463_canonical_morphisms.png>]
[34 <./figures/exp1/exp1_p027_cor4641_cartesian_square.png>]
<figures/exp1/exp1_p028_rem4711_category_squares.png, id=445, 344.925pt x 72.27
pt>
File: figures/exp1/exp1_p028_rem4711_category_squares.png Graphic file (type pn
g)
<use figures/exp1/exp1_p028_rem4711_category_squares.png>
Package pdftex.def Info: figures/exp1/exp1_p028_rem4711_category_squares.png  u
sed on input line 562.
(pdftex.def)             Requested size: 374.38164pt x 78.44519pt.
 [35 <./figures/exp1/exp1_p028_rem4711_category_squares.png>]
<figures/exp1/exp1_p029_cm1_coaction_square.png, id=458, 328.5pt x 75.555pt>
File: figures/exp1/exp1_p029_cm1_coaction_square.png Graphic file (type png)
<use figures/exp1/exp1_p029_cm1_coaction_square.png>
Package pdftex.def Info: figures/exp1/exp1_p029_cm1_coaction_square.png  used o
n input line 635.
(pdftex.def)             Requested size: 330.84625pt x 76.10124pt.
<figures/exp1/exp1_p029_cm2_counit_composite.png, id=459, 279.225pt x 29.565pt>

File: figures/exp1/exp1_p029_cm2_counit_composite.png Graphic file (type png)
<use figures/exp1/exp1_p029_cm2_counit_composite.png>
Package pdftex.def Info: figures/exp1/exp1_p029_cm2_counit_composite.png  used 
on input line 643.
(pdftex.def)             Requested size: 296.01929pt x 31.34369pt.
<figures/exp1/exp1_p030_comodule_morphism_square.png, id=461, 229.95pt x 67.342
5pt>
File: figures/exp1/exp1_p030_comodule_morphism_square.png Graphic file (type pn
g)
<use figures/exp1/exp1_p030_comodule_morphism_square.png>
Package pdftex.def Info: figures/exp1/exp1_p030_comodule_morphism_square.png  u
sed on input line 663.
(pdftex.def)             Requested size: 226.37198pt x 66.29729pt.
 [36 <./figures/exp1/exp1_p029_cm1_coaction_square.png> <./figures/exp1/exp1_p0
29_cm2_counit_composite.png>]
Underfull \hbox (badness 1057) in paragraph at lines 738--745
\OT1/cmr/m/n/10.95 (\OML/cmm/m/it/10.95 G[]\OMS/cmsy/m/n/10.95 O[][][]\OT1/cmr/
m/n/10.95 )$ \T1/cmr/m/it/10.95 (re-spec-tively, $\OT1/cmr/m/n/10.95 (\OML/cmm/
m/it/10.95 G[]\OMS/cmsy/m/n/10.95 O[][][]\OT1/cmr/m/n/10.95 )$\T1/cmr/m/it/10.9
5 ), equiv-a-lent to the cat-e-gory of $\U/rsfs/m/n/10.95 A\OT1/cmr/m/n/10.95 (
\OML/cmm/m/it/10.95 G\OT1/cmr/m/n/10.95 )$\T1/cmr/m/it/10.95 -
 []

[37 <./figures/exp1/exp1_p030_comodule_morphism_square.png>])
(tex/components/08_expose_I_s5_group_cohomology.tex [38] [39] [40] [41]
[42] [43] [44]
<figures/exp1/exp1_p038_induction_adjunction_square.png, id=530, 239.03302pt x 
67.2111pt>
File: figures/exp1/exp1_p038_induction_adjunction_square.png Graphic file (type
 png)
<use figures/exp1/exp1_p038_induction_adjunction_square.png>
Package pdftex.def Info: figures/exp1/exp1_p038_induction_adjunction_square.png
  used on input line 706.
(pdftex.def)             Requested size: 383.09004pt x 107.71738pt.
 [45 <./figures/exp1/exp1_p038_induction_adjunction_square.png>]) (tex/componen
ts/09_expose_I_s6_equivariant_objects.tex
<figures/exp1/exp1_p039_equivariant_action_square.png, id=538, 101.6598pt x 59.
0205pt>
File: figures/exp1/exp1_p039_equivariant_action_square.png Graphic file (type p
ng)
<use figures/exp1/exp1_p039_equivariant_action_square.png>
Package pdftex.def Info: figures/exp1/exp1_p039_equivariant_action_square.png  
used on input line 39.
(pdftex.def)             Requested size: 208.95518pt x 121.31604pt.
 [46 <./figures/exp1/exp1_p039_equivariant_action_square.png>]
<figures/exp1/exp1_p040_equivariance_cocycle.png, id=547, 302.5704pt x 156.1032
pt>
File: figures/exp1/exp1_p040_equivariance_cocycle.png Graphic file (type png)
<use figures/exp1/exp1_p040_equivariance_cocycle.png>
Package pdftex.def Info: figures/exp1/exp1_p040_equivariance_cocycle.png  used 
on input line 114.
(pdftex.def)             Requested size: 417.917pt x 215.61794pt.
 [47 <./figures/exp1/exp1_p040_equivariance_cocycle.png>]
<figures/exp1/exp1_p041_stabilizer_square.png, id=553, 67.2111pt x 61.9113pt>
File: figures/exp1/exp1_p041_stabilizer_square.png Graphic file (type png)
<use figures/exp1/exp1_p041_stabilizer_square.png>
Package pdftex.def Info: figures/exp1/exp1_p041_stabilizer_square.png  used on 
input line 192.
(pdftex.def)             Requested size: 156.71805pt x 144.3768pt.
 [48 <./figures/exp1/exp1_p041_stabilizer_square.png>]
<figures/exp1/exp1_p042_section_naturality_square.png, id=560, 140.9265pt x 67.
2111pt>
File: figures/exp1/exp1_p042_section_naturality_square.png Graphic file (type p
ng)
<use figures/exp1/exp1_p042_section_naturality_square.png>
Package pdftex.def Info: figures/exp1/exp1_p042_section_naturality_square.png  
used on input line 279.
(pdftex.def)             Requested size: 252.49055pt x 120.42198pt.
 [49]
<figures/exp1/exp1_p042_section_action_composition.png, id=566, 213.1965pt x 10
8.8868pt>
File: figures/exp1/exp1_p042_section_action_composition.png Graphic file (type 
png)
<use figures/exp1/exp1_p042_section_action_composition.png>
Package pdftex.def Info: figures/exp1/exp1_p042_section_action_composition.png 
 used on input line 304.
(pdftex.def)             Requested size: 330.84625pt x 168.98044pt.

[50 <./figures/exp1/exp1_p042_section_naturality_square.png> <./figures/exp1/ex
p1_p042_section_action_composition.png>]
<figures/exp1/exp1_p043_sheaf_cocycle.png, id=573, 374.8404pt x 80.4606pt>
File: figures/exp1/exp1_p043_sheaf_cocycle.png Graphic file (type png)
<use figures/exp1/exp1_p043_sheaf_cocycle.png>
Package pdftex.def Info: figures/exp1/exp1_p043_sheaf_cocycle.png  used on inpu
t line 383.
(pdftex.def)             Requested size: 426.61877pt x 91.58116pt.
 [51 <./figures/exp1/exp1_p043_sheaf_cocycle.png>] [52]
<figures/exp1/exp1_p045_base_change_squares.png, id=585, 153.2124pt x 61.1886pt
>
File: figures/exp1/exp1_p045_base_change_squares.png Graphic file (type png)
<use figures/exp1/exp1_p045_base_change_squares.png>
Package pdftex.def Info: figures/exp1/exp1_p045_base_change_squares.png  used o
n input line 556.
(pdftex.def)             Requested size: 274.25824pt x 109.54741pt.
 [53 <./figures/exp1/exp1_p045_base_change_squares.png>]
[54] [55] [56]) (tex/components/10_expose_II_s1_s2_hom_dual_numbers.tex
[57]
<figures/exp2/exp2_p002_XY_over_ZS.png, id=616, 101.62968pt x 82.20712pt>
File: figures/exp2/exp2_p002_XY_over_ZS.png Graphic file (type png)
<use figures/exp2/exp2_p002_XY_over_ZS.png>
Package pdftex.def Info: figures/exp2/exp2_p002_XY_over_ZS.png  used on input l
ine 67.
(pdftex.def)             Requested size: 104.48091pt x 84.5162pt.
 [58

]
<figures/exp2/exp2_p002_hom_adjunction_triangle.png, id=625, 334.24875pt x 70.0
1157pt>
File: figures/exp2/exp2_p002_hom_adjunction_triangle.png Graphic file (type png
)
<use figures/exp2/exp2_p002_hom_adjunction_triangle.png>
Package pdftex.def Info: figures/exp2/exp2_p002_hom_adjunction_triangle.png  us
ed on input line 133.
(pdftex.def)             Requested size: 296.01929pt x 62.00882pt.
 [59 <./figures/exp2/exp2_p002_XY_over_ZS.png> <./figures/exp2/exp2_p002_hom_ad
junction_triangle.png>] [60] [61]
<figures/exp2/exp2_p005_operator_functoriality_square.png, id=673, 121.95563pt 
x 70.91493pt>
File: figures/exp2/exp2_p005_operator_functoriality_square.png Graphic file (ty
pe png)
<use figures/exp2/exp2_p005_operator_functoriality_square.png>
Package pdftex.def Info: figures/exp2/exp2_p005_operator_functoriality_square.p
ng  used on input line 377.
(pdftex.def)             Requested size: 130.59947pt x 75.94203pt.
<figures/exp2/exp2_p005_module_sum_diamond.png, id=674, 118.34213pt x 78.59363p
t>
File: figures/exp2/exp2_p005_module_sum_diamond.png Graphic file (type png)
<use figures/exp2/exp2_p005_module_sum_diamond.png>
Package pdftex.def Info: figures/exp2/exp2_p005_module_sum_diamond.png  used on
 input line 388.
(pdftex.def)             Requested size: 113.18266pt x 75.17078pt.
 [62 <./figures/exp2/exp2_p005_operator_functoriality_square.png>]
<figures/exp2/exp2_p006_IS_sum_scheme_diagram.png, id=684, 166.67268pt x 90.789
18pt>
File: figures/exp2/exp2_p006_IS_sum_scheme_diagram.png Graphic file (type png)
<use figures/exp2/exp2_p006_IS_sum_scheme_diagram.png>
Package pdftex.def Info: figures/exp2/exp2_p006_IS_sum_scheme_diagram.png  used
 on input line 395.
(pdftex.def)             Requested size: 182.83661pt x 99.59409pt.
<figures/exp2/exp2_p006_Hom_cartesian_diagram.png, id=685, 275.52937pt x 104.79
15pt>
File: figures/exp2/exp2_p006_Hom_cartesian_diagram.png Graphic file (type png)
<use figures/exp2/exp2_p006_Hom_cartesian_diagram.png>
Package pdftex.def Info: figures/exp2/exp2_p006_Hom_cartesian_diagram.png  used
 on input line 406.
(pdftex.def)             Requested size: 252.49055pt x 96.03358pt.
<figures/exp2/exp2_p006_points_cartesian_diagram.png, id=686, 232.61906pt x 109
.76006pt>
File: figures/exp2/exp2_p006_points_cartesian_diagram.png Graphic file (type pn
g)
<use figures/exp2/exp2_p006_points_cartesian_diagram.png>
Package pdftex.def Info: figures/exp2/exp2_p006_points_cartesian_diagram.png  u
sed on input line 418.
(pdftex.def)             Requested size: 252.49055pt x 119.14032pt.
 [63 <./figures/exp2/exp2_p005_module_sum_diamond.png> <./figures/exp2/exp2_p00
6_IS_sum_scheme_diagram.png> <./figures/exp2/exp2_p006_Hom_cartesian_diagram.pn
g>])
(tex/components/11_expose_II_s3_tangent_bundle_condition_E.tex [64 <./figures/e
xp2/exp2_p006_points_cartesian_diagram.png>]
<figures/exp2/exp2_p008_tangent_space_cartesian_square.png, id=713, 122.859pt x
 47.6982pt>
File: figures/exp2/exp2_p008_tangent_space_cartesian_square.png Graphic file (t
ype png)
<use figures/exp2/exp2_p008_tangent_space_cartesian_square.png>
Package pdftex.def Info: figures/exp2/exp2_p008_tangent_space_cartesian_square.
png  used on input line 146.
(pdftex.def)             Requested size: 156.71805pt x 60.85039pt.
 [65]
LaTeX Font Info:    Trying to load font information for U+euf on input line 183
.

(<USER_HOME>\AppData\Local\Programs\MiKTeX\tex/latex/amsfonts\ueuf.fd
File: ueuf.fd 2013/01/14 v3.01 Euler Fraktur
)
[66 <./figures/exp2/exp2_p008_tangent_space_cartesian_square.png>]
<figures/exp2/exp2_p010_base_change_operator_diagram.png, id=741, 147.79214pt x
 164.0529pt>
File: figures/exp2/exp2_p010_base_change_operator_diagram.png Graphic file (typ
e png)
<use figures/exp2/exp2_p010_base_change_operator_diagram.png>
Package pdftex.def Info: figures/exp2/exp2_p010_base_change_operator_diagram.pn
g  used on input line 255.
(pdftex.def)             Requested size: 169.77733pt x 188.4691pt.
 [67 <./figures/exp2/exp2_p010_base_change_operator_diagram.png>]
<figures/exp2/exp2_p011_condition_E_cartesian_diamond.png, id=753, 187.54065pt 
x 79.497pt>
File: figures/exp2/exp2_p011_condition_E_cartesian_diamond.png Graphic file (ty
pe png)
<use figures/exp2/exp2_p011_condition_E_cartesian_diamond.png>
Package pdftex.def Info: figures/exp2/exp2_p011_condition_E_cartesian_diamond.p
ng  used on input line 332.
(pdftex.def)             Requested size: 200.25342pt x 84.88869pt.
 [68 <./figures/exp2/exp2_p011_condition_E_cartesian_diamond.png>]
<figures/exp2/exp2_p012_functoriality_T_L_diagrams.png, id=768, 306.06345pt x 6
1.79085pt>
File: figures/exp2/exp2_p012_functoriality_T_L_diagrams.png Graphic file (type 
png)
<use figures/exp2/exp2_p012_functoriality_T_L_diagrams.png>
Package pdftex.def Info: figures/exp2/exp2_p012_functoriality_T_L_diagrams.png 
 used on input line 427.
(pdftex.def)             Requested size: 322.1445pt x 65.03691pt.
 [69]
<figures/exp2/exp2_p013_general_X_functor_triangle.png, id=783, 169.8345pt x 46
.9755pt>
File: figures/exp2/exp2_p013_general_X_functor_triangle.png Graphic file (type 
png)
<use figures/exp2/exp2_p013_general_X_functor_triangle.png>
Package pdftex.def Info: figures/exp2/exp2_p013_general_X_functor_triangle.png 
 used on input line 458.
(pdftex.def)             Requested size: 182.83661pt x 50.57292pt.
 [70 <./figures/exp2/exp2_p012_functoriality_T_L_diagrams.png> <./figures/exp2/
exp2_p013_general_X_functor_triangle.png>]
<figures/exp2/exp2_p014_lie_kernel_cartesian_square.png, id=799, 127.9179pt x 5
0.22765pt>
File: figures/exp2/exp2_p014_lie_kernel_cartesian_square.png Graphic file (type
 png)
<use figures/exp2/exp2_p014_lie_kernel_cartesian_square.png>
Package pdftex.def Info: figures/exp2/exp2_p014_lie_kernel_cartesian_square.png
  used on input line 552.
(pdftex.def)             Requested size: 165.42645pt x 64.96098pt.
 [71]
<figures/exp2/exp2_p015_lie_tangent_split_sequence.png, id=816, 199.10385pt x 2
0.2356pt>
File: figures/exp2/exp2_p015_lie_tangent_split_sequence.png Graphic file (type 
png)
<use figures/exp2/exp2_p015_lie_tangent_split_sequence.png>
Package pdftex.def Info: figures/exp2/exp2_p015_lie_tangent_split_sequence.png 
 used on input line 608.
(pdftex.def)             Requested size: 217.66359pt x 22.12273pt.
 [72 <./figures/exp2/exp2_p014_lie_kernel_cartesian_square.png> <./figures/exp2
/exp2_p015_lie_tangent_split_sequence.png>] [73]
<figures/exp2/exp2_p017_hom_module_comparison_diagram.png, id=842, 355.92975pt 
x 92.86694pt>
File: figures/exp2/exp2_p017_hom_module_comparison_diagram.png Graphic file (ty
pe png)
<use figures/exp2/exp2_p017_hom_module_comparison_diagram.png>
Package pdftex.def Info: figures/exp2/exp2_p017_hom_module_comparison_diagram.p
ng  used on input line 787.
(pdftex.def)             Requested size: 356.97147pt x 93.14442pt.
 [74]
<figures/exp2/exp2_p018_tangent_hom_comparison_diagram.png, id=852, 308.23155pt
 x 91.42155pt>
File: figures/exp2/exp2_p018_tangent_hom_comparison_diagram.png Graphic file (t
ype png)
<use figures/exp2/exp2_p018_tangent_hom_comparison_diagram.png>
Package pdftex.def Info: figures/exp2/exp2_p018_tangent_hom_comparison_diagram.
png  used on input line 824.
(pdftex.def)             Requested size: 365.67323pt x 108.46236pt.

Underfull \hbox (badness 1210) in paragraph at lines 836--840
\T1/cmr/m/n/10.95 By 3.4.2, with $\OML/cmm/m/it/10.95 X$ \T1/cmr/m/n/10.95 re-p
laced by $\OML/cmm/m/it/10.95 H$ \T1/cmr/m/n/10.95 and $\OML/cmm/m/it/10.95 X[]
$ \T1/cmr/m/n/10.95 by $\OML/cmm/m/it/10.95 H[]$\T1/cmr/m/n/10.95 , the ac-tion
 of $\OML/cmm/m/it/10.95 a \OMS/cmsy/m/n/10.95 2 O\OT1/cmr/m/n/10.95 (\OML/cmm/
m/it/10.95 H[]\OT1/cmr/m/n/10.95 )$ \T1/cmr/m/n/10.95 on
 []

[75 <./figures/exp2/exp2_p017_hom_module_comparison_diagram.png> <./figures/exp
2/exp2_p018_tangent_hom_comparison_diagram.png>] [76]
<figures/exp2/exp2_p019_geometric_tangent_hom_square.png, id=879, 234.8775pt x 
52.0344pt>
File: figures/exp2/exp2_p019_geometric_tangent_hom_square.png Graphic file (typ
e png)
<use figures/exp2/exp2_p019_geometric_tangent_hom_square.png>
Package pdftex.def Info: figures/exp2/exp2_p019_geometric_tangent_hom_square.pn
g  used on input line 965.
(pdftex.def)             Requested size: 274.25824pt x 60.7585pt.
<figures/exp2/exp2_p020_infinitesimal_endomorphism_square.png, id=883, 89.25345
pt x 50.95035pt>
File: figures/exp2/exp2_p020_infinitesimal_endomorphism_square.png Graphic file
 (type png)
<use figures/exp2/exp2_p020_infinitesimal_endomorphism_square.png>
Package pdftex.def Info: figures/exp2/exp2_p020_infinitesimal_endomorphism_squa
re.png  used on input line 1006.
(pdftex.def)             Requested size: 117.54019pt x 67.09993pt.
 [77 <./figures/exp2/exp2_p019_geometric_tangent_hom_square.png>] [78 <./figure
s/exp2/exp2_p020_infinitesimal_endomorphism_square.png>])
(tex/components/12_expose_II_s41_s44_lie_algebras.tex
<figures/exp2/exp2_p022_split_tangent_sequence.png, id=912, 1304.875pt x 170.63
75pt>
File: figures/exp2/exp2_p022_split_tangent_sequence.png Graphic file (type png)

<use figures/exp2/exp2_p022_split_tangent_sequence.png>
Package pdftex.def Info: figures/exp2/exp2_p022_split_tangent_sequence.png  use
d on input line 25.
(pdftex.def)             Requested size: 226.37198pt x 29.60162pt.
 [79]
<figures/exp2/exp2_p022_derived_exact_sequences.png, id=923, 1656.1875pt x 321.
2pt>
File: figures/exp2/exp2_p022_derived_exact_sequences.png Graphic file (type png
)
<use figures/exp2/exp2_p022_derived_exact_sequences.png>
Package pdftex.def Info: figures/exp2/exp2_p022_derived_exact_sequences.png  us
ed on input line 62.
(pdftex.def)             Requested size: 287.31752pt x 55.72072pt.
 [80 <./figures/exp2/exp2_p022_split_tangent_sequence.png (PNG copy)> <./figure
s/exp2/exp2_p022_derived_exact_sequences.png (PNG copy)>]
<figures/exp2/exp2_p023_condition_e_cartesian.png, id=937, 1355.0625pt x 612.28
75pt>
File: figures/exp2/exp2_p023_condition_e_cartesian.png Graphic file (type png)
<use figures/exp2/exp2_p023_condition_e_cartesian.png>
Package pdftex.def Info: figures/exp2/exp2_p023_condition_e_cartesian.png  used
 on input line 129.
(pdftex.def)             Requested size: 195.89589pt x 88.51314pt.
 [81 <./figures/exp2/exp2_p023_condition_e_cartesian.png (PNG copy)>]
<figures/exp2/exp2_p024_transport_square.png, id=949, 1053.9375pt x 341.275pt>
File: figures/exp2/exp2_p024_transport_square.png Graphic file (type png)
<use figures/exp2/exp2_p024_transport_square.png>
Package pdftex.def Info: figures/exp2/exp2_p024_transport_square.png  used on i
nput line 198.
(pdftex.def)             Requested size: 187.18748pt x 60.60927pt.
 [82 <./figures/exp2/exp2_p024_transport_square.png (PNG copy)>]
<figures/exp2/exp2_p025_hom_adjunction_triangle.png, id=962, 2007.5pt x 401.5pt
>
File: figures/exp2/exp2_p025_hom_adjunction_triangle.png Graphic file (type png
)
<use figures/exp2/exp2_p025_hom_adjunction_triangle.png>
Package pdftex.def Info: figures/exp2/exp2_p025_hom_adjunction_triangle.png  us
ed on input line 325.
(pdftex.def)             Requested size: 339.55466pt x 67.91101pt.
 [83]
<figures/exp2/exp2_p025_tangent_adjunction_triangle.png, id=972, 2007.5pt x 391
.4625pt>
File: figures/exp2/exp2_p025_tangent_adjunction_triangle.png Graphic file (type
 png)
<use figures/exp2/exp2_p025_tangent_adjunction_triangle.png>
Package pdftex.def Info: figures/exp2/exp2_p025_tangent_adjunction_triangle.png
  used on input line 333.
(pdftex.def)             Requested size: 339.55466pt x 66.21324pt.
 [84 <./figures/exp2/exp2_p025_hom_adjunction_triangle.png (PNG copy)> <./figur
es/exp2/exp2_p025_tangent_adjunction_triangle.png (PNG copy)>]
[85]
<figures/exp2/exp2_p027_adjoint_action_chain.png, id=999, 1154.3125pt x 190.712
5pt>
File: figures/exp2/exp2_p027_adjoint_action_chain.png Graphic file (type png)
<use figures/exp2/exp2_p027_adjoint_action_chain.png>
Package pdftex.def Info: figures/exp2/exp2_p027_adjoint_action_chain.png  used 
on input line 538.
(pdftex.def)             Requested size: 217.66359pt x 35.9622pt.
 [86 <./figures/exp2/exp2_p027_adjoint_action_chain.png (PNG copy)>]
[87]
<figures/exp2/exp2_p030_tau_u_square.png, id=1029, 1706.375pt x 371.3875pt>
File: figures/exp2/exp2_p030_tau_u_square.png Graphic file (type png)
<use figures/exp2/exp2_p030_tau_u_square.png>
Package pdftex.def Info: figures/exp2/exp2_p030_tau_u_square.png  used on input
 line 750.
(pdftex.def)             Requested size: 304.72769pt x 66.31984pt.
 [88 <./figures/exp2/exp2_p030_tau_u_square.png (PNG copy)>]
<figures/exp2/exp2_p031_tangent_exact_rows.png, id=1048, 1907.125pt x 371.3875p
t>
File: figures/exp2/exp2_p031_tangent_exact_rows.png Graphic file (type png)
<use figures/exp2/exp2_p031_tangent_exact_rows.png>
Package pdftex.def Info: figures/exp2/exp2_p031_tangent_exact_rows.png  used on
 input line 879.
(pdftex.def)             Requested size: 339.55466pt x 66.12149pt.
 [89] [90 <./figures/exp2/exp2_p031_tangent_exact_rows.png (PNG copy)>]
<figures/exp2/exp2_p032_epsilon_action_square.png, id=1081, 1003.75pt x 381.425
pt>
File: figures/exp2/exp2_p032_epsilon_action_square.png Graphic file (type png)
<use figures/exp2/exp2_p032_epsilon_action_square.png>
Package pdftex.def Info: figures/exp2/exp2_p032_epsilon_action_square.png  used
 on input line 980.
(pdftex.def)             Requested size: 187.18748pt x 71.12706pt.
<figures/exp2/exp2_p032_differentials_square.png, id=1083, 1907.125pt x 361.35p
t>
File: figures/exp2/exp2_p032_differentials_square.png Graphic file (type png)
<use figures/exp2/exp2_p032_differentials_square.png>
Package pdftex.def Info: figures/exp2/exp2_p032_differentials_square.png  used 
on input line 1027.
(pdftex.def)             Requested size: 330.84625pt x 62.68582pt.
 [91 <./figures/exp2/exp2_p032_epsilon_action_square.png (PNG copy)> <./figures
/exp2/exp2_p032_differentials_square.png (PNG copy)>]
<figures/exp2/exp2_p033_good_module_square.png, id=1093, 2107.875pt x 421.575pt
>
File: figures/exp2/exp2_p033_good_module_square.png Graphic file (type png)
<use figures/exp2/exp2_p033_good_module_square.png>
Package pdftex.def Info: figures/exp2/exp2_p033_good_module_square.png  used on
 input line 1056.
(pdftex.def)             Requested size: 365.67323pt x 73.13345pt.
 [92 <./figures/exp2/exp2_p033_good_module_square.png (PNG copy)>]) (tex/compon
ents/13_expose_II_s45_s411_lie_structure.tex
<figures/exp2/exp2_p034_endomorphism_differential_square.png, id=1109, 291.489p
t x 56.6115pt>
File: figures/exp2/exp2_p034_endomorphism_differential_square.png Graphic file 
(type png)
<use figures/exp2/exp2_p034_endomorphism_differential_square.png>
Package pdftex.def Info: figures/exp2/exp2_p034_endomorphism_differential_squar
e.png  used on input line 62.
(pdftex.def)             Requested size: 391.7918pt x 76.09654pt.

[93]
<figures/exp2/exp2_p035_dual_number_automorphism_square.png, id=1121, 350.9913p
t x 56.8524pt>
File: figures/exp2/exp2_p035_dual_number_automorphism_square.png Graphic file (
type png)
<use figures/exp2/exp2_p035_dual_number_automorphism_square.png>
Package pdftex.def Info: figures/exp2/exp2_p035_dual_number_automorphism_square
.png  used on input line 102.
(pdftex.def)             Requested size: 396.14932pt x 64.17044pt.
 [94 <./figures/exp2/exp2_p034_endomorphism_differential_square.png> <./figures
/exp2/exp2_p035_dual_number_automorphism_square.png>] [95]
<figures/exp2/exp2_p036_scalar_action_square.png, id=1140, 139.4811pt x 55.8888
pt>
File: figures/exp2/exp2_p036_scalar_action_square.png Graphic file (type png)
<use figures/exp2/exp2_p036_scalar_action_square.png>
Package pdftex.def Info: figures/exp2/exp2_p036_scalar_action_square.png  used 
on input line 299.
(pdftex.def)             Requested size: 248.13968pt x 99.43565pt.
 [96 <./figures/exp2/exp2_p036_scalar_action_square.png>]
<figures/exp2/exp2_p037_dual_number_base_square.png, id=1150, 87.9285pt x 46.97
55pt>
File: figures/exp2/exp2_p037_dual_number_base_square.png Graphic file (type png
)
<use figures/exp2/exp2_p037_dual_number_base_square.png>
Package pdftex.def Info: figures/exp2/exp2_p037_dual_number_base_square.png  us
ed on input line 433.
(pdftex.def)             Requested size: 139.30788pt x 74.42975pt.
 [97]
<figures/exp2/exp2_p038_exact_sequence_diagram_1.png, id=1160, 288.5982pt x 139
.2402pt>
File: figures/exp2/exp2_p038_exact_sequence_diagram_1.png Graphic file (type pn
g)
<use figures/exp2/exp2_p038_exact_sequence_diagram_1.png>
Package pdftex.def Info: figures/exp2/exp2_p038_exact_sequence_diagram_1.png  u
sed on input line 445.
(pdftex.def)             Requested size: 300.37682pt x 144.92323pt.
<figures/exp2/exp2_p038_exact_sequence_diagram_2.png, id=1162, 289.8027pt x 98.
5281pt>
File: figures/exp2/exp2_p038_exact_sequence_diagram_2.png Graphic file (type pn
g)
<use figures/exp2/exp2_p038_exact_sequence_diagram_2.png>
Package pdftex.def Info: figures/exp2/exp2_p038_exact_sequence_diagram_2.png  u
sed on input line 466.
(pdftex.def)             Requested size: 300.37682pt x 102.13002pt.
 [98 <./figures/exp2/exp2_p037_dual_number_base_square.png> <./figures/exp2/exp
2_p038_exact_sequence_diagram_1.png>] [99 <./figures/exp2/exp2_p038_exact_seque
nce_diagram_2.png>] [100] [101]
[102] [103]) (tex/components/14_expose_II_s5_s6_examples_misc.tex [104]
<figures/exp2/exp2_p044_lemma521_conditionE_diagram.png, id=1226, 360.84813pt x
 78.2925pt>
File: figures/exp2/exp2_p044_lemma521_conditionE_diagram.png Graphic file (type
 png)
<use figures/exp2/exp2_p044_lemma521_conditionE_diagram.png>
Package pdftex.def Info: figures/exp2/exp2_p044_lemma521_conditionE_diagram.png
  used on input line 145.
(pdftex.def)             Requested size: 404.85107pt x 87.8399pt.
<figures/exp2/exp2_p044_lemma521_good_modules_diagram.png, id=1227, 384.43625pt
 x 76.78688pt>
File: figures/exp2/exp2_p044_lemma521_good_modules_diagram.png Graphic file (ty
pe png)
<use figures/exp2/exp2_p044_lemma521_good_modules_diagram.png>
Package pdftex.def Info: figures/exp2/exp2_p044_lemma521_good_modules_diagram.p
ng  used on input line 157.
(pdftex.def)             Requested size: 417.917pt x 83.48044pt.

[105 <./figures/exp2/exp2_p044_lemma521_conditionE_diagram.png>]
<figures/exp2/exp2_p045_lemma522_invariants_square.png, id=1241, 268.50313pt x 
80.3pt>
File: figures/exp2/exp2_p045_lemma522_invariants_square.png Graphic file (type 
png)
<use figures/exp2/exp2_p045_lemma522_invariants_square.png>
Package pdftex.def Info: figures/exp2/exp2_p045_lemma522_invariants_square.png 
 used on input line 185.
(pdftex.def)             Requested size: 313.4361pt x 93.73863pt.
 [106 <./figures/exp2/exp2_p044_lemma521_good_modules_diagram.png> <./figures/e
xp2/exp2_p045_lemma522_invariants_square.png>] [107]
<figures/exp2/exp2_p047_theorem523_cartesian_square.png, id=1268, 113.42375pt x
 73.77562pt>
File: figures/exp2/exp2_p047_theorem523_cartesian_square.png Graphic file (type
 png)
<use figures/exp2/exp2_p047_theorem523_cartesian_square.png>
Package pdftex.def Info: figures/exp2/exp2_p047_theorem523_cartesian_square.png
  used on input line 368.
(pdftex.def)             Requested size: 208.95518pt x 135.91423pt.
 [108 <./figures/exp2/exp2_p047_theorem523_cartesian_square.png>]
<figures/exp2/exp2_p048_theorem523_exact_diagram.png, id=1278, 368.87813pt x 82
.80937pt>
File: figures/exp2/exp2_p048_theorem523_exact_diagram.png Graphic file (type pn
g)
<use figures/exp2/exp2_p048_theorem523_exact_diagram.png>
Package pdftex.def Info: figures/exp2/exp2_p048_theorem523_exact_diagram.png  u
sed on input line 462.
(pdftex.def)             Requested size: 417.917pt x 93.81862pt.
 [109 <./figures/exp2/exp2_p048_theorem523_exact_diagram.png>] [110] [111] [112
] [113]) [114]
(<USER_HOME>\Documents\interlanguage\03_projects\language_management\englis
h_germanic\03_working_translations\sga3_english_loop1_ocr_pdf_reconstruction_20
260722\$out\SGA3_English_through_Expose_II.aux)
 ***********
LaTeX2e <2025-11-01>
L3 programming layer <2026-03-20>
 ***********


LaTeX Font Warning: Some font shapes were not available, defaults substituted.

Package rerunfilecheck Info: File `SGA3_English_through_Expose_II.out' has not 
changed.
(rerunfilecheck)             Checksum: 2529CFF66E49D27D7CE5BCAE1F46AB2D;4015.
 ) 
Here is how much of TeX's memory you used:
 14497 strings out of 467691
 254546 string characters out of 5414503
 657094 words of memory out of 5000000
 42673 multiletter control sequences out of 15000+600000
 665100 words of font info for 145 fonts, out of 8000000 for 9000
 1141 hyphenation exceptions out of 8191
 75i,19n,79p,608b,592s stack positions out of 10000i,1000n,20000p,200000b,200000s
 <<USER_HOME>\AppData\Local\MiKTeX\fonts/pk/ljfour/jknappen/ec/dpi600\ect
i0800.pk> <<USER_HOME>\AppData\Local\MiKTeX\fonts/pk/ljfour/jknappen/ec/dpi
600\ecbx1200.pk> <<USER_HOME>\AppData\Local\MiKTeX\fonts/pk/ljfour/jknappen
/ec/dpi600\ecrm1000.pk> <<USER_HOME>\AppData\Local\MiKTeX\fonts/pk/ljfour/j
knappen/ec/dpi600\ecti1000.pk> <<USER_HOME>\AppData\Local\MiKTeX\fonts/pk/l
jfour/jknappen/ec/dpi600\ecrm0700.pk> <<USER_HOME>\AppData\Local\MiKTeX\fon
ts/pk/ljfour/jknappen/ec/dpi600\ecbi1095.pk> <<USER_HOME>\AppData\Local\MiK
TeX\fonts/pk/ljfour/jknappen/ec/dpi600\ecbx0900.pk> <<USER_HOME>\AppData\Lo
cal\MiKTeX\fonts/pk/ljfour/jknappen/ec/dpi600\ecsl1095.pk> <<USER_HOME>\App
Data\Local\MiKTeX\fonts/pk/ljfour/jknappen/ec/dpi600\ecrm0600.pk> <C:\Users\Flo
ris\AppData\Local\MiKTeX\fonts/pk/ljfour/jknappen/ec/dpi600\ecti0900.pk> <C:\Us
ers\Floris\AppData\Local\MiKTeX\fonts/pk/ljfour/jknappen/ec/dpi600\ecrm0900.pk>
 <<USER_HOME>\AppData\Local\MiKTeX\fonts/pk/ljfour/jknappen/ec/dpi600\ecbx1
440.pk> <<USER_HOME>\AppData\Local\MiKTeX\fonts/pk/ljfour/jknappen/ec/dpi60
0\ecti1095.pk> <<USER_HOME>\AppData\Local\MiKTeX\fonts/pk/ljfour/jknappen/e
c/dpi600\ecrm0800.pk> <<USER_HOME>\AppData\Local\MiKTeX\fonts/pk/ljfour/jkn
appen/ec/dpi600\ecbx1095.pk> <<USER_HOME>\AppData\Local\MiKTeX\fonts/pk/ljf
our/jknappen/ec/dpi600\ecbx2488.pk> <<USER_HOME>\AppData\Local\MiKTeX\fonts
/pk/ljfour/jknappen/ec/dpi600\ecrm1095.pk> <<USER_HOME>\AppData\Local\MiKTe
X\fonts/pk/ljfour/jknappen/ec/dpi600\ecrm1200.pk> <<USER_HOME>\AppData\Loca
l\MiKTeX\fonts/pk/ljfour/jknappen/ec/dpi600\ecrm1728.pk><<USER_HOME>/AppDat
a/Local/Programs/MiKTeX/fonts/type1/public/amsfonts/cm/cmbx10.pfb><C:/Users/Flo
ris/AppData/Local/Programs/MiKTeX/fonts/type1/public/amsfonts/cm/cmbx12.pfb><C:
/Users/Floris/AppData/Local/Programs/MiKTeX/fonts/type1/public/amsfonts/cm/cmbx
6.pfb><<USER_HOME>/AppData/Local/Programs/MiKTeX/fonts/type1/public/amsfont
s/cm/cmbx8.pfb><<USER_HOME>/AppData/Local/Programs/MiKTeX/fonts/type1/publi
c/amsfonts/cm/cmbx9.pfb><<USER_HOME>/AppData/Local/Programs/MiKTeX/fonts/ty
pe1/public/amsfonts/cm/cmex10.pfb><<USER_HOME>/AppData/Local/Programs/MiKTe
X/fonts/type1/public/amsfonts/cmextra/cmex7.pfb><<USER_HOME>/AppData/Local/
Programs/MiKTeX/fonts/type1/public/amsfonts/cmextra/cmex8.pfb><<USER_HOME>/
AppData/Local/Programs/MiKTeX/fonts/type1/public/amsfonts/cmextra/cmex9.pfb><C:
/Users/Floris/AppData/Local/Programs/MiKTeX/fonts/type1/public/amsfonts/cm/cmmi
10.pfb><<USER_HOME>/AppData/Local/Programs/MiKTeX/fonts/type1/public/amsfon
ts/cm/cmmi12.pfb><<USER_HOME>/AppData/Local/Programs/MiKTeX/fonts/type1/pub
lic/amsfonts/cm/cmmi5.pfb><<USER_HOME>/AppData/Local/Programs/MiKTeX/fonts/
type1/public/amsfonts/cm/cmmi6.pfb><<USER_HOME>/AppData/Local/Programs/MiKT
eX/fonts/type1/public/amsfonts/cm/cmmi8.pfb><<USER_HOME>/AppData/Local/Prog
rams/MiKTeX/fonts/type1/public/amsfonts/cm/cmmi9.pfb><<USER_HOME>/AppData/L
ocal/Programs/MiKTeX/fonts/type1/public/amsfonts/cm/cmmib10.pfb><C:/Users/Flori
s/AppData/Local/Programs/MiKTeX/fonts/type1/public/amsfonts/cm/cmr10.pfb><C:/Us
ers/Floris/AppData/Local/Programs/MiKTeX/fonts/type1/public/amsfonts/cm/cmr12.p
fb><<USER_HOME>/AppData/Local/Programs/MiKTeX/fonts/type1/public/amsfonts/c
m/cmr6.pfb><<USER_HOME>/AppData/Local/Programs/MiKTeX/fonts/type1/public/am
sfonts/cm/cmr8.pfb><<USER_HOME>/AppData/Local/Programs/MiKTeX/fonts/type1/p
ublic/amsfonts/cm/cmr9.pfb><<USER_HOME>/AppData/Local/Programs/MiKTeX/fonts
/type1/public/amsfonts/cm/cmsy10.pfb><<USER_HOME>/AppData/Local/Programs/Mi
KTeX/fonts/type1/public/amsfonts/cm/cmsy5.pfb><<USER_HOME>/AppData/Local/Pr
ograms/MiKTeX/fonts/type1/public/amsfonts/cm/cmsy6.pfb><<USER_HOME>/AppData
/Local/Programs/MiKTeX/fonts/type1/public/amsfonts/cm/cmsy8.pfb><C:/Users/Flori
s/AppData/Local/Programs/MiKTeX/fonts/type1/public/amsfonts/cm/cmsy9.pfb><C:/Us
ers/Floris/AppData/Local/Programs/MiKTeX/fonts/type1/public/amsfonts/euler/eufm
10.pfb><<USER_HOME>/AppData/Local/Programs/MiKTeX/fonts/type1/public/amsfon
ts/symbols/msam10.pfb><<USER_HOME>/AppData/Local/Programs/MiKTeX/fonts/type
1/public/amsfonts/symbols/msbm10.pfb><<USER_HOME>/AppData/Local/Programs/Mi
KTeX/fonts/type1/public/amsfonts/symbols/msbm7.pfb><<USER_HOME>/AppData/Loc
al/Programs/MiKTeX/fonts/type1/public/rsfs/rsfs10.pfb><<USER_HOME>/AppData/
Local/Programs/MiKTeX/fonts/type1/public/rsfs/rsfs5.pfb>
Output written on <USER_HOME>\Documents\interlanguage\03_projects\language_
management\english_germanic\03_working_translations\sga3_english_loop1_ocr_pdf_
reconstruction_20260722\$out\SGA3_English_through_Expose_II.pdf (117 pages, 185
0991 bytes).
PDF statistics:
 2326 PDF objects out of 2487 (max. 8388607)
 598 named destinations out of 1000 (max. 500000)
 483 words of extra memory for PDF output out of 10000 (max. 10000000)

