ROMANCE OCCURRENCE REVIEW T31-T40 v1
status=PASS
generator_sha256=822D3C9EEDEE4176BA923CA804BC4AEDD3074681EC320F27869CF516C3AC6CFA
occurrence_manifest_sha256=6DF8FAD570D48369CA0A8FE06CD5A0EBC3C21275677E35BEDCF077208865DEE8
wordweb_v7_sha256=A48BF8C89F252A0274D2FDE2FE8A2E6E6E3077AD81A4B60BFA0B5FFF44A1A366
review_t31_t35_sha256=F9CA9A4D39633E15807537A5580A6538C3FB3E6D6FABDA64AD16E5E8FBF63C05
review_t36_t40_sha256=E49904C818014D4BB1E7CFD0D2501842706688A97436C247BC86AF5CD875D9F7
source_ids=83
source_ids_exactly_once=true
accepted_sense_matches=63
rejected_wrong_or_adverse=8
held=12
accepted_navigation_lexical_not_body=4
accepted_running_body_context_matches=59
T34_raw_hits=0
zero_accepted_senses=T31-S2|T31-S3|T33-S1|T33-S3|T34-S1|T35-S1|T35-S3|T37-S2
held_rows_all_have_family_or_hold_identity=true
T32_repeated_navigation_family_preserved=true
T39_T40_subgroup_substring_overlap_preserved=true
form_promotions=0
human_observations=0
pilot_or_intelligibility_claims=0
output_csv_sha256=8F98D501A79E5902AF5A54BD563F069B899E7CFDED587A9D7192EFA8F4B99D25
output_json_sha256=35DF1CCBE700DEF3D00298DD04D5DD48BD6E0886AAA74035BF923FB35B6C1074
