\BOOKMARK [1][-]{section.0.1}{\376\377\000S\000c\000h\000\351\000m\000a\000s\000\040\000a\000f\000f\000i\000n\000e\000s}{}% 1
\BOOKMARK [2][-]{subsection.0.1.1}{\376\377\000L\000e\000\040\000s\000p\000e\000c\000t\000r\000e\000\040\000p\000r\000e\000m\000i\000e\000r\000\040\000d\000'\000u\000n\000\040\000a\000n\000n\000e\000a\000u}{section.0.1}% 2
\BOOKMARK [2][-]{subsection.0.1.2}{\376\377\000P\000r\000o\000p\000r\000i\000\351\000t\000\351\000s\000\040\000f\000o\000n\000c\000t\000o\000r\000i\000e\000l\000l\000e\000s\000\040\000d\000e\000s\000\040\000s\000p\000e\000c\000t\000r\000e\000s\000\040\000p\000r\000e\000m\000i\000e\000r\000s\000\040\000d\000'\000a\000n\000n\000e\000a\000u\000x}{section.0.1}% 3
\BOOKMARK [2][-]{subsection.0.1.3}{\376\377\000F\000a\000i\000s\000c\000e\000a\000u\000\040\000a\000s\000s\000o\000c\000i\000\351\000\040\000\340\000\040\000u\000n\000\040\000m\000o\000d\000u\000l\000e}{section.0.1}% 4
\BOOKMARK [2][-]{subsection.0.1.4}{\376\377\000F\000a\000i\000s\000c\000e\000a\000u\000x\000\040\000q\000u\000a\000s\000i\000-\000c\000o\000h\000\351\000r\000e\000n\000t\000s\000\040\000s\000u\000r\000\040\000u\000n\000\040\000s\000p\000e\000c\000t\000r\000e\000\040\000p\000r\000e\000m\000i\000e\000r\000.}{section.0.1}% 5
\BOOKMARK [2][-]{subsection.0.1.5}{\376\377\000F\000a\000i\000s\000c\000e\000a\000u\000x\000\040\000c\000o\000h\000\351\000r\000e\000n\000t\000s\000\040\000s\000u\000r\000\040\000u\000n\000\040\000s\000p\000e\000c\000t\000r\000e\000\040\000p\000r\000e\000m\000i\000e\000r\000.}{section.0.1}% 6
\BOOKMARK [2][-]{subsection.0.1.6}{\376\377\000P\000r\000o\000p\000r\000i\000\351\000t\000\351\000s\000\040\000f\000o\000n\000c\000t\000o\000r\000i\000e\000l\000l\000e\000s\000\040\000d\000e\000s\000\040\000f\000a\000i\000s\000c\000e\000a\000u\000x\000\040\000q\000u\000a\000s\000i\000-\000c\000o\000h\000\351\000r\000e\000n\000t\000s\000\040\000s\000u\000r\000\040\000u\000n\000\040\000s\000p\000e\000c\000t\000r\000e\000\040\000p\000r\000e\000m\000i\000e\000r\000.}{section.0.1}% 7
\BOOKMARK [2][-]{subsection.0.1.7}{\376\377\000C\000a\000r\000a\000c\000t\000\351\000r\000i\000s\000a\000t\000i\000o\000n\000\040\000d\000e\000s\000\040\000m\000o\000r\000p\000h\000i\000s\000m\000e\000s\000\040\000d\000e\000\040\000s\000c\000h\000\351\000m\000a\000s\000\040\000a\000f\000f\000i\000n\000e\000s\000.}{section.0.1}% 8
\BOOKMARK [1][-]{section.0.2}{\376\377\000P\000r\000\351\000s\000c\000h\000\351\000m\000a\000s\000\040\000e\000t\000\040\000m\000o\000r\000p\000h\000i\000s\000m\000e\000s\000\040\000d\000e\000\040\000p\000r\000\351\000s\000c\000h\000\351\000m\000a\000s}{}% 9
\BOOKMARK [2][-]{subsection.0.2.1}{\376\377\000D\000\351\000f\000i\000n\000i\000t\000i\000o\000n\000\040\000d\000e\000s\000\040\000p\000r\000\351\000s\000c\000h\000\351\000m\000a\000s\000.}{section.0.2}% 10
\BOOKMARK [2][-]{subsection.0.2.2}{\376\377\000M\000o\000r\000p\000h\000i\000s\000m\000e\000s\000\040\000d\000e\000\040\000p\000r\000\351\000s\000c\000h\000\351\000m\000a\000s\000.}{section.0.2}% 11
\BOOKMARK [2][-]{subsection.0.2.3}{\376\377\000R\000e\000c\000o\000l\000l\000e\000m\000e\000n\000t\000\040\000d\000e\000\040\000p\000r\000\351\000s\000c\000h\000\351\000m\000a\000s}{section.0.2}% 12
\BOOKMARK [2][-]{subsection.0.2.4}{\376\377\000S\000c\000h\000\351\000m\000a\000s\000\040\000l\000o\000c\000a\000u\000x}{section.0.2}% 13
\BOOKMARK [2][-]{subsection.0.2.5}{\376\377\000P\000r\000\351\000s\000c\000h\000\351\000m\000a\000s\000\040\000a\000u\000-\000d\000e\000s\000s\000u\000s\000\040\000d\000'\000u\000n\000\040\000p\000r\000\351\000s\000c\000h\000\351\000m\000a}{section.0.2}% 14
\BOOKMARK [1][-]{section.0.3}{\376\377\000P\000r\000o\000d\000u\000i\000t\000\040\000d\000e\000\040\000p\000r\000\351\000s\000c\000h\000\351\000m\000a\000s}{}% 15
\BOOKMARK [2][-]{subsection.0.3.1}{\376\377\000S\000o\000m\000m\000e\000\040\000d\000e\000\040\000p\000r\000\351\000s\000c\000h\000\351\000m\000a\000s\000.}{section.0.3}% 16
\BOOKMARK [2][-]{subsection.0.3.2}{\376\377\000P\000r\000o\000d\000u\000i\000t\000\040\000d\000e\000\040\000p\000r\000\351\000s\000c\000h\000\351\000m\000a\000s\000.}{section.0.3}% 17
\BOOKMARK [2][-]{subsection.0.3.3}{\376\377\000P\000r\000o\000p\000r\000i\000\351\000t\000\351\000s\000\040\000f\000o\000r\000m\000e\000l\000l\000e\000s\000\040\000d\000u\000\040\000p\000r\000o\000d\000u\000i\000t\000\040\000;\000\040\000c\000h\000a\000n\000g\000e\000m\000e\000n\000t\000\040\000d\000e\000\040\000p\000r\000\351\000s\000c\000h\000\351\000m\000a\000\040\000d\000e\000\040\000b\000a\000s\000e\000.}{section.0.3}% 18
\BOOKMARK [2][-]{subsection.0.3.4}{\376\377\000P\000o\000i\000n\000t\000s\000\040\000d\000'\000u\000n\000\040\000p\000r\000\351\000s\000c\000h\000\351\000m\000a\000\040\000\340\000\040\000v\000a\000l\000e\000u\000r\000s\000\040\000d\000a\000n\000s\000\040\000u\000n\000\040\000p\000r\000\351\000s\000c\000h\000\351\000m\000a\000\040\000;\000\040\000p\000o\000i\000n\000t\000s\000\040\000g\000\351\000o\000m\000\351\000t\000r\000i\000q\000u\000e\000s}{section.0.3}% 19
\BOOKMARK [2][-]{subsection.0.3.5}{\376\377\000S\000u\000r\000j\000e\000c\000t\000i\000o\000n\000s\000\040\000e\000t\000\040\000i\000n\000j\000e\000c\000t\000i\000o\000n\000s}{section.0.3}% 20
\BOOKMARK [2][-]{subsection.0.3.6}{\376\377\000F\000i\000b\000r\000e\000s\000.}{section.0.3}% 21
\BOOKMARK [2][-]{subsection.0.3.7}{\376\377\000A\000p\000p\000l\000i\000c\000a\000t\000i\000o\000n\000\040\000:\000\040\000r\000\351\000d\000u\000c\000t\000i\000o\000n\000\040\000d\000'\000u\000n\000\040\000p\000r\000\351\000s\000c\000h\000\351\000m\000a\000\040\000m\000o\000d\000.\000\040\000J}{section.0.3}% 22
\BOOKMARK [1][-]{section.0.4}{\376\377\000S\000o\000u\000s\000-\000p\000r\000\351\000s\000c\000h\000\351\000m\000a\000s\000\040\000e\000t\000\040\000m\000o\000r\000p\000h\000i\000s\000m\000e\000s\000\040\000d\000'\000i\000m\000m\000e\000r\000s\000i\000o\000n}{}% 23
\BOOKMARK [2][-]{subsection.0.4.1}{\376\377\000S\000o\000u\000s\000-\000p\000r\000\351\000s\000c\000h\000\351\000m\000a\000s\000.}{section.0.4}% 24
\BOOKMARK [2][-]{subsection.0.4.2}{\376\377\000M\000o\000r\000p\000h\000i\000s\000m\000e\000s\000\040\000d\000'\000i\000m\000m\000e\000r\000s\000i\000o\000n}{section.0.4}% 25
\BOOKMARK [2][-]{subsection.0.4.3}{\376\377\000P\000r\000o\000d\000u\000i\000t\000\040\000d\000'\000i\000m\000m\000e\000r\000s\000i\000o\000n\000s\000.}{section.0.4}% 26
\BOOKMARK [2][-]{subsection.0.4.4}{\376\377\000I\000m\000a\000g\000e\000\040\000r\000\351\000c\000i\000p\000r\000o\000q\000u\000e\000\040\000d\000'\000u\000n\000\040\000s\000o\000u\000s\000-\000p\000r\000\351\000s\000c\000h\000\351\000m\000a\000.}{section.0.4}% 27
\BOOKMARK [2][-]{subsection.0.4.5}{\376\377\000I\000m\000m\000e\000r\000s\000i\000o\000n\000s\000\040\000l\000o\000c\000a\000l\000e\000s\000\040\000e\000t\000\040\000i\000s\000o\000m\000o\000r\000p\000h\000i\000s\000m\000e\000s\000\040\000l\000o\000c\000a\000u\000x\000.}{section.0.4}% 28
\BOOKMARK [1][-]{section.0.5}{\376\377\000P\000r\000\351\000s\000c\000h\000\351\000m\000a\000s\000\040\000r\000\351\000d\000u\000i\000t\000s\000\040\000;\000\040\000c\000o\000n\000d\000i\000t\000i\000o\000n\000\040\000d\000e\000\040\000s\000\351\000p\000a\000r\000a\000t\000i\000o\000n}{}% 29
\BOOKMARK [2][-]{subsection.0.5.1}{\376\377\000P\000r\000\351\000s\000c\000h\000\351\000m\000a\000s\000\040\000r\000\351\000d\000u\000i\000t\000s\000.}{section.0.5}% 30
\BOOKMARK [2][-]{subsection.0.5.2}{\376\377\000E\000x\000i\000s\000t\000e\000n\000c\000e\000\040\000d\000'\000u\000n\000\040\000s\000o\000u\000s\000-\000p\000r\000\351\000s\000c\000h\000\351\000m\000a\000\040\000d\000'\000e\000s\000p\000a\000c\000e\000\040\000s\000o\000u\000s\000-\000j\000a\000c\000e\000n\000t\000\040\000d\000o\000n\000n\000\351\000.}{section.0.5}% 31
\BOOKMARK [2][-]{subsection.0.5.3}{\376\377\000D\000i\000a\000g\000o\000n\000a\000l\000e\000;\000\040\000g\000r\000a\000p\000h\000e\000\040\000d\000'\000u\000n\000\040\000m\000o\000r\000p\000h\000i\000s\000m\000e\000.}{section.0.5}% 32
\BOOKMARK [2][-]{subsection.0.5.4}{\376\377\000M\000o\000r\000p\000h\000i\000s\000m\000e\000s\000\040\000e\000t\000\040\000p\000r\000\351\000s\000c\000h\000\351\000m\000a\000s\000\040\000s\000\351\000p\000a\000r\000\351\000s\000.}{section.0.5}% 33
\BOOKMARK [2][-]{subsection.0.5.5}{\376\377\000C\000r\000i\000t\000\350\000r\000e\000s\000\040\000d\000e\000\040\000s\000\351\000p\000a\000r\000a\000t\000i\000o\000n\000.}{section.0.5}% 34
