This is XeTeX, Version 3.141592653-2.6-0.999998 (MiKTeX 26.5) (preloaded format=xelatex 2026.5.18)  4 AUG 2026 10:38
entering extended mode
 restricted \write18 enabled.
 file:line:error style messages enabled.
 %&-line parsing enabled.
**[PROJECT_ROOT]/03_projects/language_management/engli
sh_germanic/03_working_translations/EGA_English_Global_0_IV_french_recheck_sour
ce_successor_20260802_r1/controls/EGA1_P142_ENGLISH_BOUNDED_CHECK_R1.tex

([PROJECT_ROOT]/03_projects/language_management/englis
h_germanic/03_working_translations/EGA_English_Global_0_IV_french_recheck_sourc
e_successor_20260802_r1/controls/EGA1_P142_ENGLISH_BOUNDED_CHECK_R1.tex
LaTeX2e <2025-11-01>
L3 programming layer <2026-03-20>
(preamble.tex
([PRIVATE_OPERATOR_HOME]\AppData\Local\Programs\MiKTeX\tex/latex/amscls\amsart.cls
Document Class: amsart 2020/05/29 v2.20.6
\linespacing=\dimen150
\normalparindent=\dimen151
\normaltopskip=\skip49
([PRIVATE_OPERATOR_HOME]\AppData\Local\Programs\MiKTeX\tex/latex/amsmath\amsmath.sty
Package: amsmath 2025/07/09 v2.17z AMS math features
\@mathmargin=\skip50

For additional information on amsmath, use the `?' option.
([PRIVATE_OPERATOR_HOME]\AppData\Local\Programs\MiKTeX\tex/latex/amsmath\amstext.sty
Package: amstext 2024/11/17 v2.01 AMS text

([PRIVATE_OPERATOR_HOME]\AppData\Local\Programs\MiKTeX\tex/latex/amsmath\amsgen.sty
File: amsgen.sty 1999/11/30 v2.0 generic functions
\@emptytoks=\toks17
\ex@=\dimen152
))
([PRIVATE_OPERATOR_HOME]\AppData\Local\Programs\MiKTeX\tex/latex/amsmath\amsbsy.sty
Package: amsbsy 1999/11/29 v1.2d Bold Symbols
\pmbraise@=\dimen153
)
([PRIVATE_OPERATOR_HOME]\AppData\Local\Programs\MiKTeX\tex/latex/amsmath\amsopn.sty
Package: amsopn 2022/04/08 v2.04 operator names
)
\inf@bad=\count271
LaTeX Info: Redefining \frac on input line 233.
\uproot@=\count272
\leftroot@=\count273
LaTeX Info: Redefining \overline on input line 398.
LaTeX Info: Redefining \colon on input line 409.
\classnum@=\count274
\DOTSCASE@=\count275
LaTeX Info: Redefining \ldots on input line 495.
LaTeX Info: Redefining \dots on input line 498.
LaTeX Info: Redefining \cdots on input line 619.
\Mathstrutbox@=\box53
\strutbox@=\box54
LaTeX Info: Redefining \big on input line 721.
LaTeX Info: Redefining \Big on input line 722.
LaTeX Info: Redefining \bigg on input line 723.
LaTeX Info: Redefining \Bigg on input line 724.
\big@size=\dimen154
LaTeX Font Info:    Redeclaring font encoding OML on input line 742.
LaTeX Font Info:    Redeclaring font encoding OMS on input line 743.
\macc@depth=\count276
LaTeX Info: Redefining \bmod on input line 904.
LaTeX Info: Redefining \pmod on input line 909.
LaTeX Info: Redefining \smash on input line 939.
LaTeX Info: Redefining \relbar on input line 969.
LaTeX Info: Redefining \Relbar on input line 970.
\c@MaxMatrixCols=\count277
\dotsspace@=\muskip17
\c@parentequation=\count278
\dspbrk@lvl=\count279
\tag@help=\toks18
\row@=\count280
\column@=\count281
\maxfields@=\count282
\andhelp@=\toks19
\eqnshift@=\dimen155
\alignsep@=\dimen156
\tagshift@=\dimen157
\tagwidth@=\dimen158
\totwidth@=\dimen159
\lineht@=\dimen160
\@envbody=\toks20
\multlinegap=\skip51
\multlinetaggap=\skip52
\mathdisplay@stack=\toks21
LaTeX Info: Redefining \[ on input line 2950.
LaTeX Info: Redefining \] on input line 2951.
)
LaTeX Font Info:    Trying to load font information for U+msa on input line 397
.

([PRIVATE_OPERATOR_HOME]\AppData\Local\Programs\MiKTeX\tex/latex/amsfonts\umsa.fd
File: umsa.fd 2013/01/14 v3.01 AMS symbols A
)
([PRIVATE_OPERATOR_HOME]\AppData\Local\Programs\MiKTeX\tex/latex/amsfonts\amsfonts.sty
Package: amsfonts 2013/01/14 v3.01 Basic AMSFonts support
\symAMSa=\mathgroup4
\symAMSb=\mathgroup5
LaTeX Font Info:    Redeclaring math symbol \hbar on input line 98.
LaTeX Font Info:    Overwriting math alphabet `\mathfrak' in version `bold'
(Font)                  U/euf/m/n --> U/euf/b/n on input line 106.
)
\copyins=\insert252
\abstractbox=\box55
\listisep=\skip53
\c@part=\count283
\c@section=\count284
\c@subsection=\count285
\c@subsubsection=\count286
\c@paragraph=\count287
\c@subparagraph=\count288
\c@figure=\count289
\c@table=\count290
\abovecaptionskip=\skip54
\belowcaptionskip=\skip55
\captionindent=\dimen161
\thm@style=\toks22
\thm@bodyfont=\toks23
\thm@headfont=\toks24
\thm@notefont=\toks25
\thm@headpunct=\toks26
\thm@preskip=\skip56
\thm@postskip=\skip57
\thm@headsep=\skip58
\dth@everypar=\toks27
)
LaTeX Info: Redefining \markboth on input line 2.
 ([PRIVATE_OPERATOR_HOME]\AppData\Local\Programs\MiKTeX\tex/generic/xypic\xy.sty
([PRIVATE_OPERATOR_HOME]\AppData\Local\Programs\MiKTeX\tex/generic/xypic\xy.tex
Bootstrap'ing: catcodes, docmode,
([PRIVATE_OPERATOR_HOME]\AppData\Local\Programs\MiKTeX\tex/generic/xypic\xyrecat.tex)
([PRIVATE_OPERATOR_HOME]\AppData\Local\Programs\MiKTeX\tex/generic/xypic\xyidioms.tex)

 Xy-pic version 3.8.9 <2013/10/06>
 Copyright (c) 1991-2013 by Kristoffer H. Rose <krisrose@tug.org> and others
 Xy-pic is free software: see the User's Guide for details.

Loading kernel: messages; fonts; allocations: state,
\X@c=\dimen162
\Y@c=\dimen163
\U@c=\dimen164
\D@c=\dimen165
\L@c=\dimen166
\R@c=\dimen167
\Edge@c=\toks28
\X@p=\dimen168
\Y@p=\dimen169
\U@p=\dimen170
\D@p=\dimen171
\L@p=\dimen172
\R@p=\dimen173
\Edge@p=\toks29
\X@origin=\dimen174
\Y@origin=\dimen175
\X@xbase=\dimen176
\Y@xbase=\dimen177
\X@ybase=\dimen178
\Y@ybase=\dimen179
\X@min=\dimen180
\Y@min=\dimen181
\X@max=\dimen182
\Y@max=\dimen183
\lastobjectbox@=\box56
\zerodotbox@=\box57
\almostz@=\dimen184
 direction,
\d@X=\dimen185
\d@Y=\dimen186
\K@=\count291
\KK@=\count292
\Direction=\count293
\K@dXdY=\dimen187
\K@dYdX=\dimen188
\xyread@=\read2
\xywrite@=\write3
\csp@=\count294
\quotPTK@=\dimen189

utility macros; pictures: \xy, positions,
\swaptoks@@=\toks30
\connectobjectbox@@=\box58
 objects,
\styletoks@=\toks31
 decorations;
kernel objects: directionals, circles, text; options; algorithms: directions,
edges, connections;  Xy-pic loaded)
([PRIVATE_OPERATOR_HOME]\AppData\Local\Programs\MiKTeX\tex/generic/iftex\ifpdf.sty
Package: ifpdf 2019/10/25 v3.4 ifpdf legacy package. Use iftex instead.

([PRIVATE_OPERATOR_HOME]\AppData\Local\Programs\MiKTeX\tex/generic/iftex\iftex.sty
Package: iftex 2024/12/12 v1.0g TeX engine tests
))
Package: xy 2013/10/06 Xy-pic version 3.8.9

([PRIVATE_OPERATOR_HOME]\AppData\Local\Programs\MiKTeX\tex/generic/xypic\xyall.tex
 Xy-pic option: All features v.3.8
([PRIVATE_OPERATOR_HOME]\AppData\Local\Programs\MiKTeX\tex/generic/xypic\xycurve.tex
 Xy-pic option: Curve and Spline extension v.3.12 curve,
\crv@cnt@=\count295
\crvpts@=\toks32
\splinebox@=\box59
\splineval@=\dimen190
\splinedepth@=\dimen191
\splinetol@=\dimen192
\splinelength@=\dimen193
 circles,
\L@=\dimen194
 loaded)
([PRIVATE_OPERATOR_HOME]\AppData\Local\Programs\MiKTeX\tex/generic/xypic\xyframe.tex
 Xy-pic option: Frame and Bracket extension v.3.14 loaded)
([PRIVATE_OPERATOR_HOME]\AppData\Local\Programs\MiKTeX\tex/generic/xypic\xycmtip.tex
 Xy-pic option: Computer Modern tip extension v.3.7
([PRIVATE_OPERATOR_HOME]\AppData\Local\Programs\MiKTeX\tex/generic/xypic\xytips.tex
 Xy-pic option: More Tips extension v.3.11 loaded) loaded)
([PRIVATE_OPERATOR_HOME]\AppData\Local\Programs\MiKTeX\tex/generic/xypic\xyline.tex
 Xy-pic option: Line styles extension v.3.10
\xylinethick@=\dimen195
 loaded)
([PRIVATE_OPERATOR_HOME]\AppData\Local\Programs\MiKTeX\tex/generic/xypic\xyrotate.tex
 Xy-pic option: Rotate and Scale extension v.3.8 loaded)
([PRIVATE_OPERATOR_HOME]\AppData\Local\Programs\MiKTeX\tex/generic/xypic\xycolor.tex
 Xy-pic option: Colour extension v.3.11 loaded)
([PRIVATE_OPERATOR_HOME]\AppData\Local\Programs\MiKTeX\tex/generic/xypic\xymatrix.tex
 Xy-pic option: Matrix feature v.3.14
\Row=\count296
\Col=\count297
\queue@=\toks33
\queue@@=\toks34
\qcount@=\count298
\qcount@@=\count299
\matrixsize@=\count300
 loaded)
([PRIVATE_OPERATOR_HOME]\AppData\Local\Programs\MiKTeX\tex/generic/xypic\xyarrow.tex
 Xy-pic option: Arrow and Path feature v.3.9 path, \ar, loaded)
([PRIVATE_OPERATOR_HOME]\AppData\Local\Programs\MiKTeX\tex/generic/xypic\xygraph.tex
 Xy-pic option: Graph feature v.3.11 loaded) loaded))
([PRIVATE_OPERATOR_HOME]\AppData\Local\Programs\MiKTeX\tex/latex/tikz-cd\tikz-cd.sty
Package: tikz-cd 2021/05/04 v1.0 Commutative diagrams with TikZ

([PRIVATE_OPERATOR_HOME]\AppData\Local\Programs\MiKTeX\tex/latex/pgf/frontendlayer\tikz
.sty
([PRIVATE_OPERATOR_HOME]\AppData\Local\Programs\MiKTeX\tex/latex/pgf/basiclayer\pgf.sty

([PRIVATE_OPERATOR_HOME]\AppData\Local\Programs\MiKTeX\tex/latex/pgf/utilities\pgfrcs.s
ty
([PRIVATE_OPERATOR_HOME]\AppData\Local\Programs\MiKTeX\tex/generic/pgf/utilities\pgfuti
l-common.tex
\pgfutil@everybye=\toks35
\pgfutil@tempdima=\dimen196
\pgfutil@tempdimb=\dimen197
)
([PRIVATE_OPERATOR_HOME]\AppData\Local\Programs\MiKTeX\tex/generic/pgf/utilities\pgfuti
l-latex.def
\pgfutil@abb=\box60
)
([PRIVATE_OPERATOR_HOME]\AppData\Local\Programs\MiKTeX\tex/generic/pgf/utilities\pgfrcs
.code.tex
([PRIVATE_OPERATOR_HOME]\AppData\Local\Programs\MiKTeX\tex/generic/pgf\pgf.revision.tex
)
Package: pgfrcs 2025-08-29 v3.1.11a (3.1.11a)
))
Package: pgf 2025-08-29 v3.1.11a (3.1.11a)

([PRIVATE_OPERATOR_HOME]\AppData\Local\Programs\MiKTeX\tex/latex/pgf/basiclayer\pgfcore
.sty
([PRIVATE_OPERATOR_HOME]\AppData\Local\Programs\MiKTeX\tex/latex/graphics\graphicx.sty
Package: graphicx 2024/12/31 v1.2e Enhanced LaTeX Graphics (DPC,SPQR)

([PRIVATE_OPERATOR_HOME]\AppData\Local\Programs\MiKTeX\tex/latex/graphics\keyval.sty
Package: keyval 2022/05/29 v1.15 key=value parser (DPC)
\KV@toks@=\toks36
)
([PRIVATE_OPERATOR_HOME]\AppData\Local\Programs\MiKTeX\tex/latex/graphics\graphics.sty
Package: graphics 2024/08/06 v1.4g Standard LaTeX Graphics (DPC,SPQR)

([PRIVATE_OPERATOR_HOME]\AppData\Local\Programs\MiKTeX\tex/latex/graphics\trig.sty
Package: trig 2023/12/02 v1.11 sin cos tan (DPC)
)
([PRIVATE_OPERATOR_HOME]\AppData\Local\Programs\MiKTeX\tex/latex/graphics-cfg\graphics.
cfg
File: graphics.cfg 2016/06/04 v1.11 sample graphics configuration
)
Package graphics Info: Driver file: xetex.def on input line 106.

([PRIVATE_OPERATOR_HOME]\AppData\Local\Programs\MiKTeX\tex/latex/graphics-def\xetex.def
File: xetex.def 2025/11/01 v5.0p Graphics/color driver for xetex
))
\Gin@req@height=\dimen198
\Gin@req@width=\dimen199
)
([PRIVATE_OPERATOR_HOME]\AppData\Local\Programs\MiKTeX\tex/latex/pgf/systemlayer\pgfsys
.sty
([PRIVATE_OPERATOR_HOME]\AppData\Local\Programs\MiKTeX\tex/generic/pgf/systemlayer\pgfs
ys.code.tex
Package: pgfsys 2025-08-29 v3.1.11a (3.1.11a)

([PRIVATE_OPERATOR_HOME]\AppData\Local\Programs\MiKTeX\tex/generic/pgf/utilities\pgfkey
s.code.tex
\pgfkeys@pathtoks=\toks37
\pgfkeys@temptoks=\toks38

([PRIVATE_OPERATOR_HOME]\AppData\Local\Programs\MiKTeX\tex/generic/pgf/utilities\pgfkey
slibraryfiltered.code.tex
\pgfkeys@tmptoks=\toks39
))
\pgf@x=\dimen256
\pgf@y=\dimen257
\pgf@xa=\dimen258
\pgf@ya=\dimen259
\pgf@xb=\dimen260
\pgf@yb=\dimen261
\pgf@xc=\dimen262
\pgf@yc=\dimen263
\pgf@xd=\dimen264
\pgf@yd=\dimen265
\w@pgf@writea=\write4
\r@pgf@reada=\read3
\c@pgf@counta=\count301
\c@pgf@countb=\count302
\c@pgf@countc=\count303
\c@pgf@countd=\count304
\t@pgf@toka=\toks40
\t@pgf@tokb=\toks41
\t@pgf@tokc=\toks42
\pgf@sys@id@count=\count305

([PRIVATE_OPERATOR_HOME]\AppData\Local\Programs\MiKTeX\tex/generic/pgf/systemlayer\pgf.
cfg
File: pgf.cfg 2025-08-29 v3.1.11a (3.1.11a)
)
Driver file for pgf: pgfsys-xetex.def

([PRIVATE_OPERATOR_HOME]\AppData\Local\Programs\MiKTeX\tex/generic/pgf/systemlayer\pgfs
ys-xetex.def
File: pgfsys-xetex.def 2025-08-29 v3.1.11a (3.1.11a)

([PRIVATE_OPERATOR_HOME]\AppData\Local\Programs\MiKTeX\tex/generic/pgf/systemlayer\pgfs
ys-dvipdfmx.def
File: pgfsys-dvipdfmx.def 2025-08-29 v3.1.11a (3.1.11a)

([PRIVATE_OPERATOR_HOME]\AppData\Local\Programs\MiKTeX\tex/generic/pgf/systemlayer\pgfs
ys-common-pdf.def
File: pgfsys-common-pdf.def 2025-08-29 v3.1.11a (3.1.11a)
)
\pgfsys@objnum=\count306
)))
([PRIVATE_OPERATOR_HOME]\AppData\Local\Programs\MiKTeX\tex/generic/pgf/systemlayer\pgfs
yssoftpath.code.tex
File: pgfsyssoftpath.code.tex 2025-08-29 v3.1.11a (3.1.11a)
\pgfsyssoftpath@smallbuffer@items=\count307
\pgfsyssoftpath@bigbuffer@items=\count308
)
([PRIVATE_OPERATOR_HOME]\AppData\Local\Programs\MiKTeX\tex/generic/pgf/systemlayer\pgfs
ysprotocol.code.tex
File: pgfsysprotocol.code.tex 2025-08-29 v3.1.11a (3.1.11a)
))
([PRIVATE_OPERATOR_HOME]\AppData\Local\Programs\MiKTeX\tex/latex/xcolor\xcolor.sty
Package: xcolor 2024/09/29 v3.02 LaTeX color extensions (UK)

([PRIVATE_OPERATOR_HOME]\AppData\Local\Programs\MiKTeX\tex/latex/graphics-cfg\color.cfg
File: color.cfg 2016/01/02 v1.6 sample color configuration
)
Package xcolor Info: Driver file: xetex.def on input line 274.

([PRIVATE_OPERATOR_HOME]\AppData\Local\Programs\MiKTeX\tex/latex/graphics\mathcolor.ltx
)
Package xcolor Info: Model `cmy' substituted by `cmy0' on input line 1349.
Package xcolor Info: Model `RGB' extended on input line 1365.
Package xcolor Info: Model `HTML' substituted by `rgb' on input line 1367.
Package xcolor Info: Model `Hsb' substituted by `hsb' on input line 1368.
Package xcolor Info: Model `tHsb' substituted by `hsb' on input line 1369.
Package xcolor Info: Model `HSB' substituted by `hsb' on input line 1370.
Package xcolor Info: Model `Gray' substituted by `gray' on input line 1371.
Package xcolor Info: Model `wave' substituted by `hsb' on input line 1372.
)
([PRIVATE_OPERATOR_HOME]\AppData\Local\Programs\MiKTeX\tex/generic/pgf/basiclayer\pgfco
re.code.tex
Package: pgfcore 2025-08-29 v3.1.11a (3.1.11a)

([PRIVATE_OPERATOR_HOME]\AppData\Local\Programs\MiKTeX\tex/generic/pgf/math\pgfmath.cod
e.tex
([PRIVATE_OPERATOR_HOME]\AppData\Local\Programs\MiKTeX\tex/generic/pgf/math\pgfmathutil
.code.tex)
([PRIVATE_OPERATOR_HOME]\AppData\Local\Programs\MiKTeX\tex/generic/pgf/math\pgfmathpars
er.code.tex
\pgfmath@dimen=\dimen266
\pgfmath@count=\count309
\pgfmath@box=\box61
\pgfmath@toks=\toks43
\pgfmath@stack@operand=\toks44
\pgfmath@stack@operation=\toks45
)
([PRIVATE_OPERATOR_HOME]\AppData\Local\Programs\MiKTeX\tex/generic/pgf/math\pgfmathfunc
tions.code.tex)
([PRIVATE_OPERATOR_HOME]\AppData\Local\Programs\MiKTeX\tex/generic/pgf/math\pgfmathfunc
tions.basic.code.tex)
([PRIVATE_OPERATOR_HOME]\AppData\Local\Programs\MiKTeX\tex/generic/pgf/math\pgfmathfunc
tions.trigonometric.code.tex)
([PRIVATE_OPERATOR_HOME]\AppData\Local\Programs\MiKTeX\tex/generic/pgf/math\pgfmathfunc
tions.random.code.tex)
([PRIVATE_OPERATOR_HOME]\AppData\Local\Programs\MiKTeX\tex/generic/pgf/math\pgfmathfunc
tions.comparison.code.tex)
([PRIVATE_OPERATOR_HOME]\AppData\Local\Programs\MiKTeX\tex/generic/pgf/math\pgfmathfunc
tions.base.code.tex)
([PRIVATE_OPERATOR_HOME]\AppData\Local\Programs\MiKTeX\tex/generic/pgf/math\pgfmathfunc
tions.round.code.tex)
([PRIVATE_OPERATOR_HOME]\AppData\Local\Programs\MiKTeX\tex/generic/pgf/math\pgfmathfunc
tions.misc.code.tex)
([PRIVATE_OPERATOR_HOME]\AppData\Local\Programs\MiKTeX\tex/generic/pgf/math\pgfmathfunc
tions.integerarithmetics.code.tex)
([PRIVATE_OPERATOR_HOME]\AppData\Local\Programs\MiKTeX\tex/generic/pgf/math\pgfmathcalc
.code.tex)
([PRIVATE_OPERATOR_HOME]\AppData\Local\Programs\MiKTeX\tex/generic/pgf/math\pgfmathfloa
t.code.tex
\c@pgfmathroundto@lastzeros=\count310
))
([PRIVATE_OPERATOR_HOME]\AppData\Local\Programs\MiKTeX\tex/generic/pgf/math\pgfint.code
.tex)
([PRIVATE_OPERATOR_HOME]\AppData\Local\Programs\MiKTeX\tex/generic/pgf/basiclayer\pgfco
repoints.code.tex
File: pgfcorepoints.code.tex 2025-08-29 v3.1.11a (3.1.11a)
\pgf@picminx=\dimen267
\pgf@picmaxx=\dimen268
\pgf@picminy=\dimen269
\pgf@picmaxy=\dimen270
\pgf@pathminx=\dimen271
\pgf@pathmaxx=\dimen272
\pgf@pathminy=\dimen273
\pgf@pathmaxy=\dimen274
\pgf@xx=\dimen275
\pgf@xy=\dimen276
\pgf@yx=\dimen277
\pgf@yy=\dimen278
\pgf@zx=\dimen279
\pgf@zy=\dimen280
)
([PRIVATE_OPERATOR_HOME]\AppData\Local\Programs\MiKTeX\tex/generic/pgf/basiclayer\pgfco
repathconstruct.code.tex
File: pgfcorepathconstruct.code.tex 2025-08-29 v3.1.11a (3.1.11a)
\pgf@path@lastx=\dimen281
\pgf@path@lasty=\dimen282
)
([PRIVATE_OPERATOR_HOME]\AppData\Local\Programs\MiKTeX\tex/generic/pgf/basiclayer\pgfco
repathusage.code.tex
File: pgfcorepathusage.code.tex 2025-08-29 v3.1.11a (3.1.11a)
\pgf@shorten@end@additional=\dimen283
\pgf@shorten@start@additional=\dimen284
)
([PRIVATE_OPERATOR_HOME]\AppData\Local\Programs\MiKTeX\tex/generic/pgf/basiclayer\pgfco
rescopes.code.tex
File: pgfcorescopes.code.tex 2025-08-29 v3.1.11a (3.1.11a)
\pgfpic=\box62
\pgf@hbox=\box63
\pgf@layerbox@main=\box64
\pgf@picture@serial@count=\count311
)
([PRIVATE_OPERATOR_HOME]\AppData\Local\Programs\MiKTeX\tex/generic/pgf/basiclayer\pgfco
regraphicstate.code.tex
File: pgfcoregraphicstate.code.tex 2025-08-29 v3.1.11a (3.1.11a)
\pgflinewidth=\dimen285
)
([PRIVATE_OPERATOR_HOME]\AppData\Local\Programs\MiKTeX\tex/generic/pgf/basiclayer\pgfco
retransformations.code.tex
File: pgfcoretransformations.code.tex 2025-08-29 v3.1.11a (3.1.11a)
\pgf@pt@x=\dimen286
\pgf@pt@y=\dimen287
\pgf@pt@temp=\dimen288
)
([PRIVATE_OPERATOR_HOME]\AppData\Local\Programs\MiKTeX\tex/generic/pgf/basiclayer\pgfco
requick.code.tex
File: pgfcorequick.code.tex 2025-08-29 v3.1.11a (3.1.11a)
)
([PRIVATE_OPERATOR_HOME]\AppData\Local\Programs\MiKTeX\tex/generic/pgf/basiclayer\pgfco
reobjects.code.tex
File: pgfcoreobjects.code.tex 2025-08-29 v3.1.11a (3.1.11a)
)
([PRIVATE_OPERATOR_HOME]\AppData\Local\Programs\MiKTeX\tex/generic/pgf/basiclayer\pgfco
repathprocessing.code.tex
File: pgfcorepathprocessing.code.tex 2025-08-29 v3.1.11a (3.1.11a)
)
([PRIVATE_OPERATOR_HOME]\AppData\Local\Programs\MiKTeX\tex/generic/pgf/basiclayer\pgfco
rearrows.code.tex
File: pgfcorearrows.code.tex 2025-08-29 v3.1.11a (3.1.11a)
\pgfarrowsep=\dimen289
)
([PRIVATE_OPERATOR_HOME]\AppData\Local\Programs\MiKTeX\tex/generic/pgf/basiclayer\pgfco
reshade.code.tex
File: pgfcoreshade.code.tex 2025-08-29 v3.1.11a (3.1.11a)
\pgf@max=\dimen290
\pgf@sys@shading@range@num=\count312
\pgf@shadingcount=\count313
)
([PRIVATE_OPERATOR_HOME]\AppData\Local\Programs\MiKTeX\tex/generic/pgf/basiclayer\pgfco
reimage.code.tex
File: pgfcoreimage.code.tex 2025-08-29 v3.1.11a (3.1.11a)
)
([PRIVATE_OPERATOR_HOME]\AppData\Local\Programs\MiKTeX\tex/generic/pgf/basiclayer\pgfco
reexternal.code.tex
File: pgfcoreexternal.code.tex 2025-08-29 v3.1.11a (3.1.11a)
\pgfexternal@startupbox=\box65
)
([PRIVATE_OPERATOR_HOME]\AppData\Local\Programs\MiKTeX\tex/generic/pgf/basiclayer\pgfco
relayers.code.tex
File: pgfcorelayers.code.tex 2025-08-29 v3.1.11a (3.1.11a)
)
([PRIVATE_OPERATOR_HOME]\AppData\Local\Programs\MiKTeX\tex/generic/pgf/basiclayer\pgfco
retransparency.code.tex
File: pgfcoretransparency.code.tex 2025-08-29 v3.1.11a (3.1.11a)
)
([PRIVATE_OPERATOR_HOME]\AppData\Local\Programs\MiKTeX\tex/generic/pgf/basiclayer\pgfco
repatterns.code.tex
File: pgfcorepatterns.code.tex 2025-08-29 v3.1.11a (3.1.11a)
)
([PRIVATE_OPERATOR_HOME]\AppData\Local\Programs\MiKTeX\tex/generic/pgf/basiclayer\pgfco
rerdf.code.tex
File: pgfcorerdf.code.tex 2025-08-29 v3.1.11a (3.1.11a)
)))
([PRIVATE_OPERATOR_HOME]\AppData\Local\Programs\MiKTeX\tex/generic/pgf/modules\pgfmodul
eshapes.code.tex
File: pgfmoduleshapes.code.tex 2025-08-29 v3.1.11a (3.1.11a)
\pgfnodeparttextbox=\box66
)
([PRIVATE_OPERATOR_HOME]\AppData\Local\Programs\MiKTeX\tex/generic/pgf/modules\pgfmodul
eplot.code.tex
File: pgfmoduleplot.code.tex 2025-08-29 v3.1.11a (3.1.11a)
)
([PRIVATE_OPERATOR_HOME]\AppData\Local\Programs\MiKTeX\tex/latex/pgf/compatibility\pgfc
omp-version-0-65.sty
Package: pgfcomp-version-0-65 2025-08-29 v3.1.11a (3.1.11a)
\pgf@nodesepstart=\dimen291
\pgf@nodesepend=\dimen292
)
([PRIVATE_OPERATOR_HOME]\AppData\Local\Programs\MiKTeX\tex/latex/pgf/compatibility\pgfc
omp-version-1-18.sty
Package: pgfcomp-version-1-18 2025-08-29 v3.1.11a (3.1.11a)
))
([PRIVATE_OPERATOR_HOME]\AppData\Local\Programs\MiKTeX\tex/latex/pgf/utilities\pgffor.s
ty
([PRIVATE_OPERATOR_HOME]\AppData\Local\Programs\MiKTeX\tex/latex/pgf/utilities\pgfkeys.
sty
([PRIVATE_OPERATOR_HOME]\AppData\Local\Programs\MiKTeX\tex/generic/pgf/utilities\pgfkey
s.code.tex))
([PRIVATE_OPERATOR_HOME]\AppData\Local\Programs\MiKTeX\tex/latex/pgf/math\pgfmath.sty
([PRIVATE_OPERATOR_HOME]\AppData\Local\Programs\MiKTeX\tex/generic/pgf/math\pgfmath.cod
e.tex))
([PRIVATE_OPERATOR_HOME]\AppData\Local\Programs\MiKTeX\tex/generic/pgf/utilities\pgffor
.code.tex
Package: pgffor 2025-08-29 v3.1.11a (3.1.11a)
\pgffor@iter=\dimen293
\pgffor@skip=\dimen294
\pgffor@stack=\toks46
\pgffor@toks=\toks47
))
([PRIVATE_OPERATOR_HOME]\AppData\Local\Programs\MiKTeX\tex/generic/pgf/frontendlayer/ti
kz\tikz.code.tex
Package: tikz 2025-08-29 v3.1.11a (3.1.11a)

([PRIVATE_OPERATOR_HOME]\AppData\Local\Programs\MiKTeX\tex/generic/pgf/libraries\pgflib
raryplothandlers.code.tex
File: pgflibraryplothandlers.code.tex 2025-08-29 v3.1.11a (3.1.11a)
\pgf@plot@mark@count=\count314
\pgfplotmarksize=\dimen295
)
\tikz@lastx=\dimen296
\tikz@lasty=\dimen297
\tikz@lastxsaved=\dimen298
\tikz@lastysaved=\dimen299
\tikz@lastmovetox=\dimen300
\tikz@lastmovetoy=\dimen301
\tikzleveldistance=\dimen302
\tikzsiblingdistance=\dimen303
\tikz@figbox=\box67
\tikz@figbox@bg=\box68
\tikz@tempbox=\box69
\tikz@tempbox@bg=\box70
\tikztreelevel=\count315
\tikznumberofchildren=\count316
\tikznumberofcurrentchild=\count317
\tikz@fig@count=\count318

([PRIVATE_OPERATOR_HOME]\AppData\Local\Programs\MiKTeX\tex/generic/pgf/modules\pgfmodul
ematrix.code.tex
File: pgfmodulematrix.code.tex 2025-08-29 v3.1.11a (3.1.11a)
\pgfmatrixcurrentrow=\count319
\pgfmatrixcurrentcolumn=\count320
\pgf@matrix@numberofcolumns=\count321
)
\tikz@expandcount=\count322

([PRIVATE_OPERATOR_HOME]\AppData\Local\Programs\MiKTeX\tex/generic/pgf/frontendlayer/ti
kz/libraries\tikzlibrarytopaths.code.tex
File: tikzlibrarytopaths.code.tex 2025-08-29 v3.1.11a (3.1.11a)
)))
([PRIVATE_OPERATOR_HOME]\AppData\Local\Programs\MiKTeX\tex/latex/tikz-cd\tikzlibrarycd.
code.tex
([PRIVATE_OPERATOR_HOME]\AppData\Local\Programs\MiKTeX\tex/generic/pgf/frontendlayer/ti
kz/libraries\tikzlibrarymatrix.code.tex
File: tikzlibrarymatrix.code.tex 2025-08-29 v3.1.11a (3.1.11a)
)
([PRIVATE_OPERATOR_HOME]\AppData\Local\Programs\MiKTeX\tex/generic/pgf/frontendlayer/ti
kz/libraries\tikzlibraryquotes.code.tex
File: tikzlibraryquotes.code.tex 2025-08-29 v3.1.11a (3.1.11a)
)
([PRIVATE_OPERATOR_HOME]\AppData\Local\Programs\MiKTeX\tex/generic/pgf/libraries\pgflib
raryarrows.meta.code.tex
File: pgflibraryarrows.meta.code.tex 2025-08-29 v3.1.11a (3.1.11a)
\pgfarrowinset=\dimen304
\pgfarrowlength=\dimen305
\pgfarrowwidth=\dimen306
\pgfarrowlinewidth=\dimen307
)))
([PRIVATE_OPERATOR_HOME]\AppData\Local\Programs\MiKTeX\tex/latex/base\fontenc.sty
Package: fontenc 2025/07/18 v2.1d Standard LaTeX package
LaTeX Font Info:    Trying to load font information for T1+lmr on input line 11
6.

([PRIVATE_OPERATOR_HOME]\AppData\Local\Programs\MiKTeX\tex/latex/lm\t1lmr.fd
File: t1lmr.fd 2015/05/01 v1.6.1 Font defs for Latin Modern
))
([PRIVATE_OPERATOR_HOME]\AppData\Local\Programs\MiKTeX\tex/latex/xstring\xstring.sty
([PRIVATE_OPERATOR_HOME]\AppData\Local\Programs\MiKTeX\tex/generic/xstring\xstring.tex
\xs_counta=\count323
\xs_countb=\count324
)
Package: xstring 2023/08/22 v1.86 String manipulations (CT)
)
([PRIVATE_OPERATOR_HOME]\AppData\Local\Programs\MiKTeX\tex/latex/l3packages/xparse\xpar
se.sty
([PRIVATE_OPERATOR_HOME]\AppData\Local\Programs\MiKTeX\tex/latex/l3kernel\expl3.sty
Package: expl3 2026-03-20 L3 programming layer (loader) 

([PRIVATE_OPERATOR_HOME]\AppData\Local\Programs\MiKTeX\tex/latex/l3backend\l3backend-xe
tex.def
File: l3backend-xetex.def 2026-02-18 L3 backend support: XeTeX
\g__graphics_track_int=\count325
\g__pdfannot_backend_int=\count326
\g__pdfannot_backend_link_int=\count327
))
Package: xparse 2025-10-09 L3 Experimental document command parser
)
([PRIVATE_OPERATOR_HOME]\AppData\Local\Programs\MiKTeX\tex/latex/hyperref\hyperref.sty
Package: hyperref 2026-04-24 v7.01q Hypertext links for LaTeX

([PRIVATE_OPERATOR_HOME]\AppData\Local\Programs\MiKTeX\tex/latex/kvsetkeys\kvsetkeys.st
y
Package: kvsetkeys 2022-10-05 v1.19 Key value parser (HO)
)
([PRIVATE_OPERATOR_HOME]\AppData\Local\Programs\MiKTeX\tex/generic/kvdefinekeys\kvdefin
ekeys.sty
Package: kvdefinekeys 2019-12-19 v1.6 Define keys (HO)
)
([PRIVATE_OPERATOR_HOME]\AppData\Local\Programs\MiKTeX\tex/generic/pdfescape\pdfescape.
sty
Package: pdfescape 2019/12/09 v1.15 Implements pdfTeX's escape features (HO)

([PRIVATE_OPERATOR_HOME]\AppData\Local\Programs\MiKTeX\tex/generic/ltxcmds\ltxcmds.sty
Package: ltxcmds 2023-12-04 v1.26 LaTeX kernel commands for general use (HO)
)
([PRIVATE_OPERATOR_HOME]\AppData\Local\Programs\MiKTeX\tex/generic/pdftexcmds\pdftexcmd
s.sty
Package: pdftexcmds 2020-06-27 v0.33 Utility functions of pdfTeX for LuaTeX (HO
)

([PRIVATE_OPERATOR_HOME]\AppData\Local\Programs\MiKTeX\tex/generic/infwarerr\infwarerr.
sty
Package: infwarerr 2019/12/03 v1.5 Providing info/warning/error messages (HO)
)
Package pdftexcmds Info: \pdf@primitive is available.
Package pdftexcmds Info: \pdf@ifprimitive is available.
Package pdftexcmds Info: \pdfdraftmode not found.
))
([PRIVATE_OPERATOR_HOME]\AppData\Local\Programs\MiKTeX\tex/latex/hycolor\hycolor.sty
Package: hycolor 2020-01-27 v1.10 Color options for hyperref/bookmark (HO)
)
([PRIVATE_OPERATOR_HOME]\AppData\Local\Programs\MiKTeX\tex/latex/hyperref\nameref.sty
Package: nameref 2026-01-29 v2.58 Cross-referencing by name of section

([PRIVATE_OPERATOR_HOME]\AppData\Local\Programs\MiKTeX\tex/latex/refcount\refcount.sty
Package: refcount 2019/12/15 v3.6 Data extraction from label references (HO)
)
([PRIVATE_OPERATOR_HOME]\AppData\Local\Programs\MiKTeX\tex/generic/gettitlestring\getti
tlestring.sty
Package: gettitlestring 2019/12/15 v1.6 Cleanup title references (HO)

([PRIVATE_OPERATOR_HOME]\AppData\Local\Programs\MiKTeX\tex/latex/kvoptions\kvoptions.st
y
Package: kvoptions 2022-06-15 v3.15 Key value format for package options (HO)
))
\c@section@level=\count328
)
([PRIVATE_OPERATOR_HOME]\AppData\Local\Programs\MiKTeX\tex/latex/etoolbox\etoolbox.sty
Package: etoolbox 2025/10/02 v2.5m e-TeX tools for LaTeX (JAW)
\etb@tempcnta=\count329
)
([PRIVATE_OPERATOR_HOME]\AppData\Local\Programs\MiKTeX\tex/generic/stringenc\stringenc.
sty
Package: stringenc 2019/11/29 v1.12 Convert strings between diff. encodings (HO
)
)
\@linkdim=\dimen308
\Hy@linkcounter=\count330
\Hy@pagecounter=\count331

([PRIVATE_OPERATOR_HOME]\AppData\Local\Programs\MiKTeX\tex/latex/hyperref\pd1enc.def
File: pd1enc.def 2026-04-24 v7.01q Hyperref: PDFDocEncoding definition (HO)
)
([PRIVATE_OPERATOR_HOME]\AppData\Local\Programs\MiKTeX\tex/generic/intcalc\intcalc.sty
Package: intcalc 2019/12/15 v1.3 Expandable calculations with integers (HO)
)
\Hy@SavedSpaceFactor=\count332
([PRIVATE_OPERATOR_HOME]\AppData\Local\Programs\MiKTeX\tex/latex/hyperref\puenc.def
File: puenc.def 2026-04-24 v7.01q Hyperref: PDF Unicode definition (HO)
)
Package hyperref Info: Option `linktocpage' set `true' on input line 4070.
Package hyperref Info: Option `colorlinks' set `true' on input line 4070.
Package hyperref Info: Option `hyperindex' set `true' on input line 4070.
Package hyperref Info: Option `hypertexnames' set `false' on input line 4070.
Package hyperref Info: Hyper figures OFF on input line 4199.
Package hyperref Info: Link nesting OFF on input line 4204.
Package hyperref Info: Hyper index ON on input line 4207.
Package hyperref Info: Plain pages OFF on input line 4214.
Package hyperref Info: Backreferencing OFF on input line 4219.
Package hyperref Info: Implicit mode ON; LaTeX internals redefined.
Package hyperref Info: Bookmarks ON on input line 4466.
\c@Hy@tempcnt=\count333

([PRIVATE_OPERATOR_HOME]\AppData\Local\Programs\MiKTeX\tex/latex/url\url.sty
\Urlmuskip=\muskip18
Package: url 2013/09/16  ver 3.4  Verb mode for urls, etc.
)
LaTeX Info: Redefining \url on input line 4805.
\XeTeXLinkMargin=\dimen309

([PRIVATE_OPERATOR_HOME]\AppData\Local\Programs\MiKTeX\tex/generic/bitset\bitset.sty
Package: bitset 2019/12/09 v1.3 Handle bit-vector datatype (HO)

([PRIVATE_OPERATOR_HOME]\AppData\Local\Programs\MiKTeX\tex/generic/bigintcalc\bigintcal
c.sty
Package: bigintcalc 2019/12/15 v1.5 Expandable calculations on big integers (HO
)
))
\Fld@menulength=\count334
\Field@Width=\dimen310
\Fld@charsize=\dimen311
Package hyperref Info: Hyper figures OFF on input line 6091.
Package hyperref Info: Link nesting OFF on input line 6096.
Package hyperref Info: Hyper index ON on input line 6099.
Package hyperref Info: backreferencing OFF on input line 6106.
Package hyperref Info: Link coloring ON on input line 6109.
Package hyperref Info: Link coloring with OCG OFF on input line 6116.
Package hyperref Info: PDF/A mode OFF on input line 6121.
\Hy@abspage=\count335
\c@Item=\count336
\c@Hfootnote=\count337
)
Package hyperref Info: Driver (autodetected): hxetex.

([PRIVATE_OPERATOR_HOME]\AppData\Local\Programs\MiKTeX\tex/latex/hyperref\hxetex.def
File: hxetex.def 2026-04-24 v7.01q Hyperref driver for XeTeX
\pdfm@box=\box71
\c@Hy@AnnotLevel=\count338
\HyField@AnnotCount=\count339
\Fld@listcount=\count340
\c@bookmark@seq@number=\count341

([PRIVATE_OPERATOR_HOME]\AppData\Local\Programs\MiKTeX\tex/latex/rerunfilecheck\rerunfi
lecheck.sty
Package: rerunfilecheck 2025-06-21 v1.11 Rerun checks for auxiliary files (HO)

([PRIVATE_OPERATOR_HOME]\AppData\Local\Programs\MiKTeX\tex/generic/uniquecounter\unique
counter.sty
Package: uniquecounter 2019/12/15 v1.4 Provide unlimited unique counter (HO)
)
Package uniquecounter Info: New unique counter `rerunfilecheck' on input line 2
84.
)
\Hy@SectionHShift=\skip59
)
([PRIVATE_OPERATOR_HOME]\AppData\Local\Programs\MiKTeX\tex/latex/geometry\geometry.sty
Package: geometry 2026/03/07 v6.0 Page Geometry

([PRIVATE_OPERATOR_HOME]\AppData\Local\Programs\MiKTeX\tex/generic/iftex\ifvtex.sty
Package: ifvtex 2019/10/25 v1.7 ifvtex legacy package. Use iftex instead.
)
\Gm@cnth=\count342
\Gm@cntv=\count343
\c@Gm@tempcnt=\count344
\Gm@bindingoffset=\dimen312
\Gm@wd@mp=\dimen313
\Gm@odd@mp=\dimen314
\Gm@even@mp=\dimen315
\Gm@layoutwidth=\dimen316
\Gm@layoutheight=\dimen317
\Gm@layouthoffset=\dimen318
\Gm@layoutvoffset=\dimen319
\Gm@dimlist=\toks48

([PRIVATE_OPERATOR_HOME]\AppData\Local\Programs\MiKTeX\tex/latex/geometry\geometry.cfg)
) ([PRIVATE_OPERATOR_HOME]\AppData\Local\Programs\MiKTeX\tex/latex/amsfonts\amssymb.sty
Package: amssymb 2013/01/14 v3.01 AMS font symbols
)
([PRIVATE_OPERATOR_HOME]\AppData\Local\Programs\MiKTeX\tex/latex/jknappen\mathrsfs.sty
Package: mathrsfs 1996/01/01 Math RSFS package v1.0 (jk)
\symrsfs=\mathgroup6
) ([PRIVATE_OPERATOR_HOME]\AppData\Local\Programs\MiKTeX\tex/latex/psnfss\mathpazo.sty
Package: mathpazo 2020/03/25 PSNFSS-v9.3 Palatino w/ Pazo Math (D.Puga, WaS) 
\symupright=\mathgroup7
)
([PRIVATE_OPERATOR_HOME]\AppData\Local\Programs\MiKTeX\tex/latex/titlesec\titlesec.sty
Package: titlesec 2025/01/04 v2.17 Sectioning titles
\ttl@box=\box72
\beforetitleunit=\skip60
\aftertitleunit=\skip61
\ttl@plus=\dimen320
\ttl@minus=\dimen321
\ttl@toksa=\toks49
\titlewidth=\dimen322
\titlewidthlast=\dimen323
\titlewidthfirst=\dimen324
)
([PRIVATE_OPERATOR_HOME]\AppData\Local\Programs\MiKTeX\tex/latex/marginnote\marginnote.
sty
Package: marginnote 2026/01/02 1.4d non floating margin notes for LaTeX 
\c@mn@abspage=\count345
)
([PRIVATE_OPERATOR_HOME]\AppData\Local\Programs\MiKTeX\tex/latex/enumitem\enumitem.sty
Package: enumitem 2025/02/06 v3.11 Customized lists
\labelindent=\skip62
\enit@outerparindent=\dimen325
\enit@toks=\toks50
\enit@inbox=\box73
\enit@count@id=\count346
\enitdp@description=\count347
) ([PRIVATE_OPERATOR_HOME]\AppData\Local\Programs\MiKTeX\tex/latex/tools\longtable.sty
Package: longtable 2025-10-13 v4.24 Multi-page Table package (DPC)
\LTleft=\skip63
\LTright=\skip64
\LTpre=\skip65
\LTpost=\skip66
\LTchunksize=\count348
\LTcapwidth=\dimen326
\LT@head=\box74
\LT@firsthead=\box75
\LT@foot=\box76
\LT@lastfoot=\box77
\LT@gbox=\box78
\LT@cols=\count349
\LT@rows=\count350
\c@LT@tables=\count351
\c@LT@chunks=\count352
\LT@p@ftn=\toks51
)
([PRIVATE_OPERATOR_HOME]\AppData\Local\Programs\MiKTeX\tex/latex/tools\multicol.sty
Package: multicol 2025/10/21 v2.0b multicolumn formatting (FMi)
\c@tracingmulticols=\count353
\mult@box=\box79
\multicol@leftmargin=\dimen327
\c@unbalance=\count354
\c@collectmore=\count355
\doublecol@number=\count356
\multicoltolerance=\count357
\multicolpretolerance=\count358
\full@width=\dimen328
\page@free=\dimen329
\premulticols=\dimen330
\postmulticols=\dimen331
\multicolsep=\skip67
\multicolbaselineskip=\skip68
\partial@page=\box80
\last@line=\box81
\mc@boxedresult=\box82
\maxbalancingoverflow=\dimen332
\mult@rightbox=\box83
\mult@grightbox=\box84
\mult@firstbox=\box85
\mult@gfirstbox=\box86
\@tempa=\box87
\@tempa=\box88
\@tempa=\box89
\@tempa=\box90
\@tempa=\box91
\@tempa=\box92
\@tempa=\box93
\@tempa=\box94
\@tempa=\box95
\@tempa=\box96
\@tempa=\box97
\@tempa=\box98
\@tempa=\box99
\@tempa=\box100
\@tempa=\box101
\@tempa=\box102
\@tempa=\box103
\@tempa=\box104
\@tempa=\box105
\@tempa=\box106
\@tempa=\box107
\@tempa=\box108
\@tempa=\box109
\@tempa=\box110
\@tempa=\box111
\@tempa=\box112
\@tempa=\box113
\@tempa=\box114
\@tempa=\box115
\@tempa=\box116
\@tempa=\box117
\@tempa=\box118
\@tempa=\box119
\@tempa=\box120
\@tempa=\box121
\@tempa=\box122
\c@minrows=\count359
\c@columnbadness=\count360
\c@finalcolumnbadness=\count361
\last@try=\dimen333
\multicolovershoot=\dimen334
\multicolundershoot=\dimen335
\mult@nat@firstbox=\box123
\colbreak@box=\box124
\mc@col@check@num=\count362
\g__mc_curr_col_int=\count363
)
([PRIVATE_OPERATOR_HOME]\AppData\Local\Programs\MiKTeX\tex/latex/aurical\aurical.sty
Package: aurical 2006/10/12 aurical - a set of three decorative fonts with acce
nts
)
([PRIVATE_OPERATOR_HOME]\AppData\Local\Programs\MiKTeX\tex/latex/microtype\microtype.st
y
Package: microtype 2026/03/01 v3.2d Micro-typographical refinements (RS)
\MT@toks=\toks52
\MT@tempbox=\box125
\MT@count=\count364
LaTeX Info: Redefining \noprotrusionifhmode on input line 1084.
LaTeX Info: Redefining \leftprotrusion on input line 1085.
\MT@prot@toks=\toks53
LaTeX Info: Redefining \rightprotrusion on input line 1104.
LaTeX Info: Redefining \textls on input line 1449.
\MT@outer@kern=\dimen336
LaTeX Info: Redefining \microtypecontext on input line 2053.
LaTeX Info: Redefining \textmicrotypecontext on input line 2070.
\MT@listname@count=\count365

([PRIVATE_OPERATOR_HOME]\AppData\Local\Programs\MiKTeX\tex/latex/microtype\microtype-xe
tex.def
File: microtype-xetex.def 2026/03/01 v3.2d Definitions specific to xetex (RS)
LaTeX Info: Redefining \lsstyle on input line 443.
LaTeX Info: Redefining \lslig on input line 451.
\MT@outer@space=\skip69
)
Package microtype Info: Loading configuration file microtype.cfg.

([PRIVATE_OPERATOR_HOME]\AppData\Local\Programs\MiKTeX\tex/latex/microtype\microtype.cf
g
File: microtype.cfg 2026/03/01 v3.2d microtype main configuration file (RS)
)
LaTeX Info: Redefining \microtypesetup on input line 3065.
) (preamble-base.tex))
LaTeX Font Info:    Trying to load font information for T1+ppl on input line 6.


([PRIVATE_OPERATOR_HOME]\AppData\Local\Programs\MiKTeX\tex/latex/psnfss\t1ppl.fd
File: t1ppl.fd 2001/06/04 font definitions for T1/ppl.
)
(C:\tmp\ega-p142-bounded-audit-20260804-r1\english\EGA1_P142_ENGLISH_BOUNDED_CH
ECK_R1.aux)
\openout1 = `EGA1_P142_ENGLISH_BOUNDED_CHECK_R1.aux'.

LaTeX Font Info:    Checking defaults for OML/cmm/m/it on input line 6.
LaTeX Font Info:    ... okay on input line 6.
LaTeX Font Info:    Checking defaults for OMS/cmsy/m/n on input line 6.
LaTeX Font Info:    ... okay on input line 6.
LaTeX Font Info:    Checking defaults for OT1/cmr/m/n on input line 6.
LaTeX Font Info:    ... okay on input line 6.
LaTeX Font Info:    Checking defaults for T1/cmr/m/n on input line 6.
LaTeX Font Info:    ... okay on input line 6.
LaTeX Font Info:    Checking defaults for TS1/cmr/m/n on input line 6.
LaTeX Font Info:    ... okay on input line 6.
LaTeX Font Info:    Checking defaults for TU/lmr/m/n on input line 6.
LaTeX Font Info:    ... okay on input line 6.
LaTeX Font Info:    Checking defaults for OMX/cmex/m/n on input line 6.
LaTeX Font Info:    ... okay on input line 6.
LaTeX Font Info:    Checking defaults for U/cmr/m/n on input line 6.
LaTeX Font Info:    ... okay on input line 6.
LaTeX Font Info:    Checking defaults for PD1/pdf/m/n on input line 6.
LaTeX Font Info:    ... okay on input line 6.
LaTeX Font Info:    Checking defaults for PU/pdf/m/n on input line 6.
LaTeX Font Info:    ... okay on input line 6.
LaTeX Font Info:    Trying to load font information for OT1+ppl on input line 6
.

([PRIVATE_OPERATOR_HOME]\AppData\Local\Programs\MiKTeX\tex/latex/psnfss\ot1ppl.fd
File: ot1ppl.fd 2001/06/04 font definitions for OT1/ppl.
)
LaTeX Font Info:    Trying to load font information for OML+zplm on input line 
6.

([PRIVATE_OPERATOR_HOME]\AppData\Local\Programs\MiKTeX\tex/latex/psnfss\omlzplm.fd
File: omlzplm.fd 2002/09/08 Fontinst v1.914 font definitions for OML/zplm.
)
LaTeX Font Info:    Trying to load font information for OMS+zplm on input line 
6.

([PRIVATE_OPERATOR_HOME]\AppData\Local\Programs\MiKTeX\tex/latex/psnfss\omszplm.fd
File: omszplm.fd 2002/09/08 Fontinst v1.914 font definitions for OMS/zplm.
)
LaTeX Font Info:    Trying to load font information for OMX+zplm on input line 
6.

([PRIVATE_OPERATOR_HOME]\AppData\Local\Programs\MiKTeX\tex/latex/psnfss\omxzplm.fd
File: omxzplm.fd 2002/09/08 Fontinst v1.914 font definitions for OMX/zplm.
)
LaTeX Font Info:    Trying to load font information for U+msa on input line 6.

([PRIVATE_OPERATOR_HOME]\AppData\Local\Programs\MiKTeX\tex/latex/amsfonts\umsa.fd
File: umsa.fd 2013/01/14 v3.01 AMS symbols A
)
LaTeX Font Info:    Trying to load font information for U+msb on input line 6.

([PRIVATE_OPERATOR_HOME]\AppData\Local\Programs\MiKTeX\tex/latex/amsfonts\umsb.fd
File: umsb.fd 2013/01/14 v3.01 AMS symbols B
)
LaTeX Font Info:    Trying to load font information for U+rsfs on input line 6.


([PRIVATE_OPERATOR_HOME]\AppData\Local\Programs\MiKTeX\tex/latex/jknappen\ursfs.fd
File: ursfs.fd 1998/03/24 rsfs font definition file (jk)
)
LaTeX Font Info:    Trying to load font information for OT1+zplm on input line 
6.

([PRIVATE_OPERATOR_HOME]\AppData\Local\Programs\MiKTeX\tex/latex/psnfss\ot1zplm.fd
File: ot1zplm.fd 2002/09/08 Fontinst v1.914 font definitions for OT1/zplm.
)
Package hyperref Info: Link coloring ON on input line 6.

(C:\tmp\ega-p142-bounded-audit-20260804-r1\english\EGA1_P142_ENGLISH_BOUNDED_CH
ECK_R1.out)
(C:\tmp\ega-p142-bounded-audit-20260804-r1\english\EGA1_P142_ENGLISH_BOUNDED_CH
ECK_R1.out)
\@outlinefile=\write5
\openout5 = `EGA1_P142_ENGLISH_BOUNDED_CHECK_R1.out'.


*geometry* driver: auto-detecting
*geometry* detected driver: xetex
*geometry* verbose mode - [ preamble ] result:
* driver: xetex
* paper: <default>
* layout: <same size as paper>
* layoutoffset:(h,v)=(0.0pt,0.0pt)
* modes: 
* h-part:(L,W,R)=(90.3375pt, 433.62001pt, 90.3375pt)
* v-part:(T,H,B)=(54.2025pt, 686.56499pt, 54.2025pt)
* \paperwidth=614.295pt
* \paperheight=794.96999pt
* \textwidth=433.62001pt
* \textheight=686.56499pt
* \oddsidemargin=18.0675pt
* \evensidemargin=18.0675pt
* \topmargin=-40.06749pt
* \headheight=8.0pt
* \headsep=14.0pt
* \topskip=10.0pt
* \footskip=12.0pt
* \marginparwidth=90.0pt
* \marginparsep=11.0pt
* \columnsep=10.0pt
* \skip\footins=7.0pt plus 11.0pt
* \hoffset=0.0pt
* \voffset=0.0pt
* \mag=1000
* \@twocolumnfalse
* \@twosidefalse
* \@mparswitchfalse
* \@reversemarginfalse
* (1in=72.27pt=25.4mm, 1cm=28.453pt)

LaTeX Info: Redefining \microtypecontext on input line 6.
Package microtype Info: Applying patch `item' on input line 6.
Package microtype Info: Applying patch `toc' on input line 6.
Package microtype Info: Applying patch `eqnum' on input line 6.
Package microtype Info: Applying patch `footnote' on input line 6.
Package microtype Info: Applying patch `verbatim' on input line 6.
LaTeX Info: Redefining \microtypesetup on input line 6.
Package microtype Info: Character protrusion enabled (level 2).
Package microtype Info: Using default protrusion set `alltext'.
Package microtype Info: No adjustment of tracking.
Package microtype Info: No adjustment of spacing.
Package microtype Info: No adjustment of kerning.
([PRIVATE_OPERATOR_HOME]\AppData\Local\Programs\MiKTeX\tex/latex/microtype\mt-ppl.cfg
File: mt-ppl.cfg 2005/11/16 v1.6 microtype config. file: Palatino (RS)
)
(ega1/ega1-3.tex
LaTeX Font Info:    Font shape `U/msa/m/n' will be
(Font)              scaled to size 10.42007pt on input line 9.

([PRIVATE_OPERATOR_HOME]\AppData\Local\Programs\MiKTeX\tex/latex/microtype\mt-msa.cfg
File: mt-msa.cfg 2006/02/04 v1.1 microtype config. file: AMS symbols (a) (RS)
)
LaTeX Font Info:    Font shape `U/msa/m/n' will be
(Font)              scaled to size 7.91925pt on input line 9.
LaTeX Font Info:    Font shape `U/msb/m/n' will be
(Font)              scaled to size 10.42007pt on input line 9.

([PRIVATE_OPERATOR_HOME]\AppData\Local\Programs\MiKTeX\tex/latex/microtype\mt-msb.cfg
File: mt-msb.cfg 2005/06/01 v1.0 microtype config. file: AMS symbols (b) (RS)
)
LaTeX Font Info:    Font shape `U/msb/m/n' will be
(Font)              scaled to size 7.91925pt on input line 9.
Package microtype Info: Loading generic protrusion settings for font family
(microtype)             `zplm' (encoding: OT1).
(microtype)             For optimal results, create family-specific settings.
(microtype)             See the microtype manual for details.
Package marginnote Info: Margin note 1.1 is on absolute page 1 on input line 28
.
Package marginnote Info: right page because not two side mode on input line 28.

Package marginnote Info: xpos seems to be 463.09813pt on input line 28.

Overfull \hbox (4.42133pt too wide) in paragraph at lines 64--70
\T1/ppl/m/n/10 (where $\OML/zplm/m/it/10 L$ \T1/ppl/m/n/10 is an $\OML/zplm/m/i
t/10 A$\T1/ppl/m/n/10 -algebra), we as-so-ciate the pair $\OT1/zplm/m/n/10 (\OM
L/zplm/m/it/10 f \OMS/zplm/m/n/10 ^^N \OML/zplm/m/it/10 u\OT1/ppl/m/n/10 , \OML
/zplm/m/it/10 f \OMS/zplm/m/n/10 ^^N \OML/zplm/m/it/10 v\OT1/zplm/m/n/10 )$\T1/
ppl/m/n/10 , then this de-fines a bi-jec-tion $[][]\OT1/zplm/m/n/10 (\OML/zplm/
m/it/10 B \OMS/zplm/m/n/10 
[]
 []

[1]
Package marginnote Info: Margin note 2.1 is on absolute page 2 on input line 10
5.
Package marginnote Info: right page because not two side mode on input line 105
.
Package marginnote Info: xpos seems to be 90.3375pt on input line 105.
Package marginnote Info: Margin note 2.2 is on absolute page 2 on input line 17
8.
Package marginnote Info: right page because not two side mode on input line 178
.
Package marginnote Info: xpos seems to be 182.932pt on input line 178.
 [2]
Package marginnote Info: Margin note 3.1 is on absolute page 3 on input line 24
6.
Package marginnote Info: right page because not two side mode on input line 246
.
Package marginnote Info: xpos seems to be 90.3375pt on input line 246.
Package marginnote Info: Margin note 3.2 is on absolute page 3 on input line 27
8.
Package marginnote Info: right page because not two side mode on input line 278
.
Package marginnote Info: xpos seems to be 128.21028pt on input line 278.
 [3]

LaTeX Warning: Hyper reference `subsection:I.2.5' on page 4 undefined on input 
line 297.

<xymatrix 3x2 292>
Package marginnote Info: Margin note 4.1 is on absolute page 4 on input line 34
9.
Package marginnote Info: right page because not two side mode on input line 349
.
Package marginnote Info: xpos seems to be 380.92114pt on input line 349.
 <xymatrix 2x2 223> [4] <xymatrix 3x2 313>
Package marginnote Info: Margin note 5.1 is on absolute page 5 on input line 42
8.
Package marginnote Info: right page because not two side mode on input line 428
.
Package marginnote Info: xpos seems to be 90.3375pt on input line 428.
 <xymatrix 3x2
292> [5]
Package marginnote Info: Margin note 6.1 is on absolute page 6 on input line 51
5.
Package marginnote Info: right page because not two side mode on input line 515
.
Package marginnote Info: xpos seems to be 90.3375pt on input line 515.
 [6]
Package marginnote Info: Margin note 7.1 is on absolute page 7 on input line 60
0.
Package marginnote Info: right page because not two side mode on input line 600
.
Package marginnote Info: xpos seems to be 351.96915pt on input line 600.
 <xymatrix 2x2 182>
Package marginnote Info: Margin note 7.2 is on absolute page 7 on input line 67
1.
Package marginnote Info: right page because not two side mode on input line 671
.
Package marginnote Info: xpos seems to be 375.23358pt on input line 671.
 [7]
Package marginnote Info: Margin note 8.1 is on absolute page 8 on input line 72
7.
Package marginnote Info: right page because not two side mode on input line 727
.
Package marginnote Info: xpos seems to be 90.3375pt on input line 727.
 <xymatrix 2x2 182> [8] <xymatrix 2x2 161>
[9] <xymatrix 2x2 182> [10]
Package marginnote Info: Margin note 11.1 is on absolute page 11 on input line 
898.
Package marginnote Info: right page because not two side mode on input line 898
.
Package marginnote Info: xpos seems to be 229.10564pt on input line 898.
 <xymatrix 2x2 154>
([PRIVATE_OPERATOR_HOME]\AppData\Local\Programs\MiKTeX\tex/latex/microtype\mt-euf.cfg
File: mt-euf.cfg 2006/07/03 v1.1 microtype config. file: AMS Euler Fraktur (RS)

)
Package marginnote Info: Margin note 11.2 is on absolute page 11 on input line 
952.
Package marginnote Info: right page because not two side mode on input line 952
.
Package marginnote Info: xpos seems to be 99.52744pt on input line 952.

Overfull \hbox (4.26938pt too wide) in paragraph at lines 951--953
\T1/ppl/m/n/10 In|[]particular, if $\OML/zplm/m/it/10 U$ \T1/ppl/m/n/10 is an o
pen sub-set of $\OML/zplm/m/it/10 X$\T1/ppl/m/n/10 , then the prescheme in-duce
d on $\OML/zplm/m/it/10 U \OMS/zplm/m/n/10 \ \OML/zplm/m/it/10 f[]\OT1/zplm/m/n
/10 (\OML/zplm/m/it/10 y\OT1/zplm/m/n/10 )$ \T1/ppl/m/n/10 by the prescheme
 []

[11]

Package hyperref Warning: Token not allowed in a PDF string (Unicode):
(hyperref)                removing `math shift' on input line 978.


Package hyperref Warning: Token not allowed in a PDF string (Unicode):
(hyperref)                removing `math shift' on input line 978.

Package marginnote Info: Margin note 12.1 is on absolute page 12 on input line 
999.
Package marginnote Info: right page because not two side mode on input line 999
.
Package marginnote Info: xpos seems to be 499.27907pt on input line 999.
[12]) (../controls/EGA1_P119_ENGLISH_SECTION4_PREFIX_R1.tex)
(../controls/EGA1_P127_ENGLISH_SECTION4_CONTINUATION_R1.tex
Package marginnote Info: Margin note 13.1 is on absolute page 13 on input line 
3.
Package marginnote Info: right page because not two side mode on input line 3.
Package marginnote Info: xpos seems to be 119.31721pt on input line 3.
 [13]
Package marginnote Info: Margin note 14.1 is on absolute page 14 on input line 
51.
Package marginnote Info: right page because not two side mode on input line 51.

Package marginnote Info: xpos seems to be 471.41989pt on input line 51.
Package marginnote Info: Margin note 14.2 is on absolute page 14 on input line 
97.
Package marginnote Info: right page because not two side mode on input line 97.

Package marginnote Info: xpos seems to be 303.80324pt on input line 97.
 [14]
Package marginnote Info: Margin note 15.1 is on absolute page 15 on input line 
145.
Package marginnote Info: right page because not two side mode on input line 145
.
Package marginnote Info: xpos seems to be 344.74252pt on input line 145.

<xymatrix 2x2 182> [15]
Package marginnote Info: Margin note 16.1 is on absolute page 16 on input line 
188.
Package marginnote Info: right page because not two side mode on input line 188
.
Package marginnote Info: xpos seems to be 399.6244pt on input line 188.
 [16]
Package marginnote Info: Margin note 17.1 is on absolute page 17 on input line 
234.
Package marginnote Info: right page because not two side mode on input line 234
.
Package marginnote Info: xpos seems to be 376.30869pt on input line 234.
 [17]
Package marginnote Info: Margin note 18.1 is on absolute page 18 on input line 
282.
Package marginnote Info: right page because not two side mode on input line 282
.
Package marginnote Info: xpos seems to be 445.46317pt on input line 282.
 [18]
Package marginnote Info: Margin note 19.1 is on absolute page 19 on input line 
354.
Package marginnote Info: right page because not two side mode on input line 354
.
Package marginnote Info: xpos seems to be 462.86699pt on input line 354.
)
(../controls/EGA1_P128_ENGLISH_SECTION5_PREFIX_R1.tex
Package marginnote Info: Margin note 19.2 is on absolute page 20 on input line 
15.
Package marginnote Info: right page because not two side mode on input line 15.

Package marginnote Info: xpos seems to be 119.31721pt on input line 15.
 [19])
(../controls/EGA1_P129_ENGLISH_SECTION5_CONTINUATION_R1.tex
Package marginnote Info: Margin note 20.1 is on absolute page 20 on input line 
1.
Package marginnote Info: right page because not two side mode on input line 1.
Package marginnote Info: xpos seems to be 363.78078pt on input line 1.
 <xymatrix 2x2 168>
[20]) (../controls/EGA1_P130_ENGLISH_SECTION5_CONTINUATION_R1.tex
Package marginnote Info: Margin note 21.1 is on absolute page 21 on input line 
4.
Package marginnote Info: right page because not two side mode on input line 4.
Package marginnote Info: xpos seems to be 198.90533pt on input line 4.

Overfull \hbox (11.2554pt too wide) in paragraph at lines 10--13
[]\T1/ppl/m/n/10 The con-di-tion is clearly nec-es-sary, so we will show that i
t is suf-fi-cient. If we set $\OML/zplm/m/it/10 X[] \OT1/zplm/m/n/10 = (\OML/zp
lm/m/it/10 X\OT1/ppl/m/n/10 , \U/rsfs/m/n/10 O[]\OT1/zplm/m/n/10 /\U/rsfs/m/n/1
0 I[]\OT1/zplm/m/n/10 )$\T1/ppl/m/n/10 ,
 []

<xymatrix 2x2 154> <xymatrix 2x2 182> [21])
(../controls/EGA1_P131_ENGLISH_SECTION5_CONTINUATION_R1.tex
Package marginnote Info: Margin note 22.1 is on absolute page 22 on input line 
1.
Package marginnote Info: right page because not two side mode on input line 1.
Package marginnote Info: xpos seems to be 364.40573pt on input line 1.

Overfull \hbox (1.64548pt too wide) in paragraph at lines 34--35
[]\T1/ppl/m/n/10 The unique-ness fol-lows from [][](5.1.2)[][], so it re-mains 
only to show the ex-is-tence of the prescheme
 []

[22]) (../controls/EGA1_P140_ENGLISH_SECTION5_CONTINUATION_R1.tex
Package marginnote Info: Margin note 23.1 is on absolute page 23 on input line 
2.
Package marginnote Info: right page because not two side mode on input line 2.
Package marginnote Info: xpos seems to be 119.31721pt on input line 2.
 <xymatrix
2x2 182>
Package marginnote Info: Margin note 23.2 is on absolute page 23 on input line 
83.
Package marginnote Info: right page because not two side mode on input line 83.

Package marginnote Info: xpos seems to be 90.3375pt on input line 83.
 [23] <xymatrix 2x2 182>
Package marginnote Info: Margin note 24.1 is on absolute page 24 on input line 
164.
Package marginnote Info: right page because not two side mode on input line 164
.
Package marginnote Info: xpos seems to be 90.3375pt on input line 164.
 [24] <xymatrix 2x2 182>
Package marginnote Info: Margin note 25.1 is on absolute page 25 on input line 
235.
Package marginnote Info: right page because not two side mode on input line 235
.
Package marginnote Info: xpos seems to be 350.99548pt on input line 235.
 <xymatrix 2x2 168>
<xymatrix 3x2 176> [25]
Package marginnote Info: Margin note 26.1 is on absolute page 26 on input line 
314.
Package marginnote Info: right page because not two side mode on input line 314
.
Package marginnote Info: xpos seems to be 90.3375pt on input line 314.
 [26] <xymatrix 3x2 145>
Package marginnote Info: Margin note 27.1 is on absolute page 27 on input line 
384.
Package marginnote Info: right page because not two side mode on input line 384
.
Package marginnote Info: xpos seems to be 375.7851pt on input line 384.
 <xymatrix 2x2 182> [27]
Package marginnote Info: Margin note 28.1 is on absolute page 28 on input line 
443.
Package marginnote Info: right page because not two side mode on input line 443
.
Package marginnote Info: xpos seems to be 90.3375pt on input line 443.
Package marginnote Info: Margin note 28.2 is on absolute page 29 on input line 
512.
Package marginnote Info: right page because not two side mode on input line 512
.
Package marginnote Info: xpos seems to be 120.98828pt on input line 512.

[28]
Package marginnote Info: Margin note 29.1 is on absolute page 29 on input line 
544.
Package marginnote Info: right page because not two side mode on input line 544
.
Package marginnote Info: xpos seems to be 523.9575pt on input line 544.
 <xymatrix 2x2 168> [29])
(../controls/EGA1_P142_ENGLISH_SECTION6_PREFIX_R1.tex
Package marginnote Info: Margin note 30.1 is on absolute page 30 on input line 
14.
Package marginnote Info: right page because not two side mode on input line 14.

Package marginnote Info: xpos seems to be 501.06776pt on input line 14.
 [30]
Package marginnote Info: Margin note 31.1 is on absolute page 31 on input line 
66.
Package marginnote Info: right page because not two side mode on input line 66.

Package marginnote Info: xpos seems to be 371.41953pt on input line 66.


LaTeX Warning: Citation `I-11' on page 31 undefined on input line 86.

) [31] [32]
(C:\tmp\ega-p142-bounded-audit-20260804-r1\english\EGA1_P142_ENGLISH_BOUNDED_CH
ECK_R1.aux)
 ***********
LaTeX2e <2025-11-01>
L3 programming layer <2026-03-20>
 ***********


LaTeX Warning: There were undefined references.

Package rerunfilecheck Info: File `EGA1_P142_ENGLISH_BOUNDED_CHECK_R1.out' has 
not changed.
(rerunfilecheck)             Checksum: D9045709996CD68BBAA8BBD089E2444C;5077.
 ) 
Here is how much of TeX's memory you used:
 27820 strings out of 402807
 496081 string characters out of 5444928
 991907 words of memory out of 5000000
 56077 multiletter control sequences out of 15000+600000
 660798 words of font info for 115 fonts, out of 8000000 for 9000
 1509 hyphenation exceptions out of 8191
 121i,14n,124p,1221b,619s stack positions out of 10000i,1000n,20000p,200000b,200000s

Output written on C:\tmp\ega-p142-bounded-audit-20260804-r1\english\EGA1_P142_E
NGLISH_BOUNDED_CHECK_R1.pdf (32 pages).
