\BOOKMARK [1][-]{section*.1}{\376\377\0003\000.\000\040\000P\000r\000o\000d\000u\000c\000t\000s\000\040\000o\000f\000\040\000p\000r\000e\000s\000c\000h\000e\000m\000e\000s}{}% 1
\BOOKMARK [2][-]{subsection*.3}{\376\377\000S\000u\000m\000s\000\040\000o\000f\000\040\000p\000r\000e\000s\000c\000h\000e\000m\000e\000s}{section*.1}% 2
\BOOKMARK [2][-]{subsection*.8}{\376\377\000P\000r\000o\000d\000u\000c\000t\000s\000\040\000o\000f\000\040\000p\000r\000e\000s\000c\000h\000e\000m\000e\000s}{section*.1}% 3
\BOOKMARK [2][-]{subsection*.26}{\376\377\000F\000o\000r\000m\000a\000l\000\040\000p\000r\000o\000p\000e\000r\000t\000i\000e\000s\000\040\000o\000f\000\040\000t\000h\000e\000\040\000p\000r\000o\000d\000u\000c\000t\000;\000\040\000c\000h\000a\000n\000g\000e\000\040\000o\000f\000\040\000t\000h\000e\000\040\000b\000a\000s\000e\000\040\000p\000r\000e\000s\000c\000h\000e\000m\000e}{section*.1}% 4
\BOOKMARK [2][-]{subsection*.52}{\376\377\000P\000o\000i\000n\000t\000s\000\040\000o\000f\000\040\000a\000\040\000p\000r\000e\000s\000c\000h\000e\000m\000e\000\040\000w\000i\000t\000h\000\040\000v\000a\000l\000u\000e\000s\000\040\000i\000n\000\040\000a\000\040\000p\000r\000e\000s\000c\000h\000e\000m\000e\000;\000\040\000g\000e\000o\000m\000e\000t\000r\000i\000c\000\040\000p\000o\000i\000n\000t\000s}{section*.1}% 5
\BOOKMARK [2][-]{subsection*.71}{\376\377\000S\000u\000r\000j\000e\000c\000t\000i\000o\000n\000s\000\040\000a\000n\000d\000\040\000i\000n\000j\000e\000c\000t\000i\000o\000n\000s}{section*.1}% 6
\BOOKMARK [2][-]{subsection*.84}{\376\377\000F\000i\000b\000r\000e\000s}{section*.1}% 7
\BOOKMARK [2][-]{subsection*.91}{\376\377\000A\000p\000p\000l\000i\000c\000a\000t\000i\000o\000n\000:\000\040\000r\000e\000d\000u\000c\000t\000i\000o\000n\000\040\000o\000f\000\040\000a\000\040\000p\000r\000e\000s\000c\000h\000e\000m\000e\000\040\000m\000o\000d\000.\000\040\000J}{section*.1}% 8
\BOOKMARK [1][-]{section*.97}{\376\377\0004\000.\000\040\000S\000u\000b\000p\000r\000e\000s\000c\000h\000e\000m\000e\000s\000\040\000a\000n\000d\000\040\000i\000m\000m\000e\000r\000s\000i\000o\000n\000\040\000m\000o\000r\000p\000h\000i\000s\000m\000s}{}% 9
\BOOKMARK [2][-]{subsection*.99}{\376\377\000S\000u\000b\000p\000r\000e\000s\000c\000h\000e\000m\000e\000s}{section*.97}% 10
\BOOKMARK [2][-]{subsection*.112}{\376\377\000I\000m\000m\000e\000r\000s\000i\000o\000n\000\040\000m\000o\000r\000p\000h\000i\000s\000m\000s}{section*.97}% 11
\BOOKMARK [2][-]{subsection*.120}{\376\377\000P\000r\000o\000d\000u\000c\000t\000s\000\040\000o\000f\000\040\000i\000m\000m\000e\000r\000s\000i\000o\000n\000s}{section*.97}% 12
\BOOKMARK [2][-]{subsection*.125}{\376\377\000I\000n\000v\000e\000r\000s\000e\000\040\000i\000m\000a\000g\000e\000s\000\040\000o\000f\000\040\000a\000\040\000s\000u\000b\000p\000r\000e\000s\000c\000h\000e\000m\000e}{section*.97}% 13
\BOOKMARK [2][-]{subsection*.133}{\376\377\000L\000o\000c\000a\000l\000\040\000i\000m\000m\000e\000r\000s\000i\000o\000n\000s\000\040\000a\000n\000d\000\040\000l\000o\000c\000a\000l\000\040\000i\000s\000o\000m\000o\000r\000p\000h\000i\000s\000m\000s}{section*.97}% 14
\BOOKMARK [1][-]{section*.142}{\376\377\0005\000.\000\040\000R\000e\000d\000u\000c\000e\000d\000\040\000p\000r\000e\000s\000c\000h\000e\000m\000e\000s\000;\000\040\000t\000h\000e\000\040\000s\000e\000p\000a\000r\000a\000t\000i\000o\000n\000\040\000c\000o\000n\000d\000i\000t\000i\000o\000n}{}% 15
\BOOKMARK [2][-]{subsection*.144}{\376\377\000R\000e\000d\000u\000c\000e\000d\000\040\000p\000r\000e\000s\000c\000h\000e\000m\000e\000s}{section*.142}% 16
\BOOKMARK [2][-]{subsection*.160}{\376\377\000E\000x\000i\000s\000t\000e\000n\000c\000e\000\040\000o\000f\000\040\000a\000\040\000s\000u\000b\000p\000r\000e\000s\000c\000h\000e\000m\000e\000\040\000w\000i\000t\000h\000\040\000a\000\040\000g\000i\000v\000e\000n\000\040\000u\000n\000d\000e\000r\000l\000y\000i\000n\000g\000\040\000s\000p\000a\000c\000e}{section*.142}% 17
\BOOKMARK [2][-]{subsection*.166}{\376\377\000D\000i\000a\000g\000o\000n\000a\000l\000;\000\040\000g\000r\000a\000p\000h\000\040\000o\000f\000\040\000a\000\040\000m\000o\000r\000p\000h\000i\000s\000m}{section*.142}% 18
\BOOKMARK [2][-]{subsection*.197}{\376\377\000S\000e\000p\000a\000r\000a\000t\000e\000d\000\040\000m\000o\000r\000p\000h\000i\000s\000m\000s\000\040\000a\000n\000d\000\040\000s\000e\000p\000a\000r\000a\000t\000e\000d\000\040\000p\000r\000e\000s\000c\000h\000e\000m\000e\000s}{section*.142}% 19
\BOOKMARK [2][-]{subsection*.209}{\376\377\000S\000e\000p\000a\000r\000a\000t\000i\000o\000n\000\040\000c\000r\000i\000t\000e\000r\000i\000a}{section*.142}% 20
