Initial Win CP for (console input, console output, system): (CP437, CP65001, CP1252)
I changed them all to CP1252
Rc files read (in order):
  NONE
Latexmk: This is Latexmk, John Collins, 9 March 2026. Version 4.88.
No existing .aux file, so I'll make a simple one, and require run of *latex.
Latexmk: applying rule 'pdflatex'...
Rule 'pdflatex':  Reasons for rerun
Category 'other':
  Rerun of 'pdflatex' forced or previously required:
    Reason or flag: 'Initial setup'

------------
Run number 1 of rule 'pdflatex'
------------
------------
Running 'pdflatex  -interaction=nonstopmode -halt-on-error -file-line-error -recorder  "SGA6_English_Complete_ReferenceLinked_Master_20260723.tex"'
------------
This is pdfTeX, Version 3.141592653-2.6-1.40.29 (MiKTeX 26.5) (preloaded format=pdflatex.fmt)
 restricted \write18 enabled.
entering extended mode
(SGA6_English_Complete_ReferenceLinked_Master_20260723.tex
LaTeX2e <2025-11-01>
L3 programming layer <2026-03-20>
(<LOCAL_HOME>\AppData\Local\Programs\MiKTeX\tex/latex/base\article.cls
Document Class: article 2025/01/22 v1.4n Standard LaTeX document class
(<LOCAL_HOME>\AppData\Local\Programs\MiKTeX\tex/latex/base\size11.clo))
(<LOCAL_HOME>\AppData\Local\Programs\MiKTeX\tex/latex/base\inputenc.sty)
(<LOCAL_HOME>\AppData\Local\Programs\MiKTeX\tex/latex/base\fontenc.sty)
(<LOCAL_HOME>\AppData\Local\Programs\MiKTeX\tex/latex/geometry\geometry.sty
(<LOCAL_HOME>\AppData\Local\Programs\MiKTeX\tex/latex/graphics\keyval.sty)
(<LOCAL_HOME>\AppData\Local\Programs\MiKTeX\tex/generic/iftex\ifvtex.sty
(<LOCAL_HOME>\AppData\Local\Programs\MiKTeX\tex/generic/iftex\iftex.sty))
(<LOCAL_HOME>\AppData\Local\Programs\MiKTeX\tex/latex/geometry\geometry.cfg)
) (<LOCAL_HOME>\AppData\Local\Programs\MiKTeX\tex/latex/lm\lmodern.sty)
(<LOCAL_HOME>\AppData\Local\Programs\MiKTeX\tex/latex/microtype\microtype.st
y
(<LOCAL_HOME>\AppData\Local\Programs\MiKTeX\tex/latex/etoolbox\etoolbox.sty)

(<LOCAL_HOME>\AppData\Local\Programs\MiKTeX\tex/latex/microtype\microtype-pd
ftex.def)
(<LOCAL_HOME>\AppData\Local\Programs\MiKTeX\tex/latex/microtype\microtype.cf
g))
(<LOCAL_HOME>\AppData\Local\Programs\MiKTeX\tex/latex/amsmath\amsmath.sty
For additional information on amsmath, use the `?' option.
(<LOCAL_HOME>\AppData\Local\Programs\MiKTeX\tex/latex/amsmath\amstext.sty
(<LOCAL_HOME>\AppData\Local\Programs\MiKTeX\tex/latex/amsmath\amsgen.sty))
(<LOCAL_HOME>\AppData\Local\Programs\MiKTeX\tex/latex/amsmath\amsbsy.sty)
(<LOCAL_HOME>\AppData\Local\Programs\MiKTeX\tex/latex/amsmath\amsopn.sty))
(<LOCAL_HOME>\AppData\Local\Programs\MiKTeX\tex/latex/amsfonts\amssymb.sty
(<LOCAL_HOME>\AppData\Local\Programs\MiKTeX\tex/latex/amsfonts\amsfonts.sty)
)
(<LOCAL_HOME>\AppData\Local\Programs\MiKTeX\tex/latex/mathtools\mathtools.st
y (<LOCAL_HOME>\AppData\Local\Programs\MiKTeX\tex/latex/tools\calc.sty)
(<LOCAL_HOME>\AppData\Local\Programs\MiKTeX\tex/latex/mathtools\mhsetup.sty)
)
(<LOCAL_HOME>\AppData\Local\Programs\MiKTeX\tex/latex/jknappen\mathrsfs.sty)
 (<LOCAL_HOME>\AppData\Local\Programs\MiKTeX\tex/latex/tikz-cd\tikz-cd.sty
(<LOCAL_HOME>\AppData\Local\Programs\MiKTeX\tex/latex/pgf/frontendlayer\tikz
.sty
(<LOCAL_HOME>\AppData\Local\Programs\MiKTeX\tex/latex/pgf/basiclayer\pgf.sty

(<LOCAL_HOME>\AppData\Local\Programs\MiKTeX\tex/latex/pgf/utilities\pgfrcs.s
ty
(<LOCAL_HOME>\AppData\Local\Programs\MiKTeX\tex/generic/pgf/utilities\pgfuti
l-common.tex)
(<LOCAL_HOME>\AppData\Local\Programs\MiKTeX\tex/generic/pgf/utilities\pgfuti
l-latex.def)
(<LOCAL_HOME>\AppData\Local\Programs\MiKTeX\tex/generic/pgf/utilities\pgfrcs
.code.tex
(<LOCAL_HOME>\AppData\Local\Programs\MiKTeX\tex/generic/pgf\pgf.revision.tex
)))
(<LOCAL_HOME>\AppData\Local\Programs\MiKTeX\tex/latex/pgf/basiclayer\pgfcore
.sty
(<LOCAL_HOME>\AppData\Local\Programs\MiKTeX\tex/latex/graphics\graphicx.sty
(<LOCAL_HOME>\AppData\Local\Programs\MiKTeX\tex/latex/graphics\graphics.sty
(<LOCAL_HOME>\AppData\Local\Programs\MiKTeX\tex/latex/graphics\trig.sty)
(<LOCAL_HOME>\AppData\Local\Programs\MiKTeX\tex/latex/graphics-cfg\graphics.
cfg)
(<LOCAL_HOME>\AppData\Local\Programs\MiKTeX\tex/latex/graphics-def\pdftex.de
f)))
(<LOCAL_HOME>\AppData\Local\Programs\MiKTeX\tex/latex/pgf/systemlayer\pgfsys
.sty
(<LOCAL_HOME>\AppData\Local\Programs\MiKTeX\tex/generic/pgf/systemlayer\pgfs
ys.code.tex
(<LOCAL_HOME>\AppData\Local\Programs\MiKTeX\tex/generic/pgf/utilities\pgfkey
s.code.tex
(<LOCAL_HOME>\AppData\Local\Programs\MiKTeX\tex/generic/pgf/utilities\pgfkey
slibraryfiltered.code.tex))
(<LOCAL_HOME>\AppData\Local\Programs\MiKTeX\tex/generic/pgf/systemlayer\pgf.
cfg)
(<LOCAL_HOME>\AppData\Local\Programs\MiKTeX\tex/generic/pgf/systemlayer\pgfs
ys-pdftex.def
(<LOCAL_HOME>\AppData\Local\Programs\MiKTeX\tex/generic/pgf/systemlayer\pgfs
ys-common-pdf.def)))
(<LOCAL_HOME>\AppData\Local\Programs\MiKTeX\tex/generic/pgf/systemlayer\pgfs
yssoftpath.code.tex)
(<LOCAL_HOME>\AppData\Local\Programs\MiKTeX\tex/generic/pgf/systemlayer\pgfs
ysprotocol.code.tex))
(<LOCAL_HOME>\AppData\Local\Programs\MiKTeX\tex/latex/xcolor\xcolor.sty
(<LOCAL_HOME>\AppData\Local\Programs\MiKTeX\tex/latex/graphics-cfg\color.cfg
)
(<LOCAL_HOME>\AppData\Local\Programs\MiKTeX\tex/latex/graphics\mathcolor.ltx
))
(<LOCAL_HOME>\AppData\Local\Programs\MiKTeX\tex/generic/pgf/basiclayer\pgfco
re.code.tex
(<LOCAL_HOME>\AppData\Local\Programs\MiKTeX\tex/generic/pgf/math\pgfmath.cod
e.tex
(<LOCAL_HOME>\AppData\Local\Programs\MiKTeX\tex/generic/pgf/math\pgfmathutil
.code.tex)
(<LOCAL_HOME>\AppData\Local\Programs\MiKTeX\tex/generic/pgf/math\pgfmathpars
er.code.tex)
(<LOCAL_HOME>\AppData\Local\Programs\MiKTeX\tex/generic/pgf/math\pgfmathfunc
tions.code.tex)
(<LOCAL_HOME>\AppData\Local\Programs\MiKTeX\tex/generic/pgf/math\pgfmathfunc
tions.basic.code.tex)
(<LOCAL_HOME>\AppData\Local\Programs\MiKTeX\tex/generic/pgf/math\pgfmathfunc
tions.trigonometric.code.tex)
(<LOCAL_HOME>\AppData\Local\Programs\MiKTeX\tex/generic/pgf/math\pgfmathfunc
tions.random.code.tex)
(<LOCAL_HOME>\AppData\Local\Programs\MiKTeX\tex/generic/pgf/math\pgfmathfunc
tions.comparison.code.tex)
(<LOCAL_HOME>\AppData\Local\Programs\MiKTeX\tex/generic/pgf/math\pgfmathfunc
tions.base.code.tex)
(<LOCAL_HOME>\AppData\Local\Programs\MiKTeX\tex/generic/pgf/math\pgfmathfunc
tions.round.code.tex)
(<LOCAL_HOME>\AppData\Local\Programs\MiKTeX\tex/generic/pgf/math\pgfmathfunc
tions.misc.code.tex)
(<LOCAL_HOME>\AppData\Local\Programs\MiKTeX\tex/generic/pgf/math\pgfmathfunc
tions.integerarithmetics.code.tex)
(<LOCAL_HOME>\AppData\Local\Programs\MiKTeX\tex/generic/pgf/math\pgfmathcalc
.code.tex)
(<LOCAL_HOME>\AppData\Local\Programs\MiKTeX\tex/generic/pgf/math\pgfmathfloa
t.code.tex))
(<LOCAL_HOME>\AppData\Local\Programs\MiKTeX\tex/generic/pgf/math\pgfint.code
.tex)
(<LOCAL_HOME>\AppData\Local\Programs\MiKTeX\tex/generic/pgf/basiclayer\pgfco
repoints.code.tex)
(<LOCAL_HOME>\AppData\Local\Programs\MiKTeX\tex/generic/pgf/basiclayer\pgfco
repathconstruct.code.tex)
(<LOCAL_HOME>\AppData\Local\Programs\MiKTeX\tex/generic/pgf/basiclayer\pgfco
repathusage.code.tex)
(<LOCAL_HOME>\AppData\Local\Programs\MiKTeX\tex/generic/pgf/basiclayer\pgfco
rescopes.code.tex)
(<LOCAL_HOME>\AppData\Local\Programs\MiKTeX\tex/generic/pgf/basiclayer\pgfco
regraphicstate.code.tex)
(<LOCAL_HOME>\AppData\Local\Programs\MiKTeX\tex/generic/pgf/basiclayer\pgfco
retransformations.code.tex)
(<LOCAL_HOME>\AppData\Local\Programs\MiKTeX\tex/generic/pgf/basiclayer\pgfco
requick.code.tex)
(<LOCAL_HOME>\AppData\Local\Programs\MiKTeX\tex/generic/pgf/basiclayer\pgfco
reobjects.code.tex)
(<LOCAL_HOME>\AppData\Local\Programs\MiKTeX\tex/generic/pgf/basiclayer\pgfco
repathprocessing.code.tex)
(<LOCAL_HOME>\AppData\Local\Programs\MiKTeX\tex/generic/pgf/basiclayer\pgfco
rearrows.code.tex)
(<LOCAL_HOME>\AppData\Local\Programs\MiKTeX\tex/generic/pgf/basiclayer\pgfco
reshade.code.tex)
(<LOCAL_HOME>\AppData\Local\Programs\MiKTeX\tex/generic/pgf/basiclayer\pgfco
reimage.code.tex)
(<LOCAL_HOME>\AppData\Local\Programs\MiKTeX\tex/generic/pgf/basiclayer\pgfco
reexternal.code.tex)
(<LOCAL_HOME>\AppData\Local\Programs\MiKTeX\tex/generic/pgf/basiclayer\pgfco
relayers.code.tex)
(<LOCAL_HOME>\AppData\Local\Programs\MiKTeX\tex/generic/pgf/basiclayer\pgfco
retransparency.code.tex)
(<LOCAL_HOME>\AppData\Local\Programs\MiKTeX\tex/generic/pgf/basiclayer\pgfco
repatterns.code.tex)
(<LOCAL_HOME>\AppData\Local\Programs\MiKTeX\tex/generic/pgf/basiclayer\pgfco
rerdf.code.tex)))
(<LOCAL_HOME>\AppData\Local\Programs\MiKTeX\tex/generic/pgf/modules\pgfmodul
eshapes.code.tex)
(<LOCAL_HOME>\AppData\Local\Programs\MiKTeX\tex/generic/pgf/modules\pgfmodul
eplot.code.tex)
(<LOCAL_HOME>\AppData\Local\Programs\MiKTeX\tex/latex/pgf/compatibility\pgfc
omp-version-0-65.sty)
(<LOCAL_HOME>\AppData\Local\Programs\MiKTeX\tex/latex/pgf/compatibility\pgfc
omp-version-1-18.sty))
(<LOCAL_HOME>\AppData\Local\Programs\MiKTeX\tex/latex/pgf/utilities\pgffor.s
ty
(<LOCAL_HOME>\AppData\Local\Programs\MiKTeX\tex/latex/pgf/utilities\pgfkeys.
sty
(<LOCAL_HOME>\AppData\Local\Programs\MiKTeX\tex/generic/pgf/utilities\pgfkey
s.code.tex))
(<LOCAL_HOME>\AppData\Local\Programs\MiKTeX\tex/latex/pgf/math\pgfmath.sty
(<LOCAL_HOME>\AppData\Local\Programs\MiKTeX\tex/generic/pgf/math\pgfmath.cod
e.tex))
(<LOCAL_HOME>\AppData\Local\Programs\MiKTeX\tex/generic/pgf/utilities\pgffor
.code.tex))
(<LOCAL_HOME>\AppData\Local\Programs\MiKTeX\tex/generic/pgf/frontendlayer/ti
kz\tikz.code.tex
(<LOCAL_HOME>\AppData\Local\Programs\MiKTeX\tex/generic/pgf/libraries\pgflib
raryplothandlers.code.tex)
(<LOCAL_HOME>\AppData\Local\Programs\MiKTeX\tex/generic/pgf/modules\pgfmodul
ematrix.code.tex)
(<LOCAL_HOME>\AppData\Local\Programs\MiKTeX\tex/generic/pgf/frontendlayer/ti
kz/libraries\tikzlibrarytopaths.code.tex)))
(<LOCAL_HOME>\AppData\Local\Programs\MiKTeX\tex/latex/tikz-cd\tikzlibrarycd.
code.tex
(<LOCAL_HOME>\AppData\Local\Programs\MiKTeX\tex/generic/pgf/frontendlayer/ti
kz/libraries\tikzlibrarymatrix.code.tex)
(<LOCAL_HOME>\AppData\Local\Programs\MiKTeX\tex/generic/pgf/frontendlayer/ti
kz/libraries\tikzlibraryquotes.code.tex)
(<LOCAL_HOME>\AppData\Local\Programs\MiKTeX\tex/generic/pgf/libraries\pgflib
raryarrows.meta.code.tex)))
(<LOCAL_HOME>\AppData\Local\Programs\MiKTeX\tex/latex/enumitem\enumitem.sty)
 (<LOCAL_HOME>\AppData\Local\Programs\MiKTeX\tex/latex/tools\longtable.sty)
(<LOCAL_HOME>\AppData\Local\Programs\MiKTeX\tex/latex/booktabs\booktabs.sty)
 (<LOCAL_HOME>\AppData\Local\Programs\MiKTeX\tex/latex/tools\array.sty)
(<LOCAL_HOME>\AppData\Local\Programs\MiKTeX\tex/latex/hyperref\hyperref.sty
(<LOCAL_HOME>\AppData\Local\Programs\MiKTeX\tex/latex/kvsetkeys\kvsetkeys.st
y)
(<LOCAL_HOME>\AppData\Local\Programs\MiKTeX\tex/generic/kvdefinekeys\kvdefin
ekeys.sty)
(<LOCAL_HOME>\AppData\Local\Programs\MiKTeX\tex/generic/pdfescape\pdfescape.
sty
(<LOCAL_HOME>\AppData\Local\Programs\MiKTeX\tex/generic/ltxcmds\ltxcmds.sty)

(<LOCAL_HOME>\AppData\Local\Programs\MiKTeX\tex/generic/pdftexcmds\pdftexcmd
s.sty
(<LOCAL_HOME>\AppData\Local\Programs\MiKTeX\tex/generic/infwarerr\infwarerr.
sty)))
(<LOCAL_HOME>\AppData\Local\Programs\MiKTeX\tex/latex/hycolor\hycolor.sty)
(<LOCAL_HOME>\AppData\Local\Programs\MiKTeX\tex/latex/hyperref\nameref.sty
(<LOCAL_HOME>\AppData\Local\Programs\MiKTeX\tex/latex/refcount\refcount.sty)

(<LOCAL_HOME>\AppData\Local\Programs\MiKTeX\tex/generic/gettitlestring\getti
tlestring.sty
(<LOCAL_HOME>\AppData\Local\Programs\MiKTeX\tex/latex/kvoptions\kvoptions.st
y)))
(<LOCAL_HOME>\AppData\Local\Programs\MiKTeX\tex/generic/stringenc\stringenc.
sty)
(<LOCAL_HOME>\AppData\Local\Programs\MiKTeX\tex/latex/hyperref\pd1enc.def)
(<LOCAL_HOME>\AppData\Local\Programs\MiKTeX\tex/generic/intcalc\intcalc.sty)
(<LOCAL_HOME>\AppData\Local\Programs\MiKTeX\tex/latex/hyperref\puenc.def)
(<LOCAL_HOME>\AppData\Local\Programs\MiKTeX\tex/latex/url\url.sty)
(<LOCAL_HOME>\AppData\Local\Programs\MiKTeX\tex/generic/bitset\bitset.sty
(<LOCAL_HOME>\AppData\Local\Programs\MiKTeX\tex/generic/bigintcalc\bigintcal
c.sty)))
(<LOCAL_HOME>\AppData\Local\Programs\MiKTeX\tex/latex/hyperref\hpdftex.def
(<LOCAL_HOME>\AppData\Local\Programs\MiKTeX\tex/latex/rerunfilecheck\rerunfi
lecheck.sty
(<LOCAL_HOME>\AppData\Local\Programs\MiKTeX\tex/generic/uniquecounter\unique
counter.sty)))
(<LOCAL_HOME>\AppData\Local\Programs\MiKTeX\tex/latex/hyperxmp\hyperxmp.sty
(<LOCAL_HOME>\AppData\Local\Programs\MiKTeX\tex/latex/ifmtarg\ifmtarg.sty)
(<LOCAL_HOME>\AppData\Local\Programs\MiKTeX\tex/latex/base\ifthen.sty)
(<LOCAL_HOME>\AppData\Local\Programs\MiKTeX\tex/latex/oberdiek\ifdraft.sty)
(<LOCAL_HOME>\AppData\Local\Programs\MiKTeX\tex/generic/iftex\ifluatex.sty))
(<LOCAL_HOME>\AppData\Local\Programs\MiKTeX\tex/latex/lm\t1lmr.fd)
(<LOCAL_HOME>\AppData\Local\Programs\MiKTeX\tex/latex/l3backend\l3backend-pd
ftex.def) (SGA6_English_Complete_ReferenceLinked_Master_20260723.aux)
*geometry* driver: auto-detecting
*geometry* detected driver: pdftex
(<LOCAL_HOME>\AppData\Local\Programs\MiKTeX\tex/latex/microtype\mt-cmr.cfg)
(<LOCAL_HOME>\AppData\Local\Programs\MiKTeX\tex/context/base/mkii\supp-pdf.m
kii
[Loading MPS to PDF converter (version 2006.09.02).]
)
(<LOCAL_HOME>\AppData\Local\Programs\MiKTeX\tex/latex/epstopdf-pkg\epstopdf-
base.sty
(<LOCAL_HOME>\AppData\Local\Programs\MiKTeX\tex/latex/00miktex\epstopdf-sys.
cfg))
(SGA6_sourcePDF001_525_English_Inherited_PartiallySourceSynchronized_fragment.t
ex
(<LOCAL_HOME>\AppData\Local\Programs\MiKTeX\tex/generic/stringenc\se-pdfdoc.
def)
(<LOCAL_HOME>\AppData\Local\Programs\MiKTeX\tex/generic/stringenc\se-utf8.de
f) [1{<LOCAL_HOME>/AppData/Local/MiKTeX/fonts/map/pdftex/pdftex.map}{C:/User
s/Floris/AppData/Local/Programs/MiKTeX/fonts/enc/dvips/lm/lm-ec.enc}]
(<LOCAL_HOME>\AppData\Local\Programs\MiKTeX\tex/latex/lm\ot1lmr.fd)
(<LOCAL_HOME>\AppData\Local\Programs\MiKTeX\tex/latex/lm\omllmm.fd)
(<LOCAL_HOME>\AppData\Local\Programs\MiKTeX\tex/latex/lm\omslmsy.fd)
(<LOCAL_HOME>\AppData\Local\Programs\MiKTeX\tex/latex/lm\omxlmex.fd)
(<LOCAL_HOME>\AppData\Local\Programs\MiKTeX\tex/latex/amsfonts\umsa.fd)
(<LOCAL_HOME>\AppData\Local\Programs\MiKTeX\tex/latex/microtype\mt-msa.cfg)
(<LOCAL_HOME>\AppData\Local\Programs\MiKTeX\tex/latex/amsfonts\umsb.fd)
(<LOCAL_HOME>\AppData\Local\Programs\MiKTeX\tex/latex/microtype\mt-msb.cfg)
(<LOCAL_HOME>\AppData\Local\Programs\MiKTeX\tex/latex/jknappen\ursfs.fd)
[2{<LOCAL_HOME>/AppData/Local/Programs/MiKTeX/fonts/enc/dvips/lm/lm-mathit.e
nc}{<LOCAL_HOME>/AppData/Local/Programs/MiKTeX/fonts/enc/dvips/lm/lm-mathsy.
enc}] [3] [4{<LOCAL_HOME>/AppData/Local/Programs/MiKTeX/fonts/enc/dvips/lm/l
m-rm.enc}{<LOCAL_HOME>/AppData/Local/Programs/MiKTeX/fonts/enc/dvips/lm/lm-m
athex.enc}] [5] [6] [7] [8] [9] [10] [11] [12] [13] [14] [15] [16] [17]
[18] [19] [20] [21] [22]
(<LOCAL_HOME>\AppData\Local\Programs\MiKTeX\tex/latex/amsfonts\ueuf.fd)
(<LOCAL_HOME>\AppData\Local\Programs\MiKTeX\tex/latex/microtype\mt-euf.cfg)
[23] [24] [25] [26] [27] [28] [29] [30] [31] [32] [33] [34] [35] [36] [37]
[38] [39] [40] [41] [42] [43] [44] [45] [46] [47] [48] [49] [50] [51] [52]
[53] [54] [55] [56] [57] [58] [59] [60] [61] [62] [63] [64] [65] [66] [67]
[68] (<LOCAL_HOME>\AppData\Local\Programs\MiKTeX\tex/latex/lm\ts1lmr.fd)
[69{<LOCAL_HOME>/AppData/Local/Programs/MiKTeX/fonts/enc/dvips/lm/lm-ts1.enc
}] [70] [71] [72] [73] [74] [75] [76] [77] [78] [79] [80] [81] [82] [83]
[84] [85] [86] [87] [88] [89] [90] [91] [92] [93] [94] [95] [96] [97] [98]
[99] [100] [101] [102] [103] [104] [105] [106] [107] [108] [109] [110] [111]
[112] [113] [114] [115] [116] [117] [118] [119] [120] [121] [122] [123]
[124] [125] [126] [127] [128] [129] [130] [131] [132] [133] [134] [135]
[136] [137] [138] [139] [140] [141] [142] [143] [144] [145] [146] [147]
[148] [149] [150] [151] [152] [153] [154] [155] [156] [157] [158] [159]
[160] [161] [162] [163] [164] [165] [166] [167] [168] [169] [170] [171]
[172] [173] [174] [175] [176] [177] [178] [179] [180] [181] [182] [183]
[184] [185] [186] [187] [188] [189] [190] [191] [192] [193] [194] [195]
[196] [197] [198] [199] [200] [201] [202] [203] [204] [205] [206] [207]
[208] [209] [210] [211] [212] [213] [214] [215] [216] [217] [218] [219]
[220] [221] [222] [223] [224] [225] [226] [227] [228] [229] [230] [231]
[232] [233] [234] [235] [236] [237] [238] [239] [240] [241] [242] [243]
[244] [245] [246] [247] [248] [249] [250] [251] [252] [253] [254] [255]
[256] [257] [258] [259] [260] [261] [262] [263] [264] [265] [266] [267]
[268] [269] [270]) [271] (SGA6_tail_macro_state.tex)
(SGA6_idx532_702_and_backmatter_English_Synchronized_body.tex [272] [273]
[274] [275] [276] [277] [278] [279] [280] [281] [282] [283] [284] [285]
[286] [287] [288] [289] [290] [291] [292] [293] [294] [295] [296] [297]
[298] [299] [300] [301] [302] [303] [304] [305] [306]
(SGA6_Expose_X_idx598_607_English_SourceChecked_fragment.tex [307] [308]
[309] [310] [311]) (SGA6_idx608_646_English_SourceChecked_fragment.tex
(SGA6_idx608_615_English_SourceChecked_fragment.tex [312] [313] [314] [315]
[316]) (SGA6_idx616_624_English_SourceChecked_fragment.tex [317] [318] [319]
[320] [321] [322]) (SGA6_idx625_635_English_SourceChecked_fragment.tex [323]
[324] [325] [326] [327] [328] [329] [330] [331] [332] [333])
(SGA6_idx636_646_English_SourceChecked_fragment.tex [334] [335] [336] [337]
[338] [339] [340] [341])) (SGA6_idx647_665_English_SourceChecked_fragment.tex
[342] [343] [344] [345] [346] [347] [348] [349])
(fragments/SGA6_idx666_684_English_Reconciled_Prefix.tex [350] [351] [352]
[353] [354] [355] [356] [357] [358] [359])
(fragments/SGA6_XIV_idx685_692_English_SourceChecked_body.tex [360] [361]
[362] [363] [364])
(fragments/SGA6_XIV_idx693_702_English_SourceChecked_body.tex [365] [366]
[367] [368] [369] [370])
(fragments/SGA6_XIV_idx685_702_Editorial_Source_Notes.tex)
(SGA6_BackMatter_sourcePDF693_702_English_SourceChecked_fragment.tex [371]
[372] [373] [374] [375])) [376]

LaTeX Warning: Hook 'shipout/lastpage' executed on wrong page (1 not 376).
               Rerun to correct this.

(SGA6_English_Complete_ReferenceLinked_Master_20260723.aux)

Package rerunfilecheck Warning: File `SGA6_English_Complete_ReferenceLinked_Mas
ter_20260723.out' has changed.
(rerunfilecheck)                Rerun to get outlines right
(rerunfilecheck)                or use package `bookmark'.

 )<<LOCAL_HOME>/AppData/Local/Programs/MiKTeX/fonts/type1/public/amsfonts/eu
ler/eufm10.pfb><<LOCAL_HOME>/AppData/Local/Programs/MiKTeX/fonts/type1/publi
c/lm/lmbx10.pfb><<LOCAL_HOME>/AppData/Local/Programs/MiKTeX/fonts/type1/publ
ic/lm/lmbx12.pfb><<LOCAL_HOME>/AppData/Local/Programs/MiKTeX/fonts/type1/pub
lic/lm/lmbx8.pfb><<LOCAL_HOME>/AppData/Local/Programs/MiKTeX/fonts/type1/pub
lic/lm/lmex10.pfb><<LOCAL_HOME>/AppData/Local/Programs/MiKTeX/fonts/type1/pu
blic/lm/lmmi10.pfb><<LOCAL_HOME>/AppData/Local/Programs/MiKTeX/fonts/type1/p
ublic/lm/lmmi12.pfb><<LOCAL_HOME>/AppData/Local/Programs/MiKTeX/fonts/type1/
public/lm/lmmi5.pfb><<LOCAL_HOME>/AppData/Local/Programs/MiKTeX/fonts/type1/
public/lm/lmmi6.pfb><<LOCAL_HOME>/AppData/Local/Programs/MiKTeX/fonts/type1/
public/lm/lmmi7.pfb><<LOCAL_HOME>/AppData/Local/Programs/MiKTeX/fonts/type1/
public/lm/lmmi8.pfb><<LOCAL_HOME>/AppData/Local/Programs/MiKTeX/fonts/type1/
public/lm/lmmi9.pfb><<LOCAL_HOME>/AppData/Local/Programs/MiKTeX/fonts/type1/
public/lm/lmr10.pfb><<LOCAL_HOME>/AppData/Local/Programs/MiKTeX/fonts/type1/
public/lm/lmr12.pfb><<LOCAL_HOME>/AppData/Local/Programs/MiKTeX/fonts/type1/
public/lm/lmr5.pfb><<LOCAL_HOME>/AppData/Local/Programs/MiKTeX/fonts/type1/p
ublic/lm/lmr6.pfb><<LOCAL_HOME>/AppData/Local/Programs/MiKTeX/fonts/type1/pu
blic/lm/lmr7.pfb><<LOCAL_HOME>/AppData/Local/Programs/MiKTeX/fonts/type1/pub
lic/lm/lmr8.pfb><<LOCAL_HOME>/AppData/Local/Programs/MiKTeX/fonts/type1/publ
ic/lm/lmr9.pfb><<LOCAL_HOME>/AppData/Local/Programs/MiKTeX/fonts/type1/publi
c/lm/lmri10.pfb><<LOCAL_HOME>/AppData/Local/Programs/MiKTeX/fonts/type1/publ
ic/lm/lmri9.pfb><<LOCAL_HOME>/AppData/Local/Programs/MiKTeX/fonts/type1/publ
ic/lm/lmsy10.pfb><<LOCAL_HOME>/AppData/Local/Programs/MiKTeX/fonts/type1/pub
lic/lm/lmsy5.pfb><<LOCAL_HOME>/AppData/Local/Programs/MiKTeX/fonts/type1/pub
lic/lm/lmsy6.pfb><<LOCAL_HOME>/AppData/Local/Programs/MiKTeX/fonts/type1/pub
lic/lm/lmsy7.pfb><<LOCAL_HOME>/AppData/Local/Programs/MiKTeX/fonts/type1/pub
lic/lm/lmsy8.pfb><<LOCAL_HOME>/AppData/Local/Programs/MiKTeX/fonts/type1/pub
lic/lm/lmsy9.pfb><<LOCAL_HOME>/AppData/Local/Programs/MiKTeX/fonts/type1/pub
lic/amsfonts/symbols/msam10.pfb><<LOCAL_HOME>/AppData/Local/Programs/MiKTeX/
fonts/type1/public/amsfonts/symbols/msbm10.pfb><<LOCAL_HOME>/AppData/Local/P
rograms/MiKTeX/fonts/type1/public/amsfonts/symbols/msbm7.pfb><<LOCAL_HOME>/A
ppData/Local/Programs/MiKTeX/fonts/type1/public/rsfs/rsfs10.pfb>
Output written on SGA6_English_Complete_ReferenceLinked_Master_20260723.pdf (37
6 pages, 3189898 bytes).
Transcript written on SGA6_English_Complete_ReferenceLinked_Master_20260723.log
.
Latexmk: Getting log file 'SGA6_English_Complete_ReferenceLinked_Master_20260723.log'
Latexmk: Examining 'SGA6_English_Complete_ReferenceLinked_Master_20260723.fls'
Latexmk: Examining 'SGA6_English_Complete_ReferenceLinked_Master_20260723.log'
Latexmk: References changed.
Latexmk: Log file says output to 'SGA6_English_Complete_ReferenceLinked_Master_20260723.pdf'
Latexmk: applying rule 'pdflatex'...
Rule 'pdflatex':  Reasons for rerun
Changed files or newly in use/created:
  SGA6_English_Complete_ReferenceLinked_Master_20260723.aux
  SGA6_English_Complete_ReferenceLinked_Master_20260723.out

------------
Run number 2 of rule 'pdflatex'
------------
------------
Running 'pdflatex  -interaction=nonstopmode -halt-on-error -file-line-error -recorder  "SGA6_English_Complete_ReferenceLinked_Master_20260723.tex"'
------------
This is pdfTeX, Version 3.141592653-2.6-1.40.29 (MiKTeX 26.5) (preloaded format=pdflatex.fmt)
 restricted \write18 enabled.
entering extended mode
(SGA6_English_Complete_ReferenceLinked_Master_20260723.tex
LaTeX2e <2025-11-01>
L3 programming layer <2026-03-20>
(<LOCAL_HOME>\AppData\Local\Programs\MiKTeX\tex/latex/base\article.cls
Document Class: article 2025/01/22 v1.4n Standard LaTeX document class
(<LOCAL_HOME>\AppData\Local\Programs\MiKTeX\tex/latex/base\size11.clo))
(<LOCAL_HOME>\AppData\Local\Programs\MiKTeX\tex/latex/base\inputenc.sty)
(<LOCAL_HOME>\AppData\Local\Programs\MiKTeX\tex/latex/base\fontenc.sty)
(<LOCAL_HOME>\AppData\Local\Programs\MiKTeX\tex/latex/geometry\geometry.sty
(<LOCAL_HOME>\AppData\Local\Programs\MiKTeX\tex/latex/graphics\keyval.sty)
(<LOCAL_HOME>\AppData\Local\Programs\MiKTeX\tex/generic/iftex\ifvtex.sty
(<LOCAL_HOME>\AppData\Local\Programs\MiKTeX\tex/generic/iftex\iftex.sty))
(<LOCAL_HOME>\AppData\Local\Programs\MiKTeX\tex/latex/geometry\geometry.cfg)
) (<LOCAL_HOME>\AppData\Local\Programs\MiKTeX\tex/latex/lm\lmodern.sty)
(<LOCAL_HOME>\AppData\Local\Programs\MiKTeX\tex/latex/microtype\microtype.st
y
(<LOCAL_HOME>\AppData\Local\Programs\MiKTeX\tex/latex/etoolbox\etoolbox.sty)

(<LOCAL_HOME>\AppData\Local\Programs\MiKTeX\tex/latex/microtype\microtype-pd
ftex.def)
(<LOCAL_HOME>\AppData\Local\Programs\MiKTeX\tex/latex/microtype\microtype.cf
g))
(<LOCAL_HOME>\AppData\Local\Programs\MiKTeX\tex/latex/amsmath\amsmath.sty
For additional information on amsmath, use the `?' option.
(<LOCAL_HOME>\AppData\Local\Programs\MiKTeX\tex/latex/amsmath\amstext.sty
(<LOCAL_HOME>\AppData\Local\Programs\MiKTeX\tex/latex/amsmath\amsgen.sty))
(<LOCAL_HOME>\AppData\Local\Programs\MiKTeX\tex/latex/amsmath\amsbsy.sty)
(<LOCAL_HOME>\AppData\Local\Programs\MiKTeX\tex/latex/amsmath\amsopn.sty))
(<LOCAL_HOME>\AppData\Local\Programs\MiKTeX\tex/latex/amsfonts\amssymb.sty
(<LOCAL_HOME>\AppData\Local\Programs\MiKTeX\tex/latex/amsfonts\amsfonts.sty)
)
(<LOCAL_HOME>\AppData\Local\Programs\MiKTeX\tex/latex/mathtools\mathtools.st
y (<LOCAL_HOME>\AppData\Local\Programs\MiKTeX\tex/latex/tools\calc.sty)
(<LOCAL_HOME>\AppData\Local\Programs\MiKTeX\tex/latex/mathtools\mhsetup.sty)
)
(<LOCAL_HOME>\AppData\Local\Programs\MiKTeX\tex/latex/jknappen\mathrsfs.sty)
 (<LOCAL_HOME>\AppData\Local\Programs\MiKTeX\tex/latex/tikz-cd\tikz-cd.sty
(<LOCAL_HOME>\AppData\Local\Programs\MiKTeX\tex/latex/pgf/frontendlayer\tikz
.sty
(<LOCAL_HOME>\AppData\Local\Programs\MiKTeX\tex/latex/pgf/basiclayer\pgf.sty

(<LOCAL_HOME>\AppData\Local\Programs\MiKTeX\tex/latex/pgf/utilities\pgfrcs.s
ty
(<LOCAL_HOME>\AppData\Local\Programs\MiKTeX\tex/generic/pgf/utilities\pgfuti
l-common.tex)
(<LOCAL_HOME>\AppData\Local\Programs\MiKTeX\tex/generic/pgf/utilities\pgfuti
l-latex.def)
(<LOCAL_HOME>\AppData\Local\Programs\MiKTeX\tex/generic/pgf/utilities\pgfrcs
.code.tex
(<LOCAL_HOME>\AppData\Local\Programs\MiKTeX\tex/generic/pgf\pgf.revision.tex
)))
(<LOCAL_HOME>\AppData\Local\Programs\MiKTeX\tex/latex/pgf/basiclayer\pgfcore
.sty
(<LOCAL_HOME>\AppData\Local\Programs\MiKTeX\tex/latex/graphics\graphicx.sty
(<LOCAL_HOME>\AppData\Local\Programs\MiKTeX\tex/latex/graphics\graphics.sty
(<LOCAL_HOME>\AppData\Local\Programs\MiKTeX\tex/latex/graphics\trig.sty)
(<LOCAL_HOME>\AppData\Local\Programs\MiKTeX\tex/latex/graphics-cfg\graphics.
cfg)
(<LOCAL_HOME>\AppData\Local\Programs\MiKTeX\tex/latex/graphics-def\pdftex.de
f)))
(<LOCAL_HOME>\AppData\Local\Programs\MiKTeX\tex/latex/pgf/systemlayer\pgfsys
.sty
(<LOCAL_HOME>\AppData\Local\Programs\MiKTeX\tex/generic/pgf/systemlayer\pgfs
ys.code.tex
(<LOCAL_HOME>\AppData\Local\Programs\MiKTeX\tex/generic/pgf/utilities\pgfkey
s.code.tex
(<LOCAL_HOME>\AppData\Local\Programs\MiKTeX\tex/generic/pgf/utilities\pgfkey
slibraryfiltered.code.tex))
(<LOCAL_HOME>\AppData\Local\Programs\MiKTeX\tex/generic/pgf/systemlayer\pgf.
cfg)
(<LOCAL_HOME>\AppData\Local\Programs\MiKTeX\tex/generic/pgf/systemlayer\pgfs
ys-pdftex.def
(<LOCAL_HOME>\AppData\Local\Programs\MiKTeX\tex/generic/pgf/systemlayer\pgfs
ys-common-pdf.def)))
(<LOCAL_HOME>\AppData\Local\Programs\MiKTeX\tex/generic/pgf/systemlayer\pgfs
yssoftpath.code.tex)
(<LOCAL_HOME>\AppData\Local\Programs\MiKTeX\tex/generic/pgf/systemlayer\pgfs
ysprotocol.code.tex))
(<LOCAL_HOME>\AppData\Local\Programs\MiKTeX\tex/latex/xcolor\xcolor.sty
(<LOCAL_HOME>\AppData\Local\Programs\MiKTeX\tex/latex/graphics-cfg\color.cfg
)
(<LOCAL_HOME>\AppData\Local\Programs\MiKTeX\tex/latex/graphics\mathcolor.ltx
))
(<LOCAL_HOME>\AppData\Local\Programs\MiKTeX\tex/generic/pgf/basiclayer\pgfco
re.code.tex
(<LOCAL_HOME>\AppData\Local\Programs\MiKTeX\tex/generic/pgf/math\pgfmath.cod
e.tex
(<LOCAL_HOME>\AppData\Local\Programs\MiKTeX\tex/generic/pgf/math\pgfmathutil
.code.tex)
(<LOCAL_HOME>\AppData\Local\Programs\MiKTeX\tex/generic/pgf/math\pgfmathpars
er.code.tex)
(<LOCAL_HOME>\AppData\Local\Programs\MiKTeX\tex/generic/pgf/math\pgfmathfunc
tions.code.tex)
(<LOCAL_HOME>\AppData\Local\Programs\MiKTeX\tex/generic/pgf/math\pgfmathfunc
tions.basic.code.tex)
(<LOCAL_HOME>\AppData\Local\Programs\MiKTeX\tex/generic/pgf/math\pgfmathfunc
tions.trigonometric.code.tex)
(<LOCAL_HOME>\AppData\Local\Programs\MiKTeX\tex/generic/pgf/math\pgfmathfunc
tions.random.code.tex)
(<LOCAL_HOME>\AppData\Local\Programs\MiKTeX\tex/generic/pgf/math\pgfmathfunc
tions.comparison.code.tex)
(<LOCAL_HOME>\AppData\Local\Programs\MiKTeX\tex/generic/pgf/math\pgfmathfunc
tions.base.code.tex)
(<LOCAL_HOME>\AppData\Local\Programs\MiKTeX\tex/generic/pgf/math\pgfmathfunc
tions.round.code.tex)
(<LOCAL_HOME>\AppData\Local\Programs\MiKTeX\tex/generic/pgf/math\pgfmathfunc
tions.misc.code.tex)
(<LOCAL_HOME>\AppData\Local\Programs\MiKTeX\tex/generic/pgf/math\pgfmathfunc
tions.integerarithmetics.code.tex)
(<LOCAL_HOME>\AppData\Local\Programs\MiKTeX\tex/generic/pgf/math\pgfmathcalc
.code.tex)
(<LOCAL_HOME>\AppData\Local\Programs\MiKTeX\tex/generic/pgf/math\pgfmathfloa
t.code.tex))
(<LOCAL_HOME>\AppData\Local\Programs\MiKTeX\tex/generic/pgf/math\pgfint.code
.tex)
(<LOCAL_HOME>\AppData\Local\Programs\MiKTeX\tex/generic/pgf/basiclayer\pgfco
repoints.code.tex)
(<LOCAL_HOME>\AppData\Local\Programs\MiKTeX\tex/generic/pgf/basiclayer\pgfco
repathconstruct.code.tex)
(<LOCAL_HOME>\AppData\Local\Programs\MiKTeX\tex/generic/pgf/basiclayer\pgfco
repathusage.code.tex)
(<LOCAL_HOME>\AppData\Local\Programs\MiKTeX\tex/generic/pgf/basiclayer\pgfco
rescopes.code.tex)
(<LOCAL_HOME>\AppData\Local\Programs\MiKTeX\tex/generic/pgf/basiclayer\pgfco
regraphicstate.code.tex)
(<LOCAL_HOME>\AppData\Local\Programs\MiKTeX\tex/generic/pgf/basiclayer\pgfco
retransformations.code.tex)
(<LOCAL_HOME>\AppData\Local\Programs\MiKTeX\tex/generic/pgf/basiclayer\pgfco
requick.code.tex)
(<LOCAL_HOME>\AppData\Local\Programs\MiKTeX\tex/generic/pgf/basiclayer\pgfco
reobjects.code.tex)
(<LOCAL_HOME>\AppData\Local\Programs\MiKTeX\tex/generic/pgf/basiclayer\pgfco
repathprocessing.code.tex)
(<LOCAL_HOME>\AppData\Local\Programs\MiKTeX\tex/generic/pgf/basiclayer\pgfco
rearrows.code.tex)
(<LOCAL_HOME>\AppData\Local\Programs\MiKTeX\tex/generic/pgf/basiclayer\pgfco
reshade.code.tex)
(<LOCAL_HOME>\AppData\Local\Programs\MiKTeX\tex/generic/pgf/basiclayer\pgfco
reimage.code.tex)
(<LOCAL_HOME>\AppData\Local\Programs\MiKTeX\tex/generic/pgf/basiclayer\pgfco
reexternal.code.tex)
(<LOCAL_HOME>\AppData\Local\Programs\MiKTeX\tex/generic/pgf/basiclayer\pgfco
relayers.code.tex)
(<LOCAL_HOME>\AppData\Local\Programs\MiKTeX\tex/generic/pgf/basiclayer\pgfco
retransparency.code.tex)
(<LOCAL_HOME>\AppData\Local\Programs\MiKTeX\tex/generic/pgf/basiclayer\pgfco
repatterns.code.tex)
(<LOCAL_HOME>\AppData\Local\Programs\MiKTeX\tex/generic/pgf/basiclayer\pgfco
rerdf.code.tex)))
(<LOCAL_HOME>\AppData\Local\Programs\MiKTeX\tex/generic/pgf/modules\pgfmodul
eshapes.code.tex)
(<LOCAL_HOME>\AppData\Local\Programs\MiKTeX\tex/generic/pgf/modules\pgfmodul
eplot.code.tex)
(<LOCAL_HOME>\AppData\Local\Programs\MiKTeX\tex/latex/pgf/compatibility\pgfc
omp-version-0-65.sty)
(<LOCAL_HOME>\AppData\Local\Programs\MiKTeX\tex/latex/pgf/compatibility\pgfc
omp-version-1-18.sty))
(<LOCAL_HOME>\AppData\Local\Programs\MiKTeX\tex/latex/pgf/utilities\pgffor.s
ty
(<LOCAL_HOME>\AppData\Local\Programs\MiKTeX\tex/latex/pgf/utilities\pgfkeys.
sty
(<LOCAL_HOME>\AppData\Local\Programs\MiKTeX\tex/generic/pgf/utilities\pgfkey
s.code.tex))
(<LOCAL_HOME>\AppData\Local\Programs\MiKTeX\tex/latex/pgf/math\pgfmath.sty
(<LOCAL_HOME>\AppData\Local\Programs\MiKTeX\tex/generic/pgf/math\pgfmath.cod
e.tex))
(<LOCAL_HOME>\AppData\Local\Programs\MiKTeX\tex/generic/pgf/utilities\pgffor
.code.tex))
(<LOCAL_HOME>\AppData\Local\Programs\MiKTeX\tex/generic/pgf/frontendlayer/ti
kz\tikz.code.tex
(<LOCAL_HOME>\AppData\Local\Programs\MiKTeX\tex/generic/pgf/libraries\pgflib
raryplothandlers.code.tex)
(<LOCAL_HOME>\AppData\Local\Programs\MiKTeX\tex/generic/pgf/modules\pgfmodul
ematrix.code.tex)
(<LOCAL_HOME>\AppData\Local\Programs\MiKTeX\tex/generic/pgf/frontendlayer/ti
kz/libraries\tikzlibrarytopaths.code.tex)))
(<LOCAL_HOME>\AppData\Local\Programs\MiKTeX\tex/latex/tikz-cd\tikzlibrarycd.
code.tex
(<LOCAL_HOME>\AppData\Local\Programs\MiKTeX\tex/generic/pgf/frontendlayer/ti
kz/libraries\tikzlibrarymatrix.code.tex)
(<LOCAL_HOME>\AppData\Local\Programs\MiKTeX\tex/generic/pgf/frontendlayer/ti
kz/libraries\tikzlibraryquotes.code.tex)
(<LOCAL_HOME>\AppData\Local\Programs\MiKTeX\tex/generic/pgf/libraries\pgflib
raryarrows.meta.code.tex)))
(<LOCAL_HOME>\AppData\Local\Programs\MiKTeX\tex/latex/enumitem\enumitem.sty)
 (<LOCAL_HOME>\AppData\Local\Programs\MiKTeX\tex/latex/tools\longtable.sty)
(<LOCAL_HOME>\AppData\Local\Programs\MiKTeX\tex/latex/booktabs\booktabs.sty)
 (<LOCAL_HOME>\AppData\Local\Programs\MiKTeX\tex/latex/tools\array.sty)
(<LOCAL_HOME>\AppData\Local\Programs\MiKTeX\tex/latex/hyperref\hyperref.sty
(<LOCAL_HOME>\AppData\Local\Programs\MiKTeX\tex/latex/kvsetkeys\kvsetkeys.st
y)
(<LOCAL_HOME>\AppData\Local\Programs\MiKTeX\tex/generic/kvdefinekeys\kvdefin
ekeys.sty)
(<LOCAL_HOME>\AppData\Local\Programs\MiKTeX\tex/generic/pdfescape\pdfescape.
sty
(<LOCAL_HOME>\AppData\Local\Programs\MiKTeX\tex/generic/ltxcmds\ltxcmds.sty)

(<LOCAL_HOME>\AppData\Local\Programs\MiKTeX\tex/generic/pdftexcmds\pdftexcmd
s.sty
(<LOCAL_HOME>\AppData\Local\Programs\MiKTeX\tex/generic/infwarerr\infwarerr.
sty)))
(<LOCAL_HOME>\AppData\Local\Programs\MiKTeX\tex/latex/hycolor\hycolor.sty)
(<LOCAL_HOME>\AppData\Local\Programs\MiKTeX\tex/latex/hyperref\nameref.sty
(<LOCAL_HOME>\AppData\Local\Programs\MiKTeX\tex/latex/refcount\refcount.sty)

(<LOCAL_HOME>\AppData\Local\Programs\MiKTeX\tex/generic/gettitlestring\getti
tlestring.sty
(<LOCAL_HOME>\AppData\Local\Programs\MiKTeX\tex/latex/kvoptions\kvoptions.st
y)))
(<LOCAL_HOME>\AppData\Local\Programs\MiKTeX\tex/generic/stringenc\stringenc.
sty)
(<LOCAL_HOME>\AppData\Local\Programs\MiKTeX\tex/latex/hyperref\pd1enc.def)
(<LOCAL_HOME>\AppData\Local\Programs\MiKTeX\tex/generic/intcalc\intcalc.sty)
(<LOCAL_HOME>\AppData\Local\Programs\MiKTeX\tex/latex/hyperref\puenc.def)
(<LOCAL_HOME>\AppData\Local\Programs\MiKTeX\tex/latex/url\url.sty)
(<LOCAL_HOME>\AppData\Local\Programs\MiKTeX\tex/generic/bitset\bitset.sty
(<LOCAL_HOME>\AppData\Local\Programs\MiKTeX\tex/generic/bigintcalc\bigintcal
c.sty)))
(<LOCAL_HOME>\AppData\Local\Programs\MiKTeX\tex/latex/hyperref\hpdftex.def
(<LOCAL_HOME>\AppData\Local\Programs\MiKTeX\tex/latex/rerunfilecheck\rerunfi
lecheck.sty
(<LOCAL_HOME>\AppData\Local\Programs\MiKTeX\tex/generic/uniquecounter\unique
counter.sty)))
(<LOCAL_HOME>\AppData\Local\Programs\MiKTeX\tex/latex/hyperxmp\hyperxmp.sty
(<LOCAL_HOME>\AppData\Local\Programs\MiKTeX\tex/latex/ifmtarg\ifmtarg.sty)
(<LOCAL_HOME>\AppData\Local\Programs\MiKTeX\tex/latex/base\ifthen.sty)
(<LOCAL_HOME>\AppData\Local\Programs\MiKTeX\tex/latex/oberdiek\ifdraft.sty)
(<LOCAL_HOME>\AppData\Local\Programs\MiKTeX\tex/generic/iftex\ifluatex.sty))
(<LOCAL_HOME>\AppData\Local\Programs\MiKTeX\tex/latex/lm\t1lmr.fd)
(<LOCAL_HOME>\AppData\Local\Programs\MiKTeX\tex/latex/l3backend\l3backend-pd
ftex.def) (SGA6_English_Complete_ReferenceLinked_Master_20260723.aux)
*geometry* driver: auto-detecting
*geometry* detected driver: pdftex
(<LOCAL_HOME>\AppData\Local\Programs\MiKTeX\tex/latex/microtype\mt-cmr.cfg)
(<LOCAL_HOME>\AppData\Local\Programs\MiKTeX\tex/context/base/mkii\supp-pdf.m
kii
[Loading MPS to PDF converter (version 2006.09.02).]
)
(<LOCAL_HOME>\AppData\Local\Programs\MiKTeX\tex/latex/epstopdf-pkg\epstopdf-
base.sty
(<LOCAL_HOME>\AppData\Local\Programs\MiKTeX\tex/latex/00miktex\epstopdf-sys.
cfg)) (SGA6_English_Complete_ReferenceLinked_Master_20260723.out)
(SGA6_English_Complete_ReferenceLinked_Master_20260723.out)
(SGA6_sourcePDF001_525_English_Inherited_PartiallySourceSynchronized_fragment.t
ex [1{<LOCAL_HOME>/AppData/Local/MiKTeX/fonts/map/pdftex/pdftex.map}{C:/User
s/Floris/AppData/Local/Programs/MiKTeX/fonts/enc/dvips/lm/lm-ec.enc}]
(<LOCAL_HOME>\AppData\Local\Programs\MiKTeX\tex/latex/lm\ot1lmr.fd)
(<LOCAL_HOME>\AppData\Local\Programs\MiKTeX\tex/latex/lm\omllmm.fd)
(<LOCAL_HOME>\AppData\Local\Programs\MiKTeX\tex/latex/lm\omslmsy.fd)
(<LOCAL_HOME>\AppData\Local\Programs\MiKTeX\tex/latex/lm\omxlmex.fd)
(<LOCAL_HOME>\AppData\Local\Programs\MiKTeX\tex/latex/amsfonts\umsa.fd)
(<LOCAL_HOME>\AppData\Local\Programs\MiKTeX\tex/latex/microtype\mt-msa.cfg)
(<LOCAL_HOME>\AppData\Local\Programs\MiKTeX\tex/latex/amsfonts\umsb.fd)
(<LOCAL_HOME>\AppData\Local\Programs\MiKTeX\tex/latex/microtype\mt-msb.cfg)
(<LOCAL_HOME>\AppData\Local\Programs\MiKTeX\tex/latex/jknappen\ursfs.fd)
[2{<LOCAL_HOME>/AppData/Local/Programs/MiKTeX/fonts/enc/dvips/lm/lm-mathit.e
nc}{<LOCAL_HOME>/AppData/Local/Programs/MiKTeX/fonts/enc/dvips/lm/lm-mathsy.
enc}] [3] [4{<LOCAL_HOME>/AppData/Local/Programs/MiKTeX/fonts/enc/dvips/lm/l
m-rm.enc}{<LOCAL_HOME>/AppData/Local/Programs/MiKTeX/fonts/enc/dvips/lm/lm-m
athex.enc}] [5] [6] [7] [8] [9] [10] [11] [12] [13] [14] [15] [16] [17]
[18] [19] [20] [21] [22]
(<LOCAL_HOME>\AppData\Local\Programs\MiKTeX\tex/latex/amsfonts\ueuf.fd)
(<LOCAL_HOME>\AppData\Local\Programs\MiKTeX\tex/latex/microtype\mt-euf.cfg)
[23] [24] [25] [26] [27] [28] [29] [30] [31] [32] [33] [34] [35] [36] [37]
[38] [39] [40] [41] [42] [43] [44] [45] [46] [47] [48] [49] [50] [51] [52]
[53] [54] [55] [56] [57] [58] [59] [60] [61] [62] [63] [64] [65] [66] [67]
[68] (<LOCAL_HOME>\AppData\Local\Programs\MiKTeX\tex/latex/lm\ts1lmr.fd)
[69{<LOCAL_HOME>/AppData/Local/Programs/MiKTeX/fonts/enc/dvips/lm/lm-ts1.enc
}] [70] [71] [72] [73] [74] [75] [76] [77] [78] [79] [80] [81] [82] [83]
[84] [85] [86] [87] [88] [89] [90] [91] [92] [93] [94] [95] [96] [97] [98]
[99] [100] [101] [102] [103] [104] [105] [106] [107] [108] [109] [110] [111]
[112] [113] [114] [115] [116] [117] [118] [119] [120] [121] [122] [123]
[124] [125] [126] [127] [128] [129] [130] [131] [132] [133] [134] [135]
[136] [137] [138] [139] [140] [141] [142] [143] [144] [145] [146] [147]
[148] [149] [150] [151] [152] [153] [154] [155] [156] [157] [158] [159]
[160] [161] [162] [163] [164] [165] [166] [167] [168] [169] [170] [171]
[172] [173] [174] [175] [176] [177] [178] [179] [180] [181] [182] [183]
[184] [185] [186] [187] [188] [189] [190] [191] [192] [193] [194] [195]
[196] [197] [198] [199] [200] [201] [202] [203] [204] [205] [206] [207]
[208] [209] [210] [211] [212] [213] [214] [215] [216] [217] [218] [219]
[220] [221] [222] [223] [224] [225] [226] [227] [228] [229] [230] [231]
[232] [233] [234] [235] [236] [237] [238] [239] [240] [241] [242] [243]
[244] [245] [246] [247] [248] [249] [250] [251] [252] [253] [254] [255]
[256] [257] [258] [259] [260] [261] [262] [263] [264] [265] [266] [267]
[268] [269] [270]) [271] (SGA6_tail_macro_state.tex)
(SGA6_idx532_702_and_backmatter_English_Synchronized_body.tex [272] [273]
[274] [275] [276] [277] [278] [279] [280] [281] [282] [283] [284] [285]
[286] [287] [288] [289] [290] [291] [292] [293] [294] [295] [296] [297]
[298] [299] [300] [301] [302] [303] [304] [305] [306]
(SGA6_Expose_X_idx598_607_English_SourceChecked_fragment.tex [307] [308]
[309] [310] [311]) (SGA6_idx608_646_English_SourceChecked_fragment.tex
(SGA6_idx608_615_English_SourceChecked_fragment.tex [312] [313] [314] [315]
[316]) (SGA6_idx616_624_English_SourceChecked_fragment.tex [317] [318] [319]
[320] [321] [322]) (SGA6_idx625_635_English_SourceChecked_fragment.tex [323]
[324] [325] [326] [327] [328] [329] [330] [331] [332] [333])
(SGA6_idx636_646_English_SourceChecked_fragment.tex [334] [335] [336] [337]
[338] [339] [340] [341])) (SGA6_idx647_665_English_SourceChecked_fragment.tex
[342] [343] [344] [345] [346] [347] [348] [349])
(fragments/SGA6_idx666_684_English_Reconciled_Prefix.tex [350] [351] [352]
[353] [354] [355] [356] [357] [358] [359])
(fragments/SGA6_XIV_idx685_692_English_SourceChecked_body.tex [360] [361]
[362] [363] [364])
(fragments/SGA6_XIV_idx693_702_English_SourceChecked_body.tex [365] [366]
[367] [368] [369] [370])
(fragments/SGA6_XIV_idx685_702_Editorial_Source_Notes.tex)
(SGA6_BackMatter_sourcePDF693_702_English_SourceChecked_fragment.tex [371]
[372] [373] [374] [375]))
(<LOCAL_HOME>\AppData\Local\Programs\MiKTeX\tex/generic/stringenc\se-pdfdoc.
def)
(<LOCAL_HOME>\AppData\Local\Programs\MiKTeX\tex/generic/stringenc\se-utf8.de
f) [376] (SGA6_English_Complete_ReferenceLinked_Master_20260723.aux) )<C:/Users
/Floris/AppData/Local/Programs/MiKTeX/fonts/type1/public/amsfonts/euler/eufm10.
pfb><<LOCAL_HOME>/AppData/Local/Programs/MiKTeX/fonts/type1/public/lm/lmbx10
.pfb><<LOCAL_HOME>/AppData/Local/Programs/MiKTeX/fonts/type1/public/lm/lmbx1
2.pfb><<LOCAL_HOME>/AppData/Local/Programs/MiKTeX/fonts/type1/public/lm/lmbx
8.pfb><<LOCAL_HOME>/AppData/Local/Programs/MiKTeX/fonts/type1/public/lm/lmex
10.pfb><<LOCAL_HOME>/AppData/Local/Programs/MiKTeX/fonts/type1/public/lm/lmm
i10.pfb><<LOCAL_HOME>/AppData/Local/Programs/MiKTeX/fonts/type1/public/lm/lm
mi12.pfb><<LOCAL_HOME>/AppData/Local/Programs/MiKTeX/fonts/type1/public/lm/l
mmi5.pfb><<LOCAL_HOME>/AppData/Local/Programs/MiKTeX/fonts/type1/public/lm/l
mmi6.pfb><<LOCAL_HOME>/AppData/Local/Programs/MiKTeX/fonts/type1/public/lm/l
mmi7.pfb><<LOCAL_HOME>/AppData/Local/Programs/MiKTeX/fonts/type1/public/lm/l
mmi8.pfb><<LOCAL_HOME>/AppData/Local/Programs/MiKTeX/fonts/type1/public/lm/l
mmi9.pfb><<LOCAL_HOME>/AppData/Local/Programs/MiKTeX/fonts/type1/public/lm/l
mr10.pfb><<LOCAL_HOME>/AppData/Local/Programs/MiKTeX/fonts/type1/public/lm/l
mr12.pfb><<LOCAL_HOME>/AppData/Local/Programs/MiKTeX/fonts/type1/public/lm/l
mr5.pfb><<LOCAL_HOME>/AppData/Local/Programs/MiKTeX/fonts/type1/public/lm/lm
r6.pfb><<LOCAL_HOME>/AppData/Local/Programs/MiKTeX/fonts/type1/public/lm/lmr
7.pfb><<LOCAL_HOME>/AppData/Local/Programs/MiKTeX/fonts/type1/public/lm/lmr8
.pfb><<LOCAL_HOME>/AppData/Local/Programs/MiKTeX/fonts/type1/public/lm/lmr9.
pfb><<LOCAL_HOME>/AppData/Local/Programs/MiKTeX/fonts/type1/public/lm/lmri10
.pfb><<LOCAL_HOME>/AppData/Local/Programs/MiKTeX/fonts/type1/public/lm/lmri9
.pfb><<LOCAL_HOME>/AppData/Local/Programs/MiKTeX/fonts/type1/public/lm/lmsy1
0.pfb><<LOCAL_HOME>/AppData/Local/Programs/MiKTeX/fonts/type1/public/lm/lmsy
5.pfb><<LOCAL_HOME>/AppData/Local/Programs/MiKTeX/fonts/type1/public/lm/lmsy
6.pfb><<LOCAL_HOME>/AppData/Local/Programs/MiKTeX/fonts/type1/public/lm/lmsy
7.pfb><<LOCAL_HOME>/AppData/Local/Programs/MiKTeX/fonts/type1/public/lm/lmsy
8.pfb><<LOCAL_HOME>/AppData/Local/Programs/MiKTeX/fonts/type1/public/lm/lmsy
9.pfb><<LOCAL_HOME>/AppData/Local/Programs/MiKTeX/fonts/type1/public/amsfont
s/symbols/msam10.pfb><<LOCAL_HOME>/AppData/Local/Programs/MiKTeX/fonts/type1
/public/amsfonts/symbols/msbm10.pfb><<LOCAL_HOME>/AppData/Local/Programs/MiK
TeX/fonts/type1/public/amsfonts/symbols/msbm7.pfb><<LOCAL_HOME>/AppData/Loca
l/Programs/MiKTeX/fonts/type1/public/rsfs/rsfs10.pfb>
Output written on SGA6_English_Complete_ReferenceLinked_Master_20260723.pdf (37
6 pages, 3189902 bytes).
Transcript written on SGA6_English_Complete_ReferenceLinked_Master_20260723.log
.
Latexmk: Getting log file 'SGA6_English_Complete_ReferenceLinked_Master_20260723.log'
Latexmk: Examining 'SGA6_English_Complete_ReferenceLinked_Master_20260723.fls'
Latexmk: Examining 'SGA6_English_Complete_ReferenceLinked_Master_20260723.log'
Latexmk: Log file says output to 'SGA6_English_Complete_ReferenceLinked_Master_20260723.pdf'
Latexmk: All targets (SGA6_English_Complete_ReferenceLinked_Master_20260723.pdf) are up-to-date

Reverting Windows console CPs to (in,out) = (437,65001)
