\BOOKMARK [1][-]{section*.793}{\376\377\213\272\145\207\000\040\0004\0004\377\032\215\205\131\015\221\317\116\343\145\160\377\010\213\262\116\111\377\011}{}% 1
\BOOKMARK [2][-]{section*.794}{\376\377\133\374\212\000}{section*.793}% 2
\BOOKMARK [2][-]{section*.795}{\376\377\173\054\116\000\172\340\377\032\210\150\171\072}{section*.793}% 3
\BOOKMARK [2][-]{section*.801}{\376\377\173\054\116\214\172\340\377\032\000G\000a\000l\000o\000i\000s\000\040\164\006\213\272}{section*.793}% 4
\BOOKMARK [2][-]{section*.807}{\376\377\173\054\116\011\172\340\377\032\177\244\163\257}{section*.793}% 5
\BOOKMARK [2][-]{section*.814}{\376\377\173\054\126\333\172\340\377\032\123\314\117\247\123\125\176\257\163\257}{section*.793}% 6
\BOOKMARK [0][-]{part*.819}{\376\377\173\054\116\000\220\350\377\032\116\343\145\160\213\272\145\207\166\204\176\323\134\076}{}% 7
\BOOKMARK [1][-]{section*.820}{\376\377\173\054\126\333\172\340\377\010\176\355\377\011\000.\000\040\227\136\116\244\143\142\117\123\166\204\000\040\000G\000a\000l\000o\000i\000s\000\040\164\006\213\272}{part*.819}% 8
\BOOKMARK [1][-]{section*.821}{\376\377\173\054\116\224\172\340\000.\000\040\126\340\133\120\174\373}{part*.819}% 9
\BOOKMARK [1][-]{section.22}{\376\377\121\167\147\011\176\331\133\232\116\055\137\303\166\204\117\123\166\204\177\244}{part*.819}% 10
\BOOKMARK [1][-]{section.23}{\376\377\126\340\133\120\174\373}{part*.819}% 11
\BOOKMARK [1][-]{section.24}{\376\377\126\340\133\120\174\373\166\204\116\130\154\325}{part*.819}% 12
\BOOKMARK [1][-]{section.25}{\376\377\121\167\147\011\000\040\000G\000a\000l\000o\000i\000s\000\040\147\201\131\047\116\244\143\142\133\120\127\337\166\204\000\040\000S\000\040\000r\000\040\166\204\153\143\211\304\210\150\171\072}{part*.819}% 13
\BOOKMARK [1][-]{section.26}{\376\377\116\244\123\311\210\150\171\072\166\204\116\130\154\325}{part*.819}% 14
\BOOKMARK [0][-]{part*.822}{\376\377\173\054\116\214\220\350\377\032\116\244\123\311\171\357\164\006\213\272}{}% 15
\BOOKMARK [1][-]{section*.823}{\376\377\173\054\121\155\172\340\000.\000\040\116\244\123\311\171\357\164\006\213\272}{part*.822}% 16
\BOOKMARK [1][-]{section.27}{\376\377\142\212\000\040\000R\000\040\000r\000\040\210\150\171\072\116\072\116\244\123\311\171\357}{part*.822}% 17
\BOOKMARK [1][-]{section.28}{\376\377\126\340\133\120\174\373\166\204\116\130\171\357\133\232\164\006}{part*.822}% 18
\BOOKMARK [1][-]{section.29}{\376\377\147\201\134\017\141\017\116\111\116\013\166\204\116\073\134\136\133\232\164\006}{part*.822}% 19
\BOOKMARK [1][-]{section.30}{\376\377\116\023\225\350\123\026\122\060\137\252\163\257\122\006\210\302\127\337}{part*.822}% 20
\BOOKMARK [1][-]{section.31}{\376\377\137\252\163\257\162\171\153\212\140\305\137\142\166\204\136\224\165\050}{part*.822}% 21
\BOOKMARK [0][-]{part*.827}{\376\377\173\054\116\011\220\350\377\032\000K\000a\000p\000f\000e\000r\000e\000r\040\024\000N\000o\000e\000t\000h\000e\000r\000\040\213\272\145\207}{}% 22
\BOOKMARK [0][-]{part*.831}{\376\377\173\054\126\333\220\350\377\032\116\146\166\356}{}% 23
\BOOKMARK [1][-]{section*.832}{\376\377\116\146\166\356}{part*.831}% 24
\BOOKMARK [1][-]{section*.833}{\376\377\167\355\213\257\124\214\116\146\213\304}{part*.831}% 25
\BOOKMARK [1][-]{section*.836}{\376\377\127\050\000\040\000E\000m\000m\000y\000\040\000N\000o\000e\000t\000h\000e\000r\000\040\123\302\116\016\116\013\116\247\165\037\166\204\116\146\174\115}{part*.831}% 26
