This is pdfTeX, Version 3.141592653-2.6-1.40.29 (MiKTeX 26.5) (preloaded format=pdflatex.fmt)
 restricted \write18 enabled.
entering extended mode

(SGA2_Expose_VIII_Fourth_Step_iv_Implies_ii_Induction_n0_English_SourceAligned.
tex
LaTeX2e <2025-11-01>
L3 programming layer <2026-03-20>
([LOCAL_USER]\AppData\Local\Programs\MiKTeX\tex/latex/base\article.cls
Document Class: article 2025/01/22 v1.4n Standard LaTeX document class
([LOCAL_USER]\AppData\Local\Programs\MiKTeX\tex/latex/base\size10.clo))
([LOCAL_USER]\AppData\Local\Programs\MiKTeX\tex/latex/base\fontenc.sty)
([LOCAL_USER]\AppData\Local\Programs\MiKTeX\tex/latex/lm\lmodern.sty)
([LOCAL_USER]\AppData\Local\Programs\MiKTeX\tex/latex/amsmath\amsmath.sty
For additional information on amsmath, use the `?' option.
([LOCAL_USER]\AppData\Local\Programs\MiKTeX\tex/latex/amsmath\amstext.sty
([LOCAL_USER]\AppData\Local\Programs\MiKTeX\tex/latex/amsmath\amsgen.sty))
([LOCAL_USER]\AppData\Local\Programs\MiKTeX\tex/latex/amsmath\amsbsy.sty)
([LOCAL_USER]\AppData\Local\Programs\MiKTeX\tex/latex/amsmath\amsopn.sty))
([LOCAL_USER]\AppData\Local\Programs\MiKTeX\tex/latex/amsfonts\amssymb.sty
([LOCAL_USER]\AppData\Local\Programs\MiKTeX\tex/latex/amsfonts\amsfonts.sty)
)
([LOCAL_USER]\AppData\Local\Programs\MiKTeX\tex/latex/microtype\microtype.st
y ([LOCAL_USER]\AppData\Local\Programs\MiKTeX\tex/latex/graphics\keyval.sty)
 ([LOCAL_USER]\AppData\Local\Programs\MiKTeX\tex/latex/etoolbox\etoolbox.sty
)
([LOCAL_USER]\AppData\Local\Programs\MiKTeX\tex/latex/microtype\microtype-pd
ftex.def)
([LOCAL_USER]\AppData\Local\Programs\MiKTeX\tex/latex/microtype\microtype.cf
g)) ([LOCAL_USER]\AppData\Local\Programs\MiKTeX\tex/latex/xcolor\xcolor.sty
([LOCAL_USER]\AppData\Local\Programs\MiKTeX\tex/latex/graphics-cfg\color.cfg
)
([LOCAL_USER]\AppData\Local\Programs\MiKTeX\tex/latex/graphics-def\pdftex.de
f)
([LOCAL_USER]\AppData\Local\Programs\MiKTeX\tex/latex/graphics\mathcolor.ltx
))
([LOCAL_USER]\AppData\Local\Programs\MiKTeX\tex/latex/geometry\geometry.sty
([LOCAL_USER]\AppData\Local\Programs\MiKTeX\tex/generic/iftex\ifvtex.sty
([LOCAL_USER]\AppData\Local\Programs\MiKTeX\tex/generic/iftex\iftex.sty))
([LOCAL_USER]\AppData\Local\Programs\MiKTeX\tex/latex/geometry\geometry.cfg)
)
([LOCAL_USER]\AppData\Local\Programs\MiKTeX\tex/latex/hyperref\hyperref.sty
([LOCAL_USER]\AppData\Local\Programs\MiKTeX\tex/latex/kvsetkeys\kvsetkeys.st
y)
([LOCAL_USER]\AppData\Local\Programs\MiKTeX\tex/generic/kvdefinekeys\kvdefin
ekeys.sty)
([LOCAL_USER]\AppData\Local\Programs\MiKTeX\tex/generic/pdfescape\pdfescape.
sty
([LOCAL_USER]\AppData\Local\Programs\MiKTeX\tex/generic/ltxcmds\ltxcmds.sty)

([LOCAL_USER]\AppData\Local\Programs\MiKTeX\tex/generic/pdftexcmds\pdftexcmd
s.sty
([LOCAL_USER]\AppData\Local\Programs\MiKTeX\tex/generic/infwarerr\infwarerr.
sty)))
([LOCAL_USER]\AppData\Local\Programs\MiKTeX\tex/latex/hycolor\hycolor.sty)
([LOCAL_USER]\AppData\Local\Programs\MiKTeX\tex/latex/hyperref\nameref.sty
([LOCAL_USER]\AppData\Local\Programs\MiKTeX\tex/latex/refcount\refcount.sty)

([LOCAL_USER]\AppData\Local\Programs\MiKTeX\tex/generic/gettitlestring\getti
tlestring.sty
([LOCAL_USER]\AppData\Local\Programs\MiKTeX\tex/latex/kvoptions\kvoptions.st
y)))
([LOCAL_USER]\AppData\Local\Programs\MiKTeX\tex/generic/stringenc\stringenc.
sty)
([LOCAL_USER]\AppData\Local\Programs\MiKTeX\tex/latex/hyperref\pd1enc.def)
([LOCAL_USER]\AppData\Local\Programs\MiKTeX\tex/generic/intcalc\intcalc.sty)
([LOCAL_USER]\AppData\Local\Programs\MiKTeX\tex/latex/hyperref\puenc.def)
([LOCAL_USER]\AppData\Local\Programs\MiKTeX\tex/latex/url\url.sty)
([LOCAL_USER]\AppData\Local\Programs\MiKTeX\tex/generic/bitset\bitset.sty
([LOCAL_USER]\AppData\Local\Programs\MiKTeX\tex/generic/bigintcalc\bigintcal
c.sty)))
([LOCAL_USER]\AppData\Local\Programs\MiKTeX\tex/latex/hyperref\hpdftex.def
([LOCAL_USER]\AppData\Local\Programs\MiKTeX\tex/latex/rerunfilecheck\rerunfi
lecheck.sty
([LOCAL_USER]\AppData\Local\Programs\MiKTeX\tex/generic/uniquecounter\unique
counter.sty)))
([LOCAL_USER]\AppData\Local\Programs\MiKTeX\tex/latex/lm\t1lmr.fd)
([LOCAL_USER]\AppData\Local\Programs\MiKTeX\tex/latex/l3backend\l3backend-pd
ftex.def)
No file SGA2_Expose_VIII_Fourth_Step_iv_Implies_ii_Induction_n0_English_SourceA
ligned.aux.
([LOCAL_USER]\AppData\Local\Programs\MiKTeX\tex/latex/microtype\mt-cmr.cfg)
([LOCAL_USER]\AppData\Local\Programs\MiKTeX\tex/context/base/mkii\supp-pdf.m
kii
[Loading MPS to PDF converter (version 2006.09.02).]
)
*geometry* driver: auto-detecting
*geometry* detected driver: pdftex
([LOCAL_USER]\AppData\Local\Programs\MiKTeX\tex/latex/lm\ot1lmr.fd)
([LOCAL_USER]\AppData\Local\Programs\MiKTeX\tex/latex/lm\omllmm.fd)
([LOCAL_USER]\AppData\Local\Programs\MiKTeX\tex/latex/lm\omslmsy.fd)
([LOCAL_USER]\AppData\Local\Programs\MiKTeX\tex/latex/lm\omxlmex.fd)
([LOCAL_USER]\AppData\Local\Programs\MiKTeX\tex/latex/amsfonts\umsa.fd)
([LOCAL_USER]\AppData\Local\Programs\MiKTeX\tex/latex/microtype\mt-msa.cfg)
([LOCAL_USER]\AppData\Local\Programs\MiKTeX\tex/latex/amsfonts\umsb.fd)
([LOCAL_USER]\AppData\Local\Programs\MiKTeX\tex/latex/microtype\mt-msb.cfg)
[1{[LOCAL_USER]/AppData/Local/MiKTeX/fonts/map/pdftex/pdftex.map}{[LOCAL_USER]/AppData/Local/Programs/MiKTeX/fonts/enc/dvips/lm/lm-ec.enc}{[LOCAL_USER]/AppData/Local/Programs/MiKTeX/fonts/enc/dvips/lm/lm-mathit.enc}{[LOCAL_USER]/AppData/Local/Programs/MiKTeX/fonts/enc/dvips/lm/lm-rm.enc}{[LOCAL_USER]
/AppData/Local/Programs/MiKTeX/fonts/enc/dvips/lm/lm-mathsy.enc}]
(SGA2_Expose_VIII_Fourth_Step_iv_Implies_ii_Induction_n0_English_SourceAligned.
aux)

Package rerunfilecheck Warning: File `SGA2_Expose_VIII_Fourth_Step_iv_Implies_i
i_Induction_n0_English_SourceAligned.out' has changed.
(rerunfilecheck)                Rerun to get outlines right
(rerunfilecheck)                or use package `bookmark'.

 )<[LOCAL_USER]/AppData/Local/Programs/MiKTeX/fonts/type1/public/lm/lmbx12.p
fb><[LOCAL_USER]/AppData/Local/Programs/MiKTeX/fonts/type1/public/lm/lmbx8.p
fb><[LOCAL_USER]/AppData/Local/Programs/MiKTeX/fonts/type1/public/lm/lmmi10.
pfb><[LOCAL_USER]/AppData/Local/Programs/MiKTeX/fonts/type1/public/lm/lmmi7.
pfb><[LOCAL_USER]/AppData/Local/Programs/MiKTeX/fonts/type1/public/lm/lmmi8.
pfb><[LOCAL_USER]/AppData/Local/Programs/MiKTeX/fonts/type1/public/lm/lmr10.
pfb><[LOCAL_USER]/AppData/Local/Programs/MiKTeX/fonts/type1/public/lm/lmr12.
pfb><[LOCAL_USER]/AppData/Local/Programs/MiKTeX/fonts/type1/public/lm/lmr8.p
fb><[LOCAL_USER]/AppData/Local/Programs/MiKTeX/fonts/type1/public/lm/lmr9.pf
b><[LOCAL_USER]/AppData/Local/Programs/MiKTeX/fonts/type1/public/lm/lmri10.p
fb><[LOCAL_USER]/AppData/Local/Programs/MiKTeX/fonts/type1/public/lm/lmsy10.
pfb>
Output written on SGA2_Expose_VIII_Fourth_Step_iv_Implies_ii_Induction_n0_Engli
sh_SourceAligned.pdf (1 page, 202494 bytes).
Transcript written on SGA2_Expose_VIII_Fourth_Step_iv_Implies_ii_Induction_n0_E
nglish_SourceAligned.log.
