This is pdfTeX, Version 3.141592653-2.6-1.40.29 (MiKTeX 26.5) (preloaded format=pdflatex.fmt)
 restricted \write18 enabled.
entering extended mode
(SGA2_Expose_X_Purity_Theorem_Part_I_Proof_English_SourceAligned.tex
LaTeX2e <2025-11-01>
L3 programming layer <2026-03-20>
(<USER_PROFILE>\AppData\Local\Programs\MiKTeX\tex/latex/base\article.cls
Document Class: article 2025/01/22 v1.4n Standard LaTeX document class
(<USER_PROFILE>\AppData\Local\Programs\MiKTeX\tex/latex/base\size10.clo))
(<USER_PROFILE>\AppData\Local\Programs\MiKTeX\tex/latex/base\fontenc.sty)
(<USER_PROFILE>\AppData\Local\Programs\MiKTeX\tex/latex/base\inputenc.sty)
(<USER_PROFILE>\AppData\Local\Programs\MiKTeX\tex/latex/lm\lmodern.sty)
(<USER_PROFILE>\AppData\Local\Programs\MiKTeX\tex/latex/microtype\microtype.st
y (<USER_PROFILE>\AppData\Local\Programs\MiKTeX\tex/latex/graphics\keyval.sty)
 (<USER_PROFILE>\AppData\Local\Programs\MiKTeX\tex/latex/etoolbox\etoolbox.sty
)
(<USER_PROFILE>\AppData\Local\Programs\MiKTeX\tex/latex/microtype\microtype-pd
ftex.def)
(<USER_PROFILE>\AppData\Local\Programs\MiKTeX\tex/latex/microtype\microtype.cf
g))
(<USER_PROFILE>\AppData\Local\Programs\MiKTeX\tex/latex/amsmath\amsmath.sty
For additional information on amsmath, use the `?' option.
(<USER_PROFILE>\AppData\Local\Programs\MiKTeX\tex/latex/amsmath\amstext.sty
(<USER_PROFILE>\AppData\Local\Programs\MiKTeX\tex/latex/amsmath\amsgen.sty))
(<USER_PROFILE>\AppData\Local\Programs\MiKTeX\tex/latex/amsmath\amsbsy.sty)
(<USER_PROFILE>\AppData\Local\Programs\MiKTeX\tex/latex/amsmath\amsopn.sty))
(<USER_PROFILE>\AppData\Local\Programs\MiKTeX\tex/latex/amsfonts\amssymb.sty
(<USER_PROFILE>\AppData\Local\Programs\MiKTeX\tex/latex/amsfonts\amsfonts.sty)
) (<USER_PROFILE>\AppData\Local\Programs\MiKTeX\tex/latex/xcolor\xcolor.sty
(<USER_PROFILE>\AppData\Local\Programs\MiKTeX\tex/latex/graphics-cfg\color.cfg
)
(<USER_PROFILE>\AppData\Local\Programs\MiKTeX\tex/latex/graphics-def\pdftex.de
f)
(<USER_PROFILE>\AppData\Local\Programs\MiKTeX\tex/latex/graphics\mathcolor.ltx
))
(<USER_PROFILE>\AppData\Local\Programs\MiKTeX\tex/latex/geometry\geometry.sty
(<USER_PROFILE>\AppData\Local\Programs\MiKTeX\tex/generic/iftex\ifvtex.sty
(<USER_PROFILE>\AppData\Local\Programs\MiKTeX\tex/generic/iftex\iftex.sty))
(<USER_PROFILE>\AppData\Local\Programs\MiKTeX\tex/latex/geometry\geometry.cfg)
)
(<USER_PROFILE>\AppData\Local\Programs\MiKTeX\tex/latex/hyperref\hyperref.sty
(<USER_PROFILE>\AppData\Local\Programs\MiKTeX\tex/latex/kvsetkeys\kvsetkeys.st
y)
(<USER_PROFILE>\AppData\Local\Programs\MiKTeX\tex/generic/kvdefinekeys\kvdefin
ekeys.sty)
(<USER_PROFILE>\AppData\Local\Programs\MiKTeX\tex/generic/pdfescape\pdfescape.
sty
(<USER_PROFILE>\AppData\Local\Programs\MiKTeX\tex/generic/ltxcmds\ltxcmds.sty)

(<USER_PROFILE>\AppData\Local\Programs\MiKTeX\tex/generic/pdftexcmds\pdftexcmd
s.sty
(<USER_PROFILE>\AppData\Local\Programs\MiKTeX\tex/generic/infwarerr\infwarerr.
sty)))
(<USER_PROFILE>\AppData\Local\Programs\MiKTeX\tex/latex/hycolor\hycolor.sty)
(<USER_PROFILE>\AppData\Local\Programs\MiKTeX\tex/latex/hyperref\nameref.sty
(<USER_PROFILE>\AppData\Local\Programs\MiKTeX\tex/latex/refcount\refcount.sty)

(<USER_PROFILE>\AppData\Local\Programs\MiKTeX\tex/generic/gettitlestring\getti
tlestring.sty
(<USER_PROFILE>\AppData\Local\Programs\MiKTeX\tex/latex/kvoptions\kvoptions.st
y)))
(<USER_PROFILE>\AppData\Local\Programs\MiKTeX\tex/generic/stringenc\stringenc.
sty)
(<USER_PROFILE>\AppData\Local\Programs\MiKTeX\tex/latex/hyperref\pd1enc.def)
(<USER_PROFILE>\AppData\Local\Programs\MiKTeX\tex/generic/intcalc\intcalc.sty)
(<USER_PROFILE>\AppData\Local\Programs\MiKTeX\tex/latex/hyperref\puenc.def)
(<USER_PROFILE>\AppData\Local\Programs\MiKTeX\tex/latex/url\url.sty)
(<USER_PROFILE>\AppData\Local\Programs\MiKTeX\tex/generic/bitset\bitset.sty
(<USER_PROFILE>\AppData\Local\Programs\MiKTeX\tex/generic/bigintcalc\bigintcal
c.sty)))
(<USER_PROFILE>\AppData\Local\Programs\MiKTeX\tex/latex/hyperref\hpdftex.def
(<USER_PROFILE>\AppData\Local\Programs\MiKTeX\tex/latex/rerunfilecheck\rerunfi
lecheck.sty
(<USER_PROFILE>\AppData\Local\Programs\MiKTeX\tex/generic/uniquecounter\unique
counter.sty)))
(<USER_PROFILE>\AppData\Local\Programs\MiKTeX\tex/latex/lm\t1lmr.fd)
(<USER_PROFILE>\AppData\Local\Programs\MiKTeX\tex/latex/l3backend\l3backend-pd
ftex.def)
No file SGA2_Expose_X_Purity_Theorem_Part_I_Proof_English_SourceAligned.aux.
(<USER_PROFILE>\AppData\Local\Programs\MiKTeX\tex/latex/microtype\mt-cmr.cfg)
(<USER_PROFILE>\AppData\Local\Programs\MiKTeX\tex/context/base/mkii\supp-pdf.m
kii
[Loading MPS to PDF converter (version 2006.09.02).]
)
*geometry* driver: auto-detecting
*geometry* detected driver: pdftex
(<USER_PROFILE>\AppData\Local\Programs\MiKTeX\tex/latex/lm\ot1lmr.fd)
(<USER_PROFILE>\AppData\Local\Programs\MiKTeX\tex/latex/lm\omllmm.fd)
(<USER_PROFILE>\AppData\Local\Programs\MiKTeX\tex/latex/lm\omslmsy.fd)
(<USER_PROFILE>\AppData\Local\Programs\MiKTeX\tex/latex/lm\omxlmex.fd)
(<USER_PROFILE>\AppData\Local\Programs\MiKTeX\tex/latex/amsfonts\umsa.fd)
(<USER_PROFILE>\AppData\Local\Programs\MiKTeX\tex/latex/microtype\mt-msa.cfg)
(<USER_PROFILE>\AppData\Local\Programs\MiKTeX\tex/latex/amsfonts\umsb.fd)
(<USER_PROFILE>\AppData\Local\Programs\MiKTeX\tex/latex/microtype\mt-msb.cfg)
(<USER_PROFILE>\AppData\Local\Programs\MiKTeX\tex/latex/amsfonts\ueuf.fd)
(<USER_PROFILE>\AppData\Local\Programs\MiKTeX\tex/latex/microtype\mt-euf.cfg)
[1{<USER_PROFILE>/AppData/Local/MiKTeX/fonts/map/pdftex/pdftex.map}{<USER_PROFILE>/AppData/Local/Programs/MiKTeX/fonts/enc/dvips/lm/lm-ec.enc}{<USER_PROFILE>/AppData/Local/Programs/MiKTeX/fonts/enc/dvips/lm/lm-mathit.enc}{<USER_PROFILE>/AppData/Local/Programs/MiKTeX/fonts/enc/dvips/lm/lm-rm.enc}{<USER_PROFILE>
/AppData/Local/Programs/MiKTeX/fonts/enc/dvips/lm/lm-mathsy.enc}]
(SGA2_Expose_X_Purity_Theorem_Part_I_Proof_English_SourceAligned.aux)

Package rerunfilecheck Warning: File `SGA2_Expose_X_Purity_Theorem_Part_I_Proof
_English_SourceAligned.out' has changed.
(rerunfilecheck)                Rerun to get outlines right
(rerunfilecheck)                or use package `bookmark'.

 )<<USER_PROFILE>/AppData/Local/Programs/MiKTeX/fonts/type1/public/amsfonts/eu
ler/eufm10.pfb><<USER_PROFILE>/AppData/Local/Programs/MiKTeX/fonts/type1/publi
c/lm/lmbx10.pfb><<USER_PROFILE>/AppData/Local/Programs/MiKTeX/fonts/type1/publ
ic/lm/lmbx12.pfb><<USER_PROFILE>/AppData/Local/Programs/MiKTeX/fonts/type1/pub
lic/lm/lmbx8.pfb><<USER_PROFILE>/AppData/Local/Programs/MiKTeX/fonts/type1/pub
lic/lm/lmmi10.pfb><<USER_PROFILE>/AppData/Local/Programs/MiKTeX/fonts/type1/pu
blic/lm/lmmi7.pfb><<USER_PROFILE>/AppData/Local/Programs/MiKTeX/fonts/type1/pu
blic/lm/lmr10.pfb><<USER_PROFILE>/AppData/Local/Programs/MiKTeX/fonts/type1/pu
blic/lm/lmr12.pfb><<USER_PROFILE>/AppData/Local/Programs/MiKTeX/fonts/type1/pu
blic/lm/lmr7.pfb><<USER_PROFILE>/AppData/Local/Programs/MiKTeX/fonts/type1/pub
lic/lm/lmr8.pfb><<USER_PROFILE>/AppData/Local/Programs/MiKTeX/fonts/type1/publ
ic/lm/lmri10.pfb><<USER_PROFILE>/AppData/Local/Programs/MiKTeX/fonts/type1/pub
lic/lm/lmsy10.pfb><<USER_PROFILE>/AppData/Local/Programs/MiKTeX/fonts/type1/pu
blic/lm/lmsy5.pfb><<USER_PROFILE>/AppData/Local/Programs/MiKTeX/fonts/type1/pu
blic/lm/lmsy7.pfb>
Output written on SGA2_Expose_X_Purity_Theorem_Part_I_Proof_English_SourceAlign
ed.pdf (1 page, 238640 bytes).
Transcript written on SGA2_Expose_X_Purity_Theorem_Part_I_Proof_English_SourceA
ligned.log.
