This is pdfTeX, Version 3.141592653-2.6-1.40.29 (MiKTeX 26.5) (preloaded format=pdflatex.fmt)
 restricted \write18 enabled.
entering extended mode
(SGA2_Expose_VIII_English_SourceAligned_Bounded_Checkpoint_R5.tex
LaTeX2e <2025-11-01>
L3 programming layer <2026-03-20>
(<USER_HOME>\AppData\Local\Programs\MiKTeX\tex/latex/base\article.cls
Document Class: article 2025/01/22 v1.4n Standard LaTeX document class
(<USER_HOME>\AppData\Local\Programs\MiKTeX\tex/latex/base\size10.clo))
(<USER_HOME>\AppData\Local\Programs\MiKTeX\tex/latex/base\fontenc.sty)
(<USER_HOME>\AppData\Local\Programs\MiKTeX\tex/latex/lm\lmodern.sty)
(<USER_HOME>\AppData\Local\Programs\MiKTeX\tex/latex/amsmath\amsmath.sty
For additional information on amsmath, use the `?' option.
(<USER_HOME>\AppData\Local\Programs\MiKTeX\tex/latex/amsmath\amstext.sty
(<USER_HOME>\AppData\Local\Programs\MiKTeX\tex/latex/amsmath\amsgen.sty))
(<USER_HOME>\AppData\Local\Programs\MiKTeX\tex/latex/amsmath\amsbsy.sty)
(<USER_HOME>\AppData\Local\Programs\MiKTeX\tex/latex/amsmath\amsopn.sty))
(<USER_HOME>\AppData\Local\Programs\MiKTeX\tex/latex/amsfonts\amssymb.sty
(<USER_HOME>\AppData\Local\Programs\MiKTeX\tex/latex/amsfonts\amsfonts.sty)
) (<USER_HOME>\AppData\Local\Programs\MiKTeX\tex/latex/amsmath\amscd.sty)
(<USER_HOME>\AppData\Local\Programs\MiKTeX\tex/latex/amscls\amsthm.sty)
(<USER_HOME>\AppData\Local\Programs\MiKTeX\tex/latex/enumitem\enumitem.sty)

(<USER_HOME>\AppData\Local\Programs\MiKTeX\tex/latex/microtype\microtype.st
y (<USER_HOME>\AppData\Local\Programs\MiKTeX\tex/latex/graphics\keyval.sty)
 (<USER_HOME>\AppData\Local\Programs\MiKTeX\tex/latex/etoolbox\etoolbox.sty
)
(<USER_HOME>\AppData\Local\Programs\MiKTeX\tex/latex/microtype\microtype-pd
ftex.def)
(<USER_HOME>\AppData\Local\Programs\MiKTeX\tex/latex/microtype\microtype.cf
g)) (<USER_HOME>\AppData\Local\Programs\MiKTeX\tex/latex/xcolor\xcolor.sty
(<USER_HOME>\AppData\Local\Programs\MiKTeX\tex/latex/graphics-cfg\color.cfg
)
(<USER_HOME>\AppData\Local\Programs\MiKTeX\tex/latex/graphics-def\pdftex.de
f)
(<USER_HOME>\AppData\Local\Programs\MiKTeX\tex/latex/graphics\mathcolor.ltx
))
(<USER_HOME>\AppData\Local\Programs\MiKTeX\tex/latex/geometry\geometry.sty
(<USER_HOME>\AppData\Local\Programs\MiKTeX\tex/generic/iftex\ifvtex.sty
(<USER_HOME>\AppData\Local\Programs\MiKTeX\tex/generic/iftex\iftex.sty))
(<USER_HOME>\AppData\Local\Programs\MiKTeX\tex/latex/geometry\geometry.cfg)
)
(<USER_HOME>\AppData\Local\Programs\MiKTeX\tex/latex/hyperref\hyperref.sty
(<USER_HOME>\AppData\Local\Programs\MiKTeX\tex/latex/kvsetkeys\kvsetkeys.st
y)
(<USER_HOME>\AppData\Local\Programs\MiKTeX\tex/generic/kvdefinekeys\kvdefin
ekeys.sty)
(<USER_HOME>\AppData\Local\Programs\MiKTeX\tex/generic/pdfescape\pdfescape.
sty
(<USER_HOME>\AppData\Local\Programs\MiKTeX\tex/generic/ltxcmds\ltxcmds.sty)

(<USER_HOME>\AppData\Local\Programs\MiKTeX\tex/generic/pdftexcmds\pdftexcmd
s.sty
(<USER_HOME>\AppData\Local\Programs\MiKTeX\tex/generic/infwarerr\infwarerr.
sty)))
(<USER_HOME>\AppData\Local\Programs\MiKTeX\tex/latex/hycolor\hycolor.sty)
(<USER_HOME>\AppData\Local\Programs\MiKTeX\tex/latex/hyperref\nameref.sty
(<USER_HOME>\AppData\Local\Programs\MiKTeX\tex/latex/refcount\refcount.sty)

(<USER_HOME>\AppData\Local\Programs\MiKTeX\tex/generic/gettitlestring\getti
tlestring.sty
(<USER_HOME>\AppData\Local\Programs\MiKTeX\tex/latex/kvoptions\kvoptions.st
y)))
(<USER_HOME>\AppData\Local\Programs\MiKTeX\tex/generic/stringenc\stringenc.
sty)
(<USER_HOME>\AppData\Local\Programs\MiKTeX\tex/latex/hyperref\pd1enc.def)
(<USER_HOME>\AppData\Local\Programs\MiKTeX\tex/generic/intcalc\intcalc.sty)
(<USER_HOME>\AppData\Local\Programs\MiKTeX\tex/latex/hyperref\puenc.def)
(<USER_HOME>\AppData\Local\Programs\MiKTeX\tex/latex/url\url.sty)
(<USER_HOME>\AppData\Local\Programs\MiKTeX\tex/generic/bitset\bitset.sty
(<USER_HOME>\AppData\Local\Programs\MiKTeX\tex/generic/bigintcalc\bigintcal
c.sty)))
(<USER_HOME>\AppData\Local\Programs\MiKTeX\tex/latex/hyperref\hpdftex.def
(<USER_HOME>\AppData\Local\Programs\MiKTeX\tex/latex/rerunfilecheck\rerunfi
lecheck.sty
(<USER_HOME>\AppData\Local\Programs\MiKTeX\tex/generic/uniquecounter\unique
counter.sty)))
(<USER_HOME>\AppData\Local\Programs\MiKTeX\tex/latex/l3packages/xparse\xpar
se.sty
(<USER_HOME>\AppData\Local\Programs\MiKTeX\tex/latex/l3kernel\expl3.sty
(<USER_HOME>\AppData\Local\Programs\MiKTeX\tex/latex/l3backend\l3backend-pd
ftex.def)))
(<USER_HOME>\AppData\Local\Programs\MiKTeX\tex/latex/lm\t1lmr.fd)
No file SGA2_Expose_VIII_English_SourceAligned_Bounded_Checkpoint_R5.aux.
(<USER_HOME>\AppData\Local\Programs\MiKTeX\tex/latex/microtype\mt-cmr.cfg)
(<USER_HOME>\AppData\Local\Programs\MiKTeX\tex/context/base/mkii\supp-pdf.m
kii
[Loading MPS to PDF converter (version 2006.09.02).]
)
*geometry* driver: auto-detecting
*geometry* detected driver: pdftex
(<USER_HOME>\AppData\Local\Programs\MiKTeX\tex/latex/lm\ot1lmr.fd)
(<USER_HOME>\AppData\Local\Programs\MiKTeX\tex/latex/lm\omllmm.fd)
(<USER_HOME>\AppData\Local\Programs\MiKTeX\tex/latex/lm\omslmsy.fd)
(<USER_HOME>\AppData\Local\Programs\MiKTeX\tex/latex/lm\omxlmex.fd)
(<USER_HOME>\AppData\Local\Programs\MiKTeX\tex/latex/amsfonts\umsa.fd)
(<USER_HOME>\AppData\Local\Programs\MiKTeX\tex/latex/microtype\mt-msa.cfg)
(<USER_HOME>\AppData\Local\Programs\MiKTeX\tex/latex/amsfonts\umsb.fd)
(<USER_HOME>\AppData\Local\Programs\MiKTeX\tex/latex/microtype\mt-msb.cfg)
[1{<USER_HOME>/AppData/Local/MiKTeX/fonts/map/pdftex/pdftex.map}{<WINDOWS_USER_ROOT>/<USER>/AppData/Local/Programs/MiKTeX/fonts/enc/dvips/lm/lm-ec.enc}{<WINDOWS_USER_ROOT>/<USER>/AppData/Local/Programs/MiKTeX/fonts/enc/dvips/lm/lm-mathit.enc}{<WINDOWS_USER_ROOT>/<USER>/AppData/Local/Programs/MiKTeX/fonts/enc/dvips/lm/lm-rm.enc}{<USER_HOME>
/AppData/Local/Programs/MiKTeX/fonts/enc/dvips/lm/lm-mathsy.enc}{<WINDOWS_USER_ROOT>/<USER>/AppData/Local/Programs/MiKTeX/fonts/enc/dvips/lm/lm-mathex.enc}] [2]
(<USER_HOME>\AppData\Local\Programs\MiKTeX\tex/latex/amsfonts\ueuf.fd)
(<USER_HOME>\AppData\Local\Programs\MiKTeX\tex/latex/microtype\mt-euf.cfg)
[3] [4] [5] [6] [7] [8]
(SGA2_Expose_VIII_English_SourceAligned_Bounded_Checkpoint_R5.aux)

LaTeX Warning: Label(s) may have changed. Rerun to get cross-references right.


Package rerunfilecheck Warning: File `SGA2_Expose_VIII_English_SourceAligned_Bo
unded_Checkpoint_R5.out' has changed.
(rerunfilecheck)                Rerun to get outlines right
(rerunfilecheck)                or use package `bookmark'.

 )<<USER_HOME>/AppData/Local/Programs/MiKTeX/fonts/type1/public/amsfonts/eu
ler/eufm7.pfb><<USER_HOME>/AppData/Local/Programs/MiKTeX/fonts/type1/public
/lm/lmbx10.pfb><<USER_HOME>/AppData/Local/Programs/MiKTeX/fonts/type1/publi
c/lm/lmbx12.pfb><<USER_HOME>/AppData/Local/Programs/MiKTeX/fonts/type1/publ
ic/lm/lmbx8.pfb><<USER_HOME>/AppData/Local/Programs/MiKTeX/fonts/type1/publ
ic/lm/lmbxi10.pfb><<USER_HOME>/AppData/Local/Programs/MiKTeX/fonts/type1/pu
blic/lm/lmcsc10.pfb><<USER_HOME>/AppData/Local/Programs/MiKTeX/fonts/type1/
public/lm/lmex10.pfb><<USER_HOME>/AppData/Local/Programs/MiKTeX/fonts/type1
/public/lm/lmmi10.pfb><<USER_HOME>/AppData/Local/Programs/MiKTeX/fonts/type
1/public/lm/lmmi5.pfb><<USER_HOME>/AppData/Local/Programs/MiKTeX/fonts/type
1/public/lm/lmmi6.pfb><<USER_HOME>/AppData/Local/Programs/MiKTeX/fonts/type
1/public/lm/lmmi7.pfb><<USER_HOME>/AppData/Local/Programs/MiKTeX/fonts/type
1/public/lm/lmmi8.pfb><<USER_HOME>/AppData/Local/Programs/MiKTeX/fonts/type
1/public/lm/lmr10.pfb><<USER_HOME>/AppData/Local/Programs/MiKTeX/fonts/type
1/public/lm/lmr12.pfb><<USER_HOME>/AppData/Local/Programs/MiKTeX/fonts/type
1/public/lm/lmr6.pfb><<USER_HOME>/AppData/Local/Programs/MiKTeX/fonts/type1
/public/lm/lmr7.pfb><<USER_HOME>/AppData/Local/Programs/MiKTeX/fonts/type1/
public/lm/lmr8.pfb><<USER_HOME>/AppData/Local/Programs/MiKTeX/fonts/type1/p
ublic/lm/lmr9.pfb><<USER_HOME>/AppData/Local/Programs/MiKTeX/fonts/type1/pu
blic/lm/lmri10.pfb><<USER_HOME>/AppData/Local/Programs/MiKTeX/fonts/type1/p
ublic/lm/lmri8.pfb><<USER_HOME>/AppData/Local/Programs/MiKTeX/fonts/type1/p
ublic/lm/lmsy10.pfb><<USER_HOME>/AppData/Local/Programs/MiKTeX/fonts/type1/
public/lm/lmsy5.pfb><<USER_HOME>/AppData/Local/Programs/MiKTeX/fonts/type1/
public/lm/lmsy6.pfb><<USER_HOME>/AppData/Local/Programs/MiKTeX/fonts/type1/
public/lm/lmsy7.pfb><<USER_HOME>/AppData/Local/Programs/MiKTeX/fonts/type1/
public/lm/lmsy8.pfb><<USER_HOME>/AppData/Local/Programs/MiKTeX/fonts/type1/
public/amsfonts/symbols/msam10.pfb><<USER_HOME>/AppData/Local/Programs/MiKT
eX/fonts/type1/public/amsfonts/symbols/msbm10.pfb>
Output written on SGA2_Expose_VIII_English_SourceAligned_Bounded_Checkpoint_R5.
pdf (8 pages, 491798 bytes).
Transcript written on SGA2_Expose_VIII_English_SourceAligned_Bounded_Checkpoint
_R5.log.
