This is pdfTeX, Version 3.141592653-2.6-1.40.29 (MiKTeX 26.5) (preloaded format=pdflatex.fmt)
 restricted \write18 enabled.
entering extended mode
(SGA2_Expose_VIII_English_SourceAligned_Cumulative_Candidate.tex
LaTeX2e <2025-11-01>
L3 programming layer <2026-03-20>
(<WINDOWS_USER_ROOT>\<USER>\AppData\Local\Programs\MiKTeX\tex/latex/base\article.cls
Document Class: article 2025/01/22 v1.4n Standard LaTeX document class
(<WINDOWS_USER_ROOT>\<USER>\AppData\Local\Programs\MiKTeX\tex/latex/base\size10.clo))
(<WINDOWS_USER_ROOT>\<USER>\AppData\Local\Programs\MiKTeX\tex/latex/base\fontenc.sty)
(<WINDOWS_USER_ROOT>\<USER>\AppData\Local\Programs\MiKTeX\tex/latex/lm\lmodern.sty)
(<WINDOWS_USER_ROOT>\<USER>\AppData\Local\Programs\MiKTeX\tex/latex/amsmath\amsmath.sty
For additional information on amsmath, use the `?' option.
(<WINDOWS_USER_ROOT>\<USER>\AppData\Local\Programs\MiKTeX\tex/latex/amsmath\amstext.sty
(<WINDOWS_USER_ROOT>\<USER>\AppData\Local\Programs\MiKTeX\tex/latex/amsmath\amsgen.sty))
(<WINDOWS_USER_ROOT>\<USER>\AppData\Local\Programs\MiKTeX\tex/latex/amsmath\amsbsy.sty)
(<WINDOWS_USER_ROOT>\<USER>\AppData\Local\Programs\MiKTeX\tex/latex/amsmath\amsopn.sty))
(<WINDOWS_USER_ROOT>\<USER>\AppData\Local\Programs\MiKTeX\tex/latex/amsfonts\amssymb.sty
(<WINDOWS_USER_ROOT>\<USER>\AppData\Local\Programs\MiKTeX\tex/latex/amsfonts\amsfonts.sty)
) (<WINDOWS_USER_ROOT>\<USER>\AppData\Local\Programs\MiKTeX\tex/latex/amsmath\amscd.sty)
(<WINDOWS_USER_ROOT>\<USER>\AppData\Local\Programs\MiKTeX\tex/latex/amscls\amsthm.sty)
(<WINDOWS_USER_ROOT>\<USER>\AppData\Local\Programs\MiKTeX\tex/latex/enumitem\enumitem.sty)

(<WINDOWS_USER_ROOT>\<USER>\AppData\Local\Programs\MiKTeX\tex/latex/microtype\microtype.st
y (<WINDOWS_USER_ROOT>\<USER>\AppData\Local\Programs\MiKTeX\tex/latex/graphics\keyval.sty)
 (<WINDOWS_USER_ROOT>\<USER>\AppData\Local\Programs\MiKTeX\tex/latex/etoolbox\etoolbox.sty
)
(<WINDOWS_USER_ROOT>\<USER>\AppData\Local\Programs\MiKTeX\tex/latex/microtype\microtype-pd
ftex.def)
(<WINDOWS_USER_ROOT>\<USER>\AppData\Local\Programs\MiKTeX\tex/latex/microtype\microtype.cf
g)) (<WINDOWS_USER_ROOT>\<USER>\AppData\Local\Programs\MiKTeX\tex/latex/xcolor\xcolor.sty
(<WINDOWS_USER_ROOT>\<USER>\AppData\Local\Programs\MiKTeX\tex/latex/graphics-cfg\color.cfg
)
(<WINDOWS_USER_ROOT>\<USER>\AppData\Local\Programs\MiKTeX\tex/latex/graphics-def\pdftex.de
f)
(<WINDOWS_USER_ROOT>\<USER>\AppData\Local\Programs\MiKTeX\tex/latex/graphics\mathcolor.ltx
))
(<WINDOWS_USER_ROOT>\<USER>\AppData\Local\Programs\MiKTeX\tex/latex/geometry\geometry.sty
(<WINDOWS_USER_ROOT>\<USER>\AppData\Local\Programs\MiKTeX\tex/generic/iftex\ifvtex.sty
(<WINDOWS_USER_ROOT>\<USER>\AppData\Local\Programs\MiKTeX\tex/generic/iftex\iftex.sty))
(<WINDOWS_USER_ROOT>\<USER>\AppData\Local\Programs\MiKTeX\tex/latex/geometry\geometry.cfg)
)
(<WINDOWS_USER_ROOT>\<USER>\AppData\Local\Programs\MiKTeX\tex/latex/hyperref\hyperref.sty
(<WINDOWS_USER_ROOT>\<USER>\AppData\Local\Programs\MiKTeX\tex/latex/kvsetkeys\kvsetkeys.st
y)
(<WINDOWS_USER_ROOT>\<USER>\AppData\Local\Programs\MiKTeX\tex/generic/kvdefinekeys\kvdefin
ekeys.sty)
(<WINDOWS_USER_ROOT>\<USER>\AppData\Local\Programs\MiKTeX\tex/generic/pdfescape\pdfescape.
sty
(<WINDOWS_USER_ROOT>\<USER>\AppData\Local\Programs\MiKTeX\tex/generic/ltxcmds\ltxcmds.sty)

(<WINDOWS_USER_ROOT>\<USER>\AppData\Local\Programs\MiKTeX\tex/generic/pdftexcmds\pdftexcmd
s.sty
(<WINDOWS_USER_ROOT>\<USER>\AppData\Local\Programs\MiKTeX\tex/generic/infwarerr\infwarerr.
sty)))
(<WINDOWS_USER_ROOT>\<USER>\AppData\Local\Programs\MiKTeX\tex/latex/hycolor\hycolor.sty)
(<WINDOWS_USER_ROOT>\<USER>\AppData\Local\Programs\MiKTeX\tex/latex/hyperref\nameref.sty
(<WINDOWS_USER_ROOT>\<USER>\AppData\Local\Programs\MiKTeX\tex/latex/refcount\refcount.sty)

(<WINDOWS_USER_ROOT>\<USER>\AppData\Local\Programs\MiKTeX\tex/generic/gettitlestring\getti
tlestring.sty
(<WINDOWS_USER_ROOT>\<USER>\AppData\Local\Programs\MiKTeX\tex/latex/kvoptions\kvoptions.st
y)))
(<WINDOWS_USER_ROOT>\<USER>\AppData\Local\Programs\MiKTeX\tex/generic/stringenc\stringenc.
sty)
(<WINDOWS_USER_ROOT>\<USER>\AppData\Local\Programs\MiKTeX\tex/latex/hyperref\pd1enc.def)
(<WINDOWS_USER_ROOT>\<USER>\AppData\Local\Programs\MiKTeX\tex/generic/intcalc\intcalc.sty)
(<WINDOWS_USER_ROOT>\<USER>\AppData\Local\Programs\MiKTeX\tex/latex/hyperref\puenc.def)
(<WINDOWS_USER_ROOT>\<USER>\AppData\Local\Programs\MiKTeX\tex/latex/url\url.sty)
(<WINDOWS_USER_ROOT>\<USER>\AppData\Local\Programs\MiKTeX\tex/generic/bitset\bitset.sty
(<WINDOWS_USER_ROOT>\<USER>\AppData\Local\Programs\MiKTeX\tex/generic/bigintcalc\bigintcal
c.sty)))
(<WINDOWS_USER_ROOT>\<USER>\AppData\Local\Programs\MiKTeX\tex/latex/hyperref\hpdftex.def
(<WINDOWS_USER_ROOT>\<USER>\AppData\Local\Programs\MiKTeX\tex/latex/rerunfilecheck\rerunfi
lecheck.sty
(<WINDOWS_USER_ROOT>\<USER>\AppData\Local\Programs\MiKTeX\tex/generic/uniquecounter\unique
counter.sty)))
(<WINDOWS_USER_ROOT>\<USER>\AppData\Local\Programs\MiKTeX\tex/latex/l3packages/xparse\xpar
se.sty
(<WINDOWS_USER_ROOT>\<USER>\AppData\Local\Programs\MiKTeX\tex/latex/l3kernel\expl3.sty
(<WINDOWS_USER_ROOT>\<USER>\AppData\Local\Programs\MiKTeX\tex/latex/l3backend\l3backend-pd
ftex.def)))
(<WINDOWS_USER_ROOT>\<USER>\AppData\Local\Programs\MiKTeX\tex/latex/lm\t1lmr.fd)
No file SGA2_Expose_VIII_English_SourceAligned_Cumulative_Candidate.aux.
(<WINDOWS_USER_ROOT>\<USER>\AppData\Local\Programs\MiKTeX\tex/latex/microtype\mt-cmr.cfg)
(<WINDOWS_USER_ROOT>\<USER>\AppData\Local\Programs\MiKTeX\tex/context/base/mkii\supp-pdf.m
kii
[Loading MPS to PDF converter (version 2006.09.02).]
)
*geometry* driver: auto-detecting
*geometry* detected driver: pdftex
(<WINDOWS_USER_ROOT>\<USER>\AppData\Local\Programs\MiKTeX\tex/latex/lm\ot1lmr.fd)
(<WINDOWS_USER_ROOT>\<USER>\AppData\Local\Programs\MiKTeX\tex/latex/lm\omllmm.fd)
(<WINDOWS_USER_ROOT>\<USER>\AppData\Local\Programs\MiKTeX\tex/latex/lm\omslmsy.fd)
(<WINDOWS_USER_ROOT>\<USER>\AppData\Local\Programs\MiKTeX\tex/latex/lm\omxlmex.fd)
(<WINDOWS_USER_ROOT>\<USER>\AppData\Local\Programs\MiKTeX\tex/latex/amsfonts\umsa.fd)
(<WINDOWS_USER_ROOT>\<USER>\AppData\Local\Programs\MiKTeX\tex/latex/microtype\mt-msa.cfg)
(<WINDOWS_USER_ROOT>\<USER>\AppData\Local\Programs\MiKTeX\tex/latex/amsfonts\umsb.fd)
(<WINDOWS_USER_ROOT>\<USER>\AppData\Local\Programs\MiKTeX\tex/latex/microtype\mt-msb.cfg)
[1{<WINDOWS_USER_ROOT>/<USER>/AppData/Local/MiKTeX/fonts/map/pdftex/pdftex.map}{<WINDOWS_USER_ROOT>/F
loris/AppData/Local/Programs/MiKTeX/fonts/enc/dvips/lm/lm-ec.enc}{<WINDOWS_USER_ROOT>/Flor
is/AppData/Local/Programs/MiKTeX/fonts/enc/dvips/lm/lm-mathit.enc}{<WINDOWS_USER_ROOT>/Flo
ris/AppData/Local/Programs/MiKTeX/fonts/enc/dvips/lm/lm-rm.enc}{<WINDOWS_USER_ROOT>/<USER>
/AppData/Local/Programs/MiKTeX/fonts/enc/dvips/lm/lm-mathsy.enc}{<WINDOWS_USER_ROOT>/Flori
s/AppData/Local/Programs/MiKTeX/fonts/enc/dvips/lm/lm-mathex.enc}] [2]
(<WINDOWS_USER_ROOT>\<USER>\AppData\Local\Programs\MiKTeX\tex/latex/amsfonts\ueuf.fd)
(<WINDOWS_USER_ROOT>\<USER>\AppData\Local\Programs\MiKTeX\tex/latex/microtype\mt-euf.cfg)
[3] [4] [5] [6] [7] [8]
(SGA2_Expose_VIII_English_SourceAligned_Cumulative_Candidate.aux)

LaTeX Warning: Label(s) may have changed. Rerun to get cross-references right.


Package rerunfilecheck Warning: File `SGA2_Expose_VIII_English_SourceAligned_Cu
mulative_Candidate.out' has changed.
(rerunfilecheck)                Rerun to get outlines right
(rerunfilecheck)                or use package `bookmark'.

 )<<WINDOWS_USER_ROOT>/<USER>/AppData/Local/Programs/MiKTeX/fonts/type1/public/amsfonts/eu
ler/eufm7.pfb><<WINDOWS_USER_ROOT>/<USER>/AppData/Local/Programs/MiKTeX/fonts/type1/public
/lm/lmbx10.pfb><<WINDOWS_USER_ROOT>/<USER>/AppData/Local/Programs/MiKTeX/fonts/type1/publi
c/lm/lmbx12.pfb><<WINDOWS_USER_ROOT>/<USER>/AppData/Local/Programs/MiKTeX/fonts/type1/publ
ic/lm/lmbx8.pfb><<WINDOWS_USER_ROOT>/<USER>/AppData/Local/Programs/MiKTeX/fonts/type1/publ
ic/lm/lmbxi10.pfb><<WINDOWS_USER_ROOT>/<USER>/AppData/Local/Programs/MiKTeX/fonts/type1/pu
blic/lm/lmcsc10.pfb><<WINDOWS_USER_ROOT>/<USER>/AppData/Local/Programs/MiKTeX/fonts/type1/
public/lm/lmex10.pfb><<WINDOWS_USER_ROOT>/<USER>/AppData/Local/Programs/MiKTeX/fonts/type1
/public/lm/lmmi10.pfb><<WINDOWS_USER_ROOT>/<USER>/AppData/Local/Programs/MiKTeX/fonts/type
1/public/lm/lmmi5.pfb><<WINDOWS_USER_ROOT>/<USER>/AppData/Local/Programs/MiKTeX/fonts/type
1/public/lm/lmmi6.pfb><<WINDOWS_USER_ROOT>/<USER>/AppData/Local/Programs/MiKTeX/fonts/type
1/public/lm/lmmi7.pfb><<WINDOWS_USER_ROOT>/<USER>/AppData/Local/Programs/MiKTeX/fonts/type
1/public/lm/lmmi8.pfb><<WINDOWS_USER_ROOT>/<USER>/AppData/Local/Programs/MiKTeX/fonts/type
1/public/lm/lmr10.pfb><<WINDOWS_USER_ROOT>/<USER>/AppData/Local/Programs/MiKTeX/fonts/type
1/public/lm/lmr12.pfb><<WINDOWS_USER_ROOT>/<USER>/AppData/Local/Programs/MiKTeX/fonts/type
1/public/lm/lmr6.pfb><<WINDOWS_USER_ROOT>/<USER>/AppData/Local/Programs/MiKTeX/fonts/type1
/public/lm/lmr7.pfb><<WINDOWS_USER_ROOT>/<USER>/AppData/Local/Programs/MiKTeX/fonts/type1/
public/lm/lmr8.pfb><<WINDOWS_USER_ROOT>/<USER>/AppData/Local/Programs/MiKTeX/fonts/type1/p
ublic/lm/lmr9.pfb><<WINDOWS_USER_ROOT>/<USER>/AppData/Local/Programs/MiKTeX/fonts/type1/pu
blic/lm/lmri10.pfb><<WINDOWS_USER_ROOT>/<USER>/AppData/Local/Programs/MiKTeX/fonts/type1/p
ublic/lm/lmri8.pfb><<WINDOWS_USER_ROOT>/<USER>/AppData/Local/Programs/MiKTeX/fonts/type1/p
ublic/lm/lmsy10.pfb><<WINDOWS_USER_ROOT>/<USER>/AppData/Local/Programs/MiKTeX/fonts/type1/
public/lm/lmsy5.pfb><<WINDOWS_USER_ROOT>/<USER>/AppData/Local/Programs/MiKTeX/fonts/type1/
public/lm/lmsy6.pfb><<WINDOWS_USER_ROOT>/<USER>/AppData/Local/Programs/MiKTeX/fonts/type1/
public/lm/lmsy7.pfb><<WINDOWS_USER_ROOT>/<USER>/AppData/Local/Programs/MiKTeX/fonts/type1/
public/lm/lmsy8.pfb><<WINDOWS_USER_ROOT>/<USER>/AppData/Local/Programs/MiKTeX/fonts/type1/
public/amsfonts/symbols/msam10.pfb><<WINDOWS_USER_ROOT>/<USER>/AppData/Local/Programs/MiKT
eX/fonts/type1/public/amsfonts/symbols/msbm10.pfb>
Output written on SGA2_Expose_VIII_English_SourceAligned_Cumulative_Candidate.p
df (8 pages, 491245 bytes).
Transcript written on SGA2_Expose_VIII_English_SourceAligned_Cumulative_Candida
te.log.
