SGA1_PATH_SCRUBBED_FULL_COMPILER_LOG_V1
pass=2
bootstrap_pass=False
source=SGA1_English_source_sync_workpass.tex
output=SGA1_English_source_sync_workpass.pdf
raw_log_bytes=28451
raw_log_sha256=EAD5F6B8B97F60531C70E2C054D4AC760E0C6C35F049857422E5D90B57B090A8
raw_log_lines=699
redacted_local_path_lines=130
diagnostic_hits=0
verified_output=SGA1_English_source_sync_workpass.pdf; pages=15; bytes=539984; sha256=76447BE947C25C89D882AD07BE8814109C7943EA31FB2401ED0D3C6D4A597EB9
redaction=Every absolute local compiler path line and its wrapped continuation are replaced; all other compiler-log lines remain in order.
---BEGIN SANITIZED FULL COMPILER LOG---
This is pdfTeX, Version 3.141592653-2.6-1.40.29 (MiKTeX 26.5) (preloaded format=pdflatex 2026.5.17)  19 JUL 2026 09:39
entering extended mode
 restricted \write18 enabled.
 file:line:error style messages enabled.
 %&-line parsing enabled.
**./SGA1_English_source_sync_workpass.tex
(SGA1_English_source_sync_workpass.tex
LaTeX2e <2025-11-01>
L3 programming layer <2026-03-20>
[LOCAL COMPILER PATH LINE REDACTED]
Document Class: amsbook 2020/05/29 v2.20.6
\linespacing=\dimen150
\normalparindent=\dimen151
\normaltopskip=\skip49
[LOCAL COMPILER PATH LINE REDACTED]
Package: amsmath 2025/07/09 v2.17z AMS math features
\@mathmargin=\skip50

For additional information on amsmath, use the `?' option.
[LOCAL COMPILER PATH LINE REDACTED]
Package: amstext 2024/11/17 v2.01 AMS text

[LOCAL COMPILER PATH LINE REDACTED]
File: amsgen.sty 1999/11/30 v2.0 generic functions
\@emptytoks=\toks17
\ex@=\dimen152
))
[LOCAL COMPILER PATH LINE REDACTED]
Package: amsbsy 1999/11/29 v1.2d Bold Symbols
\pmbraise@=\dimen153
)
[LOCAL COMPILER PATH LINE REDACTED]
Package: amsopn 2022/04/08 v2.04 operator names
)
\inf@bad=\count275
LaTeX Info: Redefining \frac on input line 233.
\uproot@=\count276
\leftroot@=\count277
LaTeX Info: Redefining \overline on input line 398.
LaTeX Info: Redefining \colon on input line 409.
\classnum@=\count278
\DOTSCASE@=\count279
LaTeX Info: Redefining \ldots on input line 495.
LaTeX Info: Redefining \dots on input line 498.
LaTeX Info: Redefining \cdots on input line 619.
\Mathstrutbox@=\box53
\strutbox@=\box54
LaTeX Info: Redefining \big on input line 721.
LaTeX Info: Redefining \Big on input line 722.
LaTeX Info: Redefining \bigg on input line 723.
LaTeX Info: Redefining \Bigg on input line 724.
\big@size=\dimen154
LaTeX Font Info:    Redeclaring font encoding OML on input line 742.
LaTeX Font Info:    Redeclaring font encoding OMS on input line 743.
\macc@depth=\count280
LaTeX Info: Redefining \bmod on input line 904.
LaTeX Info: Redefining \pmod on input line 909.
LaTeX Info: Redefining \smash on input line 939.
LaTeX Info: Redefining \relbar on input line 969.
LaTeX Info: Redefining \Relbar on input line 970.
\c@MaxMatrixCols=\count281
\dotsspace@=\muskip17
\c@parentequation=\count282
\dspbrk@lvl=\count283
\tag@help=\toks18
\row@=\count284
\column@=\count285
\maxfields@=\count286
\andhelp@=\toks19
\eqnshift@=\dimen155
\alignsep@=\dimen156
\tagshift@=\dimen157
\tagwidth@=\dimen158
\totwidth@=\dimen159
\lineht@=\dimen160
\@envbody=\toks20
\multlinegap=\skip51
\multlinetaggap=\skip52
\mathdisplay@stack=\toks21
LaTeX Info: Redefining \[ on input line 2950.
LaTeX Info: Redefining \] on input line 2951.
)
LaTeX Font Info:    Trying to load font information for U+msa on input line 376
.

[LOCAL COMPILER PATH LINE REDACTED]
File: umsa.fd 2013/01/14 v3.01 AMS symbols A
)
[LOCAL COMPILER PATH LINE REDACTED]
Package: amsfonts 2013/01/14 v3.01 Basic AMSFonts support
\symAMSa=\mathgroup4
\symAMSb=\mathgroup5
LaTeX Font Info:    Redeclaring math symbol \hbar on input line 98.
LaTeX Font Info:    Overwriting math alphabet `\mathfrak' in version `bold'
(Font)                  U/euf/m/n --> U/euf/b/n on input line 106.
)
\copyins=\insert252
\abstractbox=\box55
\listisep=\skip53
\c@part=\count287
\c@chapter=\count288
\c@section=\count289
\c@subsection=\count290
\c@subsubsection=\count291
\c@paragraph=\count292
\c@subparagraph=\count293
\c@figure=\count294
\c@table=\count295
\abovecaptionskip=\skip54
\belowcaptionskip=\skip55
\captionindent=\dimen161
\thm@style=\toks22
\thm@bodyfont=\toks23
\thm@headfont=\toks24
\thm@notefont=\toks25
\thm@headpunct=\toks26
\thm@preskip=\skip56
\thm@postskip=\skip57
\thm@headsep=\skip58
\dth@everypar=\toks27
[LOCAL COMPILER PATH LINE REDACTED]
Package: fontenc 2025/07/18 v2.1d Standard LaTeX package
)
[LOCAL COMPILER PATH LINE REDACTED]
Package: inputenc 2024/02/08 v1.3d Input encoding file
\inpenc@prehook=\toks28
\inpenc@posthook=\toks29
)
[LOCAL COMPILER PATH LINE REDACTED]
Package: lmodern 2015/05/01 v1.6.1 Latin Modern Fonts
LaTeX Font Info:    Overwriting symbol font `operators' in version `normal'
(Font)                  OT1/cmr/m/n --> OT1/lmr/m/n on input line 22.
LaTeX Font Info:    Overwriting symbol font `letters' in version `normal'
(Font)                  OML/cmm/m/it --> OML/lmm/m/it on input line 23.
LaTeX Font Info:    Overwriting symbol font `symbols' in version `normal'
(Font)                  OMS/cmsy/m/n --> OMS/lmsy/m/n on input line 24.
LaTeX Font Info:    Overwriting symbol font `largesymbols' in version `normal'
(Font)                  OMX/cmex/m/n --> OMX/lmex/m/n on input line 25.
LaTeX Font Info:    Overwriting symbol font `operators' in version `bold'
(Font)                  OT1/cmr/bx/n --> OT1/lmr/bx/n on input line 26.
LaTeX Font Info:    Overwriting symbol font `letters' in version `bold'
(Font)                  OML/cmm/b/it --> OML/lmm/b/it on input line 27.
LaTeX Font Info:    Overwriting symbol font `symbols' in version `bold'
(Font)                  OMS/cmsy/b/n --> OMS/lmsy/b/n on input line 28.
LaTeX Font Info:    Overwriting symbol font `largesymbols' in version `bold'
(Font)                  OMX/cmex/m/n --> OMX/lmex/m/n on input line 29.
LaTeX Font Info:    Overwriting math alphabet `\mathbf' in version `normal'
(Font)                  OT1/cmr/bx/n --> OT1/lmr/bx/n on input line 31.
LaTeX Font Info:    Overwriting math alphabet `\mathsf' in version `normal'
(Font)                  OT1/cmss/m/n --> OT1/lmss/m/n on input line 32.
LaTeX Font Info:    Overwriting math alphabet `\mathit' in version `normal'
(Font)                  OT1/cmr/m/it --> OT1/lmr/m/it on input line 33.
LaTeX Font Info:    Overwriting math alphabet `\mathtt' in version `normal'
(Font)                  OT1/cmtt/m/n --> OT1/lmtt/m/n on input line 34.
LaTeX Font Info:    Overwriting math alphabet `\mathbf' in version `bold'
(Font)                  OT1/cmr/bx/n --> OT1/lmr/bx/n on input line 35.
LaTeX Font Info:    Overwriting math alphabet `\mathsf' in version `bold'
(Font)                  OT1/cmss/bx/n --> OT1/lmss/bx/n on input line 36.
LaTeX Font Info:    Overwriting math alphabet `\mathit' in version `bold'
(Font)                  OT1/cmr/bx/it --> OT1/lmr/bx/it on input line 37.
LaTeX Font Info:    Overwriting math alphabet `\mathtt' in version `bold'
(Font)                  OT1/cmtt/m/n --> OT1/lmtt/m/n on input line 38.
)
[LOCAL COMPILER PATH LINE REDACTED]
[LOCAL COMPILER PATH LINE REDACTED]
Package: microtype 2026/03/01 v3.2d Micro-typographical refinements (RS)
[LOCAL COMPILER PATH LINE REDACTED]
Package: keyval 2022/05/29 v1.15 key=value parser (DPC)
\KV@toks@=\toks30
[LOCAL COMPILER PATH LINE REDACTED]
[LOCAL COMPILER PATH LINE REDACTED]
Package: etoolbox 2025/10/02 v2.5m e-TeX tools for LaTeX (JAW)
\etb@tempcnta=\count296
)
\MT@toks=\toks31
\MT@tempbox=\box56
\MT@count=\count297
LaTeX Info: Redefining \noprotrusionifhmode on input line 1084.
LaTeX Info: Redefining \leftprotrusion on input line 1085.
\MT@prot@toks=\toks32
LaTeX Info: Redefining \rightprotrusion on input line 1104.
LaTeX Info: Redefining \textls on input line 1449.
\MT@outer@kern=\dimen162
LaTeX Info: Redefining \microtypecontext on input line 2053.
LaTeX Info: Redefining \textmicrotypecontext on input line 2070.
\MT@listname@count=\count298

[LOCAL COMPILER PATH LINE REDACTED]
[LOCAL COMPILER PATH LINE REDACTED]
File: microtype-pdftex.def 2026/03/01 v3.2d Definitions specific to pdftex (RS)

LaTeX Info: Redefining \lsstyle on input line 944.
LaTeX Info: Redefining \lslig on input line 944.
\MT@outer@space=\skip59
)
Package microtype Info: Loading configuration file microtype.cfg.

[LOCAL COMPILER PATH LINE REDACTED]
[LOCAL COMPILER PATH LINE REDACTED]
File: microtype.cfg 2026/03/01 v3.2d microtype main configuration file (RS)
)
LaTeX Info: Redefining \microtypesetup on input line 3065.
)
[LOCAL COMPILER PATH LINE REDACTED]
Package: amssymb 2013/01/14 v3.01 AMS font symbols
)
[LOCAL COMPILER PATH LINE REDACTED]
[LOCAL COMPILER PATH LINE REDACTED]
Package: mathtools 2024/10/04 v1.31 mathematical typesetting tools
[LOCAL COMPILER PATH LINE REDACTED]
Package: calc 2025/03/01 v4.3b Infix arithmetic (KKT,FJ)
\calc@Acount=\count299
\calc@Bcount=\count300
\calc@Adimen=\dimen163
\calc@Bdimen=\dimen164
\calc@Askip=\skip60
\calc@Bskip=\skip61
LaTeX Info: Redefining \setlength on input line 86.
LaTeX Info: Redefining \addtolength on input line 87.
\calc@Ccount=\count301
\calc@Cskip=\skip62
)
[LOCAL COMPILER PATH LINE REDACTED]
Package: mhsetup 2021/03/18 v1.4 programming setup (MH)
)
\g_MT_multlinerow_int=\count302
\l_MT_multwidth_dim=\dimen165
\origjot=\skip63
\l_MT_shortvdotswithinadjustabove_dim=\dimen166
\l_MT_shortvdotswithinadjustbelow_dim=\dimen167
\l_MT_above_intertext_sep=\dimen168
\l_MT_below_intertext_sep=\dimen169
\l_MT_above_shortintertext_sep=\dimen170
\l_MT_below_shortintertext_sep=\dimen171
\xmathstrut@box=\box57
\xmathstrut@dim=\dimen172
)
[LOCAL COMPILER PATH LINE REDACTED]
Package: geometry 2026/03/07 v6.0 Page Geometry

[LOCAL COMPILER PATH LINE REDACTED]
Package: ifvtex 2019/10/25 v1.7 ifvtex legacy package. Use iftex instead.

[LOCAL COMPILER PATH LINE REDACTED]
Package: iftex 2024/12/12 v1.0g TeX engine tests
))
\Gm@cnth=\count303
\Gm@cntv=\count304
\c@Gm@tempcnt=\count305
\Gm@bindingoffset=\dimen173
\Gm@wd@mp=\dimen174
\Gm@odd@mp=\dimen175
\Gm@even@mp=\dimen176
\Gm@layoutwidth=\dimen177
\Gm@layoutheight=\dimen178
\Gm@layouthoffset=\dimen179
\Gm@layoutvoffset=\dimen180
\Gm@dimlist=\toks33

[LOCAL COMPILER PATH LINE REDACTED]
[LOCAL COMPILER PATH LINE REDACTED]
[LOCAL COMPILER PATH LINE REDACTED]
Package: hyperref 2026-04-24 v7.01q Hypertext links for LaTeX

[LOCAL COMPILER PATH LINE REDACTED]
[LOCAL COMPILER PATH LINE REDACTED]
Package: kvsetkeys 2022-10-05 v1.19 Key value parser (HO)
)
[LOCAL COMPILER PATH LINE REDACTED]
[LOCAL COMPILER PATH LINE REDACTED]
Package: kvdefinekeys 2019-12-19 v1.6 Define keys (HO)
)
[LOCAL COMPILER PATH LINE REDACTED]
[LOCAL COMPILER PATH LINE REDACTED]
Package: pdfescape 2019/12/09 v1.15 Implements pdfTeX's escape features (HO)

[LOCAL COMPILER PATH LINE REDACTED]
Package: ltxcmds 2023-12-04 v1.26 LaTeX kernel commands for general use (HO)
)
[LOCAL COMPILER PATH LINE REDACTED]
[LOCAL COMPILER PATH LINE REDACTED]
Package: pdftexcmds 2020-06-27 v0.33 Utility functions of pdfTeX for LuaTeX (HO
)

[LOCAL COMPILER PATH LINE REDACTED]
[LOCAL COMPILER PATH LINE REDACTED]
Package: infwarerr 2019/12/03 v1.5 Providing info/warning/error messages (HO)
)
Package pdftexcmds Info: \pdf@primitive is available.
Package pdftexcmds Info: \pdf@ifprimitive is available.
Package pdftexcmds Info: \pdfdraftmode found.
))
[LOCAL COMPILER PATH LINE REDACTED]
Package: hycolor 2020-01-27 v1.10 Color options for hyperref/bookmark (HO)
)
[LOCAL COMPILER PATH LINE REDACTED]
Package: nameref 2026-01-29 v2.58 Cross-referencing by name of section

[LOCAL COMPILER PATH LINE REDACTED]
Package: refcount 2019/12/15 v3.6 Data extraction from label references (HO)
)
[LOCAL COMPILER PATH LINE REDACTED]
[LOCAL COMPILER PATH LINE REDACTED]
Package: gettitlestring 2019/12/15 v1.6 Cleanup title references (HO)

[LOCAL COMPILER PATH LINE REDACTED]
[LOCAL COMPILER PATH LINE REDACTED]
Package: kvoptions 2022-06-15 v3.15 Key value format for package options (HO)
))
\c@section@level=\count306
)
[LOCAL COMPILER PATH LINE REDACTED]
[LOCAL COMPILER PATH LINE REDACTED]
Package: stringenc 2019/11/29 v1.12 Convert strings between diff. encodings (HO
)
)
\@linkdim=\dimen181
\Hy@linkcounter=\count307
\Hy@pagecounter=\count308

[LOCAL COMPILER PATH LINE REDACTED]
File: pd1enc.def 2026-04-24 v7.01q Hyperref: PDFDocEncoding definition (HO)
Now handling font encoding PD1 ...
... no UTF-8 mapping file for font encoding PD1
)
[LOCAL COMPILER PATH LINE REDACTED]
Package: intcalc 2019/12/15 v1.3 Expandable calculations with integers (HO)
)
\Hy@SavedSpaceFactor=\count309
[LOCAL COMPILER PATH LINE REDACTED]
File: puenc.def 2026-04-24 v7.01q Hyperref: PDF Unicode definition (HO)
Now handling font encoding PU ...
... no UTF-8 mapping file for font encoding PU
)
Package hyperref Info: Option `unicode' set `true' on input line 4070.
Package hyperref Info: Hyper figures OFF on input line 4199.
Package hyperref Info: Link nesting OFF on input line 4204.
Package hyperref Info: Hyper index ON on input line 4207.
Package hyperref Info: Plain pages OFF on input line 4214.
Package hyperref Info: Backreferencing OFF on input line 4219.
Package hyperref Info: Implicit mode ON; LaTeX internals redefined.
Package hyperref Info: Bookmarks ON on input line 4466.
\c@Hy@tempcnt=\count310

[LOCAL COMPILER PATH LINE REDACTED]
\Urlmuskip=\muskip18
Package: url 2013/09/16  ver 3.4  Verb mode for urls, etc.
)
LaTeX Info: Redefining \url on input line 4805.
\XeTeXLinkMargin=\dimen182

[LOCAL COMPILER PATH LINE REDACTED]
Package: bitset 2019/12/09 v1.3 Handle bit-vector datatype (HO)

[LOCAL COMPILER PATH LINE REDACTED]
[LOCAL COMPILER PATH LINE REDACTED]
Package: bigintcalc 2019/12/15 v1.5 Expandable calculations on big integers (HO
)
))
\Fld@menulength=\count311
\Field@Width=\dimen183
\Fld@charsize=\dimen184
Package hyperref Info: Hyper figures OFF on input line 6091.
Package hyperref Info: Link nesting OFF on input line 6096.
Package hyperref Info: Hyper index ON on input line 6099.
Package hyperref Info: backreferencing OFF on input line 6106.
Package hyperref Info: Link coloring OFF on input line 6111.
Package hyperref Info: Link coloring with OCG OFF on input line 6116.
Package hyperref Info: PDF/A mode OFF on input line 6121.
\Hy@abspage=\count312
\c@Item=\count313
\c@Hfootnote=\count314
)
Package hyperref Info: Driver (autodetected): hpdftex.

[LOCAL COMPILER PATH LINE REDACTED]
File: hpdftex.def 2026-04-24 v7.01q Hyperref driver for pdfTeX
\Fld@listcount=\count315
\c@bookmark@seq@number=\count316

[LOCAL COMPILER PATH LINE REDACTED]
[LOCAL COMPILER PATH LINE REDACTED]
Package: rerunfilecheck 2025-06-21 v1.11 Rerun checks for auxiliary files (HO)

[LOCAL COMPILER PATH LINE REDACTED]
[LOCAL COMPILER PATH LINE REDACTED]
Package: uniquecounter 2019/12/15 v1.4 Provide unlimited unique counter (HO)
)
Package uniquecounter Info: New unique counter `rerunfilecheck' on input line 2
84.
)
\Hy@SectionHShift=\skip64
)
[LOCAL COMPILER PATH LINE REDACTED]
Package: bookmark 2026-05-21 v1.32 PDF bookmarks (HO)

[LOCAL COMPILER PATH LINE REDACTED]
[LOCAL COMPILER PATH LINE REDACTED]
File: l3backend-pdftex.def 2026-02-18 L3 backend support: PDF output (pdfTeX)
\l__color_backend_stack_int=\count317
)
[LOCAL COMPILER PATH LINE REDACTED]
[LOCAL COMPILER PATH LINE REDACTED]
File: bkm-pdftex.def 2026-05-21 v1.32 bookmark driver for pdfTeX (HO)
\BKM@id=\count318
))
\c@proposition=\count319

[LOCAL COMPILER PATH LINE REDACTED]
[LOCAL COMPILER PATH LINE REDACTED]
File: se-pdfdoc.def 2019/11/29 v1.12 stringenc: PDFDocEncoding
)
LaTeX Font Info:    Trying to load font information for T1+lmr on input line 39
.
[LOCAL COMPILER PATH LINE REDACTED]
File: t1lmr.fd 2015/05/01 v1.6.1 Font defs for Latin Modern
)
(SGA1_English_source_sync_workpass.aux)
\openout1 = `SGA1_English_source_sync_workpass.aux'.

LaTeX Font Info:    Checking defaults for OML/cmm/m/it on input line 39.
LaTeX Font Info:    ... okay on input line 39.
LaTeX Font Info:    Checking defaults for OMS/cmsy/m/n on input line 39.
LaTeX Font Info:    ... okay on input line 39.
LaTeX Font Info:    Checking defaults for OT1/cmr/m/n on input line 39.
LaTeX Font Info:    ... okay on input line 39.
LaTeX Font Info:    Checking defaults for T1/cmr/m/n on input line 39.
LaTeX Font Info:    ... okay on input line 39.
LaTeX Font Info:    Checking defaults for TS1/cmr/m/n on input line 39.
LaTeX Font Info:    ... okay on input line 39.
LaTeX Font Info:    Checking defaults for OMX/cmex/m/n on input line 39.
LaTeX Font Info:    ... okay on input line 39.
LaTeX Font Info:    Checking defaults for U/cmr/m/n on input line 39.
LaTeX Font Info:    ... okay on input line 39.
LaTeX Font Info:    Checking defaults for PD1/pdf/m/n on input line 39.
LaTeX Font Info:    ... okay on input line 39.
LaTeX Font Info:    Checking defaults for PU/pdf/m/n on input line 39.
LaTeX Font Info:    ... okay on input line 39.
LaTeX Font Info:    Trying to load font information for OT1+lmr on input line 3
9.

[LOCAL COMPILER PATH LINE REDACTED]
File: ot1lmr.fd 2015/05/01 v1.6.1 Font defs for Latin Modern
)
LaTeX Font Info:    Trying to load font information for OML+lmm on input line 3
9.

[LOCAL COMPILER PATH LINE REDACTED]
File: omllmm.fd 2015/05/01 v1.6.1 Font defs for Latin Modern
)
LaTeX Font Info:    Trying to load font information for OMS+lmsy on input line 
39.

[LOCAL COMPILER PATH LINE REDACTED]
File: omslmsy.fd 2015/05/01 v1.6.1 Font defs for Latin Modern
)
LaTeX Font Info:    Trying to load font information for OMX+lmex on input line 
39.

[LOCAL COMPILER PATH LINE REDACTED]
File: omxlmex.fd 2015/05/01 v1.6.1 Font defs for Latin Modern
)
LaTeX Font Info:    External font `lmex10' loaded for size
(Font)              <9> on input line 39.
LaTeX Font Info:    External font `lmex10' loaded for size
(Font)              <6> on input line 39.
LaTeX Font Info:    External font `lmex10' loaded for size
(Font)              <5> on input line 39.
LaTeX Font Info:    Trying to load font information for U+msa on input line 39.


[LOCAL COMPILER PATH LINE REDACTED]
File: umsa.fd 2013/01/14 v3.01 AMS symbols A
)
LaTeX Font Info:    Trying to load font information for U+msb on input line 39.


[LOCAL COMPILER PATH LINE REDACTED]
File: umsb.fd 2013/01/14 v3.01 AMS symbols B
)
LaTeX Info: Redefining \microtypecontext on input line 39.
Package microtype Info: Applying patch `item' on input line 39.
Package microtype Info: Applying patch `toc' on input line 39.
Package microtype Info: Applying patch `eqnum' on input line 39.
Package microtype Info: Applying patch `footnote' on input line 39.
Package microtype Info: Applying patch `verbatim' on input line 39.
LaTeX Info: Redefining \microtypesetup on input line 39.
Package microtype Info: Generating PDF output.
Package microtype Info: Character protrusion enabled (level 2).
Package microtype Info: Using default protrusion set `alltext'.
Package microtype Info: Automatic font expansion enabled (level 2),
(microtype)             stretch: 20, shrink: 20, step: 1, non-selected.
Package microtype Info: Using default expansion set `alltext-nott'.
Package microtype Info: Patching command `\showhyphens'.
Package microtype Info: No adjustment of tracking.
Package microtype Info: No adjustment of interword spacing.
Package microtype Info: No adjustment of character kerning.

[LOCAL COMPILER PATH LINE REDACTED]
File: mt-cmr.cfg 2013/05/19 v2.2 microtype config. file: Computer Modern Roman 
(RS)
)
[LOCAL COMPILER PATH LINE REDACTED]
Package: graphicx 2024/12/31 v1.2e Enhanced LaTeX Graphics (DPC,SPQR)

[LOCAL COMPILER PATH LINE REDACTED]
Package: graphics 2024/08/06 v1.4g Standard LaTeX Graphics (DPC,SPQR)

[LOCAL COMPILER PATH LINE REDACTED]
Package: trig 2023/12/02 v1.11 sin cos tan (DPC)
)
[LOCAL COMPILER PATH LINE REDACTED]
[LOCAL COMPILER PATH LINE REDACTED]
File: graphics.cfg 2016/06/04 v1.11 sample graphics configuration
)
Package graphics Info: Driver file: pdftex.def on input line 106.

[LOCAL COMPILER PATH LINE REDACTED]
[LOCAL COMPILER PATH LINE REDACTED]
File: pdftex.def 2025/09/29 v1.2d Graphics/color driver for pdftex

[LOCAL COMPILER PATH LINE REDACTED]
[LOCAL COMPILER PATH LINE REDACTED]
[Loading MPS to PDF converter (version 2006.09.02).]
\scratchcounter=\count320
\scratchdimen=\dimen185
\scratchbox=\box58
\nofMPsegments=\count321
\nofMParguments=\count322
\everyMPshowfont=\toks34
\MPscratchCnt=\count323
\MPscratchDim=\dimen186
\MPnumerator=\count324
\makeMPintoPDFobject=\count325
\everyMPtoPDFconversion=\toks35
)))
[LOCAL COMPILER PATH LINE REDACTED]
[LOCAL COMPILER PATH LINE REDACTED]
Package: epstopdf-base 2020-01-24 v2.11 Base part for package epstopdf
Package epstopdf-base Info: Redefining graphics rule for `.eps' on input line 4
85.

[LOCAL COMPILER PATH LINE REDACTED]
[LOCAL COMPILER PATH LINE REDACTED]
File: epstopdf-sys.cfg 2021/03/18 v2.0 Configuration of epstopdf for MiKTeX
))
\Gin@req@height=\dimen187
\Gin@req@width=\dimen188
)
*geometry* driver: auto-detecting
*geometry* detected driver: pdftex
*geometry* verbose mode - [ preamble ] result:
* driver: pdftex
* paper: a4paper
* layout: <same size as paper>
* layoutoffset:(h,v)=(0.0pt,0.0pt)
* modes: 
* h-part:(L,W,R)=(88.20354pt, 421.1008pt, 88.20354pt)
* v-part:(T,H,B)=(79.66771pt, 680.02087pt, 85.35826pt)
* \paperwidth=597.50787pt
* \paperheight=845.04684pt
* \textwidth=421.1008pt
* \textheight=680.02087pt
* \oddsidemargin=15.93355pt
* \evensidemargin=15.93355pt
* \topmargin=-14.60228pt
* \headheight=8.0pt
* \headsep=14.0pt
* \topskip=10.0pt
* \footskip=18.0pt
* \marginparwidth=62.59605pt
* \marginparsep=14.22636pt
* \columnsep=10.0pt
* \skip\footins=7.0pt plus 11.0pt
* \hoffset=0.0pt
* \voffset=0.0pt
* \mag=1000
* \@twocolumnfalse
* \@twosidefalse
* \@mparswitchfalse
* \@reversemarginfalse
* (1in=72.27pt=25.4mm, 1cm=28.453pt)

Package hyperref Info: Link coloring OFF on input line 39.
[0




[LOCAL COMPILER PATH LINE REDACTED]
[LOCAL COMPILER PATH LINE REDACTED]
Source and status note
LaTeX Font Info:    Trying to load font information for T1+lmtt on input line 6
1.
[LOCAL COMPILER PATH LINE REDACTED]
File: t1lmtt.fd 2015/05/01 v1.6.1 Font defs for Latin Modern
)
Package microtype Info: Loading generic protrusion settings for font family
(microtype)             `lmtt' (encoding: T1).
(microtype)             For optimal results, create family-specific settings.
(microtype)             See the microtype manual for details.
 [1


]
Contents
(SGA1_English_source_sync_workpass.toc)
\tf@toc=\write3
\openout3 = `SGA1_English_source_sync_workpass.toc'.

 [2


]
Chapter I
LaTeX Font Info:    External font `lmex10' loaded for size
(Font)              <10.95> on input line 101.
LaTeX Font Info:    External font `lmex10' loaded for size
(Font)              <8> on input line 101.
[LOCAL COMPILER PATH LINE REDACTED]
File: mt-msa.cfg 2006/02/04 v1.1 microtype config. file: AMS symbols (a) (RS)
)
[LOCAL COMPILER PATH LINE REDACTED]
File: mt-msb.cfg 2005/06/01 v1.0 microtype config. file: AMS symbols (b) (RS)
)
Package microtype Info: Character `029' is missing
(microtype)             in font `T1/lmr/m/sc/10.95'.
(microtype)             Ignoring protrusion settings for this character.
LaTeX Font Info:    Trying to load font information for U+euf on input line 130
.

[LOCAL COMPILER PATH LINE REDACTED]
File: ueuf.fd 2013/01/14 v3.01 Euler Fraktur
)
[LOCAL COMPILER PATH LINE REDACTED]
File: mt-euf.cfg 2006/07/03 v1.1 microtype config. file: AMS Euler Fraktur (RS)

)
[1




[LOCAL COMPILER PATH LINE REDACTED]
[LOCAL COMPILER PATH LINE REDACTED]
[LOCAL COMPILER PATH LINE REDACTED]
[LOCAL COMPILER PATH LINE REDACTED]
[LOCAL COMPILER PATH LINE REDACTED]
(drafts/SGA1_I_6_English_source_draft.texfrag [6])
(drafts/SGA1_I_7_English_source_draft.texfrag [7] [8] [9])
(drafts/SGA1_I_8_English_source_draft.texfrag [10] [11]) [12]
(SGA1_English_source_sync_workpass.aux)
 ***********
LaTeX2e <2025-11-01>
L3 programming layer <2026-03-20>
 ***********
 ) 
Here is how much of TeX's memory you used:
 14565 strings out of 467691
 232049 string characters out of 5414503
 686738 words of memory out of 5000000
 42834 multiletter control sequences out of 15000+600000
 722177 words of font info for 251 fonts, out of 8000000 for 9000
 1302 hyphenation exceptions out of 8191
 75i,12n,79p,1032b,686s stack positions out of 10000i,1000n,20000p,200000b,200000s
[LOCAL COMPILER PATH LINE REDACTED]
[LOCAL COMPILER PATH LINE REDACTED]
[LOCAL COMPILER PATH LINE REDACTED]
[LOCAL COMPILER PATH LINE REDACTED]
[LOCAL COMPILER PATH LINE REDACTED]
[LOCAL COMPILER PATH LINE REDACTED]
[LOCAL COMPILER PATH LINE REDACTED]
[LOCAL COMPILER PATH LINE REDACTED]
[LOCAL COMPILER PATH LINE REDACTED]
[LOCAL COMPILER PATH LINE REDACTED]
[LOCAL COMPILER PATH LINE REDACTED]
[LOCAL COMPILER PATH LINE REDACTED]
[LOCAL COMPILER PATH LINE REDACTED]
[LOCAL COMPILER PATH LINE REDACTED]
[LOCAL COMPILER PATH LINE REDACTED]
[LOCAL COMPILER PATH LINE REDACTED]
[LOCAL COMPILER PATH LINE REDACTED]
[LOCAL COMPILER PATH LINE REDACTED]
[LOCAL COMPILER PATH LINE REDACTED]
[LOCAL COMPILER PATH LINE REDACTED]
[LOCAL COMPILER PATH LINE REDACTED]
[LOCAL COMPILER PATH LINE REDACTED]
[LOCAL COMPILER PATH LINE REDACTED]
[LOCAL COMPILER PATH LINE REDACTED]
[LOCAL COMPILER PATH LINE REDACTED]
[LOCAL COMPILER PATH LINE REDACTED]
[LOCAL COMPILER PATH LINE REDACTED]
Output written on SGA1_English_source_sync_workpass.pdf (15 pages, 539984 bytes
).
PDF statistics:
 430 PDF objects out of 1000 (max. 8388607)
 93 named destinations out of 1000 (max. 500000)
 46161 words of extra memory for PDF output out of 51595 (max. 10000000)

---END SANITIZED FULL COMPILER LOG---
