This is pdfTeX, Version 3.141592653-2.6-1.40.29 (MiKTeX 26.5) (preloaded format=pdflatex.fmt)
 restricted \write18 enabled.
entering extended mode

(SGA2_Expose_VIII_Fourth_Step_iv_Implies_ii_Induction_n1_English_SourceAligned.
tex
LaTeX2e <2025-11-01>
L3 programming layer <2026-03-20>
(<USER_ROOT>\AppData\Local\Programs\MiKTeX\tex/latex/base\article.cls
Document Class: article 2025/01/22 v1.4n Standard LaTeX document class
(<USER_ROOT>\AppData\Local\Programs\MiKTeX\tex/latex/base\size10.clo))
(<USER_ROOT>\AppData\Local\Programs\MiKTeX\tex/latex/base\fontenc.sty)
(<USER_ROOT>\AppData\Local\Programs\MiKTeX\tex/latex/lm\lmodern.sty)
(<USER_ROOT>\AppData\Local\Programs\MiKTeX\tex/latex/amsmath\amsmath.sty
For additional information on amsmath, use the `?' option.
(<USER_ROOT>\AppData\Local\Programs\MiKTeX\tex/latex/amsmath\amstext.sty
(<USER_ROOT>\AppData\Local\Programs\MiKTeX\tex/latex/amsmath\amsgen.sty))
(<USER_ROOT>\AppData\Local\Programs\MiKTeX\tex/latex/amsmath\amsbsy.sty)
(<USER_ROOT>\AppData\Local\Programs\MiKTeX\tex/latex/amsmath\amsopn.sty))
(<USER_ROOT>\AppData\Local\Programs\MiKTeX\tex/latex/amsfonts\amssymb.sty
(<USER_ROOT>\AppData\Local\Programs\MiKTeX\tex/latex/amsfonts\amsfonts.sty)
) (<USER_ROOT>\AppData\Local\Programs\MiKTeX\tex/latex/amsmath\amscd.sty)
(<USER_ROOT>\AppData\Local\Programs\MiKTeX\tex/latex/microtype\microtype.st
y (<USER_ROOT>\AppData\Local\Programs\MiKTeX\tex/latex/graphics\keyval.sty)
 (<USER_ROOT>\AppData\Local\Programs\MiKTeX\tex/latex/etoolbox\etoolbox.sty
)
(<USER_ROOT>\AppData\Local\Programs\MiKTeX\tex/latex/microtype\microtype-pd
ftex.def)
(<USER_ROOT>\AppData\Local\Programs\MiKTeX\tex/latex/microtype\microtype.cf
g)) (<USER_ROOT>\AppData\Local\Programs\MiKTeX\tex/latex/xcolor\xcolor.sty
(<USER_ROOT>\AppData\Local\Programs\MiKTeX\tex/latex/graphics-cfg\color.cfg
)
(<USER_ROOT>\AppData\Local\Programs\MiKTeX\tex/latex/graphics-def\pdftex.de
f)
(<USER_ROOT>\AppData\Local\Programs\MiKTeX\tex/latex/graphics\mathcolor.ltx
))
(<USER_ROOT>\AppData\Local\Programs\MiKTeX\tex/latex/geometry\geometry.sty
(<USER_ROOT>\AppData\Local\Programs\MiKTeX\tex/generic/iftex\ifvtex.sty
(<USER_ROOT>\AppData\Local\Programs\MiKTeX\tex/generic/iftex\iftex.sty))
(<USER_ROOT>\AppData\Local\Programs\MiKTeX\tex/latex/geometry\geometry.cfg)
)
(<USER_ROOT>\AppData\Local\Programs\MiKTeX\tex/latex/hyperref\hyperref.sty
(<USER_ROOT>\AppData\Local\Programs\MiKTeX\tex/latex/kvsetkeys\kvsetkeys.st
y)
(<USER_ROOT>\AppData\Local\Programs\MiKTeX\tex/generic/kvdefinekeys\kvdefin
ekeys.sty)
(<USER_ROOT>\AppData\Local\Programs\MiKTeX\tex/generic/pdfescape\pdfescape.
sty
(<USER_ROOT>\AppData\Local\Programs\MiKTeX\tex/generic/ltxcmds\ltxcmds.sty)

(<USER_ROOT>\AppData\Local\Programs\MiKTeX\tex/generic/pdftexcmds\pdftexcmd
s.sty
(<USER_ROOT>\AppData\Local\Programs\MiKTeX\tex/generic/infwarerr\infwarerr.
sty)))
(<USER_ROOT>\AppData\Local\Programs\MiKTeX\tex/latex/hycolor\hycolor.sty)
(<USER_ROOT>\AppData\Local\Programs\MiKTeX\tex/latex/hyperref\nameref.sty
(<USER_ROOT>\AppData\Local\Programs\MiKTeX\tex/latex/refcount\refcount.sty)

(<USER_ROOT>\AppData\Local\Programs\MiKTeX\tex/generic/gettitlestring\getti
tlestring.sty
(<USER_ROOT>\AppData\Local\Programs\MiKTeX\tex/latex/kvoptions\kvoptions.st
y)))
(<USER_ROOT>\AppData\Local\Programs\MiKTeX\tex/generic/stringenc\stringenc.
sty)
(<USER_ROOT>\AppData\Local\Programs\MiKTeX\tex/latex/hyperref\pd1enc.def)
(<USER_ROOT>\AppData\Local\Programs\MiKTeX\tex/generic/intcalc\intcalc.sty)
(<USER_ROOT>\AppData\Local\Programs\MiKTeX\tex/latex/hyperref\puenc.def)
(<USER_ROOT>\AppData\Local\Programs\MiKTeX\tex/latex/url\url.sty)
(<USER_ROOT>\AppData\Local\Programs\MiKTeX\tex/generic/bitset\bitset.sty
(<USER_ROOT>\AppData\Local\Programs\MiKTeX\tex/generic/bigintcalc\bigintcal
c.sty)))
(<USER_ROOT>\AppData\Local\Programs\MiKTeX\tex/latex/hyperref\hpdftex.def
(<USER_ROOT>\AppData\Local\Programs\MiKTeX\tex/latex/rerunfilecheck\rerunfi
lecheck.sty
(<USER_ROOT>\AppData\Local\Programs\MiKTeX\tex/generic/uniquecounter\unique
counter.sty)))
(<USER_ROOT>\AppData\Local\Programs\MiKTeX\tex/latex/lm\t1lmr.fd)
(<USER_ROOT>\AppData\Local\Programs\MiKTeX\tex/latex/l3backend\l3backend-pd
ftex.def)
(SGA2_Expose_VIII_Fourth_Step_iv_Implies_ii_Induction_n1_English_SourceAligned.
aux)
(<USER_ROOT>\AppData\Local\Programs\MiKTeX\tex/latex/microtype\mt-cmr.cfg)
(<USER_ROOT>\AppData\Local\Programs\MiKTeX\tex/context/base/mkii\supp-pdf.m
kii
[Loading MPS to PDF converter (version 2006.09.02).]
)
*geometry* driver: auto-detecting
*geometry* detected driver: pdftex

(SGA2_Expose_VIII_Fourth_Step_iv_Implies_ii_Induction_n1_English_SourceAligned.
out)
(SGA2_Expose_VIII_Fourth_Step_iv_Implies_ii_Induction_n1_English_SourceAligned.
out) (<USER_ROOT>\AppData\Local\Programs\MiKTeX\tex/latex/lm\ot1lmr.fd)
(<USER_ROOT>\AppData\Local\Programs\MiKTeX\tex/latex/lm\omllmm.fd)
(<USER_ROOT>\AppData\Local\Programs\MiKTeX\tex/latex/lm\omslmsy.fd)
(<USER_ROOT>\AppData\Local\Programs\MiKTeX\tex/latex/lm\omxlmex.fd)
(<USER_ROOT>\AppData\Local\Programs\MiKTeX\tex/latex/amsfonts\umsa.fd)
(<USER_ROOT>\AppData\Local\Programs\MiKTeX\tex/latex/microtype\mt-msa.cfg)
(<USER_ROOT>\AppData\Local\Programs\MiKTeX\tex/latex/amsfonts\umsb.fd)
(<USER_ROOT>\AppData\Local\Programs\MiKTeX\tex/latex/microtype\mt-msb.cfg)
[1{<USER_ROOT>/AppData/Local/MiKTeX/fonts/map/pdftex/pdftex.map}{<USER_ROOT>/AppData/Local/Programs/MiKTeX/fonts/enc/dvips/lm/lm-ec.enc}{<USER_ROOT>/AppData/Local/Programs/MiKTeX/fonts/enc/dvips/lm/lm-mathit.enc}{<USER_ROOT>/AppData/Local/Programs/MiKTeX/fonts/enc/dvips/lm/lm-rm.enc}{<USER_ROOT>
/AppData/Local/Programs/MiKTeX/fonts/enc/dvips/lm/lm-mathsy.enc}{<USER_ROOT>/AppData/Local/Programs/MiKTeX/fonts/enc/dvips/lm/lm-mathex.enc}]
(SGA2_Expose_VIII_Fourth_Step_iv_Implies_ii_Induction_n1_English_SourceAligned.
aux) )<<USER_ROOT>/AppData/Local/Programs/MiKTeX/fonts/type1/public/lm/lmbx
12.pfb><<USER_ROOT>/AppData/Local/Programs/MiKTeX/fonts/type1/public/lm/lmb
x8.pfb><<USER_ROOT>/AppData/Local/Programs/MiKTeX/fonts/type1/public/lm/lme
x10.pfb><<USER_ROOT>/AppData/Local/Programs/MiKTeX/fonts/type1/public/lm/lm
mi10.pfb><<USER_ROOT>/AppData/Local/Programs/MiKTeX/fonts/type1/public/lm/l
mmi7.pfb><<USER_ROOT>/AppData/Local/Programs/MiKTeX/fonts/type1/public/lm/l
mmi8.pfb><<USER_ROOT>/AppData/Local/Programs/MiKTeX/fonts/type1/public/lm/l
mr10.pfb><<USER_ROOT>/AppData/Local/Programs/MiKTeX/fonts/type1/public/lm/l
mr12.pfb><<USER_ROOT>/AppData/Local/Programs/MiKTeX/fonts/type1/public/lm/l
mr7.pfb><<USER_ROOT>/AppData/Local/Programs/MiKTeX/fonts/type1/public/lm/lm
r8.pfb><<USER_ROOT>/AppData/Local/Programs/MiKTeX/fonts/type1/public/lm/lmr
9.pfb><<USER_ROOT>/AppData/Local/Programs/MiKTeX/fonts/type1/public/lm/lmsy
10.pfb><<USER_ROOT>/AppData/Local/Programs/MiKTeX/fonts/type1/public/lm/lms
y5.pfb><<USER_ROOT>/AppData/Local/Programs/MiKTeX/fonts/type1/public/lm/lms
y7.pfb>
Output written on SGA2_Expose_VIII_Fourth_Step_iv_Implies_ii_Induction_n1_Engli
sh_SourceAligned.pdf (1 page, 237675 bytes).
Transcript written on SGA2_Expose_VIII_Fourth_Step_iv_Implies_ii_Induction_n1_E
nglish_SourceAligned.log.
