This is LuaHBTeX, Version 1.25.7 (MiKTeX 26.5)
 restricted system commands enabled.
(./R823_HG_T005_romance.tex
LaTeX2e <2025-11-01>
L3 programming layer <2026-03-20>
 (C:/Users/Floris/AppData/Local/Programs/MiKTeX/tex/latex/base/article.cls
Document Class: article 2025/01/22 v1.4n Standard LaTeX document class
(C:/Users/Floris/AppData/Local/Programs/MiKTeX/tex/latex/base/size11.clo))
(C:/Users/Floris/AppData/Local/Programs/MiKTeX/tex/latex/geometry/geometry.sty
(C:/Users/Floris/AppData/Local/Programs/MiKTeX/tex/latex/graphics/keyval.sty)
(C:/Users/Floris/AppData/Local/Programs/MiKTeX/tex/generic/iftex/ifvtex.sty
(C:/Users/Floris/AppData/Local/Programs/MiKTeX/tex/generic/iftex/iftex.sty))
(C:/Users/Floris/AppData/Local/Programs/MiKTeX/tex/latex/geometry/geometry.cfg)
)
(C:/Users/Floris/AppData/Local/Programs/MiKTeX/tex/latex/fontspec/fontspec.sty
(C:/Users/Floris/AppData/Local/Programs/MiKTeX/tex/latex/l3packages/xparse/xpar
se.sty
(C:/Users/Floris/AppData/Local/Programs/MiKTeX/tex/latex/l3kernel/expl3.sty
(C:/Users/Floris/AppData/Local/Programs/MiKTeX/tex/latex/l3backend/l3backend-lu
atex.def)))
(C:/Users/Floris/AppData/Local/Programs/MiKTeX/tex/latex/fontspec/fontspec-luat
ex.sty
(C:/Users/Floris/AppData/Local/Programs/MiKTeX/tex/latex/base/fontenc.sty)
(C:/Users/Floris/AppData/Local/Programs/MiKTeX/tex/latex/fontspec/fontspec.cfg)
)) (C:/Users/Floris/AppData/Local/Programs/MiKTeX/tex/latex/amsmath/amsmath.sty
For additional information on amsmath, use the `?' option.
(C:/Users/Floris/AppData/Local/Programs/MiKTeX/tex/latex/amsmath/amstext.sty
(C:/Users/Floris/AppData/Local/Programs/MiKTeX/tex/latex/amsmath/amsgen.sty))
(C:/Users/Floris/AppData/Local/Programs/MiKTeX/tex/latex/amsmath/amsbsy.sty)
(C:/Users/Floris/AppData/Local/Programs/MiKTeX/tex/latex/amsmath/amsopn.sty))
(C:/Users/Floris/AppData/Local/Programs/MiKTeX/tex/latex/amsfonts/amssymb.sty
(C:/Users/Floris/AppData/Local/Programs/MiKTeX/tex/latex/amsfonts/amsfonts.sty)
)
(C:/Users/Floris/AppData/Local/Programs/MiKTeX/tex/latex/microtype/microtype.st
y
(C:/Users/Floris/AppData/Local/Programs/MiKTeX/tex/latex/etoolbox/etoolbox.sty)

(C:/Users/Floris/AppData/Local/Programs/MiKTeX/tex/latex/microtype/microtype-lu
atex.def)
(C:/Users/Floris/AppData/Local/Programs/MiKTeX/tex/latex/microtype/microtype.cf
g)) (C:/Users/Floris/AppData/Local/Programs/MiKTeX/tex/latex/xcolor/xcolor.sty
(C:/Users/Floris/AppData/Local/Programs/MiKTeX/tex/latex/graphics-cfg/color.cfg
)
(C:/Users/Floris/AppData/Local/Programs/MiKTeX/tex/latex/graphics-def/luatex.de
f)
(C:/Users/Floris/AppData/Local/Programs/MiKTeX/tex/latex/graphics/mathcolor.ltx
))
(C:/Users/Floris/AppData/Local/Programs/MiKTeX/tex/latex/hyperref/hyperref.sty
(C:/Users/Floris/AppData/Local/Programs/MiKTeX/tex/latex/kvsetkeys/kvsetkeys.st
y)
(C:/Users/Floris/AppData/Local/Programs/MiKTeX/tex/generic/kvdefinekeys/kvdefin
ekeys.sty)
(C:/Users/Floris/AppData/Local/Programs/MiKTeX/tex/generic/pdfescape/pdfescape.
sty
(C:/Users/Floris/AppData/Local/Programs/MiKTeX/tex/generic/ltxcmds/ltxcmds.sty)

(C:/Users/Floris/AppData/Local/Programs/MiKTeX/tex/generic/pdftexcmds/pdftexcmd
s.sty
(C:/Users/Floris/AppData/Local/Programs/MiKTeX/tex/generic/infwarerr/infwarerr.
sty)))
(C:/Users/Floris/AppData/Local/Programs/MiKTeX/tex/latex/hycolor/hycolor.sty)
(C:/Users/Floris/AppData/Local/Programs/MiKTeX/tex/latex/hyperref/nameref.sty
(C:/Users/Floris/AppData/Local/Programs/MiKTeX/tex/latex/refcount/refcount.sty)

(C:/Users/Floris/AppData/Local/Programs/MiKTeX/tex/generic/gettitlestring/getti
tlestring.sty
(C:/Users/Floris/AppData/Local/Programs/MiKTeX/tex/latex/kvoptions/kvoptions.st
y)))
(C:/Users/Floris/AppData/Local/Programs/MiKTeX/tex/generic/stringenc/stringenc.
sty)
(C:/Users/Floris/AppData/Local/Programs/MiKTeX/tex/latex/hyperref/pd1enc.def)
(C:/Users/Floris/AppData/Local/Programs/MiKTeX/tex/generic/intcalc/intcalc.sty)
(C:/Users/Floris/AppData/Local/Programs/MiKTeX/tex/latex/hyperref/puenc.def)
(C:/Users/Floris/AppData/Local/Programs/MiKTeX/tex/latex/url/url.sty)
(C:/Users/Floris/AppData/Local/Programs/MiKTeX/tex/generic/bitset/bitset.sty
(C:/Users/Floris/AppData/Local/Programs/MiKTeX/tex/generic/bigintcalc/bigintcal
c.sty)))
(C:/Users/Floris/AppData/Local/Programs/MiKTeX/tex/latex/hyperref/hluatex.def
(C:/Users/Floris/AppData/Local/Programs/MiKTeX/tex/latex/rerunfilecheck/rerunfi
lecheck.sty
(C:/Users/Floris/AppData/Local/Programs/MiKTeX/tex/generic/uniquecounter/unique
counter.sty)))
(C:/Users/Floris/Documents/interlanguage/03_projects/language_management/romanc
e/03_redo_ultra_20260717/R823_HG_T005/build/R823_HG_T005_romance.aux)
*geometry* driver: auto-detecting
*geometry* detected driver: luatex

(C:/Users/Floris/AppData/Local/Programs/MiKTeX/tex/latex/microtype/mt-LatinMode
rnRoman.cfg)
(C:/Users/Floris/AppData/Local/Programs/MiKTeX/tex/context/base/mkii/supp-pdf.m
kii
[Loading MPS to PDF converter (version 2006.09.02).]
)
(C:/Users/Floris/Documents/interlanguage/03_projects/language_management/romanc
e/03_redo_ultra_20260717/R823_HG_T005/build/R823_HG_T005_romance.out)
(C:/Users/Floris/Documents/interlanguage/03_projects/language_management/romanc
e/03_redo_ultra_20260717/R823_HG_T005/build/R823_HG_T005_romance.out)
(C:/Users/Floris/AppData/Local/Programs/MiKTeX/tex/latex/amsfonts/umsa.fd)
(C:/Users/Floris/AppData/Local/Programs/MiKTeX/tex/latex/microtype/mt-msa.cfg)
(C:/Users/Floris/AppData/Local/Programs/MiKTeX/tex/latex/amsfonts/umsb.fd)
(C:/Users/Floris/AppData/Local/Programs/MiKTeX/tex/latex/microtype/mt-msb.cfg)
(C:/Users/Floris/AppData/Local/Programs/MiKTeX/tex/latex/microtype/mt-cmr.cfg)
(C:/Users/Floris/AppData/Local/Programs/MiKTeX/tex/latex/amsfonts/ueuf.fd)
(C:/Users/Floris/AppData/Local/Programs/MiKTeX/tex/latex/microtype/mt-euf.cfg)
[1{C:/Users/Floris/AppData/Local/MiKTeX/fonts/map/pdftex/pdftex.map}] [2]
[3]
(C:/Users/Floris/Documents/interlanguage/03_projects/language_management/romanc
e/03_redo_ultra_20260717/R823_HG_T005/build/R823_HG_T005_romance.aux))
 598 words of node memory still in use:
   7 hlist, 2 vlist, 2 rule, 1 local_par, 5 glue, 4 kern, 1 penalty, 1 margin_k
ern, 4 glyph, 16 attribute, 54 glue_spec, 16 attribute_list, 1 write nodes
   avail lists: 2:304,3:117,4:78,5:294,6:33,7:4906,8:35,9:498,10:13,11:336
<c:/users/floris/appdata/local/programs/miktex/fonts/opentype/public/lm/lmroman
8-regular.otf><C:/Users/Floris/AppData/Local/Programs/MiKTeX/fonts/opentype/pub
lic/lm/lmroman10-italic.otf><c:/users/floris/appdata/local/programs/miktex/font
s/opentype/public/lm/lmsans10-regular.otf><c:/users/floris/appdata/local/progra
ms/miktex/fonts/opentype/public/lm/lmmono10-regular.otf><c:/users/floris/appdat
a/local/programs/miktex/fonts/opentype/public/lm/lmroman10-regular.otf><c:/user
s/floris/appdata/local/programs/miktex/fonts/opentype/public/lm/lmroman10-bold.
otf><c:/users/floris/appdata/local/programs/miktex/fonts/opentype/public/lm/lmr
oman12-regular.otf><c:/users/floris/appdata/local/programs/miktex/fonts/opentyp
e/public/lm/lmroman12-bold.otf><C:/Users/Floris/AppData/Local/Programs/MiKTeX/f
onts/type1/public/amsfonts/cm/cmmi10.pfb><C:/Users/Floris/AppData/Local/Program
s/MiKTeX/fonts/type1/public/amsfonts/cm/cmmi8.pfb><C:/Users/Floris/AppData/Loca
l/Programs/MiKTeX/fonts/type1/public/amsfonts/cm/cmr10.pfb><C:/Users/Floris/App
Data/Local/Programs/MiKTeX/fonts/type1/public/amsfonts/cm/cmr8.pfb><C:/Users/Fl
oris/AppData/Local/Programs/MiKTeX/fonts/type1/public/amsfonts/cm/cmsy10.pfb><C
:/Users/Floris/AppData/Local/Programs/MiKTeX/fonts/type1/public/amsfonts/cm/cms
y8.pfb><C:/Users/Floris/AppData/Local/Programs/MiKTeX/fonts/type1/public/amsfon
ts/euler/eufm10.pfb>
Output written on R823_HG_T005_romance.pdf (3 pages, 94648 bytes).
Transcript written on R823_HG_T005_romance.log.
