This is pdfTeX, Version 3.141592653-2.6-1.40.29 (MiKTeX 26.5) (preloaded format=pdflatex.fmt)
 restricted \write18 enabled.
entering extended mode

(SGA2_Expose_VIII_Fourth_Step_iv_Implies_ii_Induction_ngt1_English_SourceAligne
d.tex
LaTeX2e <2025-11-01>
L3 programming layer <2026-03-20>
([MIKTEX_ROOT]\tex/latex/base\article.cls
Document Class: article 2025/01/22 v1.4n Standard LaTeX document class
([MIKTEX_ROOT]\tex/latex/base\size10.clo))
([MIKTEX_ROOT]\tex/latex/base\fontenc.sty)
([MIKTEX_ROOT]\tex/latex/lm\lmodern.sty)
([MIKTEX_ROOT]\tex/latex/amsmath\amsmath.sty
For additional information on amsmath, use the `?' option.
([MIKTEX_ROOT]\tex/latex/amsmath\amstext.sty
([MIKTEX_ROOT]\tex/latex/amsmath\amsgen.sty))
([MIKTEX_ROOT]\tex/latex/amsmath\amsbsy.sty)
([MIKTEX_ROOT]\tex/latex/amsmath\amsopn.sty))
([MIKTEX_ROOT]\tex/latex/amsfonts\amssymb.sty
([MIKTEX_ROOT]\tex/latex/amsfonts\amsfonts.sty)
)
([MIKTEX_ROOT]\tex/latex/microtype\microtype.st
y ([MIKTEX_ROOT]\tex/latex/graphics\keyval.sty)
 ([MIKTEX_ROOT]\tex/latex/etoolbox\etoolbox.sty
)
([MIKTEX_ROOT]\tex/latex/microtype\microtype-pd
ftex.def)
([MIKTEX_ROOT]\tex/latex/microtype\microtype.cf
g)) ([MIKTEX_ROOT]\tex/latex/xcolor\xcolor.sty
([MIKTEX_ROOT]\tex/latex/graphics-cfg\color.cfg
)
([MIKTEX_ROOT]\tex/latex/graphics-def\pdftex.de
f)
([MIKTEX_ROOT]\tex/latex/graphics\mathcolor.ltx
))
([MIKTEX_ROOT]\tex/latex/geometry\geometry.sty
([MIKTEX_ROOT]\tex/generic/iftex\ifvtex.sty
([MIKTEX_ROOT]\tex/generic/iftex\iftex.sty))
([MIKTEX_ROOT]\tex/latex/geometry\geometry.cfg)
)
([MIKTEX_ROOT]\tex/latex/hyperref\hyperref.sty
([MIKTEX_ROOT]\tex/latex/kvsetkeys\kvsetkeys.st
y)
([MIKTEX_ROOT]\tex/generic/kvdefinekeys\kvdefin
ekeys.sty)
([MIKTEX_ROOT]\tex/generic/pdfescape\pdfescape.
sty
([MIKTEX_ROOT]\tex/generic/ltxcmds\ltxcmds.sty)

([MIKTEX_ROOT]\tex/generic/pdftexcmds\pdftexcmd
s.sty
([MIKTEX_ROOT]\tex/generic/infwarerr\infwarerr.
sty)))
([MIKTEX_ROOT]\tex/latex/hycolor\hycolor.sty)
([MIKTEX_ROOT]\tex/latex/hyperref\nameref.sty
([MIKTEX_ROOT]\tex/latex/refcount\refcount.sty)

([MIKTEX_ROOT]\tex/generic/gettitlestring\getti
tlestring.sty
([MIKTEX_ROOT]\tex/latex/kvoptions\kvoptions.st
y)))
([MIKTEX_ROOT]\tex/generic/stringenc\stringenc.
sty)
([MIKTEX_ROOT]\tex/latex/hyperref\pd1enc.def)
([MIKTEX_ROOT]\tex/generic/intcalc\intcalc.sty)
([MIKTEX_ROOT]\tex/latex/hyperref\puenc.def)
([MIKTEX_ROOT]\tex/latex/url\url.sty)
([MIKTEX_ROOT]\tex/generic/bitset\bitset.sty
([MIKTEX_ROOT]\tex/generic/bigintcalc\bigintcal
c.sty)))
([MIKTEX_ROOT]\tex/latex/hyperref\hpdftex.def
([MIKTEX_ROOT]\tex/latex/rerunfilecheck\rerunfi
lecheck.sty
([MIKTEX_ROOT]\tex/generic/uniquecounter\unique
counter.sty)))
([MIKTEX_ROOT]\tex/latex/lm\t1lmr.fd)
([MIKTEX_ROOT]\tex/latex/l3backend\l3backend-pd
ftex.def)
(SGA2_Expose_VIII_Fourth_Step_iv_Implies_ii_Induction_ngt1_English_SourceAligne
d.aux)
([MIKTEX_ROOT]\tex/latex/microtype\mt-cmr.cfg)
([MIKTEX_ROOT]\tex/context/base/mkii\supp-pdf.m
kii
[Loading MPS to PDF converter (version 2006.09.02).]
)
*geometry* driver: auto-detecting
*geometry* detected driver: pdftex

(SGA2_Expose_VIII_Fourth_Step_iv_Implies_ii_Induction_ngt1_English_SourceAligne
d.out)
(SGA2_Expose_VIII_Fourth_Step_iv_Implies_ii_Induction_ngt1_English_SourceAligne
d.out) ([MIKTEX_ROOT]\tex/latex/lm\ot1lmr.fd)
([MIKTEX_ROOT]\tex/latex/lm\omllmm.fd)
([MIKTEX_ROOT]\tex/latex/lm\omslmsy.fd)
([MIKTEX_ROOT]\tex/latex/lm\omxlmex.fd)
([MIKTEX_ROOT]\tex/latex/amsfonts\umsa.fd)
([MIKTEX_ROOT]\tex/latex/microtype\mt-msa.cfg)
([MIKTEX_ROOT]\tex/latex/amsfonts\umsb.fd)
([MIKTEX_ROOT]\tex/latex/microtype\mt-msb.cfg)
[1{[MIKTEX_FONT_MAP_AND_ENCODINGS_REDACTED]}]
(SGA2_Expose_VIII_Fourth_Step_iv_Implies_ii_Induction_ngt1_English_SourceAligne
d.aux) )<[EMBEDDED_FONT_PATHS_REDACTED; SEE PDFFONTS.txt]>
Output written on SGA2_Expose_VIII_Fourth_Step_iv_Implies_ii_Induction_ngt1_Eng
lish_SourceAligned.pdf (1 page, 284712 bytes).
Transcript written on SGA2_Expose_VIII_Fourth_Step_iv_Implies_ii_Induction_ngt1
_English_SourceAligned.log.

=== VALIDATION FOOTER ===
Pass 2 contains no rerunfilecheck, TeX error, LaTeX error, undefined reference, overfull box, or underfull box diagnostic.
=== FINAL EMBEDDED-FONT AUDIT (same final PDF; see PDFFONTS.txt) ===
name                                 type              encoding         emb sub uni object ID
------------------------------------ ----------------- ---------------- --- --- --- ---------
XSHSVM+LMRoman12-Bold                Type 1            Custom           yes yes yes      7  0
PPMIYY+LMRoman12-Regular             Type 1            Custom           yes yes yes      8  0
KORIHF+LMRoman9-Regular              Type 1            Custom           yes yes yes      9  0
BMOMSX+LMRoman8-Bold                 Type 1            Custom           yes yes yes     10  0
UXFTZW+LMRoman8-Regular              Type 1            Custom           yes yes yes     11  0
ZKMQMH+LMRoman8-Italic               Type 1            Custom           yes yes yes     12  0
KQFJVF+LMMathItalic8-Regular         Type 1            Custom           yes yes yes     13  0
UXFTZW+LMRoman8-Regular              Type 1            Custom           yes yes yes     14  0
OAAPFJ+LMRoman10-Regular             Type 1            Custom           yes yes yes     15  0
HMWOSO+LMMathItalic10-Regular        Type 1            Custom           yes yes yes     16  0
OAAPFJ+LMRoman10-Regular             Type 1            Custom           yes yes yes     17  0
CIXNLX+LMMathSymbols7-Regular        Type 1            Custom           yes yes yes     18  0
NQHVJL+LMMathSymbols10-Regular       Type 1            Custom           yes yes yes     19  0
IFQGEN+LMMathItalic7-Regular         Type 1            Custom           yes yes yes     20  0
AICAWW+MSBM10                        Type 1            Builtin          yes yes yes     21  0
WHGPPI+LMRoman10-Italic              Type 1            Custom           yes yes yes     22  0
EOLMGK+LMRoman7-Regular              Type 1            Custom           yes yes yes     23  0
PNTOWV+LMMathExtension10-Regular     Type 1            Custom           yes yes yes     24  0
RRLDOQ+LMMathSymbols5-Regular        Type 1            Custom           yes yes yes     25  0
TMHVPV+MSAM10                        Type 1            Builtin          yes yes yes     26  0
