This is XeTeX, Version 3.141592653-2.6-0.999998 (MiKTeX 26.5) (preloaded format=xelatex.fmt)
 restricted \write18 enabled.
entering extended mode
(Noether_Paper24_Japanese_SourceReconciled_v001.tex
LaTeX2e <2025-11-01>
L3 programming layer <2026-03-20>
(C:\Users\Floris\AppData\Local\Programs\MiKTeX\tex/latex/base\article.cls
Document Class: article 2025/01/22 v1.4n Standard LaTeX document class
(C:\Users\Floris\AppData\Local\Programs\MiKTeX\tex/latex/base\size11.clo))
(C:\Users\Floris\AppData\Local\Programs\MiKTeX\tex/latex/geometry\geometry.sty
(C:\Users\Floris\AppData\Local\Programs\MiKTeX\tex/latex/graphics\keyval.sty)
(C:\Users\Floris\AppData\Local\Programs\MiKTeX\tex/generic/iftex\ifvtex.sty
(C:\Users\Floris\AppData\Local\Programs\MiKTeX\tex/generic/iftex\iftex.sty))
(C:\Users\Floris\AppData\Local\Programs\MiKTeX\tex/latex/geometry\geometry.cfg)
)
(C:\Users\Floris\AppData\Local\Programs\MiKTeX\tex/latex/fontspec\fontspec.sty
(C:\Users\Floris\AppData\Local\Programs\MiKTeX\tex/latex/l3packages/xparse\xpar
se.sty
(C:\Users\Floris\AppData\Local\Programs\MiKTeX\tex/latex/l3kernel\expl3.sty
(C:\Users\Floris\AppData\Local\Programs\MiKTeX\tex/latex/l3backend\l3backend-xe
tex.def)))
(C:\Users\Floris\AppData\Local\Programs\MiKTeX\tex/latex/fontspec\fontspec-xete
x.sty (C:\Users\Floris\AppData\Local\Programs\MiKTeX\tex/latex/base\fontenc.sty
)
(C:\Users\Floris\AppData\Local\Programs\MiKTeX\tex/latex/fontspec\fontspec.cfg)
)) (C:\Users\Floris\AppData\Local\Programs\MiKTeX\tex/xelatex/xecjk\xeCJK.sty
(C:\Users\Floris\AppData\Local\Programs\MiKTeX\tex/latex/ctex\ctexhook.sty)
(C:\Users\Floris\AppData\Local\Programs\MiKTeX\tex/latex/l3packages/xtemplate\x
template.sty)
(C:\Users\Floris\AppData\Local\Programs\MiKTeX\tex/xelatex/xecjk\xeCJK.cfg))
(C:\Users\Floris\AppData\Local\Programs\MiKTeX\tex/latex/amsmath\amsmath.sty
For additional information on amsmath, use the `?' option.
(C:\Users\Floris\AppData\Local\Programs\MiKTeX\tex/latex/amsmath\amstext.sty
(C:\Users\Floris\AppData\Local\Programs\MiKTeX\tex/latex/amsmath\amsgen.sty))
(C:\Users\Floris\AppData\Local\Programs\MiKTeX\tex/latex/amsmath\amsbsy.sty)
(C:\Users\Floris\AppData\Local\Programs\MiKTeX\tex/latex/amsmath\amsopn.sty))
(C:\Users\Floris\AppData\Local\Programs\MiKTeX\tex/latex/amsfonts\amssymb.sty
(C:\Users\Floris\AppData\Local\Programs\MiKTeX\tex/latex/amsfonts\amsfonts.sty)
)
(C:\Users\Floris\AppData\Local\Programs\MiKTeX\tex/latex/mathtools\mathtools.st
y (C:\Users\Floris\AppData\Local\Programs\MiKTeX\tex/latex/tools\calc.sty)
(C:\Users\Floris\AppData\Local\Programs\MiKTeX\tex/latex/mathtools\mhsetup.sty)
) (C:\Users\Floris\AppData\Local\Programs\MiKTeX\tex/latex/tools\array.sty)
(C:\Users\Floris\AppData\Local\Programs\MiKTeX\tex/latex/booktabs\booktabs.sty)

(C:\Users\Floris\AppData\Local\Programs\MiKTeX\tex/latex/pdflscape\pdflscape.st
y
(C:\Users\Floris\AppData\Local\Programs\MiKTeX\tex/latex/pdflscape\pdflscape-no
metadata.sty
(C:\Users\Floris\AppData\Local\Programs\MiKTeX\tex/latex/graphics\lscape.sty
(C:\Users\Floris\AppData\Local\Programs\MiKTeX\tex/latex/graphics\graphics.sty
(C:\Users\Floris\AppData\Local\Programs\MiKTeX\tex/latex/graphics\trig.sty)
(C:\Users\Floris\AppData\Local\Programs\MiKTeX\tex/latex/graphics-cfg\graphics.
cfg)
(C:\Users\Floris\AppData\Local\Programs\MiKTeX\tex/latex/graphics-def\xetex.def
)))))
(C:\Users\Floris\AppData\Local\Programs\MiKTeX\tex/latex/adjustbox\adjustbox.st
y (C:\Users\Floris\AppData\Local\Programs\MiKTeX\tex/latex/xkeyval\xkeyval.sty
(C:\Users\Floris\AppData\Local\Programs\MiKTeX\tex/generic/xkeyval\xkeyval.tex
(C:\Users\Floris\AppData\Local\Programs\MiKTeX\tex/generic/xkeyval\xkvutils.tex
)))
(C:\Users\Floris\AppData\Local\Programs\MiKTeX\tex/latex/adjustbox\adjcalc.sty)

(C:\Users\Floris\AppData\Local\Programs\MiKTeX\tex/latex/adjustbox\trimclip.sty
(C:\Users\Floris\AppData\Local\Programs\MiKTeX\tex/latex/graphics\graphicx.sty)

(C:\Users\Floris\AppData\Local\Programs\MiKTeX\tex/latex/collectbox\collectbox.
sty)
(C:\Users\Floris\AppData\Local\Programs\MiKTeX\tex/latex/adjustbox\tc-xetex.def
))
(C:\Users\Floris\AppData\Local\Programs\MiKTeX\tex/latex/ifoddpage\ifoddpage.st
y)
(C:\Users\Floris\AppData\Local\Programs\MiKTeX\tex/latex/varwidth\varwidth.sty)

==> First Aid for varwidth.sty applied!
) (C:\Users\Floris\AppData\Local\Programs\MiKTeX\tex/latex/diagbox\diagbox.sty
(C:\Users\Floris\AppData\Local\Programs\MiKTeX\tex/latex/pict2e\pict2e.sty
(C:\Users\Floris\AppData\Local\Programs\MiKTeX\tex/latex/pict2e\pict2e.cfg)
(C:\Users\Floris\AppData\Local\Programs\MiKTeX\tex/latex/pict2e\p2e-xetex.def))
) (Noether_Paper24_Japanese_SourceReconciled_v001.aux)
*geometry* driver: auto-detecting
*geometry* detected driver: xetex
(C:\Users\Floris\AppData\Local\Programs\MiKTeX\tex/latex/amsfonts\umsa.fd)
(C:\Users\Floris\AppData\Local\Programs\MiKTeX\tex/latex/amsfonts\umsb.fd)
[1] (C:\Users\Floris\AppData\Local\Programs\MiKTeX\tex/latex/amsfonts\ueuf.fd)
[2] [3] [4] [5] [6] [7] [8] [9] [10] [11] [12] [13] [14] [15] [16]
(Noether_Paper24_Japanese_SourceReconciled_v001.aux) )
Output written on Noether_Paper24_Japanese_SourceReconciled_v001.pdf (16 pages)
.
Transcript written on Noether_Paper24_Japanese_SourceReconciled_v001.log.
